g++ -std=c++17 source/SDLTetris.cpp source/tetrimino.cpp source/ghostblock.cpp source/titlescreen.cpp source/game.cpp source/background.cpp source/ingamemessagebox.cpp source/knuxfanscreen.cpp source/server.cpp source/highscore.cpp source/replay.cpp source/results.cpp source/discord/achievement_manager.cpp source/discord/activity_manager.cpp source/discord/application_manager.cpp source/discord/core.cpp source/discord/image_manager.cpp source/discord/lobby_manager.cpp source/discord/network_manager.cpp source/discord/overlay_manager.cpp source/discord/relationship_manager.cpp source/discord/storage_manager.cpp source/discord/store_manager.cpp source/discord/types.cpp source/discord/user_manager.cpp source/discord/voice_manager.cpp -I include/ -g -fsanitize=address -O0 -D _LINUX -lSDL2 -lSDL2_ttf -lSDL2_mixer -ldiscord_game_sdk -lenet -fsanitize=address -L/lib/ -o SDLTetris
source/SDLTetris.cpp: In function ‘std::vector<SDL_Surface*> generateSurfaces(std::string)’:
source/SDLTetris.cpp:327:46: warning: format ‘%s’ expects argument of type ‘char*’, but argument 2 has type ‘std::__cxx11::basic_string<char>’ [-Wformat=]
  327 |             printf("Failed to load image at %s: %s\n", string, SDL_GetError());
      |                                             ~^
      |                                              |
      |                                              char*
source/SDLTetris.cpp: In function ‘std::vector<_Mix_Music*> generateMusic(std::string)’:
source/SDLTetris.cpp:353:46: warning: format ‘%s’ expects argument of type ‘char*’, but argument 2 has type ‘std::__cxx11::basic_string<char>’ [-Wformat=]
  353 |             printf("Failed to load music at %s: %s\n", string, SDL_GetError());
      |                                             ~^
      |                                              |
      |                                              char*
source/SDLTetris.cpp: In function ‘std::vector<Mix_Chunk*> generateSounds(std::string)’:
source/SDLTetris.cpp:378:46: warning: format ‘%s’ expects argument of type ‘char*’, but argument 2 has type ‘std::__cxx11::basic_string<char>’ [-Wformat=]
  378 |             printf("Failed to load sound at %s: %s\n", string, SDL_GetError());
      |                                             ~^
      |                                              |
      |                                              char*
source/background.cpp: In constructor ‘bg::bg(std::string, bool, SDL_Renderer*)’:
source/background.cpp:77:42: warning: format ‘%s’ expects argument of type ‘char*’, but argument 2 has type ‘std::string’ {aka ‘std::__cxx11::basic_string<char>’} [-Wformat=]
   77 |         printf("Failed to load music at %s: %s\n", muspath, SDL_GetError());
      |                                         ~^
      |                                          |
      |                                          char*
source/background.cpp: In member function ‘void bg::generateSurfaces(std::string, SDL_Renderer*)’:
source/background.cpp:103:46: warning: format ‘%s’ expects argument of type ‘char*’, but argument 2 has type ‘std::__cxx11::basic_string<char>’ [-Wformat=]
  103 |             printf("Failed to load image at %s: %s\n", string, SDL_GetError());
      |                                             ~^
      |                                              |
      |                                              char*
source/ingamemessagebox.cpp: In member function ‘void ingamemessagebox::render(SDL_Renderer*)’:
source/ingamemessagebox.cpp:31:33: warning: narrowing conversion of ‘(((ingamemessagebox*)this)->ingamemessagebox::x - (double)2)’ from ‘double’ to ‘int’ [-Wnarrowing]
   31 |         SDL_Rect splashbox = { x-2, y, 252, 80 };
      |                                ~^~
source/ingamemessagebox.cpp:31:37: warning: narrowing conversion of ‘((ingamemessagebox*)this)->ingamemessagebox::y’ from ‘double’ to ‘int’ [-Wnarrowing]
   31 |         SDL_Rect splashbox = { x-2, y, 252, 80 };
      |                                     ^
source/highscore.cpp:1:23: warning: extra tokens at end of #include directive
    1 | #include "highscore.h";
      |                       ^
In file included from source/discord/discord.h:4,
                 from source/highscore.h:2,
                 from source/highscore.cpp:1:
source/discord/types.h:168:23: error: ‘int64_t’ in namespace ‘std’ does not name a type
  168 | using ClientId = std::int64_t;
      |                       ^~~~~~~
source/discord/types.h:169:22: error: ‘int32_t’ in namespace ‘std’ does not name a type
  169 | using Version = std::int32_t;
      |                      ^~~~~~~
source/discord/types.h:170:24: error: ‘int64_t’ in namespace ‘std’ does not name a type
  170 | using Snowflake = std::int64_t;
      |                        ^~~~~~~
source/discord/types.h:171:24: error: ‘int64_t’ in namespace ‘std’ does not name a type
  171 | using Timestamp = std::int64_t;
      |                        ^~~~~~~
source/discord/types.h:172:16: error: ‘Snowflake’ does not name a type
  172 | using UserId = Snowflake;
      |                ^~~~~~~~~
source/discord/types.h:175:17: error: ‘Snowflake’ does not name a type
  175 | using LobbyId = Snowflake;
      |                 ^~~~~~~~~
source/discord/types.h:179:28: error: ‘uint64_t’ in namespace ‘std’ does not name a type
  179 | using NetworkPeerId = std::uint64_t;
      |                            ^~~~~~~~
source/discord/types.h:180:31: error: ‘uint8_t’ in namespace ‘std’ does not name a type
  180 | using NetworkChannelId = std::uint8_t;
      |                               ^~~~~~~
source/discord/types.h:186:16: error: ‘UserId’ has not been declared
  186 |     void SetId(UserId id);
      |                ^~~~~~
source/discord/types.h:187:5: error: ‘UserId’ does not name a type; did you mean ‘User’?
  187 |     UserId GetId() const;
      |     ^~~~~~
      |     User
source/discord/types.h:207:21: error: ‘Timestamp’ has not been declared
  207 |     void SetExpires(Timestamp expires);
      |                     ^~~~~~~~~
source/discord/types.h:208:5: error: ‘Timestamp’ does not name a type
  208 |     Timestamp GetExpires() const;
      |     ^~~~~~~~~
source/discord/types.h:218:16: error: ‘std::int64_t’ has not been declared
  218 |     void SetId(std::int64_t id);
      |                ^~~
source/discord/types.h:219:10: error: ‘int64_t’ in namespace ‘std’ does not name a type
  219 |     std::int64_t GetId() const;
      |          ^~~~~~~
source/discord/types.h:220:18: error: ‘std::uint32_t’ has not been declared
  220 |     void SetSize(std::uint32_t size);
      |                  ^~~
source/discord/types.h:221:10: error: ‘uint32_t’ in namespace ‘std’ does not name a type
  221 |     std::uint32_t GetSize() const;
      |          ^~~~~~~~
source/discord/types.h:229:19: error: ‘std::uint32_t’ has not been declared
  229 |     void SetWidth(std::uint32_t width);
      |                   ^~~
source/discord/types.h:230:10: error: ‘uint32_t’ in namespace ‘std’ does not name a type
  230 |     std::uint32_t GetWidth() const;
      |          ^~~~~~~~
source/discord/types.h:231:20: error: ‘std::uint32_t’ has not been declared
  231 |     void SetHeight(std::uint32_t height);
      |                    ^~~
source/discord/types.h:232:10: error: ‘uint32_t’ in namespace ‘std’ does not name a type
  232 |     std::uint32_t GetHeight() const;
      |          ^~~~~~~~
source/discord/types.h:240:19: error: ‘Timestamp’ has not been declared
  240 |     void SetStart(Timestamp start);
      |                   ^~~~~~~~~
source/discord/types.h:241:5: error: ‘Timestamp’ does not name a type
  241 |     Timestamp GetStart() const;
      |     ^~~~~~~~~
source/discord/types.h:242:17: error: ‘Timestamp’ has not been declared
  242 |     void SetEnd(Timestamp end);
      |                 ^~~~~~~~~
source/discord/types.h:243:5: error: ‘Timestamp’ does not name a type
  243 |     Timestamp GetEnd() const;
      |     ^~~~~~~~~
source/discord/types.h:266:25: error: ‘std::int32_t’ has not been declared
  266 |     void SetCurrentSize(std::int32_t currentSize);
      |                         ^~~
source/discord/types.h:267:10: error: ‘int32_t’ in namespace ‘std’ does not name a type
  267 |     std::int32_t GetCurrentSize() const;
      |          ^~~~~~~
source/discord/types.h:268:21: error: ‘std::int32_t’ has not been declared
  268 |     void SetMaxSize(std::int32_t maxSize);
      |                     ^~~
source/discord/types.h:269:10: error: ‘int32_t’ in namespace ‘std’ does not name a type
  269 |     std::int32_t GetMaxSize() const;
      |          ^~~~~~~
source/discord/types.h:303:27: error: ‘std::int64_t’ has not been declared
  303 |     void SetApplicationId(std::int64_t applicationId);
      |                           ^~~
source/discord/types.h:304:10: error: ‘int64_t’ in namespace ‘std’ does not name a type
  304 |     std::int64_t GetApplicationId() const;
      |          ^~~~~~~
source/discord/types.h:352:16: error: ‘LobbyId’ has not been declared
  352 |     void SetId(LobbyId id);
      |                ^~~~~~~
source/discord/types.h:353:5: error: ‘LobbyId’ does not name a type; did you mean ‘Lobby’?
  353 |     LobbyId GetId() const;
      |     ^~~~~~~
      |     Lobby
source/discord/types.h:356:21: error: ‘UserId’ has not been declared
  356 |     void SetOwnerId(UserId ownerId);
      |                     ^~~~~~
source/discord/types.h:357:5: error: ‘UserId’ does not name a type; did you mean ‘User’?
  357 |     UserId GetOwnerId() const;
      |     ^~~~~~
      |     User
source/discord/types.h:360:22: error: ‘std::uint32_t’ has not been declared
  360 |     void SetCapacity(std::uint32_t capacity);
      |                      ^~~
source/discord/types.h:361:10: error: ‘uint32_t’ in namespace ‘std’ does not name a type
  361 |     std::uint32_t GetCapacity() const;
      |          ^~~~~~~~
source/discord/types.h:373:18: error: ‘std::uint64_t’ has not been declared
  373 |     void SetSize(std::uint64_t size);
      |                  ^~~
source/discord/types.h:374:10: error: ‘uint64_t’ in namespace ‘std’ does not name a type
  374 |     std::uint64_t GetSize() const;
      |          ^~~~~~~~
source/discord/types.h:375:26: error: ‘std::uint64_t’ has not been declared
  375 |     void SetLastModified(std::uint64_t lastModified);
      |                          ^~~
source/discord/types.h:376:10: error: ‘uint64_t’ in namespace ‘std’ does not name a type
  376 |     std::uint64_t GetLastModified() const;
      |          ^~~~~~~~
source/discord/types.h:384:16: error: ‘Snowflake’ has not been declared
  384 |     void SetId(Snowflake id);
      |                ^~~~~~~~~
source/discord/types.h:385:5: error: ‘Snowflake’ does not name a type
  385 |     Snowflake GetId() const;
      |     ^~~~~~~~~
source/discord/types.h:388:19: error: ‘Snowflake’ has not been declared
  388 |     void SetSkuId(Snowflake skuId);
      |                   ^~~~~~~~~
source/discord/types.h:389:5: error: ‘Snowflake’ does not name a type
  389 |     Snowflake GetSkuId() const;
      |     ^~~~~~~~~
source/discord/types.h:397:20: error: ‘std::uint32_t’ has not been declared
  397 |     void SetAmount(std::uint32_t amount);
      |                    ^~~
source/discord/types.h:398:10: error: ‘uint32_t’ in namespace ‘std’ does not name a type
  398 |     std::uint32_t GetAmount() const;
      |          ^~~~~~~~
source/discord/types.h:408:16: error: ‘Snowflake’ has not been declared
  408 |     void SetId(Snowflake id);
      |                ^~~~~~~~~
source/discord/types.h:409:5: error: ‘Snowflake’ does not name a type
  409 |     Snowflake GetId() const;
      |     ^~~~~~~~~
source/discord/types.h:434:20: error: ‘Snowflake’ has not been declared
  434 |     void SetUserId(Snowflake userId);
      |                    ^~~~~~~~~
source/discord/types.h:435:5: error: ‘Snowflake’ does not name a type
  435 |     Snowflake GetUserId() const;
      |     ^~~~~~~~~
source/discord/types.h:436:27: error: ‘Snowflake’ has not been declared
  436 |     void SetAchievementId(Snowflake achievementId);
      |                           ^~~~~~~~~
source/discord/types.h:437:5: error: ‘Snowflake’ does not name a type
  437 |     Snowflake GetAchievementId() const;
      |     ^~~~~~~~~
source/discord/types.h:438:29: error: ‘std::uint8_t’ has not been declared
  438 |     void SetPercentComplete(std::uint8_t percentComplete);
      |                             ^~~
source/discord/types.h:439:10: error: ‘uint8_t’ in namespace ‘std’ does not name a type
  439 |     std::uint8_t GetPercentComplete() const;
      |          ^~~~~~~
source/discord/types.h:450:21: error: ‘UserId’ has not been declared
  450 |     Result SetOwner(UserId ownerId);
      |                     ^~~~~~
source/discord/types.h:451:24: error: ‘std::uint32_t’ has not been declared
  451 |     Result SetCapacity(std::uint32_t capacity);
      |                        ^~~
source/discord/types.h:482:18: error: ‘std::uint32_t’ has not been declared
  482 |     Result Limit(std::uint32_t limit);
      |                  ^~~
In file included from source/discord/core.h:6,
                 from source/discord/discord.h:5,
                 from source/highscore.h:2,
                 from source/highscore.cpp:1:
source/discord/user_manager.h:13:18: error: ‘UserId’ has not been declared
   13 |     void GetUser(UserId userId, std::function<void(Result, User const&)> callback);
      |                  ^~~~~~
In file included from source/discord/core.h:7,
                 from source/discord/discord.h:5,
                 from source/highscore.h:2,
                 from source/highscore.cpp:1:
source/discord/image_manager.h:14:40: error: ‘std::uint8_t’ has not been declared
   14 |     Result GetData(ImageHandle handle, std::uint8_t* data, std::uint32_t dataLength);
      |                                        ^~~
source/discord/image_manager.h:14:60: error: ‘std::uint32_t’ has not been declared
   14 |     Result GetData(ImageHandle handle, std::uint8_t* data, std::uint32_t dataLength);
      |                                                            ^~~
In file included from source/discord/core.h:8,
                 from source/discord/discord.h:5,
                 from source/highscore.h:2,
                 from source/highscore.cpp:1:
source/discord/activity_manager.h:13:26: error: ‘std::uint32_t’ has not been declared
   13 |     Result RegisterSteam(std::uint32_t steamId);
      |                          ^~~
source/discord/activity_manager.h:16:27: error: ‘UserId’ has not been declared
   16 |     void SendRequestReply(UserId userId,
      |                           ^~~~~~
source/discord/activity_manager.h:19:21: error: ‘UserId’ has not been declared
   19 |     void SendInvite(UserId userId,
      |                     ^~~~~~
source/discord/activity_manager.h:23:23: error: ‘UserId’ has not been declared
   23 |     void AcceptInvite(UserId userId, std::function<void(Result)> callback);
      |                       ^~~~~~
In file included from source/discord/core.h:9,
                 from source/discord/discord.h:5,
                 from source/highscore.h:2,
                 from source/highscore.cpp:1:
source/discord/relationship_manager.h:13:18: error: ‘std::int32_t’ has not been declared
   13 |     Result Count(std::int32_t* count);
      |                  ^~~
source/discord/relationship_manager.h:14:16: error: ‘UserId’ has not been declared
   14 |     Result Get(UserId userId, Relationship* relationship);
      |                ^~~~~~
source/discord/relationship_manager.h:15:18: error: ‘std::uint32_t’ has not been declared
   15 |     Result GetAt(std::uint32_t index, Relationship* relationship);
      |                  ^~~
In file included from source/discord/core.h:10,
                 from source/discord/discord.h:5,
                 from source/highscore.h:2,
                 from source/highscore.cpp:1:
source/discord/lobby_manager.h:13:38: error: ‘LobbyId’ has not been declared
   13 |     Result GetLobbyUpdateTransaction(LobbyId lobbyId, LobbyTransaction* transaction);
      |                                      ^~~~~~~
source/discord/lobby_manager.h:14:39: error: ‘LobbyId’ has not been declared
   14 |     Result GetMemberUpdateTransaction(LobbyId lobbyId,
      |                                       ^~~~~~~
source/discord/lobby_manager.h:15:39: error: ‘UserId’ has not been declared
   15 |                                       UserId userId,
      |                                       ^~~~~~
source/discord/lobby_manager.h:19:22: error: ‘LobbyId’ has not been declared
   19 |     void UpdateLobby(LobbyId lobbyId,
      |                      ^~~~~~~
source/discord/lobby_manager.h:22:22: error: ‘LobbyId’ has not been declared
   22 |     void DeleteLobby(LobbyId lobbyId, std::function<void(Result)> callback);
      |                      ^~~~~~~
source/discord/lobby_manager.h:23:23: error: ‘LobbyId’ has not been declared
   23 |     void ConnectLobby(LobbyId lobbyId,
      |                       ^~~~~~~
source/discord/lobby_manager.h:28:26: error: ‘LobbyId’ has not been declared
   28 |     void DisconnectLobby(LobbyId lobbyId, std::function<void(Result)> callback);
      |                          ^~~~~~~
source/discord/lobby_manager.h:29:21: error: ‘LobbyId’ has not been declared
   29 |     Result GetLobby(LobbyId lobbyId, Lobby* lobby);
      |                     ^~~~~~~
source/discord/lobby_manager.h:30:35: error: ‘LobbyId’ has not been declared
   30 |     Result GetLobbyActivitySecret(LobbyId lobbyId, char secret[128]);
      |                                   ^~~~~~~
source/discord/lobby_manager.h:31:34: error: ‘LobbyId’ has not been declared
   31 |     Result GetLobbyMetadataValue(LobbyId lobbyId, MetadataKey key, char value[4096]);
      |                                  ^~~~~~~
source/discord/lobby_manager.h:32:32: error: ‘LobbyId’ has not been declared
   32 |     Result GetLobbyMetadataKey(LobbyId lobbyId, std::int32_t index, char key[256]);
      |                                ^~~~~~~
source/discord/lobby_manager.h:32:49: error: ‘std::int32_t’ has not been declared
   32 |     Result GetLobbyMetadataKey(LobbyId lobbyId, std::int32_t index, char key[256]);
      |                                                 ^~~
source/discord/lobby_manager.h:33:31: error: ‘LobbyId’ has not been declared
   33 |     Result LobbyMetadataCount(LobbyId lobbyId, std::int32_t* count);
      |                               ^~~~~~~
source/discord/lobby_manager.h:33:48: error: ‘std::int32_t’ has not been declared
   33 |     Result LobbyMetadataCount(LobbyId lobbyId, std::int32_t* count);
      |                                                ^~~
source/discord/lobby_manager.h:34:24: error: ‘LobbyId’ has not been declared
   34 |     Result MemberCount(LobbyId lobbyId, std::int32_t* count);
      |                        ^~~~~~~
source/discord/lobby_manager.h:34:41: error: ‘std::int32_t’ has not been declared
   34 |     Result MemberCount(LobbyId lobbyId, std::int32_t* count);
      |                                         ^~~
source/discord/lobby_manager.h:35:28: error: ‘LobbyId’ has not been declared
   35 |     Result GetMemberUserId(LobbyId lobbyId, std::int32_t index, UserId* userId);
      |                            ^~~~~~~
source/discord/lobby_manager.h:35:45: error: ‘std::int32_t’ has not been declared
   35 |     Result GetMemberUserId(LobbyId lobbyId, std::int32_t index, UserId* userId);
      |                                             ^~~
source/discord/lobby_manager.h:35:65: error: ‘UserId’ has not been declared
   35 |     Result GetMemberUserId(LobbyId lobbyId, std::int32_t index, UserId* userId);
      |                                                                 ^~~~~~
source/discord/lobby_manager.h:36:26: error: ‘LobbyId’ has not been declared
   36 |     Result GetMemberUser(LobbyId lobbyId, UserId userId, User* user);
      |                          ^~~~~~~
source/discord/lobby_manager.h:36:43: error: ‘UserId’ has not been declared
   36 |     Result GetMemberUser(LobbyId lobbyId, UserId userId, User* user);
      |                                           ^~~~~~
source/discord/lobby_manager.h:37:35: error: ‘LobbyId’ has not been declared
   37 |     Result GetMemberMetadataValue(LobbyId lobbyId,
      |                                   ^~~~~~~
source/discord/lobby_manager.h:38:35: error: ‘UserId’ has not been declared
   38 |                                   UserId userId,
      |                                   ^~~~~~
source/discord/lobby_manager.h:41:33: error: ‘LobbyId’ has not been declared
   41 |     Result GetMemberMetadataKey(LobbyId lobbyId, UserId userId, std::int32_t index, char key[256]);
      |                                 ^~~~~~~
source/discord/lobby_manager.h:41:50: error: ‘UserId’ has not been declared
   41 |     Result GetMemberMetadataKey(LobbyId lobbyId, UserId userId, std::int32_t index, char key[256]);
      |                                                  ^~~~~~
source/discord/lobby_manager.h:41:65: error: ‘std::int32_t’ has not been declared
   41 |     Result GetMemberMetadataKey(LobbyId lobbyId, UserId userId, std::int32_t index, char key[256]);
      |                                                                 ^~~
source/discord/lobby_manager.h:42:32: error: ‘LobbyId’ has not been declared
   42 |     Result MemberMetadataCount(LobbyId lobbyId, UserId userId, std::int32_t* count);
      |                                ^~~~~~~
source/discord/lobby_manager.h:42:49: error: ‘UserId’ has not been declared
   42 |     Result MemberMetadataCount(LobbyId lobbyId, UserId userId, std::int32_t* count);
      |                                                 ^~~~~~
source/discord/lobby_manager.h:42:64: error: ‘std::int32_t’ has not been declared
   42 |     Result MemberMetadataCount(LobbyId lobbyId, UserId userId, std::int32_t* count);
      |                                                                ^~~
source/discord/lobby_manager.h:43:23: error: ‘LobbyId’ has not been declared
   43 |     void UpdateMember(LobbyId lobbyId,
      |                       ^~~~~~~
source/discord/lobby_manager.h:44:23: error: ‘UserId’ has not been declared
   44 |                       UserId userId,
      |                       ^~~~~~
source/discord/lobby_manager.h:47:27: error: ‘LobbyId’ has not been declared
   47 |     void SendLobbyMessage(LobbyId lobbyId,
      |                           ^~~~~~~
source/discord/lobby_manager.h:48:27: error: ‘std::uint8_t’ has not been declared
   48 |                           std::uint8_t* data,
      |                           ^~~
source/discord/lobby_manager.h:49:27: error: ‘std::uint32_t’ has not been declared
   49 |                           std::uint32_t dataLength,
      |                           ^~~
source/discord/lobby_manager.h:53:21: error: ‘std::int32_t’ has not been declared
   53 |     void LobbyCount(std::int32_t* count);
      |                     ^~~
source/discord/lobby_manager.h:54:23: error: ‘std::int32_t’ has not been declared
   54 |     Result GetLobbyId(std::int32_t index, LobbyId* lobbyId);
      |                       ^~~
source/discord/lobby_manager.h:54:43: error: ‘LobbyId’ has not been declared
   54 |     Result GetLobbyId(std::int32_t index, LobbyId* lobbyId);
      |                                           ^~~~~~~
source/discord/lobby_manager.h:55:23: error: ‘LobbyId’ has not been declared
   55 |     void ConnectVoice(LobbyId lobbyId, std::function<void(Result)> callback);
      |                       ^~~~~~~
source/discord/lobby_manager.h:56:26: error: ‘LobbyId’ has not been declared
   56 |     void DisconnectVoice(LobbyId lobbyId, std::function<void(Result)> callback);
      |                          ^~~~~~~
source/discord/lobby_manager.h:57:27: error: ‘LobbyId’ has not been declared
   57 |     Result ConnectNetwork(LobbyId lobbyId);
      |                           ^~~~~~~
source/discord/lobby_manager.h:58:30: error: ‘LobbyId’ has not been declared
   58 |     Result DisconnectNetwork(LobbyId lobbyId);
      |                              ^~~~~~~
source/discord/lobby_manager.h:60:31: error: ‘LobbyId’ has not been declared
   60 |     Result OpenNetworkChannel(LobbyId lobbyId, std::uint8_t channelId, bool reliable);
      |                               ^~~~~~~
source/discord/lobby_manager.h:60:48: error: ‘std::uint8_t’ has not been declared
   60 |     Result OpenNetworkChannel(LobbyId lobbyId, std::uint8_t channelId, bool reliable);
      |                                                ^~~
source/discord/lobby_manager.h:61:31: error: ‘LobbyId’ has not been declared
   61 |     Result SendNetworkMessage(LobbyId lobbyId,
      |                               ^~~~~~~
source/discord/lobby_manager.h:62:31: error: ‘UserId’ has not been declared
   62 |                               UserId userId,
      |                               ^~~~~~
source/discord/lobby_manager.h:63:31: error: ‘std::uint8_t’ has not been declared
   63 |                               std::uint8_t channelId,
      |                               ^~~
source/discord/lobby_manager.h:64:31: error: ‘std::uint8_t’ has not been declared
   64 |                               std::uint8_t* data,
      |                               ^~~
source/discord/lobby_manager.h:65:31: error: ‘std::uint32_t’ has not been declared
   65 |                               std::uint32_t dataLength);
      |                               ^~~
source/discord/lobby_manager.h:67:16: error: ‘int64_t’ is not a member of ‘std’; did you mean ‘int64_t’?
   67 |     Event<std::int64_t> OnLobbyUpdate;
      |                ^~~~~~~
In file included from /usr/include/stdint.h:34,
                 from /usr/lib/gcc/x86_64-linux-gnu/11/include/stdint.h:9,
                 from source/discord/ffi.h:9,
                 from source/discord/types.h:4,
                 from source/discord/discord.h:4,
                 from source/highscore.h:2,
                 from source/highscore.cpp:1:
/usr/include/x86_64-linux-gnu/bits/stdint-intn.h:27:19: note: ‘int64_t’ declared here
   27 | typedef __int64_t int64_t;
      |                   ^~~~~~~
In file included from source/discord/core.h:10,
                 from source/discord/discord.h:5,
                 from source/highscore.h:2,
                 from source/highscore.cpp:1:
source/discord/lobby_manager.h:67:23: error: template argument 1 is invalid
   67 |     Event<std::int64_t> OnLobbyUpdate;
      |                       ^
source/discord/lobby_manager.h:68:16: error: ‘int64_t’ is not a member of ‘std’; did you mean ‘int64_t’?
   68 |     Event<std::int64_t, std::uint32_t> OnLobbyDelete;
      |                ^~~~~~~
In file included from /usr/include/stdint.h:34,
                 from /usr/lib/gcc/x86_64-linux-gnu/11/include/stdint.h:9,
                 from source/discord/ffi.h:9,
                 from source/discord/types.h:4,
                 from source/discord/discord.h:4,
                 from source/highscore.h:2,
                 from source/highscore.cpp:1:
/usr/include/x86_64-linux-gnu/bits/stdint-intn.h:27:19: note: ‘int64_t’ declared here
   27 | typedef __int64_t int64_t;
      |                   ^~~~~~~
In file included from source/discord/core.h:10,
                 from source/discord/discord.h:5,
                 from source/highscore.h:2,
                 from source/highscore.cpp:1:
source/discord/lobby_manager.h:68:30: error: ‘uint32_t’ is not a member of ‘std’; did you mean ‘uint32_t’?
   68 |     Event<std::int64_t, std::uint32_t> OnLobbyDelete;
      |                              ^~~~~~~~
In file included from /usr/include/stdint.h:37,
                 from /usr/lib/gcc/x86_64-linux-gnu/11/include/stdint.h:9,
                 from source/discord/ffi.h:9,
                 from source/discord/types.h:4,
                 from source/discord/discord.h:4,
                 from source/highscore.h:2,
                 from source/highscore.cpp:1:
/usr/include/x86_64-linux-gnu/bits/stdint-uintn.h:26:20: note: ‘uint32_t’ declared here
   26 | typedef __uint32_t uint32_t;
      |                    ^~~~~~~~
In file included from source/discord/core.h:10,
                 from source/discord/discord.h:5,
                 from source/highscore.h:2,
                 from source/highscore.cpp:1:
source/discord/lobby_manager.h:68:38: error: template argument 1 is invalid
   68 |     Event<std::int64_t, std::uint32_t> OnLobbyDelete;
      |                                      ^
source/discord/lobby_manager.h:68:38: error: template argument 2 is invalid
source/discord/lobby_manager.h:69:16: error: ‘int64_t’ is not a member of ‘std’; did you mean ‘int64_t’?
   69 |     Event<std::int64_t, std::int64_t> OnMemberConnect;
      |                ^~~~~~~
In file included from /usr/include/stdint.h:34,
                 from /usr/lib/gcc/x86_64-linux-gnu/11/include/stdint.h:9,
                 from source/discord/ffi.h:9,
                 from source/discord/types.h:4,
                 from source/discord/discord.h:4,
                 from source/highscore.h:2,
                 from source/highscore.cpp:1:
/usr/include/x86_64-linux-gnu/bits/stdint-intn.h:27:19: note: ‘int64_t’ declared here
   27 | typedef __int64_t int64_t;
      |                   ^~~~~~~
In file included from source/discord/core.h:10,
                 from source/discord/discord.h:5,
                 from source/highscore.h:2,
                 from source/highscore.cpp:1:
source/discord/lobby_manager.h:69:30: error: ‘int64_t’ is not a member of ‘std’; did you mean ‘int64_t’?
   69 |     Event<std::int64_t, std::int64_t> OnMemberConnect;
      |                              ^~~~~~~
In file included from /usr/include/stdint.h:34,
                 from /usr/lib/gcc/x86_64-linux-gnu/11/include/stdint.h:9,
                 from source/discord/ffi.h:9,
                 from source/discord/types.h:4,
                 from source/discord/discord.h:4,
                 from source/highscore.h:2,
                 from source/highscore.cpp:1:
/usr/include/x86_64-linux-gnu/bits/stdint-intn.h:27:19: note: ‘int64_t’ declared here
   27 | typedef __int64_t int64_t;
      |                   ^~~~~~~
In file included from source/discord/core.h:10,
                 from source/discord/discord.h:5,
                 from source/highscore.h:2,
                 from source/highscore.cpp:1:
source/discord/lobby_manager.h:69:37: error: template argument 1 is invalid
   69 |     Event<std::int64_t, std::int64_t> OnMemberConnect;
      |                                     ^
source/discord/lobby_manager.h:69:37: error: template argument 2 is invalid
source/discord/lobby_manager.h:70:16: error: ‘int64_t’ is not a member of ‘std’; did you mean ‘int64_t’?
   70 |     Event<std::int64_t, std::int64_t> OnMemberUpdate;
      |                ^~~~~~~
In file included from /usr/include/stdint.h:34,
                 from /usr/lib/gcc/x86_64-linux-gnu/11/include/stdint.h:9,
                 from source/discord/ffi.h:9,
                 from source/discord/types.h:4,
                 from source/discord/discord.h:4,
                 from source/highscore.h:2,
                 from source/highscore.cpp:1:
/usr/include/x86_64-linux-gnu/bits/stdint-intn.h:27:19: note: ‘int64_t’ declared here
   27 | typedef __int64_t int64_t;
      |                   ^~~~~~~
In file included from source/discord/core.h:10,
                 from source/discord/discord.h:5,
                 from source/highscore.h:2,
                 from source/highscore.cpp:1:
source/discord/lobby_manager.h:70:30: error: ‘int64_t’ is not a member of ‘std’; did you mean ‘int64_t’?
   70 |     Event<std::int64_t, std::int64_t> OnMemberUpdate;
      |                              ^~~~~~~
In file included from /usr/include/stdint.h:34,
                 from /usr/lib/gcc/x86_64-linux-gnu/11/include/stdint.h:9,
                 from source/discord/ffi.h:9,
                 from source/discord/types.h:4,
                 from source/discord/discord.h:4,
                 from source/highscore.h:2,
                 from source/highscore.cpp:1:
/usr/include/x86_64-linux-gnu/bits/stdint-intn.h:27:19: note: ‘int64_t’ declared here
   27 | typedef __int64_t int64_t;
      |                   ^~~~~~~
In file included from source/discord/core.h:10,
                 from source/discord/discord.h:5,
                 from source/highscore.h:2,
                 from source/highscore.cpp:1:
source/discord/lobby_manager.h:70:37: error: template argument 1 is invalid
   70 |     Event<std::int64_t, std::int64_t> OnMemberUpdate;
      |                                     ^
source/discord/lobby_manager.h:70:37: error: template argument 2 is invalid
source/discord/lobby_manager.h:71:16: error: ‘int64_t’ is not a member of ‘std’; did you mean ‘int64_t’?
   71 |     Event<std::int64_t, std::int64_t> OnMemberDisconnect;
      |                ^~~~~~~
In file included from /usr/include/stdint.h:34,
                 from /usr/lib/gcc/x86_64-linux-gnu/11/include/stdint.h:9,
                 from source/discord/ffi.h:9,
                 from source/discord/types.h:4,
                 from source/discord/discord.h:4,
                 from source/highscore.h:2,
                 from source/highscore.cpp:1:
/usr/include/x86_64-linux-gnu/bits/stdint-intn.h:27:19: note: ‘int64_t’ declared here
   27 | typedef __int64_t int64_t;
      |                   ^~~~~~~
In file included from source/discord/core.h:10,
                 from source/discord/discord.h:5,
                 from source/highscore.h:2,
                 from source/highscore.cpp:1:
source/discord/lobby_manager.h:71:30: error: ‘int64_t’ is not a member of ‘std’; did you mean ‘int64_t’?
   71 |     Event<std::int64_t, std::int64_t> OnMemberDisconnect;
      |                              ^~~~~~~
In file included from /usr/include/stdint.h:34,
                 from /usr/lib/gcc/x86_64-linux-gnu/11/include/stdint.h:9,
                 from source/discord/ffi.h:9,
                 from source/discord/types.h:4,
                 from source/discord/discord.h:4,
                 from source/highscore.h:2,
                 from source/highscore.cpp:1:
/usr/include/x86_64-linux-gnu/bits/stdint-intn.h:27:19: note: ‘int64_t’ declared here
   27 | typedef __int64_t int64_t;
      |                   ^~~~~~~
In file included from source/discord/core.h:10,
                 from source/discord/discord.h:5,
                 from source/highscore.h:2,
                 from source/highscore.cpp:1:
source/discord/lobby_manager.h:71:37: error: template argument 1 is invalid
   71 |     Event<std::int64_t, std::int64_t> OnMemberDisconnect;
      |                                     ^
source/discord/lobby_manager.h:71:37: error: template argument 2 is invalid
source/discord/lobby_manager.h:72:16: error: ‘int64_t’ is not a member of ‘std’; did you mean ‘int64_t’?
   72 |     Event<std::int64_t, std::int64_t, std::uint8_t*, std::uint32_t> OnLobbyMessage;
      |                ^~~~~~~
In file included from /usr/include/stdint.h:34,
                 from /usr/lib/gcc/x86_64-linux-gnu/11/include/stdint.h:9,
                 from source/discord/ffi.h:9,
                 from source/discord/types.h:4,
                 from source/discord/discord.h:4,
                 from source/highscore.h:2,
                 from source/highscore.cpp:1:
/usr/include/x86_64-linux-gnu/bits/stdint-intn.h:27:19: note: ‘int64_t’ declared here
   27 | typedef __int64_t int64_t;
      |                   ^~~~~~~
In file included from source/discord/core.h:10,
                 from source/discord/discord.h:5,
                 from source/highscore.h:2,
                 from source/highscore.cpp:1:
source/discord/lobby_manager.h:72:30: error: ‘int64_t’ is not a member of ‘std’; did you mean ‘int64_t’?
   72 |     Event<std::int64_t, std::int64_t, std::uint8_t*, std::uint32_t> OnLobbyMessage;
      |                              ^~~~~~~
In file included from /usr/include/stdint.h:34,
                 from /usr/lib/gcc/x86_64-linux-gnu/11/include/stdint.h:9,
                 from source/discord/ffi.h:9,
                 from source/discord/types.h:4,
                 from source/discord/discord.h:4,
                 from source/highscore.h:2,
                 from source/highscore.cpp:1:
/usr/include/x86_64-linux-gnu/bits/stdint-intn.h:27:19: note: ‘int64_t’ declared here
   27 | typedef __int64_t int64_t;
      |                   ^~~~~~~
In file included from source/discord/core.h:10,
                 from source/discord/discord.h:5,
                 from source/highscore.h:2,
                 from source/highscore.cpp:1:
source/discord/lobby_manager.h:72:44: error: ‘uint8_t’ is not a member of ‘std’; did you mean ‘uint8_t’?
   72 |     Event<std::int64_t, std::int64_t, std::uint8_t*, std::uint32_t> OnLobbyMessage;
      |                                            ^~~~~~~
In file included from /usr/include/stdint.h:37,
                 from /usr/lib/gcc/x86_64-linux-gnu/11/include/stdint.h:9,
                 from source/discord/ffi.h:9,
                 from source/discord/types.h:4,
                 from source/discord/discord.h:4,
                 from source/highscore.h:2,
                 from source/highscore.cpp:1:
/usr/include/x86_64-linux-gnu/bits/stdint-uintn.h:24:19: note: ‘uint8_t’ declared here
   24 | typedef __uint8_t uint8_t;
      |                   ^~~~~~~
In file included from source/discord/core.h:10,
                 from source/discord/discord.h:5,
                 from source/highscore.h:2,
                 from source/highscore.cpp:1:
source/discord/lobby_manager.h:72:59: error: ‘uint32_t’ is not a member of ‘std’; did you mean ‘uint32_t’?
   72 |     Event<std::int64_t, std::int64_t, std::uint8_t*, std::uint32_t> OnLobbyMessage;
      |                                                           ^~~~~~~~
In file included from /usr/include/stdint.h:37,
                 from /usr/lib/gcc/x86_64-linux-gnu/11/include/stdint.h:9,
                 from source/discord/ffi.h:9,
                 from source/discord/types.h:4,
                 from source/discord/discord.h:4,
                 from source/highscore.h:2,
                 from source/highscore.cpp:1:
/usr/include/x86_64-linux-gnu/bits/stdint-uintn.h:26:20: note: ‘uint32_t’ declared here
   26 | typedef __uint32_t uint32_t;
      |                    ^~~~~~~~
In file included from source/discord/core.h:10,
                 from source/discord/discord.h:5,
                 from source/highscore.h:2,
                 from source/highscore.cpp:1:
source/discord/lobby_manager.h:72:67: error: template argument 1 is invalid
   72 |     Event<std::int64_t, std::int64_t, std::uint8_t*, std::uint32_t> OnLobbyMessage;
      |                                                                   ^
source/discord/lobby_manager.h:72:67: error: template argument 2 is invalid
source/discord/lobby_manager.h:72:67: error: template argument 3 is invalid
source/discord/lobby_manager.h:72:67: error: template argument 4 is invalid
source/discord/lobby_manager.h:73:16: error: ‘int64_t’ is not a member of ‘std’; did you mean ‘int64_t’?
   73 |     Event<std::int64_t, std::int64_t, bool> OnSpeaking;
      |                ^~~~~~~
In file included from /usr/include/stdint.h:34,
                 from /usr/lib/gcc/x86_64-linux-gnu/11/include/stdint.h:9,
                 from source/discord/ffi.h:9,
                 from source/discord/types.h:4,
                 from source/discord/discord.h:4,
                 from source/highscore.h:2,
                 from source/highscore.cpp:1:
/usr/include/x86_64-linux-gnu/bits/stdint-intn.h:27:19: note: ‘int64_t’ declared here
   27 | typedef __int64_t int64_t;
      |                   ^~~~~~~
In file included from source/discord/core.h:10,
                 from source/discord/discord.h:5,
                 from source/highscore.h:2,
                 from source/highscore.cpp:1:
source/discord/lobby_manager.h:73:30: error: ‘int64_t’ is not a member of ‘std’; did you mean ‘int64_t’?
   73 |     Event<std::int64_t, std::int64_t, bool> OnSpeaking;
      |                              ^~~~~~~
In file included from /usr/include/stdint.h:34,
                 from /usr/lib/gcc/x86_64-linux-gnu/11/include/stdint.h:9,
                 from source/discord/ffi.h:9,
                 from source/discord/types.h:4,
                 from source/discord/discord.h:4,
                 from source/highscore.h:2,
                 from source/highscore.cpp:1:
/usr/include/x86_64-linux-gnu/bits/stdint-intn.h:27:19: note: ‘int64_t’ declared here
   27 | typedef __int64_t int64_t;
      |                   ^~~~~~~
In file included from source/discord/core.h:10,
                 from source/discord/discord.h:5,
                 from source/highscore.h:2,
                 from source/highscore.cpp:1:
source/discord/lobby_manager.h:73:43: error: template argument 1 is invalid
   73 |     Event<std::int64_t, std::int64_t, bool> OnSpeaking;
      |                                           ^
source/discord/lobby_manager.h:73:43: error: template argument 2 is invalid
source/discord/lobby_manager.h:74:16: error: ‘int64_t’ is not a member of ‘std’; did you mean ‘int64_t’?
   74 |     Event<std::int64_t, std::int64_t, std::uint8_t, std::uint8_t*, std::uint32_t> OnNetworkMessage;
      |                ^~~~~~~
In file included from /usr/include/stdint.h:34,
                 from /usr/lib/gcc/x86_64-linux-gnu/11/include/stdint.h:9,
                 from source/discord/ffi.h:9,
                 from source/discord/types.h:4,
                 from source/discord/discord.h:4,
                 from source/highscore.h:2,
                 from source/highscore.cpp:1:
/usr/include/x86_64-linux-gnu/bits/stdint-intn.h:27:19: note: ‘int64_t’ declared here
   27 | typedef __int64_t int64_t;
      |                   ^~~~~~~
In file included from source/discord/core.h:10,
                 from source/discord/discord.h:5,
                 from source/highscore.h:2,
                 from source/highscore.cpp:1:
source/discord/lobby_manager.h:74:30: error: ‘int64_t’ is not a member of ‘std’; did you mean ‘int64_t’?
   74 |     Event<std::int64_t, std::int64_t, std::uint8_t, std::uint8_t*, std::uint32_t> OnNetworkMessage;
      |                              ^~~~~~~
In file included from /usr/include/stdint.h:34,
                 from /usr/lib/gcc/x86_64-linux-gnu/11/include/stdint.h:9,
                 from source/discord/ffi.h:9,
                 from source/discord/types.h:4,
                 from source/discord/discord.h:4,
                 from source/highscore.h:2,
                 from source/highscore.cpp:1:
/usr/include/x86_64-linux-gnu/bits/stdint-intn.h:27:19: note: ‘int64_t’ declared here
   27 | typedef __int64_t int64_t;
      |                   ^~~~~~~
In file included from source/discord/core.h:10,
                 from source/discord/discord.h:5,
                 from source/highscore.h:2,
                 from source/highscore.cpp:1:
source/discord/lobby_manager.h:74:44: error: ‘uint8_t’ is not a member of ‘std’; did you mean ‘uint8_t’?
   74 |     Event<std::int64_t, std::int64_t, std::uint8_t, std::uint8_t*, std::uint32_t> OnNetworkMessage;
      |                                            ^~~~~~~
In file included from /usr/include/stdint.h:37,
                 from /usr/lib/gcc/x86_64-linux-gnu/11/include/stdint.h:9,
                 from source/discord/ffi.h:9,
                 from source/discord/types.h:4,
                 from source/discord/discord.h:4,
                 from source/highscore.h:2,
                 from source/highscore.cpp:1:
/usr/include/x86_64-linux-gnu/bits/stdint-uintn.h:24:19: note: ‘uint8_t’ declared here
   24 | typedef __uint8_t uint8_t;
      |                   ^~~~~~~
In file included from source/discord/core.h:10,
                 from source/discord/discord.h:5,
                 from source/highscore.h:2,
                 from source/highscore.cpp:1:
source/discord/lobby_manager.h:74:58: error: ‘uint8_t’ is not a member of ‘std’; did you mean ‘uint8_t’?
   74 |     Event<std::int64_t, std::int64_t, std::uint8_t, std::uint8_t*, std::uint32_t> OnNetworkMessage;
      |                                                          ^~~~~~~
In file included from /usr/include/stdint.h:37,
                 from /usr/lib/gcc/x86_64-linux-gnu/11/include/stdint.h:9,
                 from source/discord/ffi.h:9,
                 from source/discord/types.h:4,
                 from source/discord/discord.h:4,
                 from source/highscore.h:2,
                 from source/highscore.cpp:1:
/usr/include/x86_64-linux-gnu/bits/stdint-uintn.h:24:19: note: ‘uint8_t’ declared here
   24 | typedef __uint8_t uint8_t;
      |                   ^~~~~~~
In file included from source/discord/core.h:10,
                 from source/discord/discord.h:5,
                 from source/highscore.h:2,
                 from source/highscore.cpp:1:
source/discord/lobby_manager.h:74:73: error: ‘uint32_t’ is not a member of ‘std’; did you mean ‘uint32_t’?
   74 |     Event<std::int64_t, std::int64_t, std::uint8_t, std::uint8_t*, std::uint32_t> OnNetworkMessage;
      |                                                                         ^~~~~~~~
In file included from /usr/include/stdint.h:37,
                 from /usr/lib/gcc/x86_64-linux-gnu/11/include/stdint.h:9,
                 from source/discord/ffi.h:9,
                 from source/discord/types.h:4,
                 from source/discord/discord.h:4,
                 from source/highscore.h:2,
                 from source/highscore.cpp:1:
/usr/include/x86_64-linux-gnu/bits/stdint-uintn.h:26:20: note: ‘uint32_t’ declared here
   26 | typedef __uint32_t uint32_t;
      |                    ^~~~~~~~
In file included from source/discord/core.h:10,
                 from source/discord/discord.h:5,
                 from source/highscore.h:2,
                 from source/highscore.cpp:1:
source/discord/lobby_manager.h:74:81: error: template argument 1 is invalid
   74 |     Event<std::int64_t, std::int64_t, std::uint8_t, std::uint8_t*, std::uint32_t> OnNetworkMessage;
      |                                                                                 ^
source/discord/lobby_manager.h:74:81: error: template argument 2 is invalid
source/discord/lobby_manager.h:74:81: error: template argument 3 is invalid
source/discord/lobby_manager.h:74:81: error: template argument 4 is invalid
source/discord/lobby_manager.h:74:81: error: template argument 5 is invalid
In file included from source/discord/core.h:11,
                 from source/discord/discord.h:5,
                 from source/highscore.h:2,
                 from source/highscore.cpp:1:
source/discord/network_manager.h:15:20: error: ‘NetworkPeerId’ has not been declared
   15 |     void GetPeerId(NetworkPeerId* peerId);
      |                    ^~~~~~~~~~~~~
source/discord/network_manager.h:23:21: error: ‘NetworkPeerId’ has not been declared
   23 |     Result OpenPeer(NetworkPeerId peerId, char const* routeData);
      |                     ^~~~~~~~~~~~~
source/discord/network_manager.h:27:23: error: ‘NetworkPeerId’ has not been declared
   27 |     Result UpdatePeer(NetworkPeerId peerId, char const* routeData);
      |                       ^~~~~~~~~~~~~
source/discord/network_manager.h:31:22: error: ‘NetworkPeerId’ has not been declared
   31 |     Result ClosePeer(NetworkPeerId peerId);
      |                      ^~~~~~~~~~~~~
source/discord/network_manager.h:35:24: error: ‘NetworkPeerId’ has not been declared
   35 |     Result OpenChannel(NetworkPeerId peerId, NetworkChannelId channelId, bool reliable);
      |                        ^~~~~~~~~~~~~
source/discord/network_manager.h:35:46: error: ‘NetworkChannelId’ has not been declared
   35 |     Result OpenChannel(NetworkPeerId peerId, NetworkChannelId channelId, bool reliable);
      |                                              ^~~~~~~~~~~~~~~~
source/discord/network_manager.h:39:25: error: ‘NetworkPeerId’ has not been declared
   39 |     Result CloseChannel(NetworkPeerId peerId, NetworkChannelId channelId);
      |                         ^~~~~~~~~~~~~
source/discord/network_manager.h:39:47: error: ‘NetworkChannelId’ has not been declared
   39 |     Result CloseChannel(NetworkPeerId peerId, NetworkChannelId channelId);
      |                                               ^~~~~~~~~~~~~~~~
source/discord/network_manager.h:43:24: error: ‘NetworkPeerId’ has not been declared
   43 |     Result SendMessage(NetworkPeerId peerId,
      |                        ^~~~~~~~~~~~~
source/discord/network_manager.h:44:24: error: ‘NetworkChannelId’ has not been declared
   44 |                        NetworkChannelId channelId,
      |                        ^~~~~~~~~~~~~~~~
source/discord/network_manager.h:45:24: error: ‘std::uint8_t’ has not been declared
   45 |                        std::uint8_t* data,
      |                        ^~~
source/discord/network_manager.h:46:24: error: ‘std::uint32_t’ has not been declared
   46 |                        std::uint32_t dataLength);
      |                        ^~~
source/discord/network_manager.h:48:11: error: ‘NetworkPeerId’ was not declared in this scope; did you mean ‘GetPeerId’?
   48 |     Event<NetworkPeerId, NetworkChannelId, std::uint8_t*, std::uint32_t> OnMessage;
      |           ^~~~~~~~~~~~~
      |           GetPeerId
source/discord/network_manager.h:48:26: error: ‘NetworkChannelId’ was not declared in this scope
   48 |     Event<NetworkPeerId, NetworkChannelId, std::uint8_t*, std::uint32_t> OnMessage;
      |                          ^~~~~~~~~~~~~~~~
source/discord/network_manager.h:48:49: error: ‘uint8_t’ is not a member of ‘std’; did you mean ‘uint8_t’?
   48 |     Event<NetworkPeerId, NetworkChannelId, std::uint8_t*, std::uint32_t> OnMessage;
      |                                                 ^~~~~~~
In file included from /usr/include/stdint.h:37,
                 from /usr/lib/gcc/x86_64-linux-gnu/11/include/stdint.h:9,
                 from source/discord/ffi.h:9,
                 from source/discord/types.h:4,
                 from source/discord/discord.h:4,
                 from source/highscore.h:2,
                 from source/highscore.cpp:1:
/usr/include/x86_64-linux-gnu/bits/stdint-uintn.h:24:19: note: ‘uint8_t’ declared here
   24 | typedef __uint8_t uint8_t;
      |                   ^~~~~~~
In file included from source/discord/core.h:11,
                 from source/discord/discord.h:5,
                 from source/highscore.h:2,
                 from source/highscore.cpp:1:
source/discord/network_manager.h:48:64: error: ‘uint32_t’ is not a member of ‘std’; did you mean ‘uint32_t’?
   48 |     Event<NetworkPeerId, NetworkChannelId, std::uint8_t*, std::uint32_t> OnMessage;
      |                                                                ^~~~~~~~
In file included from /usr/include/stdint.h:37,
                 from /usr/lib/gcc/x86_64-linux-gnu/11/include/stdint.h:9,
                 from source/discord/ffi.h:9,
                 from source/discord/types.h:4,
                 from source/discord/discord.h:4,
                 from source/highscore.h:2,
                 from source/highscore.cpp:1:
/usr/include/x86_64-linux-gnu/bits/stdint-uintn.h:26:20: note: ‘uint32_t’ declared here
   26 | typedef __uint32_t uint32_t;
      |                    ^~~~~~~~
In file included from source/discord/core.h:11,
                 from source/discord/discord.h:5,
                 from source/highscore.h:2,
                 from source/highscore.cpp:1:
source/discord/network_manager.h:48:72: error: template argument 1 is invalid
   48 |     Event<NetworkPeerId, NetworkChannelId, std::uint8_t*, std::uint32_t> OnMessage;
      |                                                                        ^
source/discord/network_manager.h:48:72: error: template argument 2 is invalid
source/discord/network_manager.h:48:72: error: template argument 3 is invalid
source/discord/network_manager.h:48:72: error: template argument 4 is invalid
In file included from source/discord/core.h:13,
                 from source/discord/discord.h:5,
                 from source/highscore.h:2,
                 from source/highscore.cpp:1:
source/discord/storage_manager.h:13:17: error: ‘std::uint8_t’ has not been declared
   13 |                 std::uint8_t* data,
      |                 ^~~
source/discord/storage_manager.h:14:17: error: ‘std::uint32_t’ has not been declared
   14 |                 std::uint32_t dataLength,
      |                 ^~~
source/discord/storage_manager.h:15:17: error: ‘std::uint32_t’ has not been declared
   15 |                 std::uint32_t* read);
      |                 ^~~
source/discord/storage_manager.h:17:52: error: ‘uint8_t’ is not a member of ‘std’; did you mean ‘uint8_t’?
   17 |                    std::function<void(Result, std::uint8_t*, std::uint32_t)> callback);
      |                                                    ^~~~~~~
In file included from /usr/include/stdint.h:37,
                 from /usr/lib/gcc/x86_64-linux-gnu/11/include/stdint.h:9,
                 from source/discord/ffi.h:9,
                 from source/discord/types.h:4,
                 from source/discord/discord.h:4,
                 from source/highscore.h:2,
                 from source/highscore.cpp:1:
/usr/include/x86_64-linux-gnu/bits/stdint-uintn.h:24:19: note: ‘uint8_t’ declared here
   24 | typedef __uint8_t uint8_t;
      |                   ^~~~~~~
In file included from source/discord/core.h:13,
                 from source/discord/discord.h:5,
                 from source/highscore.h:2,
                 from source/highscore.cpp:1:
source/discord/storage_manager.h:17:67: error: ‘uint32_t’ is not a member of ‘std’; did you mean ‘uint32_t’?
   17 |                    std::function<void(Result, std::uint8_t*, std::uint32_t)> callback);
      |                                                                   ^~~~~~~~
In file included from /usr/include/stdint.h:37,
                 from /usr/lib/gcc/x86_64-linux-gnu/11/include/stdint.h:9,
                 from source/discord/ffi.h:9,
                 from source/discord/types.h:4,
                 from source/discord/discord.h:4,
                 from source/highscore.h:2,
                 from source/highscore.cpp:1:
/usr/include/x86_64-linux-gnu/bits/stdint-uintn.h:26:20: note: ‘uint32_t’ declared here
   26 | typedef __uint32_t uint32_t;
      |                    ^~~~~~~~
In file included from source/discord/core.h:13,
                 from source/discord/discord.h:5,
                 from source/highscore.h:2,
                 from source/highscore.cpp:1:
source/discord/storage_manager.h:17:75: error: expression list treated as compound expression in functional cast [-fpermissive]
   17 |                    std::function<void(Result, std::uint8_t*, std::uint32_t)> callback);
      |                                                                           ^
source/discord/storage_manager.h:17:76: error: template argument 1 is invalid
   17 |                    std::function<void(Result, std::uint8_t*, std::uint32_t)> callback);
      |                                                                            ^
source/discord/storage_manager.h:17:52: error: ‘uint8_t’ is not a member of ‘std’; did you mean ‘uint8_t’?
   17 |                    std::function<void(Result, std::uint8_t*, std::uint32_t)> callback);
      |                                                    ^~~~~~~
In file included from /usr/include/stdint.h:37,
                 from /usr/lib/gcc/x86_64-linux-gnu/11/include/stdint.h:9,
                 from source/discord/ffi.h:9,
                 from source/discord/types.h:4,
                 from source/discord/discord.h:4,
                 from source/highscore.h:2,
                 from source/highscore.cpp:1:
/usr/include/x86_64-linux-gnu/bits/stdint-uintn.h:24:19: note: ‘uint8_t’ declared here
   24 | typedef __uint8_t uint8_t;
      |                   ^~~~~~~
In file included from source/discord/core.h:13,
                 from source/discord/discord.h:5,
                 from source/highscore.h:2,
                 from source/highscore.cpp:1:
source/discord/storage_manager.h:17:67: error: ‘uint32_t’ is not a member of ‘std’; did you mean ‘uint32_t’?
   17 |                    std::function<void(Result, std::uint8_t*, std::uint32_t)> callback);
      |                                                                   ^~~~~~~~
In file included from /usr/include/stdint.h:37,
                 from /usr/lib/gcc/x86_64-linux-gnu/11/include/stdint.h:9,
                 from source/discord/ffi.h:9,
                 from source/discord/types.h:4,
                 from source/discord/discord.h:4,
                 from source/highscore.h:2,
                 from source/highscore.cpp:1:
/usr/include/x86_64-linux-gnu/bits/stdint-uintn.h:26:20: note: ‘uint32_t’ declared here
   26 | typedef __uint32_t uint32_t;
      |                    ^~~~~~~~
In file included from source/discord/core.h:13,
                 from source/discord/discord.h:5,
                 from source/highscore.h:2,
                 from source/highscore.cpp:1:
source/discord/storage_manager.h:17:75: error: expression list treated as compound expression in functional cast [-fpermissive]
   17 |                    std::function<void(Result, std::uint8_t*, std::uint32_t)> callback);
      |                                                                           ^
source/discord/storage_manager.h:17:76: error: template argument 1 is invalid
   17 |                    std::function<void(Result, std::uint8_t*, std::uint32_t)> callback);
      |                                                                            ^
source/discord/storage_manager.h:17:52: error: ‘uint8_t’ is not a member of ‘std’; did you mean ‘uint8_t’?
   17 |                    std::function<void(Result, std::uint8_t*, std::uint32_t)> callback);
      |                                                    ^~~~~~~
In file included from /usr/include/stdint.h:37,
                 from /usr/lib/gcc/x86_64-linux-gnu/11/include/stdint.h:9,
                 from source/discord/ffi.h:9,
                 from source/discord/types.h:4,
                 from source/discord/discord.h:4,
                 from source/highscore.h:2,
                 from source/highscore.cpp:1:
/usr/include/x86_64-linux-gnu/bits/stdint-uintn.h:24:19: note: ‘uint8_t’ declared here
   24 | typedef __uint8_t uint8_t;
      |                   ^~~~~~~
In file included from source/discord/core.h:13,
                 from source/discord/discord.h:5,
                 from source/highscore.h:2,
                 from source/highscore.cpp:1:
source/discord/storage_manager.h:17:67: error: ‘uint32_t’ is not a member of ‘std’; did you mean ‘uint32_t’?
   17 |                    std::function<void(Result, std::uint8_t*, std::uint32_t)> callback);
      |                                                                   ^~~~~~~~
In file included from /usr/include/stdint.h:37,
                 from /usr/lib/gcc/x86_64-linux-gnu/11/include/stdint.h:9,
                 from source/discord/ffi.h:9,
                 from source/discord/types.h:4,
                 from source/discord/discord.h:4,
                 from source/highscore.h:2,
                 from source/highscore.cpp:1:
/usr/include/x86_64-linux-gnu/bits/stdint-uintn.h:26:20: note: ‘uint32_t’ declared here
   26 | typedef __uint32_t uint32_t;
      |                    ^~~~~~~~
In file included from source/discord/core.h:13,
                 from source/discord/discord.h:5,
                 from source/highscore.h:2,
                 from source/highscore.cpp:1:
source/discord/storage_manager.h:17:75: error: expression list treated as compound expression in functional cast [-fpermissive]
   17 |                    std::function<void(Result, std::uint8_t*, std::uint32_t)> callback);
      |                                                                           ^
source/discord/storage_manager.h:17:76: error: template argument 1 is invalid
   17 |                    std::function<void(Result, std::uint8_t*, std::uint32_t)> callback);
      |                                                                            ^
source/discord/storage_manager.h:17:20: error: invalid template-id
   17 |                    std::function<void(Result, std::uint8_t*, std::uint32_t)> callback);
      |                    ^~~
source/discord/storage_manager.h:17:52: error: ‘uint8_t’ is not a member of ‘std’; did you mean ‘uint8_t’?
   17 |                    std::function<void(Result, std::uint8_t*, std::uint32_t)> callback);
      |                                                    ^~~~~~~
In file included from /usr/include/stdint.h:37,
                 from /usr/lib/gcc/x86_64-linux-gnu/11/include/stdint.h:9,
                 from source/discord/ffi.h:9,
                 from source/discord/types.h:4,
                 from source/discord/discord.h:4,
                 from source/highscore.h:2,
                 from source/highscore.cpp:1:
/usr/include/x86_64-linux-gnu/bits/stdint-uintn.h:24:19: note: ‘uint8_t’ declared here
   24 | typedef __uint8_t uint8_t;
      |                   ^~~~~~~
In file included from source/discord/core.h:13,
                 from source/discord/discord.h:5,
                 from source/highscore.h:2,
                 from source/highscore.cpp:1:
source/discord/storage_manager.h:17:67: error: ‘uint32_t’ is not a member of ‘std’; did you mean ‘uint32_t’?
   17 |                    std::function<void(Result, std::uint8_t*, std::uint32_t)> callback);
      |                                                                   ^~~~~~~~
In file included from /usr/include/stdint.h:37,
                 from /usr/lib/gcc/x86_64-linux-gnu/11/include/stdint.h:9,
                 from source/discord/ffi.h:9,
                 from source/discord/types.h:4,
                 from source/discord/discord.h:4,
                 from source/highscore.h:2,
                 from source/highscore.cpp:1:
/usr/include/x86_64-linux-gnu/bits/stdint-uintn.h:26:20: note: ‘uint32_t’ declared here
   26 | typedef __uint32_t uint32_t;
      |                    ^~~~~~~~
In file included from source/discord/core.h:13,
                 from source/discord/discord.h:5,
                 from source/highscore.h:2,
                 from source/highscore.cpp:1:
source/discord/storage_manager.h:17:75: error: expression list treated as compound expression in functional cast [-fpermissive]
   17 |                    std::function<void(Result, std::uint8_t*, std::uint32_t)> callback);
      |                                                                           ^
source/discord/storage_manager.h:17:34: error: expected primary-expression before ‘void’
   17 |                    std::function<void(Result, std::uint8_t*, std::uint32_t)> callback);
      |                                  ^~~~
source/discord/storage_manager.h:17:34: error: expected ‘>’ before ‘void’
source/discord/storage_manager.h:17:20: error: class template placeholder ‘std::function’ not permitted in this context
   17 |                    std::function<void(Result, std::uint8_t*, std::uint32_t)> callback);
      |                    ^~~
source/discord/storage_manager.h:19:27: error: ‘std::uint64_t’ has not been declared
   19 |                           std::uint64_t offset,
      |                           ^~~
source/discord/storage_manager.h:20:27: error: ‘std::uint64_t’ has not been declared
   20 |                           std::uint64_t length,
      |                           ^~~
source/discord/storage_manager.h:21:59: error: ‘uint8_t’ is not a member of ‘std’; did you mean ‘uint8_t’?
   21 |                           std::function<void(Result, std::uint8_t*, std::uint32_t)> callback);
      |                                                           ^~~~~~~
In file included from /usr/include/stdint.h:37,
                 from /usr/lib/gcc/x86_64-linux-gnu/11/include/stdint.h:9,
                 from source/discord/ffi.h:9,
                 from source/discord/types.h:4,
                 from source/discord/discord.h:4,
                 from source/highscore.h:2,
                 from source/highscore.cpp:1:
/usr/include/x86_64-linux-gnu/bits/stdint-uintn.h:24:19: note: ‘uint8_t’ declared here
   24 | typedef __uint8_t uint8_t;
      |                   ^~~~~~~
In file included from source/discord/core.h:13,
                 from source/discord/discord.h:5,
                 from source/highscore.h:2,
                 from source/highscore.cpp:1:
source/discord/storage_manager.h:21:74: error: ‘uint32_t’ is not a member of ‘std’; did you mean ‘uint32_t’?
   21 |                           std::function<void(Result, std::uint8_t*, std::uint32_t)> callback);
      |                                                                          ^~~~~~~~
In file included from /usr/include/stdint.h:37,
                 from /usr/lib/gcc/x86_64-linux-gnu/11/include/stdint.h:9,
                 from source/discord/ffi.h:9,
                 from source/discord/types.h:4,
                 from source/discord/discord.h:4,
                 from source/highscore.h:2,
                 from source/highscore.cpp:1:
/usr/include/x86_64-linux-gnu/bits/stdint-uintn.h:26:20: note: ‘uint32_t’ declared here
   26 | typedef __uint32_t uint32_t;
      |                    ^~~~~~~~
In file included from source/discord/core.h:13,
                 from source/discord/discord.h:5,
                 from source/highscore.h:2,
                 from source/highscore.cpp:1:
source/discord/storage_manager.h:21:82: error: expression list treated as compound expression in functional cast [-fpermissive]
   21 |                           std::function<void(Result, std::uint8_t*, std::uint32_t)> callback);
      |                                                                                  ^
source/discord/storage_manager.h:21:83: error: template argument 1 is invalid
   21 |                           std::function<void(Result, std::uint8_t*, std::uint32_t)> callback);
      |                                                                                   ^
source/discord/storage_manager.h:21:59: error: ‘uint8_t’ is not a member of ‘std’; did you mean ‘uint8_t’?
   21 |                           std::function<void(Result, std::uint8_t*, std::uint32_t)> callback);
      |                                                           ^~~~~~~
In file included from /usr/include/stdint.h:37,
                 from /usr/lib/gcc/x86_64-linux-gnu/11/include/stdint.h:9,
                 from source/discord/ffi.h:9,
                 from source/discord/types.h:4,
                 from source/discord/discord.h:4,
                 from source/highscore.h:2,
                 from source/highscore.cpp:1:
/usr/include/x86_64-linux-gnu/bits/stdint-uintn.h:24:19: note: ‘uint8_t’ declared here
   24 | typedef __uint8_t uint8_t;
      |                   ^~~~~~~
In file included from source/discord/core.h:13,
                 from source/discord/discord.h:5,
                 from source/highscore.h:2,
                 from source/highscore.cpp:1:
source/discord/storage_manager.h:21:74: error: ‘uint32_t’ is not a member of ‘std’; did you mean ‘uint32_t’?
   21 |                           std::function<void(Result, std::uint8_t*, std::uint32_t)> callback);
      |                                                                          ^~~~~~~~
In file included from /usr/include/stdint.h:37,
                 from /usr/lib/gcc/x86_64-linux-gnu/11/include/stdint.h:9,
                 from source/discord/ffi.h:9,
                 from source/discord/types.h:4,
                 from source/discord/discord.h:4,
                 from source/highscore.h:2,
                 from source/highscore.cpp:1:
/usr/include/x86_64-linux-gnu/bits/stdint-uintn.h:26:20: note: ‘uint32_t’ declared here
   26 | typedef __uint32_t uint32_t;
      |                    ^~~~~~~~
In file included from source/discord/core.h:13,
                 from source/discord/discord.h:5,
                 from source/highscore.h:2,
                 from source/highscore.cpp:1:
source/discord/storage_manager.h:21:82: error: expression list treated as compound expression in functional cast [-fpermissive]
   21 |                           std::function<void(Result, std::uint8_t*, std::uint32_t)> callback);
      |                                                                                  ^
source/discord/storage_manager.h:21:83: error: template argument 1 is invalid
   21 |                           std::function<void(Result, std::uint8_t*, std::uint32_t)> callback);
      |                                                                                   ^
source/discord/storage_manager.h:21:59: error: ‘uint8_t’ is not a member of ‘std’; did you mean ‘uint8_t’?
   21 |                           std::function<void(Result, std::uint8_t*, std::uint32_t)> callback);
      |                                                           ^~~~~~~
In file included from /usr/include/stdint.h:37,
                 from /usr/lib/gcc/x86_64-linux-gnu/11/include/stdint.h:9,
                 from source/discord/ffi.h:9,
                 from source/discord/types.h:4,
                 from source/discord/discord.h:4,
                 from source/highscore.h:2,
                 from source/highscore.cpp:1:
/usr/include/x86_64-linux-gnu/bits/stdint-uintn.h:24:19: note: ‘uint8_t’ declared here
   24 | typedef __uint8_t uint8_t;
      |                   ^~~~~~~
In file included from source/discord/core.h:13,
                 from source/discord/discord.h:5,
                 from source/highscore.h:2,
                 from source/highscore.cpp:1:
source/discord/storage_manager.h:21:74: error: ‘uint32_t’ is not a member of ‘std’; did you mean ‘uint32_t’?
   21 |                           std::function<void(Result, std::uint8_t*, std::uint32_t)> callback);
      |                                                                          ^~~~~~~~
In file included from /usr/include/stdint.h:37,
                 from /usr/lib/gcc/x86_64-linux-gnu/11/include/stdint.h:9,
                 from source/discord/ffi.h:9,
                 from source/discord/types.h:4,
                 from source/discord/discord.h:4,
                 from source/highscore.h:2,
                 from source/highscore.cpp:1:
/usr/include/x86_64-linux-gnu/bits/stdint-uintn.h:26:20: note: ‘uint32_t’ declared here
   26 | typedef __uint32_t uint32_t;
      |                    ^~~~~~~~
In file included from source/discord/core.h:13,
                 from source/discord/discord.h:5,
                 from source/highscore.h:2,
                 from source/highscore.cpp:1:
source/discord/storage_manager.h:21:82: error: expression list treated as compound expression in functional cast [-fpermissive]
   21 |                           std::function<void(Result, std::uint8_t*, std::uint32_t)> callback);
      |                                                                                  ^
source/discord/storage_manager.h:21:83: error: template argument 1 is invalid
   21 |                           std::function<void(Result, std::uint8_t*, std::uint32_t)> callback);
      |                                                                                   ^
source/discord/storage_manager.h:21:27: error: invalid template-id
   21 |                           std::function<void(Result, std::uint8_t*, std::uint32_t)> callback);
      |                           ^~~
source/discord/storage_manager.h:21:59: error: ‘uint8_t’ is not a member of ‘std’; did you mean ‘uint8_t’?
   21 |                           std::function<void(Result, std::uint8_t*, std::uint32_t)> callback);
      |                                                           ^~~~~~~
In file included from /usr/include/stdint.h:37,
                 from /usr/lib/gcc/x86_64-linux-gnu/11/include/stdint.h:9,
                 from source/discord/ffi.h:9,
                 from source/discord/types.h:4,
                 from source/discord/discord.h:4,
                 from source/highscore.h:2,
                 from source/highscore.cpp:1:
/usr/include/x86_64-linux-gnu/bits/stdint-uintn.h:24:19: note: ‘uint8_t’ declared here
   24 | typedef __uint8_t uint8_t;
      |                   ^~~~~~~
In file included from source/discord/core.h:13,
                 from source/discord/discord.h:5,
                 from source/highscore.h:2,
                 from source/highscore.cpp:1:
source/discord/storage_manager.h:21:74: error: ‘uint32_t’ is not a member of ‘std’; did you mean ‘uint32_t’?
   21 |                           std::function<void(Result, std::uint8_t*, std::uint32_t)> callback);
      |                                                                          ^~~~~~~~
In file included from /usr/include/stdint.h:37,
                 from /usr/lib/gcc/x86_64-linux-gnu/11/include/stdint.h:9,
                 from source/discord/ffi.h:9,
                 from source/discord/types.h:4,
                 from source/discord/discord.h:4,
                 from source/highscore.h:2,
                 from source/highscore.cpp:1:
/usr/include/x86_64-linux-gnu/bits/stdint-uintn.h:26:20: note: ‘uint32_t’ declared here
   26 | typedef __uint32_t uint32_t;
      |                    ^~~~~~~~
In file included from source/discord/core.h:13,
                 from source/discord/discord.h:5,
                 from source/highscore.h:2,
                 from source/highscore.cpp:1:
source/discord/storage_manager.h:21:82: error: expression list treated as compound expression in functional cast [-fpermissive]
   21 |                           std::function<void(Result, std::uint8_t*, std::uint32_t)> callback);
      |                                                                                  ^
source/discord/storage_manager.h:21:41: error: expected primary-expression before ‘void’
   21 |                           std::function<void(Result, std::uint8_t*, std::uint32_t)> callback);
      |                                         ^~~~
source/discord/storage_manager.h:21:41: error: expected ‘>’ before ‘void’
source/discord/storage_manager.h:21:27: error: class template placeholder ‘std::function’ not permitted in this context
   21 |                           std::function<void(Result, std::uint8_t*, std::uint32_t)> callback);
      |                           ^~~
source/discord/storage_manager.h:22:36: error: ‘std::uint8_t’ has not been declared
   22 |     Result Write(char const* name, std::uint8_t* data, std::uint32_t dataLength);
      |                                    ^~~
source/discord/storage_manager.h:22:56: error: ‘std::uint32_t’ has not been declared
   22 |     Result Write(char const* name, std::uint8_t* data, std::uint32_t dataLength);
      |                                                        ^~~
source/discord/storage_manager.h:24:21: error: ‘std::uint8_t’ has not been declared
   24 |                     std::uint8_t* data,
      |                     ^~~
source/discord/storage_manager.h:25:21: error: ‘std::uint32_t’ has not been declared
   25 |                     std::uint32_t dataLength,
      |                     ^~~
source/discord/storage_manager.h:29:16: error: ‘std::int32_t’ has not been declared
   29 |     void Count(std::int32_t* count);
      |                ^~~
source/discord/storage_manager.h:31:19: error: ‘std::int32_t’ has not been declared
   31 |     Result StatAt(std::int32_t index, FileStat* stat);
      |                   ^~~
In file included from source/discord/core.h:14,
                 from source/discord/discord.h:5,
                 from source/highscore.h:2,
                 from source/highscore.cpp:1:
source/discord/store_manager.h:13:20: error: ‘std::int32_t’ has not been declared
   13 |     void CountSkus(std::int32_t* count);
      |                    ^~~
source/discord/store_manager.h:14:19: error: ‘Snowflake’ has not been declared
   14 |     Result GetSku(Snowflake skuId, Sku* sku);
      |                   ^~~~~~~~~
source/discord/store_manager.h:15:21: error: ‘std::int32_t’ has not been declared
   15 |     Result GetSkuAt(std::int32_t index, Sku* sku);
      |                     ^~~
source/discord/store_manager.h:17:28: error: ‘std::int32_t’ has not been declared
   17 |     void CountEntitlements(std::int32_t* count);
      |                            ^~~
source/discord/store_manager.h:18:27: error: ‘Snowflake’ has not been declared
   18 |     Result GetEntitlement(Snowflake entitlementId, Entitlement* entitlement);
      |                           ^~~~~~~~~
source/discord/store_manager.h:19:29: error: ‘std::int32_t’ has not been declared
   19 |     Result GetEntitlementAt(std::int32_t index, Entitlement* entitlement);
      |                             ^~~
source/discord/store_manager.h:20:30: error: ‘Snowflake’ has not been declared
   20 |     Result HasSkuEntitlement(Snowflake skuId, bool* hasEntitlement);
      |                              ^~~~~~~~~
source/discord/store_manager.h:21:24: error: ‘Snowflake’ has not been declared
   21 |     void StartPurchase(Snowflake skuId, std::function<void(Result)> callback);
      |                        ^~~~~~~~~
In file included from source/discord/core.h:15,
                 from source/discord/discord.h:5,
                 from source/highscore.h:2,
                 from source/highscore.cpp:1:
source/discord/voice_manager.h:18:24: error: ‘Snowflake’ has not been declared
   18 |     Result IsLocalMute(Snowflake userId, bool* mute);
      |                        ^~~~~~~~~
source/discord/voice_manager.h:19:25: error: ‘Snowflake’ has not been declared
   19 |     Result SetLocalMute(Snowflake userId, bool mute);
      |                         ^~~~~~~~~
source/discord/voice_manager.h:20:27: error: ‘Snowflake’ has not been declared
   20 |     Result GetLocalVolume(Snowflake userId, std::uint8_t* volume);
      |                           ^~~~~~~~~
source/discord/voice_manager.h:20:45: error: ‘std::uint8_t’ has not been declared
   20 |     Result GetLocalVolume(Snowflake userId, std::uint8_t* volume);
      |                                             ^~~
source/discord/voice_manager.h:21:27: error: ‘Snowflake’ has not been declared
   21 |     Result SetLocalVolume(Snowflake userId, std::uint8_t volume);
      |                           ^~~~~~~~~
source/discord/voice_manager.h:21:45: error: ‘std::uint8_t’ has not been declared
   21 |     Result SetLocalVolume(Snowflake userId, std::uint8_t volume);
      |                                             ^~~
In file included from source/discord/core.h:16,
                 from source/discord/discord.h:5,
                 from source/highscore.h:2,
                 from source/highscore.cpp:1:
source/discord/achievement_manager.h:12:29: error: ‘Snowflake’ has not been declared
   12 |     void SetUserAchievement(Snowflake achievementId,
      |                             ^~~~~~~~~
source/discord/achievement_manager.h:13:29: error: ‘std::uint8_t’ has not been declared
   13 |                             std::uint8_t percentComplete,
      |                             ^~~
source/discord/achievement_manager.h:16:32: error: ‘std::int32_t’ has not been declared
   16 |     void CountUserAchievements(std::int32_t* count);
      |                                ^~~
source/discord/achievement_manager.h:17:31: error: ‘Snowflake’ has not been declared
   17 |     Result GetUserAchievement(Snowflake userAchievementId, UserAchievement* userAchievement);
      |                               ^~~~~~~~~
source/discord/achievement_manager.h:18:33: error: ‘std::int32_t’ has not been declared
   18 |     Result GetUserAchievementAt(std::int32_t index, UserAchievement* userAchievement);
      |                                 ^~~
In file included from source/discord/discord.h:5,
                 from source/highscore.h:2,
                 from source/highscore.cpp:1:
source/discord/core.h:22:26: error: ‘ClientId’ has not been declared
   22 |     static Result Create(ClientId clientId, std::uint64_t flags, Core** instance);
      |                          ^~~~~~~~
source/discord/core.h:22:45: error: ‘std::uint64_t’ has not been declared
   22 |     static Result Create(ClientId clientId, std::uint64_t flags, Core** instance);
      |                                             ^~~
In file included from source/discord/achievement_manager.h:4,
                 from source/discord/achievement_manager.cpp:6:
source/discord/types.h:168:23: error: ‘int64_t’ in namespace ‘std’ does not name a type
  168 | using ClientId = std::int64_t;
      |                       ^~~~~~~
source/discord/types.h:169:22: error: ‘int32_t’ in namespace ‘std’ does not name a type
  169 | using Version = std::int32_t;
      |                      ^~~~~~~
source/discord/types.h:170:24: error: ‘int64_t’ in namespace ‘std’ does not name a type
  170 | using Snowflake = std::int64_t;
      |                        ^~~~~~~
source/discord/types.h:171:24: error: ‘int64_t’ in namespace ‘std’ does not name a type
  171 | using Timestamp = std::int64_t;
      |                        ^~~~~~~
source/discord/types.h:172:16: error: ‘Snowflake’ does not name a type
  172 | using UserId = Snowflake;
      |                ^~~~~~~~~
source/discord/types.h:175:17: error: ‘Snowflake’ does not name a type
  175 | using LobbyId = Snowflake;
      |                 ^~~~~~~~~
source/discord/types.h:179:28: error: ‘uint64_t’ in namespace ‘std’ does not name a type
  179 | using NetworkPeerId = std::uint64_t;
      |                            ^~~~~~~~
source/discord/types.h:180:31: error: ‘uint8_t’ in namespace ‘std’ does not name a type
  180 | using NetworkChannelId = std::uint8_t;
      |                               ^~~~~~~
source/discord/types.h:186:16: error: ‘UserId’ has not been declared
  186 |     void SetId(UserId id);
      |                ^~~~~~
source/discord/types.h:187:5: error: ‘UserId’ does not name a type; did you mean ‘User’?
  187 |     UserId GetId() const;
      |     ^~~~~~
      |     User
source/discord/types.h:207:21: error: ‘Timestamp’ has not been declared
  207 |     void SetExpires(Timestamp expires);
      |                     ^~~~~~~~~
source/discord/types.h:208:5: error: ‘Timestamp’ does not name a type
  208 |     Timestamp GetExpires() const;
      |     ^~~~~~~~~
source/discord/types.h:218:16: error: ‘std::int64_t’ has not been declared
  218 |     void SetId(std::int64_t id);
      |                ^~~
source/discord/types.h:219:10: error: ‘int64_t’ in namespace ‘std’ does not name a type
  219 |     std::int64_t GetId() const;
      |          ^~~~~~~
source/discord/types.h:220:18: error: ‘std::uint32_t’ has not been declared
  220 |     void SetSize(std::uint32_t size);
      |                  ^~~
source/discord/types.h:221:10: error: ‘uint32_t’ in namespace ‘std’ does not name a type
  221 |     std::uint32_t GetSize() const;
      |          ^~~~~~~~
source/discord/types.h:229:19: error: ‘std::uint32_t’ has not been declared
  229 |     void SetWidth(std::uint32_t width);
      |                   ^~~
source/discord/types.h:230:10: error: ‘uint32_t’ in namespace ‘std’ does not name a type
  230 |     std::uint32_t GetWidth() const;
      |          ^~~~~~~~
source/discord/types.h:231:20: error: ‘std::uint32_t’ has not been declared
  231 |     void SetHeight(std::uint32_t height);
      |                    ^~~
source/discord/types.h:232:10: error: ‘uint32_t’ in namespace ‘std’ does not name a type
  232 |     std::uint32_t GetHeight() const;
      |          ^~~~~~~~
source/discord/types.h:240:19: error: ‘Timestamp’ has not been declared
  240 |     void SetStart(Timestamp start);
      |                   ^~~~~~~~~
source/discord/types.h:241:5: error: ‘Timestamp’ does not name a type
  241 |     Timestamp GetStart() const;
      |     ^~~~~~~~~
source/discord/types.h:242:17: error: ‘Timestamp’ has not been declared
  242 |     void SetEnd(Timestamp end);
      |                 ^~~~~~~~~
source/discord/types.h:243:5: error: ‘Timestamp’ does not name a type
  243 |     Timestamp GetEnd() const;
      |     ^~~~~~~~~
source/discord/types.h:266:25: error: ‘std::int32_t’ has not been declared
  266 |     void SetCurrentSize(std::int32_t currentSize);
      |                         ^~~
source/discord/types.h:267:10: error: ‘int32_t’ in namespace ‘std’ does not name a type
  267 |     std::int32_t GetCurrentSize() const;
      |          ^~~~~~~
source/discord/types.h:268:21: error: ‘std::int32_t’ has not been declared
  268 |     void SetMaxSize(std::int32_t maxSize);
      |                     ^~~
source/discord/types.h:269:10: error: ‘int32_t’ in namespace ‘std’ does not name a type
  269 |     std::int32_t GetMaxSize() const;
      |          ^~~~~~~
source/discord/types.h:303:27: error: ‘std::int64_t’ has not been declared
  303 |     void SetApplicationId(std::int64_t applicationId);
      |                           ^~~
source/discord/types.h:304:10: error: ‘int64_t’ in namespace ‘std’ does not name a type
  304 |     std::int64_t GetApplicationId() const;
      |          ^~~~~~~
source/discord/types.h:352:16: error: ‘LobbyId’ has not been declared
  352 |     void SetId(LobbyId id);
      |                ^~~~~~~
source/discord/types.h:353:5: error: ‘LobbyId’ does not name a type; did you mean ‘Lobby’?
  353 |     LobbyId GetId() const;
      |     ^~~~~~~
      |     Lobby
source/discord/types.h:356:21: error: ‘UserId’ has not been declared
  356 |     void SetOwnerId(UserId ownerId);
      |                     ^~~~~~
source/discord/types.h:357:5: error: ‘UserId’ does not name a type; did you mean ‘User’?
  357 |     UserId GetOwnerId() const;
      |     ^~~~~~
      |     User
source/discord/types.h:360:22: error: ‘std::uint32_t’ has not been declared
  360 |     void SetCapacity(std::uint32_t capacity);
      |                      ^~~
source/discord/types.h:361:10: error: ‘uint32_t’ in namespace ‘std’ does not name a type
  361 |     std::uint32_t GetCapacity() const;
      |          ^~~~~~~~
source/discord/types.h:373:18: error: ‘std::uint64_t’ has not been declared
  373 |     void SetSize(std::uint64_t size);
      |                  ^~~
source/discord/types.h:374:10: error: ‘uint64_t’ in namespace ‘std’ does not name a type
  374 |     std::uint64_t GetSize() const;
      |          ^~~~~~~~
source/discord/types.h:375:26: error: ‘std::uint64_t’ has not been declared
  375 |     void SetLastModified(std::uint64_t lastModified);
      |                          ^~~
source/discord/types.h:376:10: error: ‘uint64_t’ in namespace ‘std’ does not name a type
  376 |     std::uint64_t GetLastModified() const;
      |          ^~~~~~~~
source/discord/types.h:384:16: error: ‘Snowflake’ has not been declared
  384 |     void SetId(Snowflake id);
      |                ^~~~~~~~~
source/discord/types.h:385:5: error: ‘Snowflake’ does not name a type
  385 |     Snowflake GetId() const;
      |     ^~~~~~~~~
source/discord/types.h:388:19: error: ‘Snowflake’ has not been declared
  388 |     void SetSkuId(Snowflake skuId);
      |                   ^~~~~~~~~
source/discord/types.h:389:5: error: ‘Snowflake’ does not name a type
  389 |     Snowflake GetSkuId() const;
      |     ^~~~~~~~~
source/discord/types.h:397:20: error: ‘std::uint32_t’ has not been declared
  397 |     void SetAmount(std::uint32_t amount);
      |                    ^~~
source/discord/types.h:398:10: error: ‘uint32_t’ in namespace ‘std’ does not name a type
  398 |     std::uint32_t GetAmount() const;
      |          ^~~~~~~~
source/discord/types.h:408:16: error: ‘Snowflake’ has not been declared
  408 |     void SetId(Snowflake id);
      |                ^~~~~~~~~
source/discord/types.h:409:5: error: ‘Snowflake’ does not name a type
  409 |     Snowflake GetId() const;
      |     ^~~~~~~~~
source/discord/types.h:434:20: error: ‘Snowflake’ has not been declared
  434 |     void SetUserId(Snowflake userId);
      |                    ^~~~~~~~~
source/discord/types.h:435:5: error: ‘Snowflake’ does not name a type
  435 |     Snowflake GetUserId() const;
      |     ^~~~~~~~~
source/discord/types.h:436:27: error: ‘Snowflake’ has not been declared
  436 |     void SetAchievementId(Snowflake achievementId);
      |                           ^~~~~~~~~
source/discord/types.h:437:5: error: ‘Snowflake’ does not name a type
  437 |     Snowflake GetAchievementId() const;
      |     ^~~~~~~~~
source/discord/types.h:438:29: error: ‘std::uint8_t’ has not been declared
  438 |     void SetPercentComplete(std::uint8_t percentComplete);
      |                             ^~~
source/discord/types.h:439:10: error: ‘uint8_t’ in namespace ‘std’ does not name a type
  439 |     std::uint8_t GetPercentComplete() const;
      |          ^~~~~~~
source/discord/types.h:450:21: error: ‘UserId’ has not been declared
  450 |     Result SetOwner(UserId ownerId);
      |                     ^~~~~~
source/discord/types.h:451:24: error: ‘std::uint32_t’ has not been declared
  451 |     Result SetCapacity(std::uint32_t capacity);
      |                        ^~~
source/discord/types.h:482:18: error: ‘std::uint32_t’ has not been declared
  482 |     Result Limit(std::uint32_t limit);
      |                  ^~~
In file included from source/discord/achievement_manager.cpp:6:
source/discord/achievement_manager.h:12:29: error: ‘Snowflake’ has not been declared
   12 |     void SetUserAchievement(Snowflake achievementId,
      |                             ^~~~~~~~~
source/discord/achievement_manager.h:13:29: error: ‘std::uint8_t’ has not been declared
   13 |                             std::uint8_t percentComplete,
      |                             ^~~
source/discord/achievement_manager.h:16:32: error: ‘std::int32_t’ has not been declared
   16 |     void CountUserAchievements(std::int32_t* count);
      |                                ^~~
source/discord/achievement_manager.h:17:31: error: ‘Snowflake’ has not been declared
   17 |     Result GetUserAchievement(Snowflake userAchievementId, UserAchievement* userAchievement);
      |                               ^~~~~~~~~
source/discord/achievement_manager.h:18:33: error: ‘std::int32_t’ has not been declared
   18 |     Result GetUserAchievementAt(std::int32_t index, UserAchievement* userAchievement);
      |                                 ^~~
In file included from source/discord/core.h:6,
                 from source/discord/achievement_manager.cpp:8:
source/discord/user_manager.h:13:18: error: ‘UserId’ has not been declared
   13 |     void GetUser(UserId userId, std::function<void(Result, User const&)> callback);
      |                  ^~~~~~
In file included from source/discord/core.h:7,
                 from source/discord/achievement_manager.cpp:8:
source/discord/image_manager.h:14:40: error: ‘std::uint8_t’ has not been declared
   14 |     Result GetData(ImageHandle handle, std::uint8_t* data, std::uint32_t dataLength);
      |                                        ^~~
source/discord/image_manager.h:14:60: error: ‘std::uint32_t’ has not been declared
   14 |     Result GetData(ImageHandle handle, std::uint8_t* data, std::uint32_t dataLength);
      |                                                            ^~~
In file included from source/discord/core.h:8,
                 from source/discord/achievement_manager.cpp:8:
source/discord/activity_manager.h:13:26: error: ‘std::uint32_t’ has not been declared
   13 |     Result RegisterSteam(std::uint32_t steamId);
      |                          ^~~
source/discord/activity_manager.h:16:27: error: ‘UserId’ has not been declared
   16 |     void SendRequestReply(UserId userId,
      |                           ^~~~~~
source/discord/activity_manager.h:19:21: error: ‘UserId’ has not been declared
   19 |     void SendInvite(UserId userId,
      |                     ^~~~~~
source/discord/activity_manager.h:23:23: error: ‘UserId’ has not been declared
   23 |     void AcceptInvite(UserId userId, std::function<void(Result)> callback);
      |                       ^~~~~~
In file included from source/discord/core.h:9,
                 from source/discord/achievement_manager.cpp:8:
source/discord/relationship_manager.h:13:18: error: ‘std::int32_t’ has not been declared
   13 |     Result Count(std::int32_t* count);
      |                  ^~~
source/discord/relationship_manager.h:14:16: error: ‘UserId’ has not been declared
   14 |     Result Get(UserId userId, Relationship* relationship);
      |                ^~~~~~
source/discord/relationship_manager.h:15:18: error: ‘std::uint32_t’ has not been declared
   15 |     Result GetAt(std::uint32_t index, Relationship* relationship);
      |                  ^~~
In file included from source/discord/core.h:10,
                 from source/discord/achievement_manager.cpp:8:
source/discord/lobby_manager.h:13:38: error: ‘LobbyId’ has not been declared
   13 |     Result GetLobbyUpdateTransaction(LobbyId lobbyId, LobbyTransaction* transaction);
      |                                      ^~~~~~~
source/discord/lobby_manager.h:14:39: error: ‘LobbyId’ has not been declared
   14 |     Result GetMemberUpdateTransaction(LobbyId lobbyId,
      |                                       ^~~~~~~
source/discord/lobby_manager.h:15:39: error: ‘UserId’ has not been declared
   15 |                                       UserId userId,
      |                                       ^~~~~~
source/discord/lobby_manager.h:19:22: error: ‘LobbyId’ has not been declared
   19 |     void UpdateLobby(LobbyId lobbyId,
      |                      ^~~~~~~
source/discord/lobby_manager.h:22:22: error: ‘LobbyId’ has not been declared
   22 |     void DeleteLobby(LobbyId lobbyId, std::function<void(Result)> callback);
      |                      ^~~~~~~
source/discord/lobby_manager.h:23:23: error: ‘LobbyId’ has not been declared
   23 |     void ConnectLobby(LobbyId lobbyId,
      |                       ^~~~~~~
source/discord/lobby_manager.h:28:26: error: ‘LobbyId’ has not been declared
   28 |     void DisconnectLobby(LobbyId lobbyId, std::function<void(Result)> callback);
      |                          ^~~~~~~
source/discord/lobby_manager.h:29:21: error: ‘LobbyId’ has not been declared
   29 |     Result GetLobby(LobbyId lobbyId, Lobby* lobby);
      |                     ^~~~~~~
source/discord/lobby_manager.h:30:35: error: ‘LobbyId’ has not been declared
   30 |     Result GetLobbyActivitySecret(LobbyId lobbyId, char secret[128]);
      |                                   ^~~~~~~
source/discord/lobby_manager.h:31:34: error: ‘LobbyId’ has not been declared
   31 |     Result GetLobbyMetadataValue(LobbyId lobbyId, MetadataKey key, char value[4096]);
      |                                  ^~~~~~~
source/discord/lobby_manager.h:32:32: error: ‘LobbyId’ has not been declared
   32 |     Result GetLobbyMetadataKey(LobbyId lobbyId, std::int32_t index, char key[256]);
      |                                ^~~~~~~
source/discord/lobby_manager.h:32:49: error: ‘std::int32_t’ has not been declared
   32 |     Result GetLobbyMetadataKey(LobbyId lobbyId, std::int32_t index, char key[256]);
      |                                                 ^~~
source/discord/lobby_manager.h:33:31: error: ‘LobbyId’ has not been declared
   33 |     Result LobbyMetadataCount(LobbyId lobbyId, std::int32_t* count);
      |                               ^~~~~~~
source/discord/lobby_manager.h:33:48: error: ‘std::int32_t’ has not been declared
   33 |     Result LobbyMetadataCount(LobbyId lobbyId, std::int32_t* count);
      |                                                ^~~
source/discord/lobby_manager.h:34:24: error: ‘LobbyId’ has not been declared
   34 |     Result MemberCount(LobbyId lobbyId, std::int32_t* count);
      |                        ^~~~~~~
source/discord/lobby_manager.h:34:41: error: ‘std::int32_t’ has not been declared
   34 |     Result MemberCount(LobbyId lobbyId, std::int32_t* count);
      |                                         ^~~
source/discord/lobby_manager.h:35:28: error: ‘LobbyId’ has not been declared
   35 |     Result GetMemberUserId(LobbyId lobbyId, std::int32_t index, UserId* userId);
      |                            ^~~~~~~
source/discord/lobby_manager.h:35:45: error: ‘std::int32_t’ has not been declared
   35 |     Result GetMemberUserId(LobbyId lobbyId, std::int32_t index, UserId* userId);
      |                                             ^~~
source/discord/lobby_manager.h:35:65: error: ‘UserId’ has not been declared
   35 |     Result GetMemberUserId(LobbyId lobbyId, std::int32_t index, UserId* userId);
      |                                                                 ^~~~~~
source/discord/lobby_manager.h:36:26: error: ‘LobbyId’ has not been declared
   36 |     Result GetMemberUser(LobbyId lobbyId, UserId userId, User* user);
      |                          ^~~~~~~
source/discord/lobby_manager.h:36:43: error: ‘UserId’ has not been declared
   36 |     Result GetMemberUser(LobbyId lobbyId, UserId userId, User* user);
      |                                           ^~~~~~
source/discord/lobby_manager.h:37:35: error: ‘LobbyId’ has not been declared
   37 |     Result GetMemberMetadataValue(LobbyId lobbyId,
      |                                   ^~~~~~~
source/discord/lobby_manager.h:38:35: error: ‘UserId’ has not been declared
   38 |                                   UserId userId,
      |                                   ^~~~~~
source/discord/lobby_manager.h:41:33: error: ‘LobbyId’ has not been declared
   41 |     Result GetMemberMetadataKey(LobbyId lobbyId, UserId userId, std::int32_t index, char key[256]);
      |                                 ^~~~~~~
source/discord/lobby_manager.h:41:50: error: ‘UserId’ has not been declared
   41 |     Result GetMemberMetadataKey(LobbyId lobbyId, UserId userId, std::int32_t index, char key[256]);
      |                                                  ^~~~~~
source/discord/lobby_manager.h:41:65: error: ‘std::int32_t’ has not been declared
   41 |     Result GetMemberMetadataKey(LobbyId lobbyId, UserId userId, std::int32_t index, char key[256]);
      |                                                                 ^~~
source/discord/lobby_manager.h:42:32: error: ‘LobbyId’ has not been declared
   42 |     Result MemberMetadataCount(LobbyId lobbyId, UserId userId, std::int32_t* count);
      |                                ^~~~~~~
source/discord/lobby_manager.h:42:49: error: ‘UserId’ has not been declared
   42 |     Result MemberMetadataCount(LobbyId lobbyId, UserId userId, std::int32_t* count);
      |                                                 ^~~~~~
source/discord/lobby_manager.h:42:64: error: ‘std::int32_t’ has not been declared
   42 |     Result MemberMetadataCount(LobbyId lobbyId, UserId userId, std::int32_t* count);
      |                                                                ^~~
source/discord/lobby_manager.h:43:23: error: ‘LobbyId’ has not been declared
   43 |     void UpdateMember(LobbyId lobbyId,
      |                       ^~~~~~~
source/discord/lobby_manager.h:44:23: error: ‘UserId’ has not been declared
   44 |                       UserId userId,
      |                       ^~~~~~
source/discord/lobby_manager.h:47:27: error: ‘LobbyId’ has not been declared
   47 |     void SendLobbyMessage(LobbyId lobbyId,
      |                           ^~~~~~~
source/discord/lobby_manager.h:48:27: error: ‘std::uint8_t’ has not been declared
   48 |                           std::uint8_t* data,
      |                           ^~~
source/discord/lobby_manager.h:49:27: error: ‘std::uint32_t’ has not been declared
   49 |                           std::uint32_t dataLength,
      |                           ^~~
source/discord/lobby_manager.h:53:21: error: ‘std::int32_t’ has not been declared
   53 |     void LobbyCount(std::int32_t* count);
      |                     ^~~
source/discord/lobby_manager.h:54:23: error: ‘std::int32_t’ has not been declared
   54 |     Result GetLobbyId(std::int32_t index, LobbyId* lobbyId);
      |                       ^~~
source/discord/lobby_manager.h:54:43: error: ‘LobbyId’ has not been declared
   54 |     Result GetLobbyId(std::int32_t index, LobbyId* lobbyId);
      |                                           ^~~~~~~
source/discord/lobby_manager.h:55:23: error: ‘LobbyId’ has not been declared
   55 |     void ConnectVoice(LobbyId lobbyId, std::function<void(Result)> callback);
      |                       ^~~~~~~
source/discord/lobby_manager.h:56:26: error: ‘LobbyId’ has not been declared
   56 |     void DisconnectVoice(LobbyId lobbyId, std::function<void(Result)> callback);
      |                          ^~~~~~~
source/discord/lobby_manager.h:57:27: error: ‘LobbyId’ has not been declared
   57 |     Result ConnectNetwork(LobbyId lobbyId);
      |                           ^~~~~~~
source/discord/lobby_manager.h:58:30: error: ‘LobbyId’ has not been declared
   58 |     Result DisconnectNetwork(LobbyId lobbyId);
      |                              ^~~~~~~
source/discord/lobby_manager.h:60:31: error: ‘LobbyId’ has not been declared
   60 |     Result OpenNetworkChannel(LobbyId lobbyId, std::uint8_t channelId, bool reliable);
      |                               ^~~~~~~
source/discord/lobby_manager.h:60:48: error: ‘std::uint8_t’ has not been declared
   60 |     Result OpenNetworkChannel(LobbyId lobbyId, std::uint8_t channelId, bool reliable);
      |                                                ^~~
source/discord/lobby_manager.h:61:31: error: ‘LobbyId’ has not been declared
   61 |     Result SendNetworkMessage(LobbyId lobbyId,
      |                               ^~~~~~~
source/discord/lobby_manager.h:62:31: error: ‘UserId’ has not been declared
   62 |                               UserId userId,
      |                               ^~~~~~
source/discord/lobby_manager.h:63:31: error: ‘std::uint8_t’ has not been declared
   63 |                               std::uint8_t channelId,
      |                               ^~~
source/discord/lobby_manager.h:64:31: error: ‘std::uint8_t’ has not been declared
   64 |                               std::uint8_t* data,
      |                               ^~~
source/discord/lobby_manager.h:65:31: error: ‘std::uint32_t’ has not been declared
   65 |                               std::uint32_t dataLength);
      |                               ^~~
source/discord/lobby_manager.h:67:16: error: ‘int64_t’ is not a member of ‘std’; did you mean ‘int64_t’?
   67 |     Event<std::int64_t> OnLobbyUpdate;
      |                ^~~~~~~
In file included from /usr/include/stdint.h:34,
                 from /usr/lib/gcc/x86_64-linux-gnu/11/include/stdint.h:9,
                 from source/discord/ffi.h:9,
                 from source/discord/types.h:4,
                 from source/discord/achievement_manager.h:4,
                 from source/discord/achievement_manager.cpp:6:
/usr/include/x86_64-linux-gnu/bits/stdint-intn.h:27:19: note: ‘int64_t’ declared here
   27 | typedef __int64_t int64_t;
      |                   ^~~~~~~
In file included from source/discord/core.h:10,
                 from source/discord/achievement_manager.cpp:8:
source/discord/lobby_manager.h:67:23: error: template argument 1 is invalid
   67 |     Event<std::int64_t> OnLobbyUpdate;
      |                       ^
source/discord/lobby_manager.h:68:16: error: ‘int64_t’ is not a member of ‘std’; did you mean ‘int64_t’?
   68 |     Event<std::int64_t, std::uint32_t> OnLobbyDelete;
      |                ^~~~~~~
In file included from /usr/include/stdint.h:34,
                 from /usr/lib/gcc/x86_64-linux-gnu/11/include/stdint.h:9,
                 from source/discord/ffi.h:9,
                 from source/discord/types.h:4,
                 from source/discord/achievement_manager.h:4,
                 from source/discord/achievement_manager.cpp:6:
/usr/include/x86_64-linux-gnu/bits/stdint-intn.h:27:19: note: ‘int64_t’ declared here
   27 | typedef __int64_t int64_t;
      |                   ^~~~~~~
In file included from source/discord/core.h:10,
                 from source/discord/achievement_manager.cpp:8:
source/discord/lobby_manager.h:68:30: error: ‘uint32_t’ is not a member of ‘std’; did you mean ‘uint32_t’?
   68 |     Event<std::int64_t, std::uint32_t> OnLobbyDelete;
      |                              ^~~~~~~~
In file included from /usr/include/stdint.h:37,
                 from /usr/lib/gcc/x86_64-linux-gnu/11/include/stdint.h:9,
                 from source/discord/ffi.h:9,
                 from source/discord/types.h:4,
                 from source/discord/achievement_manager.h:4,
                 from source/discord/achievement_manager.cpp:6:
/usr/include/x86_64-linux-gnu/bits/stdint-uintn.h:26:20: note: ‘uint32_t’ declared here
   26 | typedef __uint32_t uint32_t;
      |                    ^~~~~~~~
In file included from source/discord/core.h:10,
                 from source/discord/achievement_manager.cpp:8:
source/discord/lobby_manager.h:68:38: error: template argument 1 is invalid
   68 |     Event<std::int64_t, std::uint32_t> OnLobbyDelete;
      |                                      ^
source/discord/lobby_manager.h:68:38: error: template argument 2 is invalid
source/discord/lobby_manager.h:69:16: error: ‘int64_t’ is not a member of ‘std’; did you mean ‘int64_t’?
   69 |     Event<std::int64_t, std::int64_t> OnMemberConnect;
      |                ^~~~~~~
In file included from /usr/include/stdint.h:34,
                 from /usr/lib/gcc/x86_64-linux-gnu/11/include/stdint.h:9,
                 from source/discord/ffi.h:9,
                 from source/discord/types.h:4,
                 from source/discord/achievement_manager.h:4,
                 from source/discord/achievement_manager.cpp:6:
/usr/include/x86_64-linux-gnu/bits/stdint-intn.h:27:19: note: ‘int64_t’ declared here
   27 | typedef __int64_t int64_t;
      |                   ^~~~~~~
In file included from source/discord/core.h:10,
                 from source/discord/achievement_manager.cpp:8:
source/discord/lobby_manager.h:69:30: error: ‘int64_t’ is not a member of ‘std’; did you mean ‘int64_t’?
   69 |     Event<std::int64_t, std::int64_t> OnMemberConnect;
      |                              ^~~~~~~
In file included from /usr/include/stdint.h:34,
                 from /usr/lib/gcc/x86_64-linux-gnu/11/include/stdint.h:9,
                 from source/discord/ffi.h:9,
                 from source/discord/types.h:4,
                 from source/discord/achievement_manager.h:4,
                 from source/discord/achievement_manager.cpp:6:
/usr/include/x86_64-linux-gnu/bits/stdint-intn.h:27:19: note: ‘int64_t’ declared here
   27 | typedef __int64_t int64_t;
      |                   ^~~~~~~
In file included from source/discord/core.h:10,
                 from source/discord/achievement_manager.cpp:8:
source/discord/lobby_manager.h:69:37: error: template argument 1 is invalid
   69 |     Event<std::int64_t, std::int64_t> OnMemberConnect;
      |                                     ^
source/discord/lobby_manager.h:69:37: error: template argument 2 is invalid
source/discord/lobby_manager.h:70:16: error: ‘int64_t’ is not a member of ‘std’; did you mean ‘int64_t’?
   70 |     Event<std::int64_t, std::int64_t> OnMemberUpdate;
      |                ^~~~~~~
In file included from /usr/include/stdint.h:34,
                 from /usr/lib/gcc/x86_64-linux-gnu/11/include/stdint.h:9,
                 from source/discord/ffi.h:9,
                 from source/discord/types.h:4,
                 from source/discord/achievement_manager.h:4,
                 from source/discord/achievement_manager.cpp:6:
/usr/include/x86_64-linux-gnu/bits/stdint-intn.h:27:19: note: ‘int64_t’ declared here
   27 | typedef __int64_t int64_t;
      |                   ^~~~~~~
In file included from source/discord/core.h:10,
                 from source/discord/achievement_manager.cpp:8:
source/discord/lobby_manager.h:70:30: error: ‘int64_t’ is not a member of ‘std’; did you mean ‘int64_t’?
   70 |     Event<std::int64_t, std::int64_t> OnMemberUpdate;
      |                              ^~~~~~~
In file included from /usr/include/stdint.h:34,
                 from /usr/lib/gcc/x86_64-linux-gnu/11/include/stdint.h:9,
                 from source/discord/ffi.h:9,
                 from source/discord/types.h:4,
                 from source/discord/achievement_manager.h:4,
                 from source/discord/achievement_manager.cpp:6:
/usr/include/x86_64-linux-gnu/bits/stdint-intn.h:27:19: note: ‘int64_t’ declared here
   27 | typedef __int64_t int64_t;
      |                   ^~~~~~~
In file included from source/discord/core.h:10,
                 from source/discord/achievement_manager.cpp:8:
source/discord/lobby_manager.h:70:37: error: template argument 1 is invalid
   70 |     Event<std::int64_t, std::int64_t> OnMemberUpdate;
      |                                     ^
source/discord/lobby_manager.h:70:37: error: template argument 2 is invalid
source/discord/lobby_manager.h:71:16: error: ‘int64_t’ is not a member of ‘std’; did you mean ‘int64_t’?
   71 |     Event<std::int64_t, std::int64_t> OnMemberDisconnect;
      |                ^~~~~~~
In file included from /usr/include/stdint.h:34,
                 from /usr/lib/gcc/x86_64-linux-gnu/11/include/stdint.h:9,
                 from source/discord/ffi.h:9,
                 from source/discord/types.h:4,
                 from source/discord/achievement_manager.h:4,
                 from source/discord/achievement_manager.cpp:6:
/usr/include/x86_64-linux-gnu/bits/stdint-intn.h:27:19: note: ‘int64_t’ declared here
   27 | typedef __int64_t int64_t;
      |                   ^~~~~~~
In file included from source/discord/core.h:10,
                 from source/discord/achievement_manager.cpp:8:
source/discord/lobby_manager.h:71:30: error: ‘int64_t’ is not a member of ‘std’; did you mean ‘int64_t’?
   71 |     Event<std::int64_t, std::int64_t> OnMemberDisconnect;
      |                              ^~~~~~~
In file included from /usr/include/stdint.h:34,
                 from /usr/lib/gcc/x86_64-linux-gnu/11/include/stdint.h:9,
                 from source/discord/ffi.h:9,
                 from source/discord/types.h:4,
                 from source/discord/achievement_manager.h:4,
                 from source/discord/achievement_manager.cpp:6:
/usr/include/x86_64-linux-gnu/bits/stdint-intn.h:27:19: note: ‘int64_t’ declared here
   27 | typedef __int64_t int64_t;
      |                   ^~~~~~~
In file included from source/discord/core.h:10,
                 from source/discord/achievement_manager.cpp:8:
source/discord/lobby_manager.h:71:37: error: template argument 1 is invalid
   71 |     Event<std::int64_t, std::int64_t> OnMemberDisconnect;
      |                                     ^
source/discord/lobby_manager.h:71:37: error: template argument 2 is invalid
source/discord/lobby_manager.h:72:16: error: ‘int64_t’ is not a member of ‘std’; did you mean ‘int64_t’?
   72 |     Event<std::int64_t, std::int64_t, std::uint8_t*, std::uint32_t> OnLobbyMessage;
      |                ^~~~~~~
In file included from /usr/include/stdint.h:34,
                 from /usr/lib/gcc/x86_64-linux-gnu/11/include/stdint.h:9,
                 from source/discord/ffi.h:9,
                 from source/discord/types.h:4,
                 from source/discord/achievement_manager.h:4,
                 from source/discord/achievement_manager.cpp:6:
/usr/include/x86_64-linux-gnu/bits/stdint-intn.h:27:19: note: ‘int64_t’ declared here
   27 | typedef __int64_t int64_t;
      |                   ^~~~~~~
In file included from source/discord/core.h:10,
                 from source/discord/achievement_manager.cpp:8:
source/discord/lobby_manager.h:72:30: error: ‘int64_t’ is not a member of ‘std’; did you mean ‘int64_t’?
   72 |     Event<std::int64_t, std::int64_t, std::uint8_t*, std::uint32_t> OnLobbyMessage;
      |                              ^~~~~~~
In file included from /usr/include/stdint.h:34,
                 from /usr/lib/gcc/x86_64-linux-gnu/11/include/stdint.h:9,
                 from source/discord/ffi.h:9,
                 from source/discord/types.h:4,
                 from source/discord/achievement_manager.h:4,
                 from source/discord/achievement_manager.cpp:6:
/usr/include/x86_64-linux-gnu/bits/stdint-intn.h:27:19: note: ‘int64_t’ declared here
   27 | typedef __int64_t int64_t;
      |                   ^~~~~~~
In file included from source/discord/core.h:10,
                 from source/discord/achievement_manager.cpp:8:
source/discord/lobby_manager.h:72:44: error: ‘uint8_t’ is not a member of ‘std’; did you mean ‘uint8_t’?
   72 |     Event<std::int64_t, std::int64_t, std::uint8_t*, std::uint32_t> OnLobbyMessage;
      |                                            ^~~~~~~
In file included from /usr/include/stdint.h:37,
                 from /usr/lib/gcc/x86_64-linux-gnu/11/include/stdint.h:9,
                 from source/discord/ffi.h:9,
                 from source/discord/types.h:4,
                 from source/discord/achievement_manager.h:4,
                 from source/discord/achievement_manager.cpp:6:
/usr/include/x86_64-linux-gnu/bits/stdint-uintn.h:24:19: note: ‘uint8_t’ declared here
   24 | typedef __uint8_t uint8_t;
      |                   ^~~~~~~
In file included from source/discord/core.h:10,
                 from source/discord/achievement_manager.cpp:8:
source/discord/lobby_manager.h:72:59: error: ‘uint32_t’ is not a member of ‘std’; did you mean ‘uint32_t’?
   72 |     Event<std::int64_t, std::int64_t, std::uint8_t*, std::uint32_t> OnLobbyMessage;
      |                                                           ^~~~~~~~
In file included from /usr/include/stdint.h:37,
                 from /usr/lib/gcc/x86_64-linux-gnu/11/include/stdint.h:9,
                 from source/discord/ffi.h:9,
                 from source/discord/types.h:4,
                 from source/discord/achievement_manager.h:4,
                 from source/discord/achievement_manager.cpp:6:
/usr/include/x86_64-linux-gnu/bits/stdint-uintn.h:26:20: note: ‘uint32_t’ declared here
   26 | typedef __uint32_t uint32_t;
      |                    ^~~~~~~~
In file included from source/discord/core.h:10,
                 from source/discord/achievement_manager.cpp:8:
source/discord/lobby_manager.h:72:67: error: template argument 1 is invalid
   72 |     Event<std::int64_t, std::int64_t, std::uint8_t*, std::uint32_t> OnLobbyMessage;
      |                                                                   ^
source/discord/lobby_manager.h:72:67: error: template argument 2 is invalid
source/discord/lobby_manager.h:72:67: error: template argument 3 is invalid
source/discord/lobby_manager.h:72:67: error: template argument 4 is invalid
source/discord/lobby_manager.h:73:16: error: ‘int64_t’ is not a member of ‘std’; did you mean ‘int64_t’?
   73 |     Event<std::int64_t, std::int64_t, bool> OnSpeaking;
      |                ^~~~~~~
In file included from /usr/include/stdint.h:34,
                 from /usr/lib/gcc/x86_64-linux-gnu/11/include/stdint.h:9,
                 from source/discord/ffi.h:9,
                 from source/discord/types.h:4,
                 from source/discord/achievement_manager.h:4,
                 from source/discord/achievement_manager.cpp:6:
/usr/include/x86_64-linux-gnu/bits/stdint-intn.h:27:19: note: ‘int64_t’ declared here
   27 | typedef __int64_t int64_t;
      |                   ^~~~~~~
In file included from source/discord/core.h:10,
                 from source/discord/achievement_manager.cpp:8:
source/discord/lobby_manager.h:73:30: error: ‘int64_t’ is not a member of ‘std’; did you mean ‘int64_t’?
   73 |     Event<std::int64_t, std::int64_t, bool> OnSpeaking;
      |                              ^~~~~~~
In file included from /usr/include/stdint.h:34,
                 from /usr/lib/gcc/x86_64-linux-gnu/11/include/stdint.h:9,
                 from source/discord/ffi.h:9,
                 from source/discord/types.h:4,
                 from source/discord/achievement_manager.h:4,
                 from source/discord/achievement_manager.cpp:6:
/usr/include/x86_64-linux-gnu/bits/stdint-intn.h:27:19: note: ‘int64_t’ declared here
   27 | typedef __int64_t int64_t;
      |                   ^~~~~~~
In file included from source/discord/core.h:10,
                 from source/discord/achievement_manager.cpp:8:
source/discord/lobby_manager.h:73:43: error: template argument 1 is invalid
   73 |     Event<std::int64_t, std::int64_t, bool> OnSpeaking;
      |                                           ^
source/discord/lobby_manager.h:73:43: error: template argument 2 is invalid
source/discord/lobby_manager.h:74:16: error: ‘int64_t’ is not a member of ‘std’; did you mean ‘int64_t’?
   74 |     Event<std::int64_t, std::int64_t, std::uint8_t, std::uint8_t*, std::uint32_t> OnNetworkMessage;
      |                ^~~~~~~
In file included from /usr/include/stdint.h:34,
                 from /usr/lib/gcc/x86_64-linux-gnu/11/include/stdint.h:9,
                 from source/discord/ffi.h:9,
                 from source/discord/types.h:4,
                 from source/discord/achievement_manager.h:4,
                 from source/discord/achievement_manager.cpp:6:
/usr/include/x86_64-linux-gnu/bits/stdint-intn.h:27:19: note: ‘int64_t’ declared here
   27 | typedef __int64_t int64_t;
      |                   ^~~~~~~
In file included from source/discord/core.h:10,
                 from source/discord/achievement_manager.cpp:8:
source/discord/lobby_manager.h:74:30: error: ‘int64_t’ is not a member of ‘std’; did you mean ‘int64_t’?
   74 |     Event<std::int64_t, std::int64_t, std::uint8_t, std::uint8_t*, std::uint32_t> OnNetworkMessage;
      |                              ^~~~~~~
In file included from /usr/include/stdint.h:34,
                 from /usr/lib/gcc/x86_64-linux-gnu/11/include/stdint.h:9,
                 from source/discord/ffi.h:9,
                 from source/discord/types.h:4,
                 from source/discord/achievement_manager.h:4,
                 from source/discord/achievement_manager.cpp:6:
/usr/include/x86_64-linux-gnu/bits/stdint-intn.h:27:19: note: ‘int64_t’ declared here
   27 | typedef __int64_t int64_t;
      |                   ^~~~~~~
In file included from source/discord/core.h:10,
                 from source/discord/achievement_manager.cpp:8:
source/discord/lobby_manager.h:74:44: error: ‘uint8_t’ is not a member of ‘std’; did you mean ‘uint8_t’?
   74 |     Event<std::int64_t, std::int64_t, std::uint8_t, std::uint8_t*, std::uint32_t> OnNetworkMessage;
      |                                            ^~~~~~~
In file included from /usr/include/stdint.h:37,
                 from /usr/lib/gcc/x86_64-linux-gnu/11/include/stdint.h:9,
                 from source/discord/ffi.h:9,
                 from source/discord/types.h:4,
                 from source/discord/achievement_manager.h:4,
                 from source/discord/achievement_manager.cpp:6:
/usr/include/x86_64-linux-gnu/bits/stdint-uintn.h:24:19: note: ‘uint8_t’ declared here
   24 | typedef __uint8_t uint8_t;
      |                   ^~~~~~~
In file included from source/discord/core.h:10,
                 from source/discord/achievement_manager.cpp:8:
source/discord/lobby_manager.h:74:58: error: ‘uint8_t’ is not a member of ‘std’; did you mean ‘uint8_t’?
   74 |     Event<std::int64_t, std::int64_t, std::uint8_t, std::uint8_t*, std::uint32_t> OnNetworkMessage;
      |                                                          ^~~~~~~
In file included from /usr/include/stdint.h:37,
                 from /usr/lib/gcc/x86_64-linux-gnu/11/include/stdint.h:9,
                 from source/discord/ffi.h:9,
                 from source/discord/types.h:4,
                 from source/discord/achievement_manager.h:4,
                 from source/discord/achievement_manager.cpp:6:
/usr/include/x86_64-linux-gnu/bits/stdint-uintn.h:24:19: note: ‘uint8_t’ declared here
   24 | typedef __uint8_t uint8_t;
      |                   ^~~~~~~
In file included from source/discord/core.h:10,
                 from source/discord/achievement_manager.cpp:8:
source/discord/lobby_manager.h:74:73: error: ‘uint32_t’ is not a member of ‘std’; did you mean ‘uint32_t’?
   74 |     Event<std::int64_t, std::int64_t, std::uint8_t, std::uint8_t*, std::uint32_t> OnNetworkMessage;
      |                                                                         ^~~~~~~~
In file included from /usr/include/stdint.h:37,
                 from /usr/lib/gcc/x86_64-linux-gnu/11/include/stdint.h:9,
                 from source/discord/ffi.h:9,
                 from source/discord/types.h:4,
                 from source/discord/achievement_manager.h:4,
                 from source/discord/achievement_manager.cpp:6:
/usr/include/x86_64-linux-gnu/bits/stdint-uintn.h:26:20: note: ‘uint32_t’ declared here
   26 | typedef __uint32_t uint32_t;
      |                    ^~~~~~~~
In file included from source/discord/core.h:10,
                 from source/discord/achievement_manager.cpp:8:
source/discord/lobby_manager.h:74:81: error: template argument 1 is invalid
   74 |     Event<std::int64_t, std::int64_t, std::uint8_t, std::uint8_t*, std::uint32_t> OnNetworkMessage;
      |                                                                                 ^
source/discord/lobby_manager.h:74:81: error: template argument 2 is invalid
source/discord/lobby_manager.h:74:81: error: template argument 3 is invalid
source/discord/lobby_manager.h:74:81: error: template argument 4 is invalid
source/discord/lobby_manager.h:74:81: error: template argument 5 is invalid
In file included from source/discord/core.h:11,
                 from source/discord/achievement_manager.cpp:8:
source/discord/network_manager.h:15:20: error: ‘NetworkPeerId’ has not been declared
   15 |     void GetPeerId(NetworkPeerId* peerId);
      |                    ^~~~~~~~~~~~~
source/discord/network_manager.h:23:21: error: ‘NetworkPeerId’ has not been declared
   23 |     Result OpenPeer(NetworkPeerId peerId, char const* routeData);
      |                     ^~~~~~~~~~~~~
source/discord/network_manager.h:27:23: error: ‘NetworkPeerId’ has not been declared
   27 |     Result UpdatePeer(NetworkPeerId peerId, char const* routeData);
      |                       ^~~~~~~~~~~~~
source/discord/network_manager.h:31:22: error: ‘NetworkPeerId’ has not been declared
   31 |     Result ClosePeer(NetworkPeerId peerId);
      |                      ^~~~~~~~~~~~~
source/discord/network_manager.h:35:24: error: ‘NetworkPeerId’ has not been declared
   35 |     Result OpenChannel(NetworkPeerId peerId, NetworkChannelId channelId, bool reliable);
      |                        ^~~~~~~~~~~~~
source/discord/network_manager.h:35:46: error: ‘NetworkChannelId’ has not been declared
   35 |     Result OpenChannel(NetworkPeerId peerId, NetworkChannelId channelId, bool reliable);
      |                                              ^~~~~~~~~~~~~~~~
source/discord/network_manager.h:39:25: error: ‘NetworkPeerId’ has not been declared
   39 |     Result CloseChannel(NetworkPeerId peerId, NetworkChannelId channelId);
      |                         ^~~~~~~~~~~~~
source/discord/network_manager.h:39:47: error: ‘NetworkChannelId’ has not been declared
   39 |     Result CloseChannel(NetworkPeerId peerId, NetworkChannelId channelId);
      |                                               ^~~~~~~~~~~~~~~~
source/discord/network_manager.h:43:24: error: ‘NetworkPeerId’ has not been declared
   43 |     Result SendMessage(NetworkPeerId peerId,
      |                        ^~~~~~~~~~~~~
source/discord/network_manager.h:44:24: error: ‘NetworkChannelId’ has not been declared
   44 |                        NetworkChannelId channelId,
      |                        ^~~~~~~~~~~~~~~~
source/discord/network_manager.h:45:24: error: ‘std::uint8_t’ has not been declared
   45 |                        std::uint8_t* data,
      |                        ^~~
source/discord/network_manager.h:46:24: error: ‘std::uint32_t’ has not been declared
   46 |                        std::uint32_t dataLength);
      |                        ^~~
source/discord/network_manager.h:48:11: error: ‘NetworkPeerId’ was not declared in this scope; did you mean ‘GetPeerId’?
   48 |     Event<NetworkPeerId, NetworkChannelId, std::uint8_t*, std::uint32_t> OnMessage;
      |           ^~~~~~~~~~~~~
      |           GetPeerId
source/discord/network_manager.h:48:26: error: ‘NetworkChannelId’ was not declared in this scope
   48 |     Event<NetworkPeerId, NetworkChannelId, std::uint8_t*, std::uint32_t> OnMessage;
      |                          ^~~~~~~~~~~~~~~~
source/discord/network_manager.h:48:49: error: ‘uint8_t’ is not a member of ‘std’; did you mean ‘uint8_t’?
   48 |     Event<NetworkPeerId, NetworkChannelId, std::uint8_t*, std::uint32_t> OnMessage;
      |                                                 ^~~~~~~
In file included from /usr/include/stdint.h:37,
                 from /usr/lib/gcc/x86_64-linux-gnu/11/include/stdint.h:9,
                 from source/discord/ffi.h:9,
                 from source/discord/types.h:4,
                 from source/discord/achievement_manager.h:4,
                 from source/discord/achievement_manager.cpp:6:
/usr/include/x86_64-linux-gnu/bits/stdint-uintn.h:24:19: note: ‘uint8_t’ declared here
   24 | typedef __uint8_t uint8_t;
      |                   ^~~~~~~
In file included from source/discord/core.h:11,
                 from source/discord/achievement_manager.cpp:8:
source/discord/network_manager.h:48:64: error: ‘uint32_t’ is not a member of ‘std’; did you mean ‘uint32_t’?
   48 |     Event<NetworkPeerId, NetworkChannelId, std::uint8_t*, std::uint32_t> OnMessage;
      |                                                                ^~~~~~~~
In file included from /usr/include/stdint.h:37,
                 from /usr/lib/gcc/x86_64-linux-gnu/11/include/stdint.h:9,
                 from source/discord/ffi.h:9,
                 from source/discord/types.h:4,
                 from source/discord/achievement_manager.h:4,
                 from source/discord/achievement_manager.cpp:6:
/usr/include/x86_64-linux-gnu/bits/stdint-uintn.h:26:20: note: ‘uint32_t’ declared here
   26 | typedef __uint32_t uint32_t;
      |                    ^~~~~~~~
In file included from source/discord/core.h:11,
                 from source/discord/achievement_manager.cpp:8:
source/discord/network_manager.h:48:72: error: template argument 1 is invalid
   48 |     Event<NetworkPeerId, NetworkChannelId, std::uint8_t*, std::uint32_t> OnMessage;
      |                                                                        ^
source/discord/network_manager.h:48:72: error: template argument 2 is invalid
source/discord/network_manager.h:48:72: error: template argument 3 is invalid
source/discord/network_manager.h:48:72: error: template argument 4 is invalid
In file included from source/discord/core.h:13,
                 from source/discord/achievement_manager.cpp:8:
source/discord/storage_manager.h:13:17: error: ‘std::uint8_t’ has not been declared
   13 |                 std::uint8_t* data,
      |                 ^~~
source/discord/storage_manager.h:14:17: error: ‘std::uint32_t’ has not been declared
   14 |                 std::uint32_t dataLength,
      |                 ^~~
source/discord/storage_manager.h:15:17: error: ‘std::uint32_t’ has not been declared
   15 |                 std::uint32_t* read);
      |                 ^~~
source/discord/storage_manager.h:17:52: error: ‘uint8_t’ is not a member of ‘std’; did you mean ‘uint8_t’?
   17 |                    std::function<void(Result, std::uint8_t*, std::uint32_t)> callback);
      |                                                    ^~~~~~~
In file included from /usr/include/stdint.h:37,
                 from /usr/lib/gcc/x86_64-linux-gnu/11/include/stdint.h:9,
                 from source/discord/ffi.h:9,
                 from source/discord/types.h:4,
                 from source/discord/achievement_manager.h:4,
                 from source/discord/achievement_manager.cpp:6:
/usr/include/x86_64-linux-gnu/bits/stdint-uintn.h:24:19: note: ‘uint8_t’ declared here
   24 | typedef __uint8_t uint8_t;
      |                   ^~~~~~~
In file included from source/discord/core.h:13,
                 from source/discord/achievement_manager.cpp:8:
source/discord/storage_manager.h:17:67: error: ‘uint32_t’ is not a member of ‘std’; did you mean ‘uint32_t’?
   17 |                    std::function<void(Result, std::uint8_t*, std::uint32_t)> callback);
      |                                                                   ^~~~~~~~
In file included from /usr/include/stdint.h:37,
                 from /usr/lib/gcc/x86_64-linux-gnu/11/include/stdint.h:9,
                 from source/discord/ffi.h:9,
                 from source/discord/types.h:4,
                 from source/discord/achievement_manager.h:4,
                 from source/discord/achievement_manager.cpp:6:
/usr/include/x86_64-linux-gnu/bits/stdint-uintn.h:26:20: note: ‘uint32_t’ declared here
   26 | typedef __uint32_t uint32_t;
      |                    ^~~~~~~~
In file included from source/discord/core.h:13,
                 from source/discord/achievement_manager.cpp:8:
source/discord/storage_manager.h:17:75: error: expression list treated as compound expression in functional cast [-fpermissive]
   17 |                    std::function<void(Result, std::uint8_t*, std::uint32_t)> callback);
      |                                                                           ^
source/discord/storage_manager.h:17:76: error: template argument 1 is invalid
   17 |                    std::function<void(Result, std::uint8_t*, std::uint32_t)> callback);
      |                                                                            ^
source/discord/storage_manager.h:17:52: error: ‘uint8_t’ is not a member of ‘std’; did you mean ‘uint8_t’?
   17 |                    std::function<void(Result, std::uint8_t*, std::uint32_t)> callback);
      |                                                    ^~~~~~~
In file included from /usr/include/stdint.h:37,
                 from /usr/lib/gcc/x86_64-linux-gnu/11/include/stdint.h:9,
                 from source/discord/ffi.h:9,
                 from source/discord/types.h:4,
                 from source/discord/achievement_manager.h:4,
                 from source/discord/achievement_manager.cpp:6:
/usr/include/x86_64-linux-gnu/bits/stdint-uintn.h:24:19: note: ‘uint8_t’ declared here
   24 | typedef __uint8_t uint8_t;
      |                   ^~~~~~~
In file included from source/discord/core.h:13,
                 from source/discord/achievement_manager.cpp:8:
source/discord/storage_manager.h:17:67: error: ‘uint32_t’ is not a member of ‘std’; did you mean ‘uint32_t’?
   17 |                    std::function<void(Result, std::uint8_t*, std::uint32_t)> callback);
      |                                                                   ^~~~~~~~
In file included from /usr/include/stdint.h:37,
                 from /usr/lib/gcc/x86_64-linux-gnu/11/include/stdint.h:9,
                 from source/discord/ffi.h:9,
                 from source/discord/types.h:4,
                 from source/discord/achievement_manager.h:4,
                 from source/discord/achievement_manager.cpp:6:
/usr/include/x86_64-linux-gnu/bits/stdint-uintn.h:26:20: note: ‘uint32_t’ declared here
   26 | typedef __uint32_t uint32_t;
      |                    ^~~~~~~~
In file included from source/discord/core.h:13,
                 from source/discord/achievement_manager.cpp:8:
source/discord/storage_manager.h:17:75: error: expression list treated as compound expression in functional cast [-fpermissive]
   17 |                    std::function<void(Result, std::uint8_t*, std::uint32_t)> callback);
      |                                                                           ^
source/discord/storage_manager.h:17:76: error: template argument 1 is invalid
   17 |                    std::function<void(Result, std::uint8_t*, std::uint32_t)> callback);
      |                                                                            ^
source/discord/storage_manager.h:17:52: error: ‘uint8_t’ is not a member of ‘std’; did you mean ‘uint8_t’?
   17 |                    std::function<void(Result, std::uint8_t*, std::uint32_t)> callback);
      |                                                    ^~~~~~~
In file included from /usr/include/stdint.h:37,
                 from /usr/lib/gcc/x86_64-linux-gnu/11/include/stdint.h:9,
                 from source/discord/ffi.h:9,
                 from source/discord/types.h:4,
                 from source/discord/achievement_manager.h:4,
                 from source/discord/achievement_manager.cpp:6:
/usr/include/x86_64-linux-gnu/bits/stdint-uintn.h:24:19: note: ‘uint8_t’ declared here
   24 | typedef __uint8_t uint8_t;
      |                   ^~~~~~~
In file included from source/discord/core.h:13,
                 from source/discord/achievement_manager.cpp:8:
source/discord/storage_manager.h:17:67: error: ‘uint32_t’ is not a member of ‘std’; did you mean ‘uint32_t’?
   17 |                    std::function<void(Result, std::uint8_t*, std::uint32_t)> callback);
      |                                                                   ^~~~~~~~
In file included from /usr/include/stdint.h:37,
                 from /usr/lib/gcc/x86_64-linux-gnu/11/include/stdint.h:9,
                 from source/discord/ffi.h:9,
                 from source/discord/types.h:4,
                 from source/discord/achievement_manager.h:4,
                 from source/discord/achievement_manager.cpp:6:
/usr/include/x86_64-linux-gnu/bits/stdint-uintn.h:26:20: note: ‘uint32_t’ declared here
   26 | typedef __uint32_t uint32_t;
      |                    ^~~~~~~~
In file included from source/discord/core.h:13,
                 from source/discord/achievement_manager.cpp:8:
source/discord/storage_manager.h:17:75: error: expression list treated as compound expression in functional cast [-fpermissive]
   17 |                    std::function<void(Result, std::uint8_t*, std::uint32_t)> callback);
      |                                                                           ^
source/discord/storage_manager.h:17:76: error: template argument 1 is invalid
   17 |                    std::function<void(Result, std::uint8_t*, std::uint32_t)> callback);
      |                                                                            ^
source/discord/storage_manager.h:17:20: error: invalid template-id
   17 |                    std::function<void(Result, std::uint8_t*, std::uint32_t)> callback);
      |                    ^~~
source/discord/storage_manager.h:17:52: error: ‘uint8_t’ is not a member of ‘std’; did you mean ‘uint8_t’?
   17 |                    std::function<void(Result, std::uint8_t*, std::uint32_t)> callback);
      |                                                    ^~~~~~~
In file included from /usr/include/stdint.h:37,
                 from /usr/lib/gcc/x86_64-linux-gnu/11/include/stdint.h:9,
                 from source/discord/ffi.h:9,
                 from source/discord/types.h:4,
                 from source/discord/achievement_manager.h:4,
                 from source/discord/achievement_manager.cpp:6:
/usr/include/x86_64-linux-gnu/bits/stdint-uintn.h:24:19: note: ‘uint8_t’ declared here
   24 | typedef __uint8_t uint8_t;
      |                   ^~~~~~~
In file included from source/discord/core.h:13,
                 from source/discord/achievement_manager.cpp:8:
source/discord/storage_manager.h:17:67: error: ‘uint32_t’ is not a member of ‘std’; did you mean ‘uint32_t’?
   17 |                    std::function<void(Result, std::uint8_t*, std::uint32_t)> callback);
      |                                                                   ^~~~~~~~
In file included from /usr/include/stdint.h:37,
                 from /usr/lib/gcc/x86_64-linux-gnu/11/include/stdint.h:9,
                 from source/discord/ffi.h:9,
                 from source/discord/types.h:4,
                 from source/discord/achievement_manager.h:4,
                 from source/discord/achievement_manager.cpp:6:
/usr/include/x86_64-linux-gnu/bits/stdint-uintn.h:26:20: note: ‘uint32_t’ declared here
   26 | typedef __uint32_t uint32_t;
      |                    ^~~~~~~~
In file included from source/discord/core.h:13,
                 from source/discord/achievement_manager.cpp:8:
source/discord/storage_manager.h:17:75: error: expression list treated as compound expression in functional cast [-fpermissive]
   17 |                    std::function<void(Result, std::uint8_t*, std::uint32_t)> callback);
      |                                                                           ^
source/discord/storage_manager.h:17:34: error: expected primary-expression before ‘void’
   17 |                    std::function<void(Result, std::uint8_t*, std::uint32_t)> callback);
      |                                  ^~~~
source/discord/storage_manager.h:17:34: error: expected ‘>’ before ‘void’
source/discord/storage_manager.h:17:20: error: class template placeholder ‘std::function’ not permitted in this context
   17 |                    std::function<void(Result, std::uint8_t*, std::uint32_t)> callback);
      |                    ^~~
source/discord/storage_manager.h:19:27: error: ‘std::uint64_t’ has not been declared
   19 |                           std::uint64_t offset,
      |                           ^~~
source/discord/storage_manager.h:20:27: error: ‘std::uint64_t’ has not been declared
   20 |                           std::uint64_t length,
      |                           ^~~
source/discord/storage_manager.h:21:59: error: ‘uint8_t’ is not a member of ‘std’; did you mean ‘uint8_t’?
   21 |                           std::function<void(Result, std::uint8_t*, std::uint32_t)> callback);
      |                                                           ^~~~~~~
In file included from /usr/include/stdint.h:37,
                 from /usr/lib/gcc/x86_64-linux-gnu/11/include/stdint.h:9,
                 from source/discord/ffi.h:9,
                 from source/discord/types.h:4,
                 from source/discord/achievement_manager.h:4,
                 from source/discord/achievement_manager.cpp:6:
/usr/include/x86_64-linux-gnu/bits/stdint-uintn.h:24:19: note: ‘uint8_t’ declared here
   24 | typedef __uint8_t uint8_t;
      |                   ^~~~~~~
In file included from source/discord/core.h:13,
                 from source/discord/achievement_manager.cpp:8:
source/discord/storage_manager.h:21:74: error: ‘uint32_t’ is not a member of ‘std’; did you mean ‘uint32_t’?
   21 |                           std::function<void(Result, std::uint8_t*, std::uint32_t)> callback);
      |                                                                          ^~~~~~~~
In file included from /usr/include/stdint.h:37,
                 from /usr/lib/gcc/x86_64-linux-gnu/11/include/stdint.h:9,
                 from source/discord/ffi.h:9,
                 from source/discord/types.h:4,
                 from source/discord/achievement_manager.h:4,
                 from source/discord/achievement_manager.cpp:6:
/usr/include/x86_64-linux-gnu/bits/stdint-uintn.h:26:20: note: ‘uint32_t’ declared here
   26 | typedef __uint32_t uint32_t;
      |                    ^~~~~~~~
In file included from source/discord/core.h:13,
                 from source/discord/achievement_manager.cpp:8:
source/discord/storage_manager.h:21:82: error: expression list treated as compound expression in functional cast [-fpermissive]
   21 |                           std::function<void(Result, std::uint8_t*, std::uint32_t)> callback);
      |                                                                                  ^
source/discord/storage_manager.h:21:83: error: template argument 1 is invalid
   21 |                           std::function<void(Result, std::uint8_t*, std::uint32_t)> callback);
      |                                                                                   ^
source/discord/storage_manager.h:21:59: error: ‘uint8_t’ is not a member of ‘std’; did you mean ‘uint8_t’?
   21 |                           std::function<void(Result, std::uint8_t*, std::uint32_t)> callback);
      |                                                           ^~~~~~~
In file included from /usr/include/stdint.h:37,
                 from /usr/lib/gcc/x86_64-linux-gnu/11/include/stdint.h:9,
                 from source/discord/ffi.h:9,
                 from source/discord/types.h:4,
                 from source/discord/achievement_manager.h:4,
                 from source/discord/achievement_manager.cpp:6:
/usr/include/x86_64-linux-gnu/bits/stdint-uintn.h:24:19: note: ‘uint8_t’ declared here
   24 | typedef __uint8_t uint8_t;
      |                   ^~~~~~~
In file included from source/discord/core.h:13,
                 from source/discord/achievement_manager.cpp:8:
source/discord/storage_manager.h:21:74: error: ‘uint32_t’ is not a member of ‘std’; did you mean ‘uint32_t’?
   21 |                           std::function<void(Result, std::uint8_t*, std::uint32_t)> callback);
      |                                                                          ^~~~~~~~
In file included from /usr/include/stdint.h:37,
                 from /usr/lib/gcc/x86_64-linux-gnu/11/include/stdint.h:9,
                 from source/discord/ffi.h:9,
                 from source/discord/types.h:4,
                 from source/discord/achievement_manager.h:4,
                 from source/discord/achievement_manager.cpp:6:
/usr/include/x86_64-linux-gnu/bits/stdint-uintn.h:26:20: note: ‘uint32_t’ declared here
   26 | typedef __uint32_t uint32_t;
      |                    ^~~~~~~~
In file included from source/discord/core.h:13,
                 from source/discord/achievement_manager.cpp:8:
source/discord/storage_manager.h:21:82: error: expression list treated as compound expression in functional cast [-fpermissive]
   21 |                           std::function<void(Result, std::uint8_t*, std::uint32_t)> callback);
      |                                                                                  ^
source/discord/storage_manager.h:21:83: error: template argument 1 is invalid
   21 |                           std::function<void(Result, std::uint8_t*, std::uint32_t)> callback);
      |                                                                                   ^
source/discord/storage_manager.h:21:59: error: ‘uint8_t’ is not a member of ‘std’; did you mean ‘uint8_t’?
   21 |                           std::function<void(Result, std::uint8_t*, std::uint32_t)> callback);
      |                                                           ^~~~~~~
In file included from /usr/include/stdint.h:37,
                 from /usr/lib/gcc/x86_64-linux-gnu/11/include/stdint.h:9,
                 from source/discord/ffi.h:9,
                 from source/discord/types.h:4,
                 from source/discord/achievement_manager.h:4,
                 from source/discord/achievement_manager.cpp:6:
/usr/include/x86_64-linux-gnu/bits/stdint-uintn.h:24:19: note: ‘uint8_t’ declared here
   24 | typedef __uint8_t uint8_t;
      |                   ^~~~~~~
In file included from source/discord/core.h:13,
                 from source/discord/achievement_manager.cpp:8:
source/discord/storage_manager.h:21:74: error: ‘uint32_t’ is not a member of ‘std’; did you mean ‘uint32_t’?
   21 |                           std::function<void(Result, std::uint8_t*, std::uint32_t)> callback);
      |                                                                          ^~~~~~~~
In file included from /usr/include/stdint.h:37,
                 from /usr/lib/gcc/x86_64-linux-gnu/11/include/stdint.h:9,
                 from source/discord/ffi.h:9,
                 from source/discord/types.h:4,
                 from source/discord/achievement_manager.h:4,
                 from source/discord/achievement_manager.cpp:6:
/usr/include/x86_64-linux-gnu/bits/stdint-uintn.h:26:20: note: ‘uint32_t’ declared here
   26 | typedef __uint32_t uint32_t;
      |                    ^~~~~~~~
In file included from source/discord/core.h:13,
                 from source/discord/achievement_manager.cpp:8:
source/discord/storage_manager.h:21:82: error: expression list treated as compound expression in functional cast [-fpermissive]
   21 |                           std::function<void(Result, std::uint8_t*, std::uint32_t)> callback);
      |                                                                                  ^
source/discord/storage_manager.h:21:83: error: template argument 1 is invalid
   21 |                           std::function<void(Result, std::uint8_t*, std::uint32_t)> callback);
      |                                                                                   ^
source/discord/storage_manager.h:21:27: error: invalid template-id
   21 |                           std::function<void(Result, std::uint8_t*, std::uint32_t)> callback);
      |                           ^~~
source/discord/storage_manager.h:21:59: error: ‘uint8_t’ is not a member of ‘std’; did you mean ‘uint8_t’?
   21 |                           std::function<void(Result, std::uint8_t*, std::uint32_t)> callback);
      |                                                           ^~~~~~~
In file included from /usr/include/stdint.h:37,
                 from /usr/lib/gcc/x86_64-linux-gnu/11/include/stdint.h:9,
                 from source/discord/ffi.h:9,
                 from source/discord/types.h:4,
                 from source/discord/achievement_manager.h:4,
                 from source/discord/achievement_manager.cpp:6:
/usr/include/x86_64-linux-gnu/bits/stdint-uintn.h:24:19: note: ‘uint8_t’ declared here
   24 | typedef __uint8_t uint8_t;
      |                   ^~~~~~~
In file included from source/discord/core.h:13,
                 from source/discord/achievement_manager.cpp:8:
source/discord/storage_manager.h:21:74: error: ‘uint32_t’ is not a member of ‘std’; did you mean ‘uint32_t’?
   21 |                           std::function<void(Result, std::uint8_t*, std::uint32_t)> callback);
      |                                                                          ^~~~~~~~
In file included from /usr/include/stdint.h:37,
                 from /usr/lib/gcc/x86_64-linux-gnu/11/include/stdint.h:9,
                 from source/discord/ffi.h:9,
                 from source/discord/types.h:4,
                 from source/discord/achievement_manager.h:4,
                 from source/discord/achievement_manager.cpp:6:
/usr/include/x86_64-linux-gnu/bits/stdint-uintn.h:26:20: note: ‘uint32_t’ declared here
   26 | typedef __uint32_t uint32_t;
      |                    ^~~~~~~~
In file included from source/discord/core.h:13,
                 from source/discord/achievement_manager.cpp:8:
source/discord/storage_manager.h:21:82: error: expression list treated as compound expression in functional cast [-fpermissive]
   21 |                           std::function<void(Result, std::uint8_t*, std::uint32_t)> callback);
      |                                                                                  ^
source/discord/storage_manager.h:21:41: error: expected primary-expression before ‘void’
   21 |                           std::function<void(Result, std::uint8_t*, std::uint32_t)> callback);
      |                                         ^~~~
source/discord/storage_manager.h:21:41: error: expected ‘>’ before ‘void’
source/discord/storage_manager.h:21:27: error: class template placeholder ‘std::function’ not permitted in this context
   21 |                           std::function<void(Result, std::uint8_t*, std::uint32_t)> callback);
      |                           ^~~
source/discord/storage_manager.h:22:36: error: ‘std::uint8_t’ has not been declared
   22 |     Result Write(char const* name, std::uint8_t* data, std::uint32_t dataLength);
      |                                    ^~~
source/discord/storage_manager.h:22:56: error: ‘std::uint32_t’ has not been declared
   22 |     Result Write(char const* name, std::uint8_t* data, std::uint32_t dataLength);
      |                                                        ^~~
source/discord/storage_manager.h:24:21: error: ‘std::uint8_t’ has not been declared
   24 |                     std::uint8_t* data,
      |                     ^~~
source/discord/storage_manager.h:25:21: error: ‘std::uint32_t’ has not been declared
   25 |                     std::uint32_t dataLength,
      |                     ^~~
source/discord/storage_manager.h:29:16: error: ‘std::int32_t’ has not been declared
   29 |     void Count(std::int32_t* count);
      |                ^~~
source/discord/storage_manager.h:31:19: error: ‘std::int32_t’ has not been declared
   31 |     Result StatAt(std::int32_t index, FileStat* stat);
      |                   ^~~
In file included from source/discord/core.h:14,
                 from source/discord/achievement_manager.cpp:8:
source/discord/store_manager.h:13:20: error: ‘std::int32_t’ has not been declared
   13 |     void CountSkus(std::int32_t* count);
      |                    ^~~
source/discord/store_manager.h:14:19: error: ‘Snowflake’ has not been declared
   14 |     Result GetSku(Snowflake skuId, Sku* sku);
      |                   ^~~~~~~~~
source/discord/store_manager.h:15:21: error: ‘std::int32_t’ has not been declared
   15 |     Result GetSkuAt(std::int32_t index, Sku* sku);
      |                     ^~~
source/discord/store_manager.h:17:28: error: ‘std::int32_t’ has not been declared
   17 |     void CountEntitlements(std::int32_t* count);
      |                            ^~~
source/discord/store_manager.h:18:27: error: ‘Snowflake’ has not been declared
   18 |     Result GetEntitlement(Snowflake entitlementId, Entitlement* entitlement);
      |                           ^~~~~~~~~
source/discord/store_manager.h:19:29: error: ‘std::int32_t’ has not been declared
   19 |     Result GetEntitlementAt(std::int32_t index, Entitlement* entitlement);
      |                             ^~~
source/discord/store_manager.h:20:30: error: ‘Snowflake’ has not been declared
   20 |     Result HasSkuEntitlement(Snowflake skuId, bool* hasEntitlement);
      |                              ^~~~~~~~~
source/discord/store_manager.h:21:24: error: ‘Snowflake’ has not been declared
   21 |     void StartPurchase(Snowflake skuId, std::function<void(Result)> callback);
      |                        ^~~~~~~~~
In file included from source/discord/core.h:15,
                 from source/discord/achievement_manager.cpp:8:
source/discord/voice_manager.h:18:24: error: ‘Snowflake’ has not been declared
   18 |     Result IsLocalMute(Snowflake userId, bool* mute);
      |                        ^~~~~~~~~
source/discord/voice_manager.h:19:25: error: ‘Snowflake’ has not been declared
   19 |     Result SetLocalMute(Snowflake userId, bool mute);
      |                         ^~~~~~~~~
source/discord/voice_manager.h:20:27: error: ‘Snowflake’ has not been declared
   20 |     Result GetLocalVolume(Snowflake userId, std::uint8_t* volume);
      |                           ^~~~~~~~~
source/discord/voice_manager.h:20:45: error: ‘std::uint8_t’ has not been declared
   20 |     Result GetLocalVolume(Snowflake userId, std::uint8_t* volume);
      |                                             ^~~
source/discord/voice_manager.h:21:27: error: ‘Snowflake’ has not been declared
   21 |     Result SetLocalVolume(Snowflake userId, std::uint8_t volume);
      |                           ^~~~~~~~~
source/discord/voice_manager.h:21:45: error: ‘std::uint8_t’ has not been declared
   21 |     Result SetLocalVolume(Snowflake userId, std::uint8_t volume);
      |                                             ^~~
In file included from source/discord/achievement_manager.cpp:8:
source/discord/core.h:22:26: error: ‘ClientId’ has not been declared
   22 |     static Result Create(ClientId clientId, std::uint64_t flags, Core** instance);
      |                          ^~~~~~~~
source/discord/core.h:22:45: error: ‘std::uint64_t’ has not been declared
   22 |     static Result Create(ClientId clientId, std::uint64_t flags, Core** instance);
      |                                             ^~~
source/discord/achievement_manager.cpp:32:6: error: variable or field ‘SetUserAchievement’ declared void
   32 | void AchievementManager::SetUserAchievement(Snowflake achievementId,
      |      ^~~~~~~~~~~~~~~~~~
source/discord/achievement_manager.cpp:32:45: error: ‘Snowflake’ was not declared in this scope
   32 | void AchievementManager::SetUserAchievement(Snowflake achievementId,
      |                                             ^~~~~~~~~
source/discord/achievement_manager.cpp:33:50: error: ‘uint8_t’ is not a member of ‘std’; did you mean ‘wint_t’?
   33 |                                             std::uint8_t percentComplete,
      |                                                  ^~~~~~~
      |                                                  wint_t
source/discord/achievement_manager.cpp:34:73: error: expected primary-expression before ‘callback’
   34 |                                             std::function<void(Result)> callback)
      |                                                                         ^~~~~~~~
source/discord/achievement_manager.cpp:65:6: error: variable or field ‘CountUserAchievements’ declared void
   65 | void AchievementManager::CountUserAchievements(std::int32_t* count)
      |      ^~~~~~~~~~~~~~~~~~
source/discord/achievement_manager.cpp:65:53: error: ‘int32_t’ is not a member of ‘std’; did you mean ‘int32_t’?
   65 | void AchievementManager::CountUserAchievements(std::int32_t* count)
      |                                                     ^~~~~~~
In file included from /usr/include/stdint.h:34,
                 from /usr/lib/gcc/x86_64-linux-gnu/11/include/stdint.h:9,
                 from source/discord/ffi.h:9,
                 from source/discord/types.h:4,
                 from source/discord/achievement_manager.h:4,
                 from source/discord/achievement_manager.cpp:6:
/usr/include/x86_64-linux-gnu/bits/stdint-intn.h:26:19: note: ‘int32_t’ declared here
   26 | typedef __int32_t int32_t;
      |                   ^~~~~~~
source/discord/achievement_manager.cpp:65:62: error: ‘count’ was not declared in this scope; did you mean ‘std::count’?
   65 | void AchievementManager::CountUserAchievements(std::int32_t* count)
      |                                                              ^~~~~
      |                                                              std::count
In file included from /usr/include/c++/11/functional:65,
                 from source/discord/event.h:4,
                 from source/discord/types.h:5,
                 from source/discord/achievement_manager.h:4,
                 from source/discord/achievement_manager.cpp:6:
/usr/include/c++/11/bits/stl_algo.h:4059:5: note: ‘std::count’ declared here
 4059 |     count(_InputIterator __first, _InputIterator __last, const _Tp& __value)
      |     ^~~~~
source/discord/achievement_manager.cpp:74:8: error: ‘discord::Result discord::AchievementManager::GetUserAchievement’ is not a static data member of ‘class discord::AchievementManager’
   74 | Result AchievementManager::GetUserAchievement(Snowflake userAchievementId,
      |        ^~~~~~~~~~~~~~~~~~
source/discord/achievement_manager.cpp:74:47: error: ‘Snowflake’ was not declared in this scope
   74 | Result AchievementManager::GetUserAchievement(Snowflake userAchievementId,
      |                                               ^~~~~~~~~
source/discord/achievement_manager.cpp:75:62: error: expected primary-expression before ‘*’ token
   75 |                                               UserAchievement* userAchievement)
      |                                                              ^
source/discord/achievement_manager.cpp:75:64: error: ‘userAchievement’ was not declared in this scope; did you mean ‘UserAchievement’?
   75 |                                               UserAchievement* userAchievement)
      |                                                                ^~~~~~~~~~~~~~~
      |                                                                UserAchievement
source/discord/achievement_manager.cpp:75:79: error: expression list treated as compound expression in initializer [-fpermissive]
   75 |                                               UserAchievement* userAchievement)
      |                                                                               ^
source/discord/achievement_manager.cpp:86:8: error: ‘discord::Result discord::AchievementManager::GetUserAchievementAt’ is not a static data member of ‘class discord::AchievementManager’
   86 | Result AchievementManager::GetUserAchievementAt(std::int32_t index,
      |        ^~~~~~~~~~~~~~~~~~
source/discord/achievement_manager.cpp:86:54: error: ‘int32_t’ is not a member of ‘std’; did you mean ‘int32_t’?
   86 | Result AchievementManager::GetUserAchievementAt(std::int32_t index,
      |                                                      ^~~~~~~
In file included from /usr/include/stdint.h:34,
                 from /usr/lib/gcc/x86_64-linux-gnu/11/include/stdint.h:9,
                 from source/discord/ffi.h:9,
                 from source/discord/types.h:4,
                 from source/discord/achievement_manager.h:4,
                 from source/discord/achievement_manager.cpp:6:
/usr/include/x86_64-linux-gnu/bits/stdint-intn.h:26:19: note: ‘int32_t’ declared here
   26 | typedef __int32_t int32_t;
      |                   ^~~~~~~
source/discord/achievement_manager.cpp:87:64: error: expected primary-expression before ‘*’ token
   87 |                                                 UserAchievement* userAchievement)
      |                                                                ^
source/discord/achievement_manager.cpp:87:66: error: ‘userAchievement’ was not declared in this scope; did you mean ‘UserAchievement’?
   87 |                                                 UserAchievement* userAchievement)
      |                                                                  ^~~~~~~~~~~~~~~
      |                                                                  UserAchievement
source/discord/achievement_manager.cpp:87:81: error: expression list treated as compound expression in initializer [-fpermissive]
   87 |                                                 UserAchievement* userAchievement)
      |                                                                                 ^
In file included from source/discord/activity_manager.h:4,
                 from source/discord/activity_manager.cpp:6:
source/discord/types.h:168:23: error: ‘int64_t’ in namespace ‘std’ does not name a type
  168 | using ClientId = std::int64_t;
      |                       ^~~~~~~
source/discord/types.h:169:22: error: ‘int32_t’ in namespace ‘std’ does not name a type
  169 | using Version = std::int32_t;
      |                      ^~~~~~~
source/discord/types.h:170:24: error: ‘int64_t’ in namespace ‘std’ does not name a type
  170 | using Snowflake = std::int64_t;
      |                        ^~~~~~~
source/discord/types.h:171:24: error: ‘int64_t’ in namespace ‘std’ does not name a type
  171 | using Timestamp = std::int64_t;
      |                        ^~~~~~~
source/discord/types.h:172:16: error: ‘Snowflake’ does not name a type
  172 | using UserId = Snowflake;
      |                ^~~~~~~~~
source/discord/types.h:175:17: error: ‘Snowflake’ does not name a type
  175 | using LobbyId = Snowflake;
      |                 ^~~~~~~~~
source/discord/types.h:179:28: error: ‘uint64_t’ in namespace ‘std’ does not name a type
  179 | using NetworkPeerId = std::uint64_t;
      |                            ^~~~~~~~
source/discord/types.h:180:31: error: ‘uint8_t’ in namespace ‘std’ does not name a type
  180 | using NetworkChannelId = std::uint8_t;
      |                               ^~~~~~~
source/discord/types.h:186:16: error: ‘UserId’ has not been declared
  186 |     void SetId(UserId id);
      |                ^~~~~~
source/discord/types.h:187:5: error: ‘UserId’ does not name a type; did you mean ‘User’?
  187 |     UserId GetId() const;
      |     ^~~~~~
      |     User
source/discord/types.h:207:21: error: ‘Timestamp’ has not been declared
  207 |     void SetExpires(Timestamp expires);
      |                     ^~~~~~~~~
source/discord/types.h:208:5: error: ‘Timestamp’ does not name a type
  208 |     Timestamp GetExpires() const;
      |     ^~~~~~~~~
source/discord/types.h:218:16: error: ‘std::int64_t’ has not been declared
  218 |     void SetId(std::int64_t id);
      |                ^~~
source/discord/types.h:219:10: error: ‘int64_t’ in namespace ‘std’ does not name a type
  219 |     std::int64_t GetId() const;
      |          ^~~~~~~
source/discord/types.h:220:18: error: ‘std::uint32_t’ has not been declared
  220 |     void SetSize(std::uint32_t size);
      |                  ^~~
source/discord/types.h:221:10: error: ‘uint32_t’ in namespace ‘std’ does not name a type
  221 |     std::uint32_t GetSize() const;
      |          ^~~~~~~~
source/discord/types.h:229:19: error: ‘std::uint32_t’ has not been declared
  229 |     void SetWidth(std::uint32_t width);
      |                   ^~~
source/discord/types.h:230:10: error: ‘uint32_t’ in namespace ‘std’ does not name a type
  230 |     std::uint32_t GetWidth() const;
      |          ^~~~~~~~
source/discord/types.h:231:20: error: ‘std::uint32_t’ has not been declared
  231 |     void SetHeight(std::uint32_t height);
      |                    ^~~
source/discord/types.h:232:10: error: ‘uint32_t’ in namespace ‘std’ does not name a type
  232 |     std::uint32_t GetHeight() const;
      |          ^~~~~~~~
source/discord/types.h:240:19: error: ‘Timestamp’ has not been declared
  240 |     void SetStart(Timestamp start);
      |                   ^~~~~~~~~
source/discord/types.h:241:5: error: ‘Timestamp’ does not name a type
  241 |     Timestamp GetStart() const;
      |     ^~~~~~~~~
source/discord/types.h:242:17: error: ‘Timestamp’ has not been declared
  242 |     void SetEnd(Timestamp end);
      |                 ^~~~~~~~~
source/discord/types.h:243:5: error: ‘Timestamp’ does not name a type
  243 |     Timestamp GetEnd() const;
      |     ^~~~~~~~~
source/discord/types.h:266:25: error: ‘std::int32_t’ has not been declared
  266 |     void SetCurrentSize(std::int32_t currentSize);
      |                         ^~~
source/discord/types.h:267:10: error: ‘int32_t’ in namespace ‘std’ does not name a type
  267 |     std::int32_t GetCurrentSize() const;
      |          ^~~~~~~
source/discord/types.h:268:21: error: ‘std::int32_t’ has not been declared
  268 |     void SetMaxSize(std::int32_t maxSize);
      |                     ^~~
source/discord/types.h:269:10: error: ‘int32_t’ in namespace ‘std’ does not name a type
  269 |     std::int32_t GetMaxSize() const;
      |          ^~~~~~~
source/discord/types.h:303:27: error: ‘std::int64_t’ has not been declared
  303 |     void SetApplicationId(std::int64_t applicationId);
      |                           ^~~
source/discord/types.h:304:10: error: ‘int64_t’ in namespace ‘std’ does not name a type
  304 |     std::int64_t GetApplicationId() const;
      |          ^~~~~~~
source/discord/types.h:352:16: error: ‘LobbyId’ has not been declared
  352 |     void SetId(LobbyId id);
      |                ^~~~~~~
source/discord/types.h:353:5: error: ‘LobbyId’ does not name a type; did you mean ‘Lobby’?
  353 |     LobbyId GetId() const;
      |     ^~~~~~~
      |     Lobby
source/discord/types.h:356:21: error: ‘UserId’ has not been declared
  356 |     void SetOwnerId(UserId ownerId);
      |                     ^~~~~~
source/discord/types.h:357:5: error: ‘UserId’ does not name a type; did you mean ‘User’?
  357 |     UserId GetOwnerId() const;
      |     ^~~~~~
      |     User
source/discord/types.h:360:22: error: ‘std::uint32_t’ has not been declared
  360 |     void SetCapacity(std::uint32_t capacity);
      |                      ^~~
source/discord/types.h:361:10: error: ‘uint32_t’ in namespace ‘std’ does not name a type
  361 |     std::uint32_t GetCapacity() const;
      |          ^~~~~~~~
source/discord/types.h:373:18: error: ‘std::uint64_t’ has not been declared
  373 |     void SetSize(std::uint64_t size);
      |                  ^~~
source/discord/types.h:374:10: error: ‘uint64_t’ in namespace ‘std’ does not name a type
  374 |     std::uint64_t GetSize() const;
      |          ^~~~~~~~
source/discord/types.h:375:26: error: ‘std::uint64_t’ has not been declared
  375 |     void SetLastModified(std::uint64_t lastModified);
      |                          ^~~
source/discord/types.h:376:10: error: ‘uint64_t’ in namespace ‘std’ does not name a type
  376 |     std::uint64_t GetLastModified() const;
      |          ^~~~~~~~
source/discord/types.h:384:16: error: ‘Snowflake’ has not been declared
  384 |     void SetId(Snowflake id);
      |                ^~~~~~~~~
source/discord/types.h:385:5: error: ‘Snowflake’ does not name a type
  385 |     Snowflake GetId() const;
      |     ^~~~~~~~~
source/discord/types.h:388:19: error: ‘Snowflake’ has not been declared
  388 |     void SetSkuId(Snowflake skuId);
      |                   ^~~~~~~~~
source/discord/types.h:389:5: error: ‘Snowflake’ does not name a type
  389 |     Snowflake GetSkuId() const;
      |     ^~~~~~~~~
source/discord/types.h:397:20: error: ‘std::uint32_t’ has not been declared
  397 |     void SetAmount(std::uint32_t amount);
      |                    ^~~
source/discord/types.h:398:10: error: ‘uint32_t’ in namespace ‘std’ does not name a type
  398 |     std::uint32_t GetAmount() const;
      |          ^~~~~~~~
source/discord/types.h:408:16: error: ‘Snowflake’ has not been declared
  408 |     void SetId(Snowflake id);
      |                ^~~~~~~~~
source/discord/types.h:409:5: error: ‘Snowflake’ does not name a type
  409 |     Snowflake GetId() const;
      |     ^~~~~~~~~
source/discord/types.h:434:20: error: ‘Snowflake’ has not been declared
  434 |     void SetUserId(Snowflake userId);
      |                    ^~~~~~~~~
source/discord/types.h:435:5: error: ‘Snowflake’ does not name a type
  435 |     Snowflake GetUserId() const;
      |     ^~~~~~~~~
source/discord/types.h:436:27: error: ‘Snowflake’ has not been declared
  436 |     void SetAchievementId(Snowflake achievementId);
      |                           ^~~~~~~~~
source/discord/types.h:437:5: error: ‘Snowflake’ does not name a type
  437 |     Snowflake GetAchievementId() const;
      |     ^~~~~~~~~
source/discord/types.h:438:29: error: ‘std::uint8_t’ has not been declared
  438 |     void SetPercentComplete(std::uint8_t percentComplete);
      |                             ^~~
source/discord/types.h:439:10: error: ‘uint8_t’ in namespace ‘std’ does not name a type
  439 |     std::uint8_t GetPercentComplete() const;
      |          ^~~~~~~
source/discord/types.h:450:21: error: ‘UserId’ has not been declared
  450 |     Result SetOwner(UserId ownerId);
      |                     ^~~~~~
source/discord/types.h:451:24: error: ‘std::uint32_t’ has not been declared
  451 |     Result SetCapacity(std::uint32_t capacity);
      |                        ^~~
source/discord/types.h:482:18: error: ‘std::uint32_t’ has not been declared
  482 |     Result Limit(std::uint32_t limit);
      |                  ^~~
In file included from source/discord/activity_manager.cpp:6:
source/discord/activity_manager.h:13:26: error: ‘std::uint32_t’ has not been declared
   13 |     Result RegisterSteam(std::uint32_t steamId);
      |                          ^~~
source/discord/activity_manager.h:16:27: error: ‘UserId’ has not been declared
   16 |     void SendRequestReply(UserId userId,
      |                           ^~~~~~
source/discord/activity_manager.h:19:21: error: ‘UserId’ has not been declared
   19 |     void SendInvite(UserId userId,
      |                     ^~~~~~
source/discord/activity_manager.h:23:23: error: ‘UserId’ has not been declared
   23 |     void AcceptInvite(UserId userId, std::function<void(Result)> callback);
      |                       ^~~~~~
In file included from source/discord/core.h:6,
                 from source/discord/activity_manager.cpp:8:
source/discord/user_manager.h:13:18: error: ‘UserId’ has not been declared
   13 |     void GetUser(UserId userId, std::function<void(Result, User const&)> callback);
      |                  ^~~~~~
In file included from source/discord/core.h:7,
                 from source/discord/activity_manager.cpp:8:
source/discord/image_manager.h:14:40: error: ‘std::uint8_t’ has not been declared
   14 |     Result GetData(ImageHandle handle, std::uint8_t* data, std::uint32_t dataLength);
      |                                        ^~~
source/discord/image_manager.h:14:60: error: ‘std::uint32_t’ has not been declared
   14 |     Result GetData(ImageHandle handle, std::uint8_t* data, std::uint32_t dataLength);
      |                                                            ^~~
In file included from source/discord/core.h:9,
                 from source/discord/activity_manager.cpp:8:
source/discord/relationship_manager.h:13:18: error: ‘std::int32_t’ has not been declared
   13 |     Result Count(std::int32_t* count);
      |                  ^~~
source/discord/relationship_manager.h:14:16: error: ‘UserId’ has not been declared
   14 |     Result Get(UserId userId, Relationship* relationship);
      |                ^~~~~~
source/discord/relationship_manager.h:15:18: error: ‘std::uint32_t’ has not been declared
   15 |     Result GetAt(std::uint32_t index, Relationship* relationship);
      |                  ^~~
In file included from source/discord/core.h:10,
                 from source/discord/activity_manager.cpp:8:
source/discord/lobby_manager.h:13:38: error: ‘LobbyId’ has not been declared
   13 |     Result GetLobbyUpdateTransaction(LobbyId lobbyId, LobbyTransaction* transaction);
      |                                      ^~~~~~~
source/discord/lobby_manager.h:14:39: error: ‘LobbyId’ has not been declared
   14 |     Result GetMemberUpdateTransaction(LobbyId lobbyId,
      |                                       ^~~~~~~
source/discord/lobby_manager.h:15:39: error: ‘UserId’ has not been declared
   15 |                                       UserId userId,
      |                                       ^~~~~~
source/discord/lobby_manager.h:19:22: error: ‘LobbyId’ has not been declared
   19 |     void UpdateLobby(LobbyId lobbyId,
      |                      ^~~~~~~
source/discord/lobby_manager.h:22:22: error: ‘LobbyId’ has not been declared
   22 |     void DeleteLobby(LobbyId lobbyId, std::function<void(Result)> callback);
      |                      ^~~~~~~
source/discord/lobby_manager.h:23:23: error: ‘LobbyId’ has not been declared
   23 |     void ConnectLobby(LobbyId lobbyId,
      |                       ^~~~~~~
source/discord/lobby_manager.h:28:26: error: ‘LobbyId’ has not been declared
   28 |     void DisconnectLobby(LobbyId lobbyId, std::function<void(Result)> callback);
      |                          ^~~~~~~
source/discord/lobby_manager.h:29:21: error: ‘LobbyId’ has not been declared
   29 |     Result GetLobby(LobbyId lobbyId, Lobby* lobby);
      |                     ^~~~~~~
source/discord/lobby_manager.h:30:35: error: ‘LobbyId’ has not been declared
   30 |     Result GetLobbyActivitySecret(LobbyId lobbyId, char secret[128]);
      |                                   ^~~~~~~
source/discord/lobby_manager.h:31:34: error: ‘LobbyId’ has not been declared
   31 |     Result GetLobbyMetadataValue(LobbyId lobbyId, MetadataKey key, char value[4096]);
      |                                  ^~~~~~~
source/discord/lobby_manager.h:32:32: error: ‘LobbyId’ has not been declared
   32 |     Result GetLobbyMetadataKey(LobbyId lobbyId, std::int32_t index, char key[256]);
      |                                ^~~~~~~
source/discord/lobby_manager.h:32:49: error: ‘std::int32_t’ has not been declared
   32 |     Result GetLobbyMetadataKey(LobbyId lobbyId, std::int32_t index, char key[256]);
      |                                                 ^~~
source/discord/lobby_manager.h:33:31: error: ‘LobbyId’ has not been declared
   33 |     Result LobbyMetadataCount(LobbyId lobbyId, std::int32_t* count);
      |                               ^~~~~~~
source/discord/lobby_manager.h:33:48: error: ‘std::int32_t’ has not been declared
   33 |     Result LobbyMetadataCount(LobbyId lobbyId, std::int32_t* count);
      |                                                ^~~
source/discord/lobby_manager.h:34:24: error: ‘LobbyId’ has not been declared
   34 |     Result MemberCount(LobbyId lobbyId, std::int32_t* count);
      |                        ^~~~~~~
source/discord/lobby_manager.h:34:41: error: ‘std::int32_t’ has not been declared
   34 |     Result MemberCount(LobbyId lobbyId, std::int32_t* count);
      |                                         ^~~
source/discord/lobby_manager.h:35:28: error: ‘LobbyId’ has not been declared
   35 |     Result GetMemberUserId(LobbyId lobbyId, std::int32_t index, UserId* userId);
      |                            ^~~~~~~
source/discord/lobby_manager.h:35:45: error: ‘std::int32_t’ has not been declared
   35 |     Result GetMemberUserId(LobbyId lobbyId, std::int32_t index, UserId* userId);
      |                                             ^~~
source/discord/lobby_manager.h:35:65: error: ‘UserId’ has not been declared
   35 |     Result GetMemberUserId(LobbyId lobbyId, std::int32_t index, UserId* userId);
      |                                                                 ^~~~~~
source/discord/lobby_manager.h:36:26: error: ‘LobbyId’ has not been declared
   36 |     Result GetMemberUser(LobbyId lobbyId, UserId userId, User* user);
      |                          ^~~~~~~
source/discord/lobby_manager.h:36:43: error: ‘UserId’ has not been declared
   36 |     Result GetMemberUser(LobbyId lobbyId, UserId userId, User* user);
      |                                           ^~~~~~
source/discord/lobby_manager.h:37:35: error: ‘LobbyId’ has not been declared
   37 |     Result GetMemberMetadataValue(LobbyId lobbyId,
      |                                   ^~~~~~~
source/discord/lobby_manager.h:38:35: error: ‘UserId’ has not been declared
   38 |                                   UserId userId,
      |                                   ^~~~~~
source/discord/lobby_manager.h:41:33: error: ‘LobbyId’ has not been declared
   41 |     Result GetMemberMetadataKey(LobbyId lobbyId, UserId userId, std::int32_t index, char key[256]);
      |                                 ^~~~~~~
source/discord/lobby_manager.h:41:50: error: ‘UserId’ has not been declared
   41 |     Result GetMemberMetadataKey(LobbyId lobbyId, UserId userId, std::int32_t index, char key[256]);
      |                                                  ^~~~~~
source/discord/lobby_manager.h:41:65: error: ‘std::int32_t’ has not been declared
   41 |     Result GetMemberMetadataKey(LobbyId lobbyId, UserId userId, std::int32_t index, char key[256]);
      |                                                                 ^~~
source/discord/lobby_manager.h:42:32: error: ‘LobbyId’ has not been declared
   42 |     Result MemberMetadataCount(LobbyId lobbyId, UserId userId, std::int32_t* count);
      |                                ^~~~~~~
source/discord/lobby_manager.h:42:49: error: ‘UserId’ has not been declared
   42 |     Result MemberMetadataCount(LobbyId lobbyId, UserId userId, std::int32_t* count);
      |                                                 ^~~~~~
source/discord/lobby_manager.h:42:64: error: ‘std::int32_t’ has not been declared
   42 |     Result MemberMetadataCount(LobbyId lobbyId, UserId userId, std::int32_t* count);
      |                                                                ^~~
source/discord/lobby_manager.h:43:23: error: ‘LobbyId’ has not been declared
   43 |     void UpdateMember(LobbyId lobbyId,
      |                       ^~~~~~~
source/discord/lobby_manager.h:44:23: error: ‘UserId’ has not been declared
   44 |                       UserId userId,
      |                       ^~~~~~
source/discord/lobby_manager.h:47:27: error: ‘LobbyId’ has not been declared
   47 |     void SendLobbyMessage(LobbyId lobbyId,
      |                           ^~~~~~~
source/discord/lobby_manager.h:48:27: error: ‘std::uint8_t’ has not been declared
   48 |                           std::uint8_t* data,
      |                           ^~~
source/discord/lobby_manager.h:49:27: error: ‘std::uint32_t’ has not been declared
   49 |                           std::uint32_t dataLength,
      |                           ^~~
source/discord/lobby_manager.h:53:21: error: ‘std::int32_t’ has not been declared
   53 |     void LobbyCount(std::int32_t* count);
      |                     ^~~
source/discord/lobby_manager.h:54:23: error: ‘std::int32_t’ has not been declared
   54 |     Result GetLobbyId(std::int32_t index, LobbyId* lobbyId);
      |                       ^~~
source/discord/lobby_manager.h:54:43: error: ‘LobbyId’ has not been declared
   54 |     Result GetLobbyId(std::int32_t index, LobbyId* lobbyId);
      |                                           ^~~~~~~
source/discord/lobby_manager.h:55:23: error: ‘LobbyId’ has not been declared
   55 |     void ConnectVoice(LobbyId lobbyId, std::function<void(Result)> callback);
      |                       ^~~~~~~
source/discord/lobby_manager.h:56:26: error: ‘LobbyId’ has not been declared
   56 |     void DisconnectVoice(LobbyId lobbyId, std::function<void(Result)> callback);
      |                          ^~~~~~~
source/discord/lobby_manager.h:57:27: error: ‘LobbyId’ has not been declared
   57 |     Result ConnectNetwork(LobbyId lobbyId);
      |                           ^~~~~~~
source/discord/lobby_manager.h:58:30: error: ‘LobbyId’ has not been declared
   58 |     Result DisconnectNetwork(LobbyId lobbyId);
      |                              ^~~~~~~
source/discord/lobby_manager.h:60:31: error: ‘LobbyId’ has not been declared
   60 |     Result OpenNetworkChannel(LobbyId lobbyId, std::uint8_t channelId, bool reliable);
      |                               ^~~~~~~
source/discord/lobby_manager.h:60:48: error: ‘std::uint8_t’ has not been declared
   60 |     Result OpenNetworkChannel(LobbyId lobbyId, std::uint8_t channelId, bool reliable);
      |                                                ^~~
source/discord/lobby_manager.h:61:31: error: ‘LobbyId’ has not been declared
   61 |     Result SendNetworkMessage(LobbyId lobbyId,
      |                               ^~~~~~~
source/discord/lobby_manager.h:62:31: error: ‘UserId’ has not been declared
   62 |                               UserId userId,
      |                               ^~~~~~
source/discord/lobby_manager.h:63:31: error: ‘std::uint8_t’ has not been declared
   63 |                               std::uint8_t channelId,
      |                               ^~~
source/discord/lobby_manager.h:64:31: error: ‘std::uint8_t’ has not been declared
   64 |                               std::uint8_t* data,
      |                               ^~~
source/discord/lobby_manager.h:65:31: error: ‘std::uint32_t’ has not been declared
   65 |                               std::uint32_t dataLength);
      |                               ^~~
source/discord/lobby_manager.h:67:16: error: ‘int64_t’ is not a member of ‘std’; did you mean ‘int64_t’?
   67 |     Event<std::int64_t> OnLobbyUpdate;
      |                ^~~~~~~
In file included from /usr/include/stdint.h:34,
                 from /usr/lib/gcc/x86_64-linux-gnu/11/include/stdint.h:9,
                 from source/discord/ffi.h:9,
                 from source/discord/types.h:4,
                 from source/discord/activity_manager.h:4,
                 from source/discord/activity_manager.cpp:6:
/usr/include/x86_64-linux-gnu/bits/stdint-intn.h:27:19: note: ‘int64_t’ declared here
   27 | typedef __int64_t int64_t;
      |                   ^~~~~~~
In file included from source/discord/core.h:10,
                 from source/discord/activity_manager.cpp:8:
source/discord/lobby_manager.h:67:23: error: template argument 1 is invalid
   67 |     Event<std::int64_t> OnLobbyUpdate;
      |                       ^
source/discord/lobby_manager.h:68:16: error: ‘int64_t’ is not a member of ‘std’; did you mean ‘int64_t’?
   68 |     Event<std::int64_t, std::uint32_t> OnLobbyDelete;
      |                ^~~~~~~
In file included from /usr/include/stdint.h:34,
                 from /usr/lib/gcc/x86_64-linux-gnu/11/include/stdint.h:9,
                 from source/discord/ffi.h:9,
                 from source/discord/types.h:4,
                 from source/discord/activity_manager.h:4,
                 from source/discord/activity_manager.cpp:6:
/usr/include/x86_64-linux-gnu/bits/stdint-intn.h:27:19: note: ‘int64_t’ declared here
   27 | typedef __int64_t int64_t;
      |                   ^~~~~~~
In file included from source/discord/core.h:10,
                 from source/discord/activity_manager.cpp:8:
source/discord/lobby_manager.h:68:30: error: ‘uint32_t’ is not a member of ‘std’; did you mean ‘uint32_t’?
   68 |     Event<std::int64_t, std::uint32_t> OnLobbyDelete;
      |                              ^~~~~~~~
In file included from /usr/include/stdint.h:37,
                 from /usr/lib/gcc/x86_64-linux-gnu/11/include/stdint.h:9,
                 from source/discord/ffi.h:9,
                 from source/discord/types.h:4,
                 from source/discord/activity_manager.h:4,
                 from source/discord/activity_manager.cpp:6:
/usr/include/x86_64-linux-gnu/bits/stdint-uintn.h:26:20: note: ‘uint32_t’ declared here
   26 | typedef __uint32_t uint32_t;
      |                    ^~~~~~~~
In file included from source/discord/core.h:10,
                 from source/discord/activity_manager.cpp:8:
source/discord/lobby_manager.h:68:38: error: template argument 1 is invalid
   68 |     Event<std::int64_t, std::uint32_t> OnLobbyDelete;
      |                                      ^
source/discord/lobby_manager.h:68:38: error: template argument 2 is invalid
source/discord/lobby_manager.h:69:16: error: ‘int64_t’ is not a member of ‘std’; did you mean ‘int64_t’?
   69 |     Event<std::int64_t, std::int64_t> OnMemberConnect;
      |                ^~~~~~~
In file included from /usr/include/stdint.h:34,
                 from /usr/lib/gcc/x86_64-linux-gnu/11/include/stdint.h:9,
                 from source/discord/ffi.h:9,
                 from source/discord/types.h:4,
                 from source/discord/activity_manager.h:4,
                 from source/discord/activity_manager.cpp:6:
/usr/include/x86_64-linux-gnu/bits/stdint-intn.h:27:19: note: ‘int64_t’ declared here
   27 | typedef __int64_t int64_t;
      |                   ^~~~~~~
In file included from source/discord/core.h:10,
                 from source/discord/activity_manager.cpp:8:
source/discord/lobby_manager.h:69:30: error: ‘int64_t’ is not a member of ‘std’; did you mean ‘int64_t’?
   69 |     Event<std::int64_t, std::int64_t> OnMemberConnect;
      |                              ^~~~~~~
In file included from /usr/include/stdint.h:34,
                 from /usr/lib/gcc/x86_64-linux-gnu/11/include/stdint.h:9,
                 from source/discord/ffi.h:9,
                 from source/discord/types.h:4,
                 from source/discord/activity_manager.h:4,
                 from source/discord/activity_manager.cpp:6:
/usr/include/x86_64-linux-gnu/bits/stdint-intn.h:27:19: note: ‘int64_t’ declared here
   27 | typedef __int64_t int64_t;
      |                   ^~~~~~~
In file included from source/discord/core.h:10,
                 from source/discord/activity_manager.cpp:8:
source/discord/lobby_manager.h:69:37: error: template argument 1 is invalid
   69 |     Event<std::int64_t, std::int64_t> OnMemberConnect;
      |                                     ^
source/discord/lobby_manager.h:69:37: error: template argument 2 is invalid
source/discord/lobby_manager.h:70:16: error: ‘int64_t’ is not a member of ‘std’; did you mean ‘int64_t’?
   70 |     Event<std::int64_t, std::int64_t> OnMemberUpdate;
      |                ^~~~~~~
In file included from /usr/include/stdint.h:34,
                 from /usr/lib/gcc/x86_64-linux-gnu/11/include/stdint.h:9,
                 from source/discord/ffi.h:9,
                 from source/discord/types.h:4,
                 from source/discord/activity_manager.h:4,
                 from source/discord/activity_manager.cpp:6:
/usr/include/x86_64-linux-gnu/bits/stdint-intn.h:27:19: note: ‘int64_t’ declared here
   27 | typedef __int64_t int64_t;
      |                   ^~~~~~~
In file included from source/discord/core.h:10,
                 from source/discord/activity_manager.cpp:8:
source/discord/lobby_manager.h:70:30: error: ‘int64_t’ is not a member of ‘std’; did you mean ‘int64_t’?
   70 |     Event<std::int64_t, std::int64_t> OnMemberUpdate;
      |                              ^~~~~~~
In file included from /usr/include/stdint.h:34,
                 from /usr/lib/gcc/x86_64-linux-gnu/11/include/stdint.h:9,
                 from source/discord/ffi.h:9,
                 from source/discord/types.h:4,
                 from source/discord/activity_manager.h:4,
                 from source/discord/activity_manager.cpp:6:
/usr/include/x86_64-linux-gnu/bits/stdint-intn.h:27:19: note: ‘int64_t’ declared here
   27 | typedef __int64_t int64_t;
      |                   ^~~~~~~
In file included from source/discord/core.h:10,
                 from source/discord/activity_manager.cpp:8:
source/discord/lobby_manager.h:70:37: error: template argument 1 is invalid
   70 |     Event<std::int64_t, std::int64_t> OnMemberUpdate;
      |                                     ^
source/discord/lobby_manager.h:70:37: error: template argument 2 is invalid
source/discord/lobby_manager.h:71:16: error: ‘int64_t’ is not a member of ‘std’; did you mean ‘int64_t’?
   71 |     Event<std::int64_t, std::int64_t> OnMemberDisconnect;
      |                ^~~~~~~
In file included from /usr/include/stdint.h:34,
                 from /usr/lib/gcc/x86_64-linux-gnu/11/include/stdint.h:9,
                 from source/discord/ffi.h:9,
                 from source/discord/types.h:4,
                 from source/discord/activity_manager.h:4,
                 from source/discord/activity_manager.cpp:6:
/usr/include/x86_64-linux-gnu/bits/stdint-intn.h:27:19: note: ‘int64_t’ declared here
   27 | typedef __int64_t int64_t;
      |                   ^~~~~~~
In file included from source/discord/core.h:10,
                 from source/discord/activity_manager.cpp:8:
source/discord/lobby_manager.h:71:30: error: ‘int64_t’ is not a member of ‘std’; did you mean ‘int64_t’?
   71 |     Event<std::int64_t, std::int64_t> OnMemberDisconnect;
      |                              ^~~~~~~
In file included from /usr/include/stdint.h:34,
                 from /usr/lib/gcc/x86_64-linux-gnu/11/include/stdint.h:9,
                 from source/discord/ffi.h:9,
                 from source/discord/types.h:4,
                 from source/discord/activity_manager.h:4,
                 from source/discord/activity_manager.cpp:6:
/usr/include/x86_64-linux-gnu/bits/stdint-intn.h:27:19: note: ‘int64_t’ declared here
   27 | typedef __int64_t int64_t;
      |                   ^~~~~~~
In file included from source/discord/core.h:10,
                 from source/discord/activity_manager.cpp:8:
source/discord/lobby_manager.h:71:37: error: template argument 1 is invalid
   71 |     Event<std::int64_t, std::int64_t> OnMemberDisconnect;
      |                                     ^
source/discord/lobby_manager.h:71:37: error: template argument 2 is invalid
source/discord/lobby_manager.h:72:16: error: ‘int64_t’ is not a member of ‘std’; did you mean ‘int64_t’?
   72 |     Event<std::int64_t, std::int64_t, std::uint8_t*, std::uint32_t> OnLobbyMessage;
      |                ^~~~~~~
In file included from /usr/include/stdint.h:34,
                 from /usr/lib/gcc/x86_64-linux-gnu/11/include/stdint.h:9,
                 from source/discord/ffi.h:9,
                 from source/discord/types.h:4,
                 from source/discord/activity_manager.h:4,
                 from source/discord/activity_manager.cpp:6:
/usr/include/x86_64-linux-gnu/bits/stdint-intn.h:27:19: note: ‘int64_t’ declared here
   27 | typedef __int64_t int64_t;
      |                   ^~~~~~~
In file included from source/discord/core.h:10,
                 from source/discord/activity_manager.cpp:8:
source/discord/lobby_manager.h:72:30: error: ‘int64_t’ is not a member of ‘std’; did you mean ‘int64_t’?
   72 |     Event<std::int64_t, std::int64_t, std::uint8_t*, std::uint32_t> OnLobbyMessage;
      |                              ^~~~~~~
In file included from /usr/include/stdint.h:34,
                 from /usr/lib/gcc/x86_64-linux-gnu/11/include/stdint.h:9,
                 from source/discord/ffi.h:9,
                 from source/discord/types.h:4,
                 from source/discord/activity_manager.h:4,
                 from source/discord/activity_manager.cpp:6:
/usr/include/x86_64-linux-gnu/bits/stdint-intn.h:27:19: note: ‘int64_t’ declared here
   27 | typedef __int64_t int64_t;
      |                   ^~~~~~~
In file included from source/discord/core.h:10,
                 from source/discord/activity_manager.cpp:8:
source/discord/lobby_manager.h:72:44: error: ‘uint8_t’ is not a member of ‘std’; did you mean ‘uint8_t’?
   72 |     Event<std::int64_t, std::int64_t, std::uint8_t*, std::uint32_t> OnLobbyMessage;
      |                                            ^~~~~~~
In file included from /usr/include/stdint.h:37,
                 from /usr/lib/gcc/x86_64-linux-gnu/11/include/stdint.h:9,
                 from source/discord/ffi.h:9,
                 from source/discord/types.h:4,
                 from source/discord/activity_manager.h:4,
                 from source/discord/activity_manager.cpp:6:
/usr/include/x86_64-linux-gnu/bits/stdint-uintn.h:24:19: note: ‘uint8_t’ declared here
   24 | typedef __uint8_t uint8_t;
      |                   ^~~~~~~
In file included from source/discord/core.h:10,
                 from source/discord/activity_manager.cpp:8:
source/discord/lobby_manager.h:72:59: error: ‘uint32_t’ is not a member of ‘std’; did you mean ‘uint32_t’?
   72 |     Event<std::int64_t, std::int64_t, std::uint8_t*, std::uint32_t> OnLobbyMessage;
      |                                                           ^~~~~~~~
In file included from /usr/include/stdint.h:37,
                 from /usr/lib/gcc/x86_64-linux-gnu/11/include/stdint.h:9,
                 from source/discord/ffi.h:9,
                 from source/discord/types.h:4,
                 from source/discord/activity_manager.h:4,
                 from source/discord/activity_manager.cpp:6:
/usr/include/x86_64-linux-gnu/bits/stdint-uintn.h:26:20: note: ‘uint32_t’ declared here
   26 | typedef __uint32_t uint32_t;
      |                    ^~~~~~~~
In file included from source/discord/core.h:10,
                 from source/discord/activity_manager.cpp:8:
source/discord/lobby_manager.h:72:67: error: template argument 1 is invalid
   72 |     Event<std::int64_t, std::int64_t, std::uint8_t*, std::uint32_t> OnLobbyMessage;
      |                                                                   ^
source/discord/lobby_manager.h:72:67: error: template argument 2 is invalid
source/discord/lobby_manager.h:72:67: error: template argument 3 is invalid
source/discord/lobby_manager.h:72:67: error: template argument 4 is invalid
source/discord/lobby_manager.h:73:16: error: ‘int64_t’ is not a member of ‘std’; did you mean ‘int64_t’?
   73 |     Event<std::int64_t, std::int64_t, bool> OnSpeaking;
      |                ^~~~~~~
In file included from /usr/include/stdint.h:34,
                 from /usr/lib/gcc/x86_64-linux-gnu/11/include/stdint.h:9,
                 from source/discord/ffi.h:9,
                 from source/discord/types.h:4,
                 from source/discord/activity_manager.h:4,
                 from source/discord/activity_manager.cpp:6:
/usr/include/x86_64-linux-gnu/bits/stdint-intn.h:27:19: note: ‘int64_t’ declared here
   27 | typedef __int64_t int64_t;
      |                   ^~~~~~~
In file included from source/discord/core.h:10,
                 from source/discord/activity_manager.cpp:8:
source/discord/lobby_manager.h:73:30: error: ‘int64_t’ is not a member of ‘std’; did you mean ‘int64_t’?
   73 |     Event<std::int64_t, std::int64_t, bool> OnSpeaking;
      |                              ^~~~~~~
In file included from /usr/include/stdint.h:34,
                 from /usr/lib/gcc/x86_64-linux-gnu/11/include/stdint.h:9,
                 from source/discord/ffi.h:9,
                 from source/discord/types.h:4,
                 from source/discord/activity_manager.h:4,
                 from source/discord/activity_manager.cpp:6:
/usr/include/x86_64-linux-gnu/bits/stdint-intn.h:27:19: note: ‘int64_t’ declared here
   27 | typedef __int64_t int64_t;
      |                   ^~~~~~~
In file included from source/discord/core.h:10,
                 from source/discord/activity_manager.cpp:8:
source/discord/lobby_manager.h:73:43: error: template argument 1 is invalid
   73 |     Event<std::int64_t, std::int64_t, bool> OnSpeaking;
      |                                           ^
source/discord/lobby_manager.h:73:43: error: template argument 2 is invalid
source/discord/lobby_manager.h:74:16: error: ‘int64_t’ is not a member of ‘std’; did you mean ‘int64_t’?
   74 |     Event<std::int64_t, std::int64_t, std::uint8_t, std::uint8_t*, std::uint32_t> OnNetworkMessage;
      |                ^~~~~~~
In file included from /usr/include/stdint.h:34,
                 from /usr/lib/gcc/x86_64-linux-gnu/11/include/stdint.h:9,
                 from source/discord/ffi.h:9,
                 from source/discord/types.h:4,
                 from source/discord/activity_manager.h:4,
                 from source/discord/activity_manager.cpp:6:
/usr/include/x86_64-linux-gnu/bits/stdint-intn.h:27:19: note: ‘int64_t’ declared here
   27 | typedef __int64_t int64_t;
      |                   ^~~~~~~
In file included from source/discord/core.h:10,
                 from source/discord/activity_manager.cpp:8:
source/discord/lobby_manager.h:74:30: error: ‘int64_t’ is not a member of ‘std’; did you mean ‘int64_t’?
   74 |     Event<std::int64_t, std::int64_t, std::uint8_t, std::uint8_t*, std::uint32_t> OnNetworkMessage;
      |                              ^~~~~~~
In file included from /usr/include/stdint.h:34,
                 from /usr/lib/gcc/x86_64-linux-gnu/11/include/stdint.h:9,
                 from source/discord/ffi.h:9,
                 from source/discord/types.h:4,
                 from source/discord/activity_manager.h:4,
                 from source/discord/activity_manager.cpp:6:
/usr/include/x86_64-linux-gnu/bits/stdint-intn.h:27:19: note: ‘int64_t’ declared here
   27 | typedef __int64_t int64_t;
      |                   ^~~~~~~
In file included from source/discord/core.h:10,
                 from source/discord/activity_manager.cpp:8:
source/discord/lobby_manager.h:74:44: error: ‘uint8_t’ is not a member of ‘std’; did you mean ‘uint8_t’?
   74 |     Event<std::int64_t, std::int64_t, std::uint8_t, std::uint8_t*, std::uint32_t> OnNetworkMessage;
      |                                            ^~~~~~~
In file included from /usr/include/stdint.h:37,
                 from /usr/lib/gcc/x86_64-linux-gnu/11/include/stdint.h:9,
                 from source/discord/ffi.h:9,
                 from source/discord/types.h:4,
                 from source/discord/activity_manager.h:4,
                 from source/discord/activity_manager.cpp:6:
/usr/include/x86_64-linux-gnu/bits/stdint-uintn.h:24:19: note: ‘uint8_t’ declared here
   24 | typedef __uint8_t uint8_t;
      |                   ^~~~~~~
In file included from source/discord/core.h:10,
                 from source/discord/activity_manager.cpp:8:
source/discord/lobby_manager.h:74:58: error: ‘uint8_t’ is not a member of ‘std’; did you mean ‘uint8_t’?
   74 |     Event<std::int64_t, std::int64_t, std::uint8_t, std::uint8_t*, std::uint32_t> OnNetworkMessage;
      |                                                          ^~~~~~~
In file included from /usr/include/stdint.h:37,
                 from /usr/lib/gcc/x86_64-linux-gnu/11/include/stdint.h:9,
                 from source/discord/ffi.h:9,
                 from source/discord/types.h:4,
                 from source/discord/activity_manager.h:4,
                 from source/discord/activity_manager.cpp:6:
/usr/include/x86_64-linux-gnu/bits/stdint-uintn.h:24:19: note: ‘uint8_t’ declared here
   24 | typedef __uint8_t uint8_t;
      |                   ^~~~~~~
In file included from source/discord/core.h:10,
                 from source/discord/activity_manager.cpp:8:
source/discord/lobby_manager.h:74:73: error: ‘uint32_t’ is not a member of ‘std’; did you mean ‘uint32_t’?
   74 |     Event<std::int64_t, std::int64_t, std::uint8_t, std::uint8_t*, std::uint32_t> OnNetworkMessage;
      |                                                                         ^~~~~~~~
In file included from /usr/include/stdint.h:37,
                 from /usr/lib/gcc/x86_64-linux-gnu/11/include/stdint.h:9,
                 from source/discord/ffi.h:9,
                 from source/discord/types.h:4,
                 from source/discord/activity_manager.h:4,
                 from source/discord/activity_manager.cpp:6:
/usr/include/x86_64-linux-gnu/bits/stdint-uintn.h:26:20: note: ‘uint32_t’ declared here
   26 | typedef __uint32_t uint32_t;
      |                    ^~~~~~~~
In file included from source/discord/core.h:10,
                 from source/discord/activity_manager.cpp:8:
source/discord/lobby_manager.h:74:81: error: template argument 1 is invalid
   74 |     Event<std::int64_t, std::int64_t, std::uint8_t, std::uint8_t*, std::uint32_t> OnNetworkMessage;
      |                                                                                 ^
source/discord/lobby_manager.h:74:81: error: template argument 2 is invalid
source/discord/lobby_manager.h:74:81: error: template argument 3 is invalid
source/discord/lobby_manager.h:74:81: error: template argument 4 is invalid
source/discord/lobby_manager.h:74:81: error: template argument 5 is invalid
In file included from source/discord/core.h:11,
                 from source/discord/activity_manager.cpp:8:
source/discord/network_manager.h:15:20: error: ‘NetworkPeerId’ has not been declared
   15 |     void GetPeerId(NetworkPeerId* peerId);
      |                    ^~~~~~~~~~~~~
source/discord/network_manager.h:23:21: error: ‘NetworkPeerId’ has not been declared
   23 |     Result OpenPeer(NetworkPeerId peerId, char const* routeData);
      |                     ^~~~~~~~~~~~~
source/discord/network_manager.h:27:23: error: ‘NetworkPeerId’ has not been declared
   27 |     Result UpdatePeer(NetworkPeerId peerId, char const* routeData);
      |                       ^~~~~~~~~~~~~
source/discord/network_manager.h:31:22: error: ‘NetworkPeerId’ has not been declared
   31 |     Result ClosePeer(NetworkPeerId peerId);
      |                      ^~~~~~~~~~~~~
source/discord/network_manager.h:35:24: error: ‘NetworkPeerId’ has not been declared
   35 |     Result OpenChannel(NetworkPeerId peerId, NetworkChannelId channelId, bool reliable);
      |                        ^~~~~~~~~~~~~
source/discord/network_manager.h:35:46: error: ‘NetworkChannelId’ has not been declared
   35 |     Result OpenChannel(NetworkPeerId peerId, NetworkChannelId channelId, bool reliable);
      |                                              ^~~~~~~~~~~~~~~~
source/discord/network_manager.h:39:25: error: ‘NetworkPeerId’ has not been declared
   39 |     Result CloseChannel(NetworkPeerId peerId, NetworkChannelId channelId);
      |                         ^~~~~~~~~~~~~
source/discord/network_manager.h:39:47: error: ‘NetworkChannelId’ has not been declared
   39 |     Result CloseChannel(NetworkPeerId peerId, NetworkChannelId channelId);
      |                                               ^~~~~~~~~~~~~~~~
source/discord/network_manager.h:43:24: error: ‘NetworkPeerId’ has not been declared
   43 |     Result SendMessage(NetworkPeerId peerId,
      |                        ^~~~~~~~~~~~~
source/discord/network_manager.h:44:24: error: ‘NetworkChannelId’ has not been declared
   44 |                        NetworkChannelId channelId,
      |                        ^~~~~~~~~~~~~~~~
source/discord/network_manager.h:45:24: error: ‘std::uint8_t’ has not been declared
   45 |                        std::uint8_t* data,
      |                        ^~~
source/discord/network_manager.h:46:24: error: ‘std::uint32_t’ has not been declared
   46 |                        std::uint32_t dataLength);
      |                        ^~~
source/discord/network_manager.h:48:11: error: ‘NetworkPeerId’ was not declared in this scope; did you mean ‘GetPeerId’?
   48 |     Event<NetworkPeerId, NetworkChannelId, std::uint8_t*, std::uint32_t> OnMessage;
      |           ^~~~~~~~~~~~~
      |           GetPeerId
source/discord/network_manager.h:48:26: error: ‘NetworkChannelId’ was not declared in this scope
   48 |     Event<NetworkPeerId, NetworkChannelId, std::uint8_t*, std::uint32_t> OnMessage;
      |                          ^~~~~~~~~~~~~~~~
source/discord/network_manager.h:48:49: error: ‘uint8_t’ is not a member of ‘std’; did you mean ‘uint8_t’?
   48 |     Event<NetworkPeerId, NetworkChannelId, std::uint8_t*, std::uint32_t> OnMessage;
      |                                                 ^~~~~~~
In file included from /usr/include/stdint.h:37,
                 from /usr/lib/gcc/x86_64-linux-gnu/11/include/stdint.h:9,
                 from source/discord/ffi.h:9,
                 from source/discord/types.h:4,
                 from source/discord/activity_manager.h:4,
                 from source/discord/activity_manager.cpp:6:
/usr/include/x86_64-linux-gnu/bits/stdint-uintn.h:24:19: note: ‘uint8_t’ declared here
   24 | typedef __uint8_t uint8_t;
      |                   ^~~~~~~
In file included from source/discord/core.h:11,
                 from source/discord/activity_manager.cpp:8:
source/discord/network_manager.h:48:64: error: ‘uint32_t’ is not a member of ‘std’; did you mean ‘uint32_t’?
   48 |     Event<NetworkPeerId, NetworkChannelId, std::uint8_t*, std::uint32_t> OnMessage;
      |                                                                ^~~~~~~~
In file included from /usr/include/stdint.h:37,
                 from /usr/lib/gcc/x86_64-linux-gnu/11/include/stdint.h:9,
                 from source/discord/ffi.h:9,
                 from source/discord/types.h:4,
                 from source/discord/activity_manager.h:4,
                 from source/discord/activity_manager.cpp:6:
/usr/include/x86_64-linux-gnu/bits/stdint-uintn.h:26:20: note: ‘uint32_t’ declared here
   26 | typedef __uint32_t uint32_t;
      |                    ^~~~~~~~
In file included from source/discord/core.h:11,
                 from source/discord/activity_manager.cpp:8:
source/discord/network_manager.h:48:72: error: template argument 1 is invalid
   48 |     Event<NetworkPeerId, NetworkChannelId, std::uint8_t*, std::uint32_t> OnMessage;
      |                                                                        ^
source/discord/network_manager.h:48:72: error: template argument 2 is invalid
source/discord/network_manager.h:48:72: error: template argument 3 is invalid
source/discord/network_manager.h:48:72: error: template argument 4 is invalid
In file included from source/discord/core.h:13,
                 from source/discord/activity_manager.cpp:8:
source/discord/storage_manager.h:13:17: error: ‘std::uint8_t’ has not been declared
   13 |                 std::uint8_t* data,
      |                 ^~~
source/discord/storage_manager.h:14:17: error: ‘std::uint32_t’ has not been declared
   14 |                 std::uint32_t dataLength,
      |                 ^~~
source/discord/storage_manager.h:15:17: error: ‘std::uint32_t’ has not been declared
   15 |                 std::uint32_t* read);
      |                 ^~~
source/discord/storage_manager.h:17:52: error: ‘uint8_t’ is not a member of ‘std’; did you mean ‘uint8_t’?
   17 |                    std::function<void(Result, std::uint8_t*, std::uint32_t)> callback);
      |                                                    ^~~~~~~
In file included from /usr/include/stdint.h:37,
                 from /usr/lib/gcc/x86_64-linux-gnu/11/include/stdint.h:9,
                 from source/discord/ffi.h:9,
                 from source/discord/types.h:4,
                 from source/discord/activity_manager.h:4,
                 from source/discord/activity_manager.cpp:6:
/usr/include/x86_64-linux-gnu/bits/stdint-uintn.h:24:19: note: ‘uint8_t’ declared here
   24 | typedef __uint8_t uint8_t;
      |                   ^~~~~~~
In file included from source/discord/core.h:13,
                 from source/discord/activity_manager.cpp:8:
source/discord/storage_manager.h:17:67: error: ‘uint32_t’ is not a member of ‘std’; did you mean ‘uint32_t’?
   17 |                    std::function<void(Result, std::uint8_t*, std::uint32_t)> callback);
      |                                                                   ^~~~~~~~
In file included from /usr/include/stdint.h:37,
                 from /usr/lib/gcc/x86_64-linux-gnu/11/include/stdint.h:9,
                 from source/discord/ffi.h:9,
                 from source/discord/types.h:4,
                 from source/discord/activity_manager.h:4,
                 from source/discord/activity_manager.cpp:6:
/usr/include/x86_64-linux-gnu/bits/stdint-uintn.h:26:20: note: ‘uint32_t’ declared here
   26 | typedef __uint32_t uint32_t;
      |                    ^~~~~~~~
In file included from source/discord/core.h:13,
                 from source/discord/activity_manager.cpp:8:
source/discord/storage_manager.h:17:75: error: expression list treated as compound expression in functional cast [-fpermissive]
   17 |                    std::function<void(Result, std::uint8_t*, std::uint32_t)> callback);
      |                                                                           ^
source/discord/storage_manager.h:17:76: error: template argument 1 is invalid
   17 |                    std::function<void(Result, std::uint8_t*, std::uint32_t)> callback);
      |                                                                            ^
source/discord/storage_manager.h:17:52: error: ‘uint8_t’ is not a member of ‘std’; did you mean ‘uint8_t’?
   17 |                    std::function<void(Result, std::uint8_t*, std::uint32_t)> callback);
      |                                                    ^~~~~~~
In file included from /usr/include/stdint.h:37,
                 from /usr/lib/gcc/x86_64-linux-gnu/11/include/stdint.h:9,
                 from source/discord/ffi.h:9,
                 from source/discord/types.h:4,
                 from source/discord/activity_manager.h:4,
                 from source/discord/activity_manager.cpp:6:
/usr/include/x86_64-linux-gnu/bits/stdint-uintn.h:24:19: note: ‘uint8_t’ declared here
   24 | typedef __uint8_t uint8_t;
      |                   ^~~~~~~
In file included from source/discord/core.h:13,
                 from source/discord/activity_manager.cpp:8:
source/discord/storage_manager.h:17:67: error: ‘uint32_t’ is not a member of ‘std’; did you mean ‘uint32_t’?
   17 |                    std::function<void(Result, std::uint8_t*, std::uint32_t)> callback);
      |                                                                   ^~~~~~~~
In file included from /usr/include/stdint.h:37,
                 from /usr/lib/gcc/x86_64-linux-gnu/11/include/stdint.h:9,
                 from source/discord/ffi.h:9,
                 from source/discord/types.h:4,
                 from source/discord/activity_manager.h:4,
                 from source/discord/activity_manager.cpp:6:
/usr/include/x86_64-linux-gnu/bits/stdint-uintn.h:26:20: note: ‘uint32_t’ declared here
   26 | typedef __uint32_t uint32_t;
      |                    ^~~~~~~~
In file included from source/discord/core.h:13,
                 from source/discord/activity_manager.cpp:8:
source/discord/storage_manager.h:17:75: error: expression list treated as compound expression in functional cast [-fpermissive]
   17 |                    std::function<void(Result, std::uint8_t*, std::uint32_t)> callback);
      |                                                                           ^
source/discord/storage_manager.h:17:76: error: template argument 1 is invalid
   17 |                    std::function<void(Result, std::uint8_t*, std::uint32_t)> callback);
      |                                                                            ^
source/discord/storage_manager.h:17:52: error: ‘uint8_t’ is not a member of ‘std’; did you mean ‘uint8_t’?
   17 |                    std::function<void(Result, std::uint8_t*, std::uint32_t)> callback);
      |                                                    ^~~~~~~
In file included from /usr/include/stdint.h:37,
                 from /usr/lib/gcc/x86_64-linux-gnu/11/include/stdint.h:9,
                 from source/discord/ffi.h:9,
                 from source/discord/types.h:4,
                 from source/discord/activity_manager.h:4,
                 from source/discord/activity_manager.cpp:6:
/usr/include/x86_64-linux-gnu/bits/stdint-uintn.h:24:19: note: ‘uint8_t’ declared here
   24 | typedef __uint8_t uint8_t;
      |                   ^~~~~~~
In file included from source/discord/core.h:13,
                 from source/discord/activity_manager.cpp:8:
source/discord/storage_manager.h:17:67: error: ‘uint32_t’ is not a member of ‘std’; did you mean ‘uint32_t’?
   17 |                    std::function<void(Result, std::uint8_t*, std::uint32_t)> callback);
      |                                                                   ^~~~~~~~
In file included from /usr/include/stdint.h:37,
                 from /usr/lib/gcc/x86_64-linux-gnu/11/include/stdint.h:9,
                 from source/discord/ffi.h:9,
                 from source/discord/types.h:4,
                 from source/discord/activity_manager.h:4,
                 from source/discord/activity_manager.cpp:6:
/usr/include/x86_64-linux-gnu/bits/stdint-uintn.h:26:20: note: ‘uint32_t’ declared here
   26 | typedef __uint32_t uint32_t;
      |                    ^~~~~~~~
In file included from source/discord/core.h:13,
                 from source/discord/activity_manager.cpp:8:
source/discord/storage_manager.h:17:75: error: expression list treated as compound expression in functional cast [-fpermissive]
   17 |                    std::function<void(Result, std::uint8_t*, std::uint32_t)> callback);
      |                                                                           ^
source/discord/storage_manager.h:17:76: error: template argument 1 is invalid
   17 |                    std::function<void(Result, std::uint8_t*, std::uint32_t)> callback);
      |                                                                            ^
source/discord/storage_manager.h:17:20: error: invalid template-id
   17 |                    std::function<void(Result, std::uint8_t*, std::uint32_t)> callback);
      |                    ^~~
source/discord/storage_manager.h:17:52: error: ‘uint8_t’ is not a member of ‘std’; did you mean ‘uint8_t’?
   17 |                    std::function<void(Result, std::uint8_t*, std::uint32_t)> callback);
      |                                                    ^~~~~~~
In file included from /usr/include/stdint.h:37,
                 from /usr/lib/gcc/x86_64-linux-gnu/11/include/stdint.h:9,
                 from source/discord/ffi.h:9,
                 from source/discord/types.h:4,
                 from source/discord/activity_manager.h:4,
                 from source/discord/activity_manager.cpp:6:
/usr/include/x86_64-linux-gnu/bits/stdint-uintn.h:24:19: note: ‘uint8_t’ declared here
   24 | typedef __uint8_t uint8_t;
      |                   ^~~~~~~
In file included from source/discord/core.h:13,
                 from source/discord/activity_manager.cpp:8:
source/discord/storage_manager.h:17:67: error: ‘uint32_t’ is not a member of ‘std’; did you mean ‘uint32_t’?
   17 |                    std::function<void(Result, std::uint8_t*, std::uint32_t)> callback);
      |                                                                   ^~~~~~~~
In file included from /usr/include/stdint.h:37,
                 from /usr/lib/gcc/x86_64-linux-gnu/11/include/stdint.h:9,
                 from source/discord/ffi.h:9,
                 from source/discord/types.h:4,
                 from source/discord/activity_manager.h:4,
                 from source/discord/activity_manager.cpp:6:
/usr/include/x86_64-linux-gnu/bits/stdint-uintn.h:26:20: note: ‘uint32_t’ declared here
   26 | typedef __uint32_t uint32_t;
      |                    ^~~~~~~~
In file included from source/discord/core.h:13,
                 from source/discord/activity_manager.cpp:8:
source/discord/storage_manager.h:17:75: error: expression list treated as compound expression in functional cast [-fpermissive]
   17 |                    std::function<void(Result, std::uint8_t*, std::uint32_t)> callback);
      |                                                                           ^
source/discord/storage_manager.h:17:34: error: expected primary-expression before ‘void’
   17 |                    std::function<void(Result, std::uint8_t*, std::uint32_t)> callback);
      |                                  ^~~~
source/discord/storage_manager.h:17:34: error: expected ‘>’ before ‘void’
source/discord/storage_manager.h:17:20: error: class template placeholder ‘std::function’ not permitted in this context
   17 |                    std::function<void(Result, std::uint8_t*, std::uint32_t)> callback);
      |                    ^~~
source/discord/storage_manager.h:19:27: error: ‘std::uint64_t’ has not been declared
   19 |                           std::uint64_t offset,
      |                           ^~~
source/discord/storage_manager.h:20:27: error: ‘std::uint64_t’ has not been declared
   20 |                           std::uint64_t length,
      |                           ^~~
source/discord/storage_manager.h:21:59: error: ‘uint8_t’ is not a member of ‘std’; did you mean ‘uint8_t’?
   21 |                           std::function<void(Result, std::uint8_t*, std::uint32_t)> callback);
      |                                                           ^~~~~~~
In file included from /usr/include/stdint.h:37,
                 from /usr/lib/gcc/x86_64-linux-gnu/11/include/stdint.h:9,
                 from source/discord/ffi.h:9,
                 from source/discord/types.h:4,
                 from source/discord/activity_manager.h:4,
                 from source/discord/activity_manager.cpp:6:
/usr/include/x86_64-linux-gnu/bits/stdint-uintn.h:24:19: note: ‘uint8_t’ declared here
   24 | typedef __uint8_t uint8_t;
      |                   ^~~~~~~
In file included from source/discord/core.h:13,
                 from source/discord/activity_manager.cpp:8:
source/discord/storage_manager.h:21:74: error: ‘uint32_t’ is not a member of ‘std’; did you mean ‘uint32_t’?
   21 |                           std::function<void(Result, std::uint8_t*, std::uint32_t)> callback);
      |                                                                          ^~~~~~~~
In file included from /usr/include/stdint.h:37,
                 from /usr/lib/gcc/x86_64-linux-gnu/11/include/stdint.h:9,
                 from source/discord/ffi.h:9,
                 from source/discord/types.h:4,
                 from source/discord/activity_manager.h:4,
                 from source/discord/activity_manager.cpp:6:
/usr/include/x86_64-linux-gnu/bits/stdint-uintn.h:26:20: note: ‘uint32_t’ declared here
   26 | typedef __uint32_t uint32_t;
      |                    ^~~~~~~~
In file included from source/discord/core.h:13,
                 from source/discord/activity_manager.cpp:8:
source/discord/storage_manager.h:21:82: error: expression list treated as compound expression in functional cast [-fpermissive]
   21 |                           std::function<void(Result, std::uint8_t*, std::uint32_t)> callback);
      |                                                                                  ^
source/discord/storage_manager.h:21:83: error: template argument 1 is invalid
   21 |                           std::function<void(Result, std::uint8_t*, std::uint32_t)> callback);
      |                                                                                   ^
source/discord/storage_manager.h:21:59: error: ‘uint8_t’ is not a member of ‘std’; did you mean ‘uint8_t’?
   21 |                           std::function<void(Result, std::uint8_t*, std::uint32_t)> callback);
      |                                                           ^~~~~~~
In file included from /usr/include/stdint.h:37,
                 from /usr/lib/gcc/x86_64-linux-gnu/11/include/stdint.h:9,
                 from source/discord/ffi.h:9,
                 from source/discord/types.h:4,
                 from source/discord/activity_manager.h:4,
                 from source/discord/activity_manager.cpp:6:
/usr/include/x86_64-linux-gnu/bits/stdint-uintn.h:24:19: note: ‘uint8_t’ declared here
   24 | typedef __uint8_t uint8_t;
      |                   ^~~~~~~
In file included from source/discord/core.h:13,
                 from source/discord/activity_manager.cpp:8:
source/discord/storage_manager.h:21:74: error: ‘uint32_t’ is not a member of ‘std’; did you mean ‘uint32_t’?
   21 |                           std::function<void(Result, std::uint8_t*, std::uint32_t)> callback);
      |                                                                          ^~~~~~~~
In file included from /usr/include/stdint.h:37,
                 from /usr/lib/gcc/x86_64-linux-gnu/11/include/stdint.h:9,
                 from source/discord/ffi.h:9,
                 from source/discord/types.h:4,
                 from source/discord/activity_manager.h:4,
                 from source/discord/activity_manager.cpp:6:
/usr/include/x86_64-linux-gnu/bits/stdint-uintn.h:26:20: note: ‘uint32_t’ declared here
   26 | typedef __uint32_t uint32_t;
      |                    ^~~~~~~~
In file included from source/discord/core.h:13,
                 from source/discord/activity_manager.cpp:8:
source/discord/storage_manager.h:21:82: error: expression list treated as compound expression in functional cast [-fpermissive]
   21 |                           std::function<void(Result, std::uint8_t*, std::uint32_t)> callback);
      |                                                                                  ^
source/discord/storage_manager.h:21:83: error: template argument 1 is invalid
   21 |                           std::function<void(Result, std::uint8_t*, std::uint32_t)> callback);
      |                                                                                   ^
source/discord/storage_manager.h:21:59: error: ‘uint8_t’ is not a member of ‘std’; did you mean ‘uint8_t’?
   21 |                           std::function<void(Result, std::uint8_t*, std::uint32_t)> callback);
      |                                                           ^~~~~~~
In file included from /usr/include/stdint.h:37,
                 from /usr/lib/gcc/x86_64-linux-gnu/11/include/stdint.h:9,
                 from source/discord/ffi.h:9,
                 from source/discord/types.h:4,
                 from source/discord/activity_manager.h:4,
                 from source/discord/activity_manager.cpp:6:
/usr/include/x86_64-linux-gnu/bits/stdint-uintn.h:24:19: note: ‘uint8_t’ declared here
   24 | typedef __uint8_t uint8_t;
      |                   ^~~~~~~
In file included from source/discord/core.h:13,
                 from source/discord/activity_manager.cpp:8:
source/discord/storage_manager.h:21:74: error: ‘uint32_t’ is not a member of ‘std’; did you mean ‘uint32_t’?
   21 |                           std::function<void(Result, std::uint8_t*, std::uint32_t)> callback);
      |                                                                          ^~~~~~~~
In file included from /usr/include/stdint.h:37,
                 from /usr/lib/gcc/x86_64-linux-gnu/11/include/stdint.h:9,
                 from source/discord/ffi.h:9,
                 from source/discord/types.h:4,
                 from source/discord/activity_manager.h:4,
                 from source/discord/activity_manager.cpp:6:
/usr/include/x86_64-linux-gnu/bits/stdint-uintn.h:26:20: note: ‘uint32_t’ declared here
   26 | typedef __uint32_t uint32_t;
      |                    ^~~~~~~~
In file included from source/discord/core.h:13,
                 from source/discord/activity_manager.cpp:8:
source/discord/storage_manager.h:21:82: error: expression list treated as compound expression in functional cast [-fpermissive]
   21 |                           std::function<void(Result, std::uint8_t*, std::uint32_t)> callback);
      |                                                                                  ^
source/discord/storage_manager.h:21:83: error: template argument 1 is invalid
   21 |                           std::function<void(Result, std::uint8_t*, std::uint32_t)> callback);
      |                                                                                   ^
source/discord/storage_manager.h:21:27: error: invalid template-id
   21 |                           std::function<void(Result, std::uint8_t*, std::uint32_t)> callback);
      |                           ^~~
source/discord/storage_manager.h:21:59: error: ‘uint8_t’ is not a member of ‘std’; did you mean ‘uint8_t’?
   21 |                           std::function<void(Result, std::uint8_t*, std::uint32_t)> callback);
      |                                                           ^~~~~~~
In file included from /usr/include/stdint.h:37,
                 from /usr/lib/gcc/x86_64-linux-gnu/11/include/stdint.h:9,
                 from source/discord/ffi.h:9,
                 from source/discord/types.h:4,
                 from source/discord/activity_manager.h:4,
                 from source/discord/activity_manager.cpp:6:
/usr/include/x86_64-linux-gnu/bits/stdint-uintn.h:24:19: note: ‘uint8_t’ declared here
   24 | typedef __uint8_t uint8_t;
      |                   ^~~~~~~
In file included from source/discord/core.h:13,
                 from source/discord/activity_manager.cpp:8:
source/discord/storage_manager.h:21:74: error: ‘uint32_t’ is not a member of ‘std’; did you mean ‘uint32_t’?
   21 |                           std::function<void(Result, std::uint8_t*, std::uint32_t)> callback);
      |                                                                          ^~~~~~~~
In file included from /usr/include/stdint.h:37,
                 from /usr/lib/gcc/x86_64-linux-gnu/11/include/stdint.h:9,
                 from source/discord/ffi.h:9,
                 from source/discord/types.h:4,
                 from source/discord/activity_manager.h:4,
                 from source/discord/activity_manager.cpp:6:
/usr/include/x86_64-linux-gnu/bits/stdint-uintn.h:26:20: note: ‘uint32_t’ declared here
   26 | typedef __uint32_t uint32_t;
      |                    ^~~~~~~~
In file included from source/discord/core.h:13,
                 from source/discord/activity_manager.cpp:8:
source/discord/storage_manager.h:21:82: error: expression list treated as compound expression in functional cast [-fpermissive]
   21 |                           std::function<void(Result, std::uint8_t*, std::uint32_t)> callback);
      |                                                                                  ^
source/discord/storage_manager.h:21:41: error: expected primary-expression before ‘void’
   21 |                           std::function<void(Result, std::uint8_t*, std::uint32_t)> callback);
      |                                         ^~~~
source/discord/storage_manager.h:21:41: error: expected ‘>’ before ‘void’
source/discord/storage_manager.h:21:27: error: class template placeholder ‘std::function’ not permitted in this context
   21 |                           std::function<void(Result, std::uint8_t*, std::uint32_t)> callback);
      |                           ^~~
source/discord/storage_manager.h:22:36: error: ‘std::uint8_t’ has not been declared
   22 |     Result Write(char const* name, std::uint8_t* data, std::uint32_t dataLength);
      |                                    ^~~
source/discord/storage_manager.h:22:56: error: ‘std::uint32_t’ has not been declared
   22 |     Result Write(char const* name, std::uint8_t* data, std::uint32_t dataLength);
      |                                                        ^~~
source/discord/storage_manager.h:24:21: error: ‘std::uint8_t’ has not been declared
   24 |                     std::uint8_t* data,
      |                     ^~~
source/discord/storage_manager.h:25:21: error: ‘std::uint32_t’ has not been declared
   25 |                     std::uint32_t dataLength,
      |                     ^~~
source/discord/storage_manager.h:29:16: error: ‘std::int32_t’ has not been declared
   29 |     void Count(std::int32_t* count);
      |                ^~~
source/discord/storage_manager.h:31:19: error: ‘std::int32_t’ has not been declared
   31 |     Result StatAt(std::int32_t index, FileStat* stat);
      |                   ^~~
In file included from source/discord/core.h:14,
                 from source/discord/activity_manager.cpp:8:
source/discord/store_manager.h:13:20: error: ‘std::int32_t’ has not been declared
   13 |     void CountSkus(std::int32_t* count);
      |                    ^~~
source/discord/store_manager.h:14:19: error: ‘Snowflake’ has not been declared
   14 |     Result GetSku(Snowflake skuId, Sku* sku);
      |                   ^~~~~~~~~
source/discord/store_manager.h:15:21: error: ‘std::int32_t’ has not been declared
   15 |     Result GetSkuAt(std::int32_t index, Sku* sku);
      |                     ^~~
source/discord/store_manager.h:17:28: error: ‘std::int32_t’ has not been declared
   17 |     void CountEntitlements(std::int32_t* count);
      |                            ^~~
source/discord/store_manager.h:18:27: error: ‘Snowflake’ has not been declared
   18 |     Result GetEntitlement(Snowflake entitlementId, Entitlement* entitlement);
      |                           ^~~~~~~~~
source/discord/store_manager.h:19:29: error: ‘std::int32_t’ has not been declared
   19 |     Result GetEntitlementAt(std::int32_t index, Entitlement* entitlement);
      |                             ^~~
source/discord/store_manager.h:20:30: error: ‘Snowflake’ has not been declared
   20 |     Result HasSkuEntitlement(Snowflake skuId, bool* hasEntitlement);
      |                              ^~~~~~~~~
source/discord/store_manager.h:21:24: error: ‘Snowflake’ has not been declared
   21 |     void StartPurchase(Snowflake skuId, std::function<void(Result)> callback);
      |                        ^~~~~~~~~
In file included from source/discord/core.h:15,
                 from source/discord/activity_manager.cpp:8:
source/discord/voice_manager.h:18:24: error: ‘Snowflake’ has not been declared
   18 |     Result IsLocalMute(Snowflake userId, bool* mute);
      |                        ^~~~~~~~~
source/discord/voice_manager.h:19:25: error: ‘Snowflake’ has not been declared
   19 |     Result SetLocalMute(Snowflake userId, bool mute);
      |                         ^~~~~~~~~
source/discord/voice_manager.h:20:27: error: ‘Snowflake’ has not been declared
   20 |     Result GetLocalVolume(Snowflake userId, std::uint8_t* volume);
      |                           ^~~~~~~~~
source/discord/voice_manager.h:20:45: error: ‘std::uint8_t’ has not been declared
   20 |     Result GetLocalVolume(Snowflake userId, std::uint8_t* volume);
      |                                             ^~~
source/discord/voice_manager.h:21:27: error: ‘Snowflake’ has not been declared
   21 |     Result SetLocalVolume(Snowflake userId, std::uint8_t volume);
      |                           ^~~~~~~~~
source/discord/voice_manager.h:21:45: error: ‘std::uint8_t’ has not been declared
   21 |     Result SetLocalVolume(Snowflake userId, std::uint8_t volume);
      |                                             ^~~
In file included from source/discord/core.h:16,
                 from source/discord/activity_manager.cpp:8:
source/discord/achievement_manager.h:12:29: error: ‘Snowflake’ has not been declared
   12 |     void SetUserAchievement(Snowflake achievementId,
      |                             ^~~~~~~~~
source/discord/achievement_manager.h:13:29: error: ‘std::uint8_t’ has not been declared
   13 |                             std::uint8_t percentComplete,
      |                             ^~~
source/discord/achievement_manager.h:16:32: error: ‘std::int32_t’ has not been declared
   16 |     void CountUserAchievements(std::int32_t* count);
      |                                ^~~
source/discord/achievement_manager.h:17:31: error: ‘Snowflake’ has not been declared
   17 |     Result GetUserAchievement(Snowflake userAchievementId, UserAchievement* userAchievement);
      |                               ^~~~~~~~~
source/discord/achievement_manager.h:18:33: error: ‘std::int32_t’ has not been declared
   18 |     Result GetUserAchievementAt(std::int32_t index, UserAchievement* userAchievement);
      |                                 ^~~
In file included from source/discord/activity_manager.cpp:8:
source/discord/core.h:22:26: error: ‘ClientId’ has not been declared
   22 |     static Result Create(ClientId clientId, std::uint64_t flags, Core** instance);
      |                          ^~~~~~~~
source/discord/core.h:22:45: error: ‘std::uint64_t’ has not been declared
   22 |     static Result Create(ClientId clientId, std::uint64_t flags, Core** instance);
      |                                             ^~~
source/discord/activity_manager.cpp:79:8: error: ‘discord::Result discord::ActivityManager::RegisterSteam’ is not a static data member of ‘class discord::ActivityManager’
   79 | Result ActivityManager::RegisterSteam(std::uint32_t steamId)
      |        ^~~~~~~~~~~~~~~
source/discord/activity_manager.cpp:79:44: error: ‘uint32_t’ is not a member of ‘std’; did you mean ‘wint_t’?
   79 | Result ActivityManager::RegisterSteam(std::uint32_t steamId)
      |                                            ^~~~~~~~
      |                                            wint_t
source/discord/activity_manager.cpp:118:6: error: variable or field ‘SendRequestReply’ declared void
  118 | void ActivityManager::SendRequestReply(UserId userId,
      |      ^~~~~~~~~~~~~~~
source/discord/activity_manager.cpp:118:40: error: ‘UserId’ was not declared in this scope; did you mean ‘User’?
  118 | void ActivityManager::SendRequestReply(UserId userId,
      |                                        ^~~~~~
      |                                        User
source/discord/activity_manager.cpp:119:65: error: expected primary-expression before ‘reply’
  119 |                                        ActivityJoinRequestReply reply,
      |                                                                 ^~~~~
source/discord/activity_manager.cpp:120:68: error: expected primary-expression before ‘callback’
  120 |                                        std::function<void(Result)> callback)
      |                                                                    ^~~~~~~~
source/discord/activity_manager.cpp:139:6: error: variable or field ‘SendInvite’ declared void
  139 | void ActivityManager::SendInvite(UserId userId,
      |      ^~~~~~~~~~~~~~~
source/discord/activity_manager.cpp:139:34: error: ‘UserId’ was not declared in this scope; did you mean ‘User’?
  139 | void ActivityManager::SendInvite(UserId userId,
      |                                  ^~~~~~
      |                                  User
source/discord/activity_manager.cpp:140:53: error: expected primary-expression before ‘type’
  140 |                                  ActivityActionType type,
      |                                                     ^~~~
source/discord/activity_manager.cpp:141:34: error: expected primary-expression before ‘char’
  141 |                                  char const* content,
      |                                  ^~~~
source/discord/activity_manager.cpp:142:62: error: expected primary-expression before ‘callback’
  142 |                                  std::function<void(Result)> callback)
      |                                                              ^~~~~~~~
source/discord/activity_manager.cpp:162:6: error: variable or field ‘AcceptInvite’ declared void
  162 | void ActivityManager::AcceptInvite(UserId userId, std::function<void(Result)> callback)
      |      ^~~~~~~~~~~~~~~
source/discord/activity_manager.cpp:162:36: error: ‘UserId’ was not declared in this scope; did you mean ‘User’?
  162 | void ActivityManager::AcceptInvite(UserId userId, std::function<void(Result)> callback)
      |                                    ^~~~~~
      |                                    User
source/discord/activity_manager.cpp:162:79: error: expected primary-expression before ‘callback’
  162 | void ActivityManager::AcceptInvite(UserId userId, std::function<void(Result)> callback)
      |                                                                               ^~~~~~~~
In file included from source/discord/application_manager.h:4,
                 from source/discord/application_manager.cpp:7:
source/discord/types.h:168:23: error: ‘int64_t’ in namespace ‘std’ does not name a type
  168 | using ClientId = std::int64_t;
      |                       ^~~~~~~
source/discord/types.h:169:22: error: ‘int32_t’ in namespace ‘std’ does not name a type
  169 | using Version = std::int32_t;
      |                      ^~~~~~~
source/discord/types.h:170:24: error: ‘int64_t’ in namespace ‘std’ does not name a type
  170 | using Snowflake = std::int64_t;
      |                        ^~~~~~~
source/discord/types.h:171:24: error: ‘int64_t’ in namespace ‘std’ does not name a type
  171 | using Timestamp = std::int64_t;
      |                        ^~~~~~~
source/discord/types.h:172:16: error: ‘Snowflake’ does not name a type
  172 | using UserId = Snowflake;
      |                ^~~~~~~~~
source/discord/types.h:175:17: error: ‘Snowflake’ does not name a type
  175 | using LobbyId = Snowflake;
      |                 ^~~~~~~~~
source/discord/types.h:179:28: error: ‘uint64_t’ in namespace ‘std’ does not name a type
  179 | using NetworkPeerId = std::uint64_t;
      |                            ^~~~~~~~
source/discord/types.h:180:31: error: ‘uint8_t’ in namespace ‘std’ does not name a type
  180 | using NetworkChannelId = std::uint8_t;
      |                               ^~~~~~~
source/discord/types.h:186:16: error: ‘UserId’ has not been declared
  186 |     void SetId(UserId id);
      |                ^~~~~~
source/discord/types.h:187:5: error: ‘UserId’ does not name a type; did you mean ‘User’?
  187 |     UserId GetId() const;
      |     ^~~~~~
      |     User
source/discord/types.h:207:21: error: ‘Timestamp’ has not been declared
  207 |     void SetExpires(Timestamp expires);
      |                     ^~~~~~~~~
source/discord/types.h:208:5: error: ‘Timestamp’ does not name a type
  208 |     Timestamp GetExpires() const;
      |     ^~~~~~~~~
source/discord/types.h:218:16: error: ‘std::int64_t’ has not been declared
  218 |     void SetId(std::int64_t id);
      |                ^~~
source/discord/types.h:219:10: error: ‘int64_t’ in namespace ‘std’ does not name a type
  219 |     std::int64_t GetId() const;
      |          ^~~~~~~
source/discord/types.h:220:18: error: ‘std::uint32_t’ has not been declared
  220 |     void SetSize(std::uint32_t size);
      |                  ^~~
source/discord/types.h:221:10: error: ‘uint32_t’ in namespace ‘std’ does not name a type
  221 |     std::uint32_t GetSize() const;
      |          ^~~~~~~~
source/discord/types.h:229:19: error: ‘std::uint32_t’ has not been declared
  229 |     void SetWidth(std::uint32_t width);
      |                   ^~~
source/discord/types.h:230:10: error: ‘uint32_t’ in namespace ‘std’ does not name a type
  230 |     std::uint32_t GetWidth() const;
      |          ^~~~~~~~
source/discord/types.h:231:20: error: ‘std::uint32_t’ has not been declared
  231 |     void SetHeight(std::uint32_t height);
      |                    ^~~
source/discord/types.h:232:10: error: ‘uint32_t’ in namespace ‘std’ does not name a type
  232 |     std::uint32_t GetHeight() const;
      |          ^~~~~~~~
source/discord/types.h:240:19: error: ‘Timestamp’ has not been declared
  240 |     void SetStart(Timestamp start);
      |                   ^~~~~~~~~
source/discord/types.h:241:5: error: ‘Timestamp’ does not name a type
  241 |     Timestamp GetStart() const;
      |     ^~~~~~~~~
source/discord/types.h:242:17: error: ‘Timestamp’ has not been declared
  242 |     void SetEnd(Timestamp end);
      |                 ^~~~~~~~~
source/discord/types.h:243:5: error: ‘Timestamp’ does not name a type
  243 |     Timestamp GetEnd() const;
      |     ^~~~~~~~~
source/discord/types.h:266:25: error: ‘std::int32_t’ has not been declared
  266 |     void SetCurrentSize(std::int32_t currentSize);
      |                         ^~~
source/discord/types.h:267:10: error: ‘int32_t’ in namespace ‘std’ does not name a type
  267 |     std::int32_t GetCurrentSize() const;
      |          ^~~~~~~
source/discord/types.h:268:21: error: ‘std::int32_t’ has not been declared
  268 |     void SetMaxSize(std::int32_t maxSize);
      |                     ^~~
source/discord/types.h:269:10: error: ‘int32_t’ in namespace ‘std’ does not name a type
  269 |     std::int32_t GetMaxSize() const;
      |          ^~~~~~~
source/discord/types.h:303:27: error: ‘std::int64_t’ has not been declared
  303 |     void SetApplicationId(std::int64_t applicationId);
      |                           ^~~
source/discord/types.h:304:10: error: ‘int64_t’ in namespace ‘std’ does not name a type
  304 |     std::int64_t GetApplicationId() const;
      |          ^~~~~~~
source/discord/types.h:352:16: error: ‘LobbyId’ has not been declared
  352 |     void SetId(LobbyId id);
      |                ^~~~~~~
source/discord/types.h:353:5: error: ‘LobbyId’ does not name a type; did you mean ‘Lobby’?
  353 |     LobbyId GetId() const;
      |     ^~~~~~~
      |     Lobby
source/discord/types.h:356:21: error: ‘UserId’ has not been declared
  356 |     void SetOwnerId(UserId ownerId);
      |                     ^~~~~~
source/discord/types.h:357:5: error: ‘UserId’ does not name a type; did you mean ‘User’?
  357 |     UserId GetOwnerId() const;
      |     ^~~~~~
      |     User
source/discord/types.h:360:22: error: ‘std::uint32_t’ has not been declared
  360 |     void SetCapacity(std::uint32_t capacity);
      |                      ^~~
source/discord/types.h:361:10: error: ‘uint32_t’ in namespace ‘std’ does not name a type
  361 |     std::uint32_t GetCapacity() const;
      |          ^~~~~~~~
source/discord/types.h:373:18: error: ‘std::uint64_t’ has not been declared
  373 |     void SetSize(std::uint64_t size);
      |                  ^~~
source/discord/types.h:374:10: error: ‘uint64_t’ in namespace ‘std’ does not name a type
  374 |     std::uint64_t GetSize() const;
      |          ^~~~~~~~
source/discord/types.h:375:26: error: ‘std::uint64_t’ has not been declared
  375 |     void SetLastModified(std::uint64_t lastModified);
      |                          ^~~
source/discord/types.h:376:10: error: ‘uint64_t’ in namespace ‘std’ does not name a type
  376 |     std::uint64_t GetLastModified() const;
      |          ^~~~~~~~
source/discord/types.h:384:16: error: ‘Snowflake’ has not been declared
  384 |     void SetId(Snowflake id);
      |                ^~~~~~~~~
source/discord/types.h:385:5: error: ‘Snowflake’ does not name a type
  385 |     Snowflake GetId() const;
      |     ^~~~~~~~~
source/discord/types.h:388:19: error: ‘Snowflake’ has not been declared
  388 |     void SetSkuId(Snowflake skuId);
      |                   ^~~~~~~~~
source/discord/types.h:389:5: error: ‘Snowflake’ does not name a type
  389 |     Snowflake GetSkuId() const;
      |     ^~~~~~~~~
source/discord/types.h:397:20: error: ‘std::uint32_t’ has not been declared
  397 |     void SetAmount(std::uint32_t amount);
      |                    ^~~
source/discord/types.h:398:10: error: ‘uint32_t’ in namespace ‘std’ does not name a type
  398 |     std::uint32_t GetAmount() const;
      |          ^~~~~~~~
source/discord/types.h:408:16: error: ‘Snowflake’ has not been declared
  408 |     void SetId(Snowflake id);
      |                ^~~~~~~~~
source/discord/types.h:409:5: error: ‘Snowflake’ does not name a type
  409 |     Snowflake GetId() const;
      |     ^~~~~~~~~
source/discord/types.h:434:20: error: ‘Snowflake’ has not been declared
  434 |     void SetUserId(Snowflake userId);
      |                    ^~~~~~~~~
source/discord/types.h:435:5: error: ‘Snowflake’ does not name a type
  435 |     Snowflake GetUserId() const;
      |     ^~~~~~~~~
source/discord/types.h:436:27: error: ‘Snowflake’ has not been declared
  436 |     void SetAchievementId(Snowflake achievementId);
      |                           ^~~~~~~~~
source/discord/types.h:437:5: error: ‘Snowflake’ does not name a type
  437 |     Snowflake GetAchievementId() const;
      |     ^~~~~~~~~
source/discord/types.h:438:29: error: ‘std::uint8_t’ has not been declared
  438 |     void SetPercentComplete(std::uint8_t percentComplete);
      |                             ^~~
source/discord/types.h:439:10: error: ‘uint8_t’ in namespace ‘std’ does not name a type
  439 |     std::uint8_t GetPercentComplete() const;
      |          ^~~~~~~
source/discord/types.h:450:21: error: ‘UserId’ has not been declared
  450 |     Result SetOwner(UserId ownerId);
      |                     ^~~~~~
source/discord/types.h:451:24: error: ‘std::uint32_t’ has not been declared
  451 |     Result SetCapacity(std::uint32_t capacity);
      |                        ^~~
source/discord/types.h:482:18: error: ‘std::uint32_t’ has not been declared
  482 |     Result Limit(std::uint32_t limit);
      |                  ^~~
In file included from source/discord/core.h:6,
                 from source/discord/application_manager.cpp:9:
source/discord/user_manager.h:13:18: error: ‘UserId’ has not been declared
   13 |     void GetUser(UserId userId, std::function<void(Result, User const&)> callback);
      |                  ^~~~~~
In file included from source/discord/core.h:7,
                 from source/discord/application_manager.cpp:9:
source/discord/image_manager.h:14:40: error: ‘std::uint8_t’ has not been declared
   14 |     Result GetData(ImageHandle handle, std::uint8_t* data, std::uint32_t dataLength);
      |                                        ^~~
source/discord/image_manager.h:14:60: error: ‘std::uint32_t’ has not been declared
   14 |     Result GetData(ImageHandle handle, std::uint8_t* data, std::uint32_t dataLength);
      |                                                            ^~~
In file included from source/discord/core.h:8,
                 from source/discord/application_manager.cpp:9:
source/discord/activity_manager.h:13:26: error: ‘std::uint32_t’ has not been declared
   13 |     Result RegisterSteam(std::uint32_t steamId);
      |                          ^~~
source/discord/activity_manager.h:16:27: error: ‘UserId’ has not been declared
   16 |     void SendRequestReply(UserId userId,
      |                           ^~~~~~
source/discord/activity_manager.h:19:21: error: ‘UserId’ has not been declared
   19 |     void SendInvite(UserId userId,
      |                     ^~~~~~
source/discord/activity_manager.h:23:23: error: ‘UserId’ has not been declared
   23 |     void AcceptInvite(UserId userId, std::function<void(Result)> callback);
      |                       ^~~~~~
In file included from source/discord/core.h:9,
                 from source/discord/application_manager.cpp:9:
source/discord/relationship_manager.h:13:18: error: ‘std::int32_t’ has not been declared
   13 |     Result Count(std::int32_t* count);
      |                  ^~~
source/discord/relationship_manager.h:14:16: error: ‘UserId’ has not been declared
   14 |     Result Get(UserId userId, Relationship* relationship);
      |                ^~~~~~
source/discord/relationship_manager.h:15:18: error: ‘std::uint32_t’ has not been declared
   15 |     Result GetAt(std::uint32_t index, Relationship* relationship);
      |                  ^~~
In file included from source/discord/core.h:10,
                 from source/discord/application_manager.cpp:9:
source/discord/lobby_manager.h:13:38: error: ‘LobbyId’ has not been declared
   13 |     Result GetLobbyUpdateTransaction(LobbyId lobbyId, LobbyTransaction* transaction);
      |                                      ^~~~~~~
source/discord/lobby_manager.h:14:39: error: ‘LobbyId’ has not been declared
   14 |     Result GetMemberUpdateTransaction(LobbyId lobbyId,
      |                                       ^~~~~~~
source/discord/lobby_manager.h:15:39: error: ‘UserId’ has not been declared
   15 |                                       UserId userId,
      |                                       ^~~~~~
source/discord/lobby_manager.h:19:22: error: ‘LobbyId’ has not been declared
   19 |     void UpdateLobby(LobbyId lobbyId,
      |                      ^~~~~~~
source/discord/lobby_manager.h:22:22: error: ‘LobbyId’ has not been declared
   22 |     void DeleteLobby(LobbyId lobbyId, std::function<void(Result)> callback);
      |                      ^~~~~~~
source/discord/lobby_manager.h:23:23: error: ‘LobbyId’ has not been declared
   23 |     void ConnectLobby(LobbyId lobbyId,
      |                       ^~~~~~~
source/discord/lobby_manager.h:28:26: error: ‘LobbyId’ has not been declared
   28 |     void DisconnectLobby(LobbyId lobbyId, std::function<void(Result)> callback);
      |                          ^~~~~~~
source/discord/lobby_manager.h:29:21: error: ‘LobbyId’ has not been declared
   29 |     Result GetLobby(LobbyId lobbyId, Lobby* lobby);
      |                     ^~~~~~~
source/discord/lobby_manager.h:30:35: error: ‘LobbyId’ has not been declared
   30 |     Result GetLobbyActivitySecret(LobbyId lobbyId, char secret[128]);
      |                                   ^~~~~~~
source/discord/lobby_manager.h:31:34: error: ‘LobbyId’ has not been declared
   31 |     Result GetLobbyMetadataValue(LobbyId lobbyId, MetadataKey key, char value[4096]);
      |                                  ^~~~~~~
source/discord/lobby_manager.h:32:32: error: ‘LobbyId’ has not been declared
   32 |     Result GetLobbyMetadataKey(LobbyId lobbyId, std::int32_t index, char key[256]);
      |                                ^~~~~~~
source/discord/lobby_manager.h:32:49: error: ‘std::int32_t’ has not been declared
   32 |     Result GetLobbyMetadataKey(LobbyId lobbyId, std::int32_t index, char key[256]);
      |                                                 ^~~
source/discord/lobby_manager.h:33:31: error: ‘LobbyId’ has not been declared
   33 |     Result LobbyMetadataCount(LobbyId lobbyId, std::int32_t* count);
      |                               ^~~~~~~
source/discord/lobby_manager.h:33:48: error: ‘std::int32_t’ has not been declared
   33 |     Result LobbyMetadataCount(LobbyId lobbyId, std::int32_t* count);
      |                                                ^~~
source/discord/lobby_manager.h:34:24: error: ‘LobbyId’ has not been declared
   34 |     Result MemberCount(LobbyId lobbyId, std::int32_t* count);
      |                        ^~~~~~~
source/discord/lobby_manager.h:34:41: error: ‘std::int32_t’ has not been declared
   34 |     Result MemberCount(LobbyId lobbyId, std::int32_t* count);
      |                                         ^~~
source/discord/lobby_manager.h:35:28: error: ‘LobbyId’ has not been declared
   35 |     Result GetMemberUserId(LobbyId lobbyId, std::int32_t index, UserId* userId);
      |                            ^~~~~~~
source/discord/lobby_manager.h:35:45: error: ‘std::int32_t’ has not been declared
   35 |     Result GetMemberUserId(LobbyId lobbyId, std::int32_t index, UserId* userId);
      |                                             ^~~
source/discord/lobby_manager.h:35:65: error: ‘UserId’ has not been declared
   35 |     Result GetMemberUserId(LobbyId lobbyId, std::int32_t index, UserId* userId);
      |                                                                 ^~~~~~
source/discord/lobby_manager.h:36:26: error: ‘LobbyId’ has not been declared
   36 |     Result GetMemberUser(LobbyId lobbyId, UserId userId, User* user);
      |                          ^~~~~~~
source/discord/lobby_manager.h:36:43: error: ‘UserId’ has not been declared
   36 |     Result GetMemberUser(LobbyId lobbyId, UserId userId, User* user);
      |                                           ^~~~~~
source/discord/lobby_manager.h:37:35: error: ‘LobbyId’ has not been declared
   37 |     Result GetMemberMetadataValue(LobbyId lobbyId,
      |                                   ^~~~~~~
source/discord/lobby_manager.h:38:35: error: ‘UserId’ has not been declared
   38 |                                   UserId userId,
      |                                   ^~~~~~
source/discord/lobby_manager.h:41:33: error: ‘LobbyId’ has not been declared
   41 |     Result GetMemberMetadataKey(LobbyId lobbyId, UserId userId, std::int32_t index, char key[256]);
      |                                 ^~~~~~~
source/discord/lobby_manager.h:41:50: error: ‘UserId’ has not been declared
   41 |     Result GetMemberMetadataKey(LobbyId lobbyId, UserId userId, std::int32_t index, char key[256]);
      |                                                  ^~~~~~
source/discord/lobby_manager.h:41:65: error: ‘std::int32_t’ has not been declared
   41 |     Result GetMemberMetadataKey(LobbyId lobbyId, UserId userId, std::int32_t index, char key[256]);
      |                                                                 ^~~
source/discord/lobby_manager.h:42:32: error: ‘LobbyId’ has not been declared
   42 |     Result MemberMetadataCount(LobbyId lobbyId, UserId userId, std::int32_t* count);
      |                                ^~~~~~~
source/discord/lobby_manager.h:42:49: error: ‘UserId’ has not been declared
   42 |     Result MemberMetadataCount(LobbyId lobbyId, UserId userId, std::int32_t* count);
      |                                                 ^~~~~~
source/discord/lobby_manager.h:42:64: error: ‘std::int32_t’ has not been declared
   42 |     Result MemberMetadataCount(LobbyId lobbyId, UserId userId, std::int32_t* count);
      |                                                                ^~~
source/discord/lobby_manager.h:43:23: error: ‘LobbyId’ has not been declared
   43 |     void UpdateMember(LobbyId lobbyId,
      |                       ^~~~~~~
source/discord/lobby_manager.h:44:23: error: ‘UserId’ has not been declared
   44 |                       UserId userId,
      |                       ^~~~~~
source/discord/lobby_manager.h:47:27: error: ‘LobbyId’ has not been declared
   47 |     void SendLobbyMessage(LobbyId lobbyId,
      |                           ^~~~~~~
source/discord/lobby_manager.h:48:27: error: ‘std::uint8_t’ has not been declared
   48 |                           std::uint8_t* data,
      |                           ^~~
source/discord/lobby_manager.h:49:27: error: ‘std::uint32_t’ has not been declared
   49 |                           std::uint32_t dataLength,
      |                           ^~~
source/discord/lobby_manager.h:53:21: error: ‘std::int32_t’ has not been declared
   53 |     void LobbyCount(std::int32_t* count);
      |                     ^~~
source/discord/lobby_manager.h:54:23: error: ‘std::int32_t’ has not been declared
   54 |     Result GetLobbyId(std::int32_t index, LobbyId* lobbyId);
      |                       ^~~
source/discord/lobby_manager.h:54:43: error: ‘LobbyId’ has not been declared
   54 |     Result GetLobbyId(std::int32_t index, LobbyId* lobbyId);
      |                                           ^~~~~~~
source/discord/lobby_manager.h:55:23: error: ‘LobbyId’ has not been declared
   55 |     void ConnectVoice(LobbyId lobbyId, std::function<void(Result)> callback);
      |                       ^~~~~~~
source/discord/lobby_manager.h:56:26: error: ‘LobbyId’ has not been declared
   56 |     void DisconnectVoice(LobbyId lobbyId, std::function<void(Result)> callback);
      |                          ^~~~~~~
source/discord/lobby_manager.h:57:27: error: ‘LobbyId’ has not been declared
   57 |     Result ConnectNetwork(LobbyId lobbyId);
      |                           ^~~~~~~
source/discord/lobby_manager.h:58:30: error: ‘LobbyId’ has not been declared
   58 |     Result DisconnectNetwork(LobbyId lobbyId);
      |                              ^~~~~~~
source/discord/lobby_manager.h:60:31: error: ‘LobbyId’ has not been declared
   60 |     Result OpenNetworkChannel(LobbyId lobbyId, std::uint8_t channelId, bool reliable);
      |                               ^~~~~~~
source/discord/lobby_manager.h:60:48: error: ‘std::uint8_t’ has not been declared
   60 |     Result OpenNetworkChannel(LobbyId lobbyId, std::uint8_t channelId, bool reliable);
      |                                                ^~~
source/discord/lobby_manager.h:61:31: error: ‘LobbyId’ has not been declared
   61 |     Result SendNetworkMessage(LobbyId lobbyId,
      |                               ^~~~~~~
source/discord/lobby_manager.h:62:31: error: ‘UserId’ has not been declared
   62 |                               UserId userId,
      |                               ^~~~~~
source/discord/lobby_manager.h:63:31: error: ‘std::uint8_t’ has not been declared
   63 |                               std::uint8_t channelId,
      |                               ^~~
source/discord/lobby_manager.h:64:31: error: ‘std::uint8_t’ has not been declared
   64 |                               std::uint8_t* data,
      |                               ^~~
source/discord/lobby_manager.h:65:31: error: ‘std::uint32_t’ has not been declared
   65 |                               std::uint32_t dataLength);
      |                               ^~~
source/discord/lobby_manager.h:67:16: error: ‘int64_t’ is not a member of ‘std’; did you mean ‘int64_t’?
   67 |     Event<std::int64_t> OnLobbyUpdate;
      |                ^~~~~~~
In file included from /usr/include/stdint.h:34,
                 from /usr/lib/gcc/x86_64-linux-gnu/11/include/stdint.h:9,
                 from source/discord/ffi.h:9,
                 from source/discord/types.h:4,
                 from source/discord/application_manager.h:4,
                 from source/discord/application_manager.cpp:7:
/usr/include/x86_64-linux-gnu/bits/stdint-intn.h:27:19: note: ‘int64_t’ declared here
   27 | typedef __int64_t int64_t;
      |                   ^~~~~~~
In file included from source/discord/core.h:10,
                 from source/discord/application_manager.cpp:9:
source/discord/lobby_manager.h:67:23: error: template argument 1 is invalid
   67 |     Event<std::int64_t> OnLobbyUpdate;
      |                       ^
source/discord/lobby_manager.h:68:16: error: ‘int64_t’ is not a member of ‘std’; did you mean ‘int64_t’?
   68 |     Event<std::int64_t, std::uint32_t> OnLobbyDelete;
      |                ^~~~~~~
In file included from /usr/include/stdint.h:34,
                 from /usr/lib/gcc/x86_64-linux-gnu/11/include/stdint.h:9,
                 from source/discord/ffi.h:9,
                 from source/discord/types.h:4,
                 from source/discord/application_manager.h:4,
                 from source/discord/application_manager.cpp:7:
/usr/include/x86_64-linux-gnu/bits/stdint-intn.h:27:19: note: ‘int64_t’ declared here
   27 | typedef __int64_t int64_t;
      |                   ^~~~~~~
In file included from source/discord/core.h:10,
                 from source/discord/application_manager.cpp:9:
source/discord/lobby_manager.h:68:30: error: ‘uint32_t’ is not a member of ‘std’; did you mean ‘uint32_t’?
   68 |     Event<std::int64_t, std::uint32_t> OnLobbyDelete;
      |                              ^~~~~~~~
In file included from /usr/include/stdint.h:37,
                 from /usr/lib/gcc/x86_64-linux-gnu/11/include/stdint.h:9,
                 from source/discord/ffi.h:9,
                 from source/discord/types.h:4,
                 from source/discord/application_manager.h:4,
                 from source/discord/application_manager.cpp:7:
/usr/include/x86_64-linux-gnu/bits/stdint-uintn.h:26:20: note: ‘uint32_t’ declared here
   26 | typedef __uint32_t uint32_t;
      |                    ^~~~~~~~
In file included from source/discord/core.h:10,
                 from source/discord/application_manager.cpp:9:
source/discord/lobby_manager.h:68:38: error: template argument 1 is invalid
   68 |     Event<std::int64_t, std::uint32_t> OnLobbyDelete;
      |                                      ^
source/discord/lobby_manager.h:68:38: error: template argument 2 is invalid
source/discord/lobby_manager.h:69:16: error: ‘int64_t’ is not a member of ‘std’; did you mean ‘int64_t’?
   69 |     Event<std::int64_t, std::int64_t> OnMemberConnect;
      |                ^~~~~~~
In file included from /usr/include/stdint.h:34,
                 from /usr/lib/gcc/x86_64-linux-gnu/11/include/stdint.h:9,
                 from source/discord/ffi.h:9,
                 from source/discord/types.h:4,
                 from source/discord/application_manager.h:4,
                 from source/discord/application_manager.cpp:7:
/usr/include/x86_64-linux-gnu/bits/stdint-intn.h:27:19: note: ‘int64_t’ declared here
   27 | typedef __int64_t int64_t;
      |                   ^~~~~~~
In file included from source/discord/core.h:10,
                 from source/discord/application_manager.cpp:9:
source/discord/lobby_manager.h:69:30: error: ‘int64_t’ is not a member of ‘std’; did you mean ‘int64_t’?
   69 |     Event<std::int64_t, std::int64_t> OnMemberConnect;
      |                              ^~~~~~~
In file included from /usr/include/stdint.h:34,
                 from /usr/lib/gcc/x86_64-linux-gnu/11/include/stdint.h:9,
                 from source/discord/ffi.h:9,
                 from source/discord/types.h:4,
                 from source/discord/application_manager.h:4,
                 from source/discord/application_manager.cpp:7:
/usr/include/x86_64-linux-gnu/bits/stdint-intn.h:27:19: note: ‘int64_t’ declared here
   27 | typedef __int64_t int64_t;
      |                   ^~~~~~~
In file included from source/discord/core.h:10,
                 from source/discord/application_manager.cpp:9:
source/discord/lobby_manager.h:69:37: error: template argument 1 is invalid
   69 |     Event<std::int64_t, std::int64_t> OnMemberConnect;
      |                                     ^
source/discord/lobby_manager.h:69:37: error: template argument 2 is invalid
source/discord/lobby_manager.h:70:16: error: ‘int64_t’ is not a member of ‘std’; did you mean ‘int64_t’?
   70 |     Event<std::int64_t, std::int64_t> OnMemberUpdate;
      |                ^~~~~~~
In file included from /usr/include/stdint.h:34,
                 from /usr/lib/gcc/x86_64-linux-gnu/11/include/stdint.h:9,
                 from source/discord/ffi.h:9,
                 from source/discord/types.h:4,
                 from source/discord/application_manager.h:4,
                 from source/discord/application_manager.cpp:7:
/usr/include/x86_64-linux-gnu/bits/stdint-intn.h:27:19: note: ‘int64_t’ declared here
   27 | typedef __int64_t int64_t;
      |                   ^~~~~~~
In file included from source/discord/core.h:10,
                 from source/discord/application_manager.cpp:9:
source/discord/lobby_manager.h:70:30: error: ‘int64_t’ is not a member of ‘std’; did you mean ‘int64_t’?
   70 |     Event<std::int64_t, std::int64_t> OnMemberUpdate;
      |                              ^~~~~~~
In file included from /usr/include/stdint.h:34,
                 from /usr/lib/gcc/x86_64-linux-gnu/11/include/stdint.h:9,
                 from source/discord/ffi.h:9,
                 from source/discord/types.h:4,
                 from source/discord/application_manager.h:4,
                 from source/discord/application_manager.cpp:7:
/usr/include/x86_64-linux-gnu/bits/stdint-intn.h:27:19: note: ‘int64_t’ declared here
   27 | typedef __int64_t int64_t;
      |                   ^~~~~~~
In file included from source/discord/core.h:10,
                 from source/discord/application_manager.cpp:9:
source/discord/lobby_manager.h:70:37: error: template argument 1 is invalid
   70 |     Event<std::int64_t, std::int64_t> OnMemberUpdate;
      |                                     ^
source/discord/lobby_manager.h:70:37: error: template argument 2 is invalid
source/discord/lobby_manager.h:71:16: error: ‘int64_t’ is not a member of ‘std’; did you mean ‘int64_t’?
   71 |     Event<std::int64_t, std::int64_t> OnMemberDisconnect;
      |                ^~~~~~~
In file included from /usr/include/stdint.h:34,
                 from /usr/lib/gcc/x86_64-linux-gnu/11/include/stdint.h:9,
                 from source/discord/ffi.h:9,
                 from source/discord/types.h:4,
                 from source/discord/application_manager.h:4,
                 from source/discord/application_manager.cpp:7:
/usr/include/x86_64-linux-gnu/bits/stdint-intn.h:27:19: note: ‘int64_t’ declared here
   27 | typedef __int64_t int64_t;
      |                   ^~~~~~~
In file included from source/discord/core.h:10,
                 from source/discord/application_manager.cpp:9:
source/discord/lobby_manager.h:71:30: error: ‘int64_t’ is not a member of ‘std’; did you mean ‘int64_t’?
   71 |     Event<std::int64_t, std::int64_t> OnMemberDisconnect;
      |                              ^~~~~~~
In file included from /usr/include/stdint.h:34,
                 from /usr/lib/gcc/x86_64-linux-gnu/11/include/stdint.h:9,
                 from source/discord/ffi.h:9,
                 from source/discord/types.h:4,
                 from source/discord/application_manager.h:4,
                 from source/discord/application_manager.cpp:7:
/usr/include/x86_64-linux-gnu/bits/stdint-intn.h:27:19: note: ‘int64_t’ declared here
   27 | typedef __int64_t int64_t;
      |                   ^~~~~~~
In file included from source/discord/core.h:10,
                 from source/discord/application_manager.cpp:9:
source/discord/lobby_manager.h:71:37: error: template argument 1 is invalid
   71 |     Event<std::int64_t, std::int64_t> OnMemberDisconnect;
      |                                     ^
source/discord/lobby_manager.h:71:37: error: template argument 2 is invalid
source/discord/lobby_manager.h:72:16: error: ‘int64_t’ is not a member of ‘std’; did you mean ‘int64_t’?
   72 |     Event<std::int64_t, std::int64_t, std::uint8_t*, std::uint32_t> OnLobbyMessage;
      |                ^~~~~~~
In file included from /usr/include/stdint.h:34,
                 from /usr/lib/gcc/x86_64-linux-gnu/11/include/stdint.h:9,
                 from source/discord/ffi.h:9,
                 from source/discord/types.h:4,
                 from source/discord/application_manager.h:4,
                 from source/discord/application_manager.cpp:7:
/usr/include/x86_64-linux-gnu/bits/stdint-intn.h:27:19: note: ‘int64_t’ declared here
   27 | typedef __int64_t int64_t;
      |                   ^~~~~~~
In file included from source/discord/core.h:10,
                 from source/discord/application_manager.cpp:9:
source/discord/lobby_manager.h:72:30: error: ‘int64_t’ is not a member of ‘std’; did you mean ‘int64_t’?
   72 |     Event<std::int64_t, std::int64_t, std::uint8_t*, std::uint32_t> OnLobbyMessage;
      |                              ^~~~~~~
In file included from /usr/include/stdint.h:34,
                 from /usr/lib/gcc/x86_64-linux-gnu/11/include/stdint.h:9,
                 from source/discord/ffi.h:9,
                 from source/discord/types.h:4,
                 from source/discord/application_manager.h:4,
                 from source/discord/application_manager.cpp:7:
/usr/include/x86_64-linux-gnu/bits/stdint-intn.h:27:19: note: ‘int64_t’ declared here
   27 | typedef __int64_t int64_t;
      |                   ^~~~~~~
In file included from source/discord/core.h:10,
                 from source/discord/application_manager.cpp:9:
source/discord/lobby_manager.h:72:44: error: ‘uint8_t’ is not a member of ‘std’; did you mean ‘uint8_t’?
   72 |     Event<std::int64_t, std::int64_t, std::uint8_t*, std::uint32_t> OnLobbyMessage;
      |                                            ^~~~~~~
In file included from /usr/include/stdint.h:37,
                 from /usr/lib/gcc/x86_64-linux-gnu/11/include/stdint.h:9,
                 from source/discord/ffi.h:9,
                 from source/discord/types.h:4,
                 from source/discord/application_manager.h:4,
                 from source/discord/application_manager.cpp:7:
/usr/include/x86_64-linux-gnu/bits/stdint-uintn.h:24:19: note: ‘uint8_t’ declared here
   24 | typedef __uint8_t uint8_t;
      |                   ^~~~~~~
In file included from source/discord/core.h:10,
                 from source/discord/application_manager.cpp:9:
source/discord/lobby_manager.h:72:59: error: ‘uint32_t’ is not a member of ‘std’; did you mean ‘uint32_t’?
   72 |     Event<std::int64_t, std::int64_t, std::uint8_t*, std::uint32_t> OnLobbyMessage;
      |                                                           ^~~~~~~~
In file included from /usr/include/stdint.h:37,
                 from /usr/lib/gcc/x86_64-linux-gnu/11/include/stdint.h:9,
                 from source/discord/ffi.h:9,
                 from source/discord/types.h:4,
                 from source/discord/application_manager.h:4,
                 from source/discord/application_manager.cpp:7:
/usr/include/x86_64-linux-gnu/bits/stdint-uintn.h:26:20: note: ‘uint32_t’ declared here
   26 | typedef __uint32_t uint32_t;
      |                    ^~~~~~~~
In file included from source/discord/core.h:10,
                 from source/discord/application_manager.cpp:9:
source/discord/lobby_manager.h:72:67: error: template argument 1 is invalid
   72 |     Event<std::int64_t, std::int64_t, std::uint8_t*, std::uint32_t> OnLobbyMessage;
      |                                                                   ^
source/discord/lobby_manager.h:72:67: error: template argument 2 is invalid
source/discord/lobby_manager.h:72:67: error: template argument 3 is invalid
source/discord/lobby_manager.h:72:67: error: template argument 4 is invalid
source/discord/lobby_manager.h:73:16: error: ‘int64_t’ is not a member of ‘std’; did you mean ‘int64_t’?
   73 |     Event<std::int64_t, std::int64_t, bool> OnSpeaking;
      |                ^~~~~~~
In file included from /usr/include/stdint.h:34,
                 from /usr/lib/gcc/x86_64-linux-gnu/11/include/stdint.h:9,
                 from source/discord/ffi.h:9,
                 from source/discord/types.h:4,
                 from source/discord/application_manager.h:4,
                 from source/discord/application_manager.cpp:7:
/usr/include/x86_64-linux-gnu/bits/stdint-intn.h:27:19: note: ‘int64_t’ declared here
   27 | typedef __int64_t int64_t;
      |                   ^~~~~~~
In file included from source/discord/core.h:10,
                 from source/discord/application_manager.cpp:9:
source/discord/lobby_manager.h:73:30: error: ‘int64_t’ is not a member of ‘std’; did you mean ‘int64_t’?
   73 |     Event<std::int64_t, std::int64_t, bool> OnSpeaking;
      |                              ^~~~~~~
In file included from /usr/include/stdint.h:34,
                 from /usr/lib/gcc/x86_64-linux-gnu/11/include/stdint.h:9,
                 from source/discord/ffi.h:9,
                 from source/discord/types.h:4,
                 from source/discord/application_manager.h:4,
                 from source/discord/application_manager.cpp:7:
/usr/include/x86_64-linux-gnu/bits/stdint-intn.h:27:19: note: ‘int64_t’ declared here
   27 | typedef __int64_t int64_t;
      |                   ^~~~~~~
In file included from source/discord/core.h:10,
                 from source/discord/application_manager.cpp:9:
source/discord/lobby_manager.h:73:43: error: template argument 1 is invalid
   73 |     Event<std::int64_t, std::int64_t, bool> OnSpeaking;
      |                                           ^
source/discord/lobby_manager.h:73:43: error: template argument 2 is invalid
source/discord/lobby_manager.h:74:16: error: ‘int64_t’ is not a member of ‘std’; did you mean ‘int64_t’?
   74 |     Event<std::int64_t, std::int64_t, std::uint8_t, std::uint8_t*, std::uint32_t> OnNetworkMessage;
      |                ^~~~~~~
In file included from /usr/include/stdint.h:34,
                 from /usr/lib/gcc/x86_64-linux-gnu/11/include/stdint.h:9,
                 from source/discord/ffi.h:9,
                 from source/discord/types.h:4,
                 from source/discord/application_manager.h:4,
                 from source/discord/application_manager.cpp:7:
/usr/include/x86_64-linux-gnu/bits/stdint-intn.h:27:19: note: ‘int64_t’ declared here
   27 | typedef __int64_t int64_t;
      |                   ^~~~~~~
In file included from source/discord/core.h:10,
                 from source/discord/application_manager.cpp:9:
source/discord/lobby_manager.h:74:30: error: ‘int64_t’ is not a member of ‘std’; did you mean ‘int64_t’?
   74 |     Event<std::int64_t, std::int64_t, std::uint8_t, std::uint8_t*, std::uint32_t> OnNetworkMessage;
      |                              ^~~~~~~
In file included from /usr/include/stdint.h:34,
                 from /usr/lib/gcc/x86_64-linux-gnu/11/include/stdint.h:9,
                 from source/discord/ffi.h:9,
                 from source/discord/types.h:4,
                 from source/discord/application_manager.h:4,
                 from source/discord/application_manager.cpp:7:
/usr/include/x86_64-linux-gnu/bits/stdint-intn.h:27:19: note: ‘int64_t’ declared here
   27 | typedef __int64_t int64_t;
      |                   ^~~~~~~
In file included from source/discord/core.h:10,
                 from source/discord/application_manager.cpp:9:
source/discord/lobby_manager.h:74:44: error: ‘uint8_t’ is not a member of ‘std’; did you mean ‘uint8_t’?
   74 |     Event<std::int64_t, std::int64_t, std::uint8_t, std::uint8_t*, std::uint32_t> OnNetworkMessage;
      |                                            ^~~~~~~
In file included from /usr/include/stdint.h:37,
                 from /usr/lib/gcc/x86_64-linux-gnu/11/include/stdint.h:9,
                 from source/discord/ffi.h:9,
                 from source/discord/types.h:4,
                 from source/discord/application_manager.h:4,
                 from source/discord/application_manager.cpp:7:
/usr/include/x86_64-linux-gnu/bits/stdint-uintn.h:24:19: note: ‘uint8_t’ declared here
   24 | typedef __uint8_t uint8_t;
      |                   ^~~~~~~
In file included from source/discord/core.h:10,
                 from source/discord/application_manager.cpp:9:
source/discord/lobby_manager.h:74:58: error: ‘uint8_t’ is not a member of ‘std’; did you mean ‘uint8_t’?
   74 |     Event<std::int64_t, std::int64_t, std::uint8_t, std::uint8_t*, std::uint32_t> OnNetworkMessage;
      |                                                          ^~~~~~~
In file included from /usr/include/stdint.h:37,
                 from /usr/lib/gcc/x86_64-linux-gnu/11/include/stdint.h:9,
                 from source/discord/ffi.h:9,
                 from source/discord/types.h:4,
                 from source/discord/application_manager.h:4,
                 from source/discord/application_manager.cpp:7:
/usr/include/x86_64-linux-gnu/bits/stdint-uintn.h:24:19: note: ‘uint8_t’ declared here
   24 | typedef __uint8_t uint8_t;
      |                   ^~~~~~~
In file included from source/discord/core.h:10,
                 from source/discord/application_manager.cpp:9:
source/discord/lobby_manager.h:74:73: error: ‘uint32_t’ is not a member of ‘std’; did you mean ‘uint32_t’?
   74 |     Event<std::int64_t, std::int64_t, std::uint8_t, std::uint8_t*, std::uint32_t> OnNetworkMessage;
      |                                                                         ^~~~~~~~
In file included from /usr/include/stdint.h:37,
                 from /usr/lib/gcc/x86_64-linux-gnu/11/include/stdint.h:9,
                 from source/discord/ffi.h:9,
                 from source/discord/types.h:4,
                 from source/discord/application_manager.h:4,
                 from source/discord/application_manager.cpp:7:
/usr/include/x86_64-linux-gnu/bits/stdint-uintn.h:26:20: note: ‘uint32_t’ declared here
   26 | typedef __uint32_t uint32_t;
      |                    ^~~~~~~~
In file included from source/discord/core.h:10,
                 from source/discord/application_manager.cpp:9:
source/discord/lobby_manager.h:74:81: error: template argument 1 is invalid
   74 |     Event<std::int64_t, std::int64_t, std::uint8_t, std::uint8_t*, std::uint32_t> OnNetworkMessage;
      |                                                                                 ^
source/discord/lobby_manager.h:74:81: error: template argument 2 is invalid
source/discord/lobby_manager.h:74:81: error: template argument 3 is invalid
source/discord/lobby_manager.h:74:81: error: template argument 4 is invalid
source/discord/lobby_manager.h:74:81: error: template argument 5 is invalid
In file included from source/discord/core.h:11,
                 from source/discord/application_manager.cpp:9:
source/discord/network_manager.h:15:20: error: ‘NetworkPeerId’ has not been declared
   15 |     void GetPeerId(NetworkPeerId* peerId);
      |                    ^~~~~~~~~~~~~
source/discord/network_manager.h:23:21: error: ‘NetworkPeerId’ has not been declared
   23 |     Result OpenPeer(NetworkPeerId peerId, char const* routeData);
      |                     ^~~~~~~~~~~~~
source/discord/network_manager.h:27:23: error: ‘NetworkPeerId’ has not been declared
   27 |     Result UpdatePeer(NetworkPeerId peerId, char const* routeData);
      |                       ^~~~~~~~~~~~~
source/discord/network_manager.h:31:22: error: ‘NetworkPeerId’ has not been declared
   31 |     Result ClosePeer(NetworkPeerId peerId);
      |                      ^~~~~~~~~~~~~
source/discord/network_manager.h:35:24: error: ‘NetworkPeerId’ has not been declared
   35 |     Result OpenChannel(NetworkPeerId peerId, NetworkChannelId channelId, bool reliable);
      |                        ^~~~~~~~~~~~~
source/discord/network_manager.h:35:46: error: ‘NetworkChannelId’ has not been declared
   35 |     Result OpenChannel(NetworkPeerId peerId, NetworkChannelId channelId, bool reliable);
      |                                              ^~~~~~~~~~~~~~~~
source/discord/network_manager.h:39:25: error: ‘NetworkPeerId’ has not been declared
   39 |     Result CloseChannel(NetworkPeerId peerId, NetworkChannelId channelId);
      |                         ^~~~~~~~~~~~~
source/discord/network_manager.h:39:47: error: ‘NetworkChannelId’ has not been declared
   39 |     Result CloseChannel(NetworkPeerId peerId, NetworkChannelId channelId);
      |                                               ^~~~~~~~~~~~~~~~
source/discord/network_manager.h:43:24: error: ‘NetworkPeerId’ has not been declared
   43 |     Result SendMessage(NetworkPeerId peerId,
      |                        ^~~~~~~~~~~~~
source/discord/network_manager.h:44:24: error: ‘NetworkChannelId’ has not been declared
   44 |                        NetworkChannelId channelId,
      |                        ^~~~~~~~~~~~~~~~
source/discord/network_manager.h:45:24: error: ‘std::uint8_t’ has not been declared
   45 |                        std::uint8_t* data,
      |                        ^~~
source/discord/network_manager.h:46:24: error: ‘std::uint32_t’ has not been declared
   46 |                        std::uint32_t dataLength);
      |                        ^~~
source/discord/network_manager.h:48:11: error: ‘NetworkPeerId’ was not declared in this scope; did you mean ‘GetPeerId’?
   48 |     Event<NetworkPeerId, NetworkChannelId, std::uint8_t*, std::uint32_t> OnMessage;
      |           ^~~~~~~~~~~~~
      |           GetPeerId
source/discord/network_manager.h:48:26: error: ‘NetworkChannelId’ was not declared in this scope
   48 |     Event<NetworkPeerId, NetworkChannelId, std::uint8_t*, std::uint32_t> OnMessage;
      |                          ^~~~~~~~~~~~~~~~
source/discord/network_manager.h:48:49: error: ‘uint8_t’ is not a member of ‘std’; did you mean ‘uint8_t’?
   48 |     Event<NetworkPeerId, NetworkChannelId, std::uint8_t*, std::uint32_t> OnMessage;
      |                                                 ^~~~~~~
In file included from /usr/include/stdint.h:37,
                 from /usr/lib/gcc/x86_64-linux-gnu/11/include/stdint.h:9,
                 from source/discord/ffi.h:9,
                 from source/discord/types.h:4,
                 from source/discord/application_manager.h:4,
                 from source/discord/application_manager.cpp:7:
/usr/include/x86_64-linux-gnu/bits/stdint-uintn.h:24:19: note: ‘uint8_t’ declared here
   24 | typedef __uint8_t uint8_t;
      |                   ^~~~~~~
In file included from source/discord/core.h:11,
                 from source/discord/application_manager.cpp:9:
source/discord/network_manager.h:48:64: error: ‘uint32_t’ is not a member of ‘std’; did you mean ‘uint32_t’?
   48 |     Event<NetworkPeerId, NetworkChannelId, std::uint8_t*, std::uint32_t> OnMessage;
      |                                                                ^~~~~~~~
In file included from /usr/include/stdint.h:37,
                 from /usr/lib/gcc/x86_64-linux-gnu/11/include/stdint.h:9,
                 from source/discord/ffi.h:9,
                 from source/discord/types.h:4,
                 from source/discord/application_manager.h:4,
                 from source/discord/application_manager.cpp:7:
/usr/include/x86_64-linux-gnu/bits/stdint-uintn.h:26:20: note: ‘uint32_t’ declared here
   26 | typedef __uint32_t uint32_t;
      |                    ^~~~~~~~
In file included from source/discord/core.h:11,
                 from source/discord/application_manager.cpp:9:
source/discord/network_manager.h:48:72: error: template argument 1 is invalid
   48 |     Event<NetworkPeerId, NetworkChannelId, std::uint8_t*, std::uint32_t> OnMessage;
      |                                                                        ^
source/discord/network_manager.h:48:72: error: template argument 2 is invalid
source/discord/network_manager.h:48:72: error: template argument 3 is invalid
source/discord/network_manager.h:48:72: error: template argument 4 is invalid
In file included from source/discord/core.h:13,
                 from source/discord/application_manager.cpp:9:
source/discord/storage_manager.h:13:17: error: ‘std::uint8_t’ has not been declared
   13 |                 std::uint8_t* data,
      |                 ^~~
source/discord/storage_manager.h:14:17: error: ‘std::uint32_t’ has not been declared
   14 |                 std::uint32_t dataLength,
      |                 ^~~
source/discord/storage_manager.h:15:17: error: ‘std::uint32_t’ has not been declared
   15 |                 std::uint32_t* read);
      |                 ^~~
source/discord/storage_manager.h:17:52: error: ‘uint8_t’ is not a member of ‘std’; did you mean ‘uint8_t’?
   17 |                    std::function<void(Result, std::uint8_t*, std::uint32_t)> callback);
      |                                                    ^~~~~~~
In file included from /usr/include/stdint.h:37,
                 from /usr/lib/gcc/x86_64-linux-gnu/11/include/stdint.h:9,
                 from source/discord/ffi.h:9,
                 from source/discord/types.h:4,
                 from source/discord/application_manager.h:4,
                 from source/discord/application_manager.cpp:7:
/usr/include/x86_64-linux-gnu/bits/stdint-uintn.h:24:19: note: ‘uint8_t’ declared here
   24 | typedef __uint8_t uint8_t;
      |                   ^~~~~~~
In file included from source/discord/core.h:13,
                 from source/discord/application_manager.cpp:9:
source/discord/storage_manager.h:17:67: error: ‘uint32_t’ is not a member of ‘std’; did you mean ‘uint32_t’?
   17 |                    std::function<void(Result, std::uint8_t*, std::uint32_t)> callback);
      |                                                                   ^~~~~~~~
In file included from /usr/include/stdint.h:37,
                 from /usr/lib/gcc/x86_64-linux-gnu/11/include/stdint.h:9,
                 from source/discord/ffi.h:9,
                 from source/discord/types.h:4,
                 from source/discord/application_manager.h:4,
                 from source/discord/application_manager.cpp:7:
/usr/include/x86_64-linux-gnu/bits/stdint-uintn.h:26:20: note: ‘uint32_t’ declared here
   26 | typedef __uint32_t uint32_t;
      |                    ^~~~~~~~
In file included from source/discord/core.h:13,
                 from source/discord/application_manager.cpp:9:
source/discord/storage_manager.h:17:75: error: expression list treated as compound expression in functional cast [-fpermissive]
   17 |                    std::function<void(Result, std::uint8_t*, std::uint32_t)> callback);
      |                                                                           ^
source/discord/storage_manager.h:17:76: error: template argument 1 is invalid
   17 |                    std::function<void(Result, std::uint8_t*, std::uint32_t)> callback);
      |                                                                            ^
source/discord/storage_manager.h:17:52: error: ‘uint8_t’ is not a member of ‘std’; did you mean ‘uint8_t’?
   17 |                    std::function<void(Result, std::uint8_t*, std::uint32_t)> callback);
      |                                                    ^~~~~~~
In file included from /usr/include/stdint.h:37,
                 from /usr/lib/gcc/x86_64-linux-gnu/11/include/stdint.h:9,
                 from source/discord/ffi.h:9,
                 from source/discord/types.h:4,
                 from source/discord/application_manager.h:4,
                 from source/discord/application_manager.cpp:7:
/usr/include/x86_64-linux-gnu/bits/stdint-uintn.h:24:19: note: ‘uint8_t’ declared here
   24 | typedef __uint8_t uint8_t;
      |                   ^~~~~~~
In file included from source/discord/core.h:13,
                 from source/discord/application_manager.cpp:9:
source/discord/storage_manager.h:17:67: error: ‘uint32_t’ is not a member of ‘std’; did you mean ‘uint32_t’?
   17 |                    std::function<void(Result, std::uint8_t*, std::uint32_t)> callback);
      |                                                                   ^~~~~~~~
In file included from /usr/include/stdint.h:37,
                 from /usr/lib/gcc/x86_64-linux-gnu/11/include/stdint.h:9,
                 from source/discord/ffi.h:9,
                 from source/discord/types.h:4,
                 from source/discord/application_manager.h:4,
                 from source/discord/application_manager.cpp:7:
/usr/include/x86_64-linux-gnu/bits/stdint-uintn.h:26:20: note: ‘uint32_t’ declared here
   26 | typedef __uint32_t uint32_t;
      |                    ^~~~~~~~
In file included from source/discord/core.h:13,
                 from source/discord/application_manager.cpp:9:
source/discord/storage_manager.h:17:75: error: expression list treated as compound expression in functional cast [-fpermissive]
   17 |                    std::function<void(Result, std::uint8_t*, std::uint32_t)> callback);
      |                                                                           ^
source/discord/storage_manager.h:17:76: error: template argument 1 is invalid
   17 |                    std::function<void(Result, std::uint8_t*, std::uint32_t)> callback);
      |                                                                            ^
source/discord/storage_manager.h:17:52: error: ‘uint8_t’ is not a member of ‘std’; did you mean ‘uint8_t’?
   17 |                    std::function<void(Result, std::uint8_t*, std::uint32_t)> callback);
      |                                                    ^~~~~~~
In file included from /usr/include/stdint.h:37,
                 from /usr/lib/gcc/x86_64-linux-gnu/11/include/stdint.h:9,
                 from source/discord/ffi.h:9,
                 from source/discord/types.h:4,
                 from source/discord/application_manager.h:4,
                 from source/discord/application_manager.cpp:7:
/usr/include/x86_64-linux-gnu/bits/stdint-uintn.h:24:19: note: ‘uint8_t’ declared here
   24 | typedef __uint8_t uint8_t;
      |                   ^~~~~~~
In file included from source/discord/core.h:13,
                 from source/discord/application_manager.cpp:9:
source/discord/storage_manager.h:17:67: error: ‘uint32_t’ is not a member of ‘std’; did you mean ‘uint32_t’?
   17 |                    std::function<void(Result, std::uint8_t*, std::uint32_t)> callback);
      |                                                                   ^~~~~~~~
In file included from /usr/include/stdint.h:37,
                 from /usr/lib/gcc/x86_64-linux-gnu/11/include/stdint.h:9,
                 from source/discord/ffi.h:9,
                 from source/discord/types.h:4,
                 from source/discord/application_manager.h:4,
                 from source/discord/application_manager.cpp:7:
/usr/include/x86_64-linux-gnu/bits/stdint-uintn.h:26:20: note: ‘uint32_t’ declared here
   26 | typedef __uint32_t uint32_t;
      |                    ^~~~~~~~
In file included from source/discord/core.h:13,
                 from source/discord/application_manager.cpp:9:
source/discord/storage_manager.h:17:75: error: expression list treated as compound expression in functional cast [-fpermissive]
   17 |                    std::function<void(Result, std::uint8_t*, std::uint32_t)> callback);
      |                                                                           ^
source/discord/storage_manager.h:17:76: error: template argument 1 is invalid
   17 |                    std::function<void(Result, std::uint8_t*, std::uint32_t)> callback);
      |                                                                            ^
source/discord/storage_manager.h:17:20: error: invalid template-id
   17 |                    std::function<void(Result, std::uint8_t*, std::uint32_t)> callback);
      |                    ^~~
source/discord/storage_manager.h:17:52: error: ‘uint8_t’ is not a member of ‘std’; did you mean ‘uint8_t’?
   17 |                    std::function<void(Result, std::uint8_t*, std::uint32_t)> callback);
      |                                                    ^~~~~~~
In file included from /usr/include/stdint.h:37,
                 from /usr/lib/gcc/x86_64-linux-gnu/11/include/stdint.h:9,
                 from source/discord/ffi.h:9,
                 from source/discord/types.h:4,
                 from source/discord/application_manager.h:4,
                 from source/discord/application_manager.cpp:7:
/usr/include/x86_64-linux-gnu/bits/stdint-uintn.h:24:19: note: ‘uint8_t’ declared here
   24 | typedef __uint8_t uint8_t;
      |                   ^~~~~~~
In file included from source/discord/core.h:13,
                 from source/discord/application_manager.cpp:9:
source/discord/storage_manager.h:17:67: error: ‘uint32_t’ is not a member of ‘std’; did you mean ‘uint32_t’?
   17 |                    std::function<void(Result, std::uint8_t*, std::uint32_t)> callback);
      |                                                                   ^~~~~~~~
In file included from /usr/include/stdint.h:37,
                 from /usr/lib/gcc/x86_64-linux-gnu/11/include/stdint.h:9,
                 from source/discord/ffi.h:9,
                 from source/discord/types.h:4,
                 from source/discord/application_manager.h:4,
                 from source/discord/application_manager.cpp:7:
/usr/include/x86_64-linux-gnu/bits/stdint-uintn.h:26:20: note: ‘uint32_t’ declared here
   26 | typedef __uint32_t uint32_t;
      |                    ^~~~~~~~
In file included from source/discord/core.h:13,
                 from source/discord/application_manager.cpp:9:
source/discord/storage_manager.h:17:75: error: expression list treated as compound expression in functional cast [-fpermissive]
   17 |                    std::function<void(Result, std::uint8_t*, std::uint32_t)> callback);
      |                                                                           ^
source/discord/storage_manager.h:17:34: error: expected primary-expression before ‘void’
   17 |                    std::function<void(Result, std::uint8_t*, std::uint32_t)> callback);
      |                                  ^~~~
source/discord/storage_manager.h:17:34: error: expected ‘>’ before ‘void’
source/discord/storage_manager.h:17:20: error: class template placeholder ‘std::function’ not permitted in this context
   17 |                    std::function<void(Result, std::uint8_t*, std::uint32_t)> callback);
      |                    ^~~
source/discord/storage_manager.h:19:27: error: ‘std::uint64_t’ has not been declared
   19 |                           std::uint64_t offset,
      |                           ^~~
source/discord/storage_manager.h:20:27: error: ‘std::uint64_t’ has not been declared
   20 |                           std::uint64_t length,
      |                           ^~~
source/discord/storage_manager.h:21:59: error: ‘uint8_t’ is not a member of ‘std’; did you mean ‘uint8_t’?
   21 |                           std::function<void(Result, std::uint8_t*, std::uint32_t)> callback);
      |                                                           ^~~~~~~
In file included from /usr/include/stdint.h:37,
                 from /usr/lib/gcc/x86_64-linux-gnu/11/include/stdint.h:9,
                 from source/discord/ffi.h:9,
                 from source/discord/types.h:4,
                 from source/discord/application_manager.h:4,
                 from source/discord/application_manager.cpp:7:
/usr/include/x86_64-linux-gnu/bits/stdint-uintn.h:24:19: note: ‘uint8_t’ declared here
   24 | typedef __uint8_t uint8_t;
      |                   ^~~~~~~
In file included from source/discord/core.h:13,
                 from source/discord/application_manager.cpp:9:
source/discord/storage_manager.h:21:74: error: ‘uint32_t’ is not a member of ‘std’; did you mean ‘uint32_t’?
   21 |                           std::function<void(Result, std::uint8_t*, std::uint32_t)> callback);
      |                                                                          ^~~~~~~~
In file included from /usr/include/stdint.h:37,
                 from /usr/lib/gcc/x86_64-linux-gnu/11/include/stdint.h:9,
                 from source/discord/ffi.h:9,
                 from source/discord/types.h:4,
                 from source/discord/application_manager.h:4,
                 from source/discord/application_manager.cpp:7:
/usr/include/x86_64-linux-gnu/bits/stdint-uintn.h:26:20: note: ‘uint32_t’ declared here
   26 | typedef __uint32_t uint32_t;
      |                    ^~~~~~~~
In file included from source/discord/core.h:13,
                 from source/discord/application_manager.cpp:9:
source/discord/storage_manager.h:21:82: error: expression list treated as compound expression in functional cast [-fpermissive]
   21 |                           std::function<void(Result, std::uint8_t*, std::uint32_t)> callback);
      |                                                                                  ^
source/discord/storage_manager.h:21:83: error: template argument 1 is invalid
   21 |                           std::function<void(Result, std::uint8_t*, std::uint32_t)> callback);
      |                                                                                   ^
source/discord/storage_manager.h:21:59: error: ‘uint8_t’ is not a member of ‘std’; did you mean ‘uint8_t’?
   21 |                           std::function<void(Result, std::uint8_t*, std::uint32_t)> callback);
      |                                                           ^~~~~~~
In file included from /usr/include/stdint.h:37,
                 from /usr/lib/gcc/x86_64-linux-gnu/11/include/stdint.h:9,
                 from source/discord/ffi.h:9,
                 from source/discord/types.h:4,
                 from source/discord/application_manager.h:4,
                 from source/discord/application_manager.cpp:7:
/usr/include/x86_64-linux-gnu/bits/stdint-uintn.h:24:19: note: ‘uint8_t’ declared here
   24 | typedef __uint8_t uint8_t;
      |                   ^~~~~~~
In file included from source/discord/core.h:13,
                 from source/discord/application_manager.cpp:9:
source/discord/storage_manager.h:21:74: error: ‘uint32_t’ is not a member of ‘std’; did you mean ‘uint32_t’?
   21 |                           std::function<void(Result, std::uint8_t*, std::uint32_t)> callback);
      |                                                                          ^~~~~~~~
In file included from /usr/include/stdint.h:37,
                 from /usr/lib/gcc/x86_64-linux-gnu/11/include/stdint.h:9,
                 from source/discord/ffi.h:9,
                 from source/discord/types.h:4,
                 from source/discord/application_manager.h:4,
                 from source/discord/application_manager.cpp:7:
/usr/include/x86_64-linux-gnu/bits/stdint-uintn.h:26:20: note: ‘uint32_t’ declared here
   26 | typedef __uint32_t uint32_t;
      |                    ^~~~~~~~
In file included from source/discord/core.h:13,
                 from source/discord/application_manager.cpp:9:
source/discord/storage_manager.h:21:82: error: expression list treated as compound expression in functional cast [-fpermissive]
   21 |                           std::function<void(Result, std::uint8_t*, std::uint32_t)> callback);
      |                                                                                  ^
source/discord/storage_manager.h:21:83: error: template argument 1 is invalid
   21 |                           std::function<void(Result, std::uint8_t*, std::uint32_t)> callback);
      |                                                                                   ^
source/discord/storage_manager.h:21:59: error: ‘uint8_t’ is not a member of ‘std’; did you mean ‘uint8_t’?
   21 |                           std::function<void(Result, std::uint8_t*, std::uint32_t)> callback);
      |                                                           ^~~~~~~
In file included from /usr/include/stdint.h:37,
                 from /usr/lib/gcc/x86_64-linux-gnu/11/include/stdint.h:9,
                 from source/discord/ffi.h:9,
                 from source/discord/types.h:4,
                 from source/discord/application_manager.h:4,
                 from source/discord/application_manager.cpp:7:
/usr/include/x86_64-linux-gnu/bits/stdint-uintn.h:24:19: note: ‘uint8_t’ declared here
   24 | typedef __uint8_t uint8_t;
      |                   ^~~~~~~
In file included from source/discord/core.h:13,
                 from source/discord/application_manager.cpp:9:
source/discord/storage_manager.h:21:74: error: ‘uint32_t’ is not a member of ‘std’; did you mean ‘uint32_t’?
   21 |                           std::function<void(Result, std::uint8_t*, std::uint32_t)> callback);
      |                                                                          ^~~~~~~~
In file included from /usr/include/stdint.h:37,
                 from /usr/lib/gcc/x86_64-linux-gnu/11/include/stdint.h:9,
                 from source/discord/ffi.h:9,
                 from source/discord/types.h:4,
                 from source/discord/application_manager.h:4,
                 from source/discord/application_manager.cpp:7:
/usr/include/x86_64-linux-gnu/bits/stdint-uintn.h:26:20: note: ‘uint32_t’ declared here
   26 | typedef __uint32_t uint32_t;
      |                    ^~~~~~~~
In file included from source/discord/core.h:13,
                 from source/discord/application_manager.cpp:9:
source/discord/storage_manager.h:21:82: error: expression list treated as compound expression in functional cast [-fpermissive]
   21 |                           std::function<void(Result, std::uint8_t*, std::uint32_t)> callback);
      |                                                                                  ^
source/discord/storage_manager.h:21:83: error: template argument 1 is invalid
   21 |                           std::function<void(Result, std::uint8_t*, std::uint32_t)> callback);
      |                                                                                   ^
source/discord/storage_manager.h:21:27: error: invalid template-id
   21 |                           std::function<void(Result, std::uint8_t*, std::uint32_t)> callback);
      |                           ^~~
source/discord/storage_manager.h:21:59: error: ‘uint8_t’ is not a member of ‘std’; did you mean ‘uint8_t’?
   21 |                           std::function<void(Result, std::uint8_t*, std::uint32_t)> callback);
      |                                                           ^~~~~~~
In file included from /usr/include/stdint.h:37,
                 from /usr/lib/gcc/x86_64-linux-gnu/11/include/stdint.h:9,
                 from source/discord/ffi.h:9,
                 from source/discord/types.h:4,
                 from source/discord/application_manager.h:4,
                 from source/discord/application_manager.cpp:7:
/usr/include/x86_64-linux-gnu/bits/stdint-uintn.h:24:19: note: ‘uint8_t’ declared here
   24 | typedef __uint8_t uint8_t;
      |                   ^~~~~~~
In file included from source/discord/core.h:13,
                 from source/discord/application_manager.cpp:9:
source/discord/storage_manager.h:21:74: error: ‘uint32_t’ is not a member of ‘std’; did you mean ‘uint32_t’?
   21 |                           std::function<void(Result, std::uint8_t*, std::uint32_t)> callback);
      |                                                                          ^~~~~~~~
In file included from /usr/include/stdint.h:37,
                 from /usr/lib/gcc/x86_64-linux-gnu/11/include/stdint.h:9,
                 from source/discord/ffi.h:9,
                 from source/discord/types.h:4,
                 from source/discord/application_manager.h:4,
                 from source/discord/application_manager.cpp:7:
/usr/include/x86_64-linux-gnu/bits/stdint-uintn.h:26:20: note: ‘uint32_t’ declared here
   26 | typedef __uint32_t uint32_t;
      |                    ^~~~~~~~
In file included from source/discord/core.h:13,
                 from source/discord/application_manager.cpp:9:
source/discord/storage_manager.h:21:82: error: expression list treated as compound expression in functional cast [-fpermissive]
   21 |                           std::function<void(Result, std::uint8_t*, std::uint32_t)> callback);
      |                                                                                  ^
source/discord/storage_manager.h:21:41: error: expected primary-expression before ‘void’
   21 |                           std::function<void(Result, std::uint8_t*, std::uint32_t)> callback);
      |                                         ^~~~
source/discord/storage_manager.h:21:41: error: expected ‘>’ before ‘void’
source/discord/storage_manager.h:21:27: error: class template placeholder ‘std::function’ not permitted in this context
   21 |                           std::function<void(Result, std::uint8_t*, std::uint32_t)> callback);
      |                           ^~~
source/discord/storage_manager.h:22:36: error: ‘std::uint8_t’ has not been declared
   22 |     Result Write(char const* name, std::uint8_t* data, std::uint32_t dataLength);
      |                                    ^~~
source/discord/storage_manager.h:22:56: error: ‘std::uint32_t’ has not been declared
   22 |     Result Write(char const* name, std::uint8_t* data, std::uint32_t dataLength);
      |                                                        ^~~
source/discord/storage_manager.h:24:21: error: ‘std::uint8_t’ has not been declared
   24 |                     std::uint8_t* data,
      |                     ^~~
source/discord/storage_manager.h:25:21: error: ‘std::uint32_t’ has not been declared
   25 |                     std::uint32_t dataLength,
      |                     ^~~
source/discord/storage_manager.h:29:16: error: ‘std::int32_t’ has not been declared
   29 |     void Count(std::int32_t* count);
      |                ^~~
source/discord/storage_manager.h:31:19: error: ‘std::int32_t’ has not been declared
   31 |     Result StatAt(std::int32_t index, FileStat* stat);
      |                   ^~~
In file included from source/discord/core.h:14,
                 from source/discord/application_manager.cpp:9:
source/discord/store_manager.h:13:20: error: ‘std::int32_t’ has not been declared
   13 |     void CountSkus(std::int32_t* count);
      |                    ^~~
source/discord/store_manager.h:14:19: error: ‘Snowflake’ has not been declared
   14 |     Result GetSku(Snowflake skuId, Sku* sku);
      |                   ^~~~~~~~~
source/discord/store_manager.h:15:21: error: ‘std::int32_t’ has not been declared
   15 |     Result GetSkuAt(std::int32_t index, Sku* sku);
      |                     ^~~
source/discord/store_manager.h:17:28: error: ‘std::int32_t’ has not been declared
   17 |     void CountEntitlements(std::int32_t* count);
      |                            ^~~
source/discord/store_manager.h:18:27: error: ‘Snowflake’ has not been declared
   18 |     Result GetEntitlement(Snowflake entitlementId, Entitlement* entitlement);
      |                           ^~~~~~~~~
source/discord/store_manager.h:19:29: error: ‘std::int32_t’ has not been declared
   19 |     Result GetEntitlementAt(std::int32_t index, Entitlement* entitlement);
      |                             ^~~
source/discord/store_manager.h:20:30: error: ‘Snowflake’ has not been declared
   20 |     Result HasSkuEntitlement(Snowflake skuId, bool* hasEntitlement);
      |                              ^~~~~~~~~
source/discord/store_manager.h:21:24: error: ‘Snowflake’ has not been declared
   21 |     void StartPurchase(Snowflake skuId, std::function<void(Result)> callback);
      |                        ^~~~~~~~~
In file included from source/discord/core.h:15,
                 from source/discord/application_manager.cpp:9:
source/discord/voice_manager.h:18:24: error: ‘Snowflake’ has not been declared
   18 |     Result IsLocalMute(Snowflake userId, bool* mute);
      |                        ^~~~~~~~~
source/discord/voice_manager.h:19:25: error: ‘Snowflake’ has not been declared
   19 |     Result SetLocalMute(Snowflake userId, bool mute);
      |                         ^~~~~~~~~
source/discord/voice_manager.h:20:27: error: ‘Snowflake’ has not been declared
   20 |     Result GetLocalVolume(Snowflake userId, std::uint8_t* volume);
      |                           ^~~~~~~~~
source/discord/voice_manager.h:20:45: error: ‘std::uint8_t’ has not been declared
   20 |     Result GetLocalVolume(Snowflake userId, std::uint8_t* volume);
      |                                             ^~~
source/discord/voice_manager.h:21:27: error: ‘Snowflake’ has not been declared
   21 |     Result SetLocalVolume(Snowflake userId, std::uint8_t volume);
      |                           ^~~~~~~~~
source/discord/voice_manager.h:21:45: error: ‘std::uint8_t’ has not been declared
   21 |     Result SetLocalVolume(Snowflake userId, std::uint8_t volume);
      |                                             ^~~
In file included from source/discord/core.h:16,
                 from source/discord/application_manager.cpp:9:
source/discord/achievement_manager.h:12:29: error: ‘Snowflake’ has not been declared
   12 |     void SetUserAchievement(Snowflake achievementId,
      |                             ^~~~~~~~~
source/discord/achievement_manager.h:13:29: error: ‘std::uint8_t’ has not been declared
   13 |                             std::uint8_t percentComplete,
      |                             ^~~
source/discord/achievement_manager.h:16:32: error: ‘std::int32_t’ has not been declared
   16 |     void CountUserAchievements(std::int32_t* count);
      |                                ^~~
source/discord/achievement_manager.h:17:31: error: ‘Snowflake’ has not been declared
   17 |     Result GetUserAchievement(Snowflake userAchievementId, UserAchievement* userAchievement);
      |                               ^~~~~~~~~
source/discord/achievement_manager.h:18:33: error: ‘std::int32_t’ has not been declared
   18 |     Result GetUserAchievementAt(std::int32_t index, UserAchievement* userAchievement);
      |                                 ^~~
In file included from source/discord/application_manager.cpp:9:
source/discord/core.h:22:26: error: ‘ClientId’ has not been declared
   22 |     static Result Create(ClientId clientId, std::uint64_t flags, Core** instance);
      |                          ^~~~~~~~
source/discord/core.h:22:45: error: ‘std::uint64_t’ has not been declared
   22 |     static Result Create(ClientId clientId, std::uint64_t flags, Core** instance);
      |                                             ^~~
In file included from source/discord/core.h:4,
                 from source/discord/core.cpp:6:
source/discord/types.h:168:23: error: ‘int64_t’ in namespace ‘std’ does not name a type
  168 | using ClientId = std::int64_t;
      |                       ^~~~~~~
source/discord/types.h:169:22: error: ‘int32_t’ in namespace ‘std’ does not name a type
  169 | using Version = std::int32_t;
      |                      ^~~~~~~
source/discord/types.h:170:24: error: ‘int64_t’ in namespace ‘std’ does not name a type
  170 | using Snowflake = std::int64_t;
      |                        ^~~~~~~
source/discord/types.h:171:24: error: ‘int64_t’ in namespace ‘std’ does not name a type
  171 | using Timestamp = std::int64_t;
      |                        ^~~~~~~
source/discord/types.h:172:16: error: ‘Snowflake’ does not name a type
  172 | using UserId = Snowflake;
      |                ^~~~~~~~~
source/discord/types.h:175:17: error: ‘Snowflake’ does not name a type
  175 | using LobbyId = Snowflake;
      |                 ^~~~~~~~~
source/discord/types.h:179:28: error: ‘uint64_t’ in namespace ‘std’ does not name a type
  179 | using NetworkPeerId = std::uint64_t;
      |                            ^~~~~~~~
source/discord/types.h:180:31: error: ‘uint8_t’ in namespace ‘std’ does not name a type
  180 | using NetworkChannelId = std::uint8_t;
      |                               ^~~~~~~
source/discord/types.h:186:16: error: ‘UserId’ has not been declared
  186 |     void SetId(UserId id);
      |                ^~~~~~
source/discord/types.h:187:5: error: ‘UserId’ does not name a type; did you mean ‘User’?
  187 |     UserId GetId() const;
      |     ^~~~~~
      |     User
source/discord/types.h:207:21: error: ‘Timestamp’ has not been declared
  207 |     void SetExpires(Timestamp expires);
      |                     ^~~~~~~~~
source/discord/types.h:208:5: error: ‘Timestamp’ does not name a type
  208 |     Timestamp GetExpires() const;
      |     ^~~~~~~~~
source/discord/types.h:218:16: error: ‘std::int64_t’ has not been declared
  218 |     void SetId(std::int64_t id);
      |                ^~~
source/discord/types.h:219:10: error: ‘int64_t’ in namespace ‘std’ does not name a type
  219 |     std::int64_t GetId() const;
      |          ^~~~~~~
source/discord/types.h:220:18: error: ‘std::uint32_t’ has not been declared
  220 |     void SetSize(std::uint32_t size);
      |                  ^~~
source/discord/types.h:221:10: error: ‘uint32_t’ in namespace ‘std’ does not name a type
  221 |     std::uint32_t GetSize() const;
      |          ^~~~~~~~
source/discord/types.h:229:19: error: ‘std::uint32_t’ has not been declared
  229 |     void SetWidth(std::uint32_t width);
      |                   ^~~
source/discord/types.h:230:10: error: ‘uint32_t’ in namespace ‘std’ does not name a type
  230 |     std::uint32_t GetWidth() const;
      |          ^~~~~~~~
source/discord/types.h:231:20: error: ‘std::uint32_t’ has not been declared
  231 |     void SetHeight(std::uint32_t height);
      |                    ^~~
source/discord/types.h:232:10: error: ‘uint32_t’ in namespace ‘std’ does not name a type
  232 |     std::uint32_t GetHeight() const;
      |          ^~~~~~~~
source/discord/types.h:240:19: error: ‘Timestamp’ has not been declared
  240 |     void SetStart(Timestamp start);
      |                   ^~~~~~~~~
source/discord/types.h:241:5: error: ‘Timestamp’ does not name a type
  241 |     Timestamp GetStart() const;
      |     ^~~~~~~~~
source/discord/types.h:242:17: error: ‘Timestamp’ has not been declared
  242 |     void SetEnd(Timestamp end);
      |                 ^~~~~~~~~
source/discord/types.h:243:5: error: ‘Timestamp’ does not name a type
  243 |     Timestamp GetEnd() const;
      |     ^~~~~~~~~
source/discord/types.h:266:25: error: ‘std::int32_t’ has not been declared
  266 |     void SetCurrentSize(std::int32_t currentSize);
      |                         ^~~
source/discord/types.h:267:10: error: ‘int32_t’ in namespace ‘std’ does not name a type
  267 |     std::int32_t GetCurrentSize() const;
      |          ^~~~~~~
source/discord/types.h:268:21: error: ‘std::int32_t’ has not been declared
  268 |     void SetMaxSize(std::int32_t maxSize);
      |                     ^~~
source/discord/types.h:269:10: error: ‘int32_t’ in namespace ‘std’ does not name a type
  269 |     std::int32_t GetMaxSize() const;
      |          ^~~~~~~
source/discord/types.h:303:27: error: ‘std::int64_t’ has not been declared
  303 |     void SetApplicationId(std::int64_t applicationId);
      |                           ^~~
source/discord/types.h:304:10: error: ‘int64_t’ in namespace ‘std’ does not name a type
  304 |     std::int64_t GetApplicationId() const;
      |          ^~~~~~~
source/discord/types.h:352:16: error: ‘LobbyId’ has not been declared
  352 |     void SetId(LobbyId id);
      |                ^~~~~~~
source/discord/types.h:353:5: error: ‘LobbyId’ does not name a type; did you mean ‘Lobby’?
  353 |     LobbyId GetId() const;
      |     ^~~~~~~
      |     Lobby
source/discord/types.h:356:21: error: ‘UserId’ has not been declared
  356 |     void SetOwnerId(UserId ownerId);
      |                     ^~~~~~
source/discord/types.h:357:5: error: ‘UserId’ does not name a type; did you mean ‘User’?
  357 |     UserId GetOwnerId() const;
      |     ^~~~~~
      |     User
source/discord/types.h:360:22: error: ‘std::uint32_t’ has not been declared
  360 |     void SetCapacity(std::uint32_t capacity);
      |                      ^~~
source/discord/types.h:361:10: error: ‘uint32_t’ in namespace ‘std’ does not name a type
  361 |     std::uint32_t GetCapacity() const;
      |          ^~~~~~~~
source/discord/types.h:373:18: error: ‘std::uint64_t’ has not been declared
  373 |     void SetSize(std::uint64_t size);
      |                  ^~~
source/discord/types.h:374:10: error: ‘uint64_t’ in namespace ‘std’ does not name a type
  374 |     std::uint64_t GetSize() const;
      |          ^~~~~~~~
source/discord/types.h:375:26: error: ‘std::uint64_t’ has not been declared
  375 |     void SetLastModified(std::uint64_t lastModified);
      |                          ^~~
source/discord/types.h:376:10: error: ‘uint64_t’ in namespace ‘std’ does not name a type
  376 |     std::uint64_t GetLastModified() const;
      |          ^~~~~~~~
source/discord/types.h:384:16: error: ‘Snowflake’ has not been declared
  384 |     void SetId(Snowflake id);
      |                ^~~~~~~~~
source/discord/types.h:385:5: error: ‘Snowflake’ does not name a type
  385 |     Snowflake GetId() const;
      |     ^~~~~~~~~
source/discord/types.h:388:19: error: ‘Snowflake’ has not been declared
  388 |     void SetSkuId(Snowflake skuId);
      |                   ^~~~~~~~~
source/discord/types.h:389:5: error: ‘Snowflake’ does not name a type
  389 |     Snowflake GetSkuId() const;
      |     ^~~~~~~~~
source/discord/types.h:397:20: error: ‘std::uint32_t’ has not been declared
  397 |     void SetAmount(std::uint32_t amount);
      |                    ^~~
source/discord/types.h:398:10: error: ‘uint32_t’ in namespace ‘std’ does not name a type
  398 |     std::uint32_t GetAmount() const;
      |          ^~~~~~~~
source/discord/types.h:408:16: error: ‘Snowflake’ has not been declared
  408 |     void SetId(Snowflake id);
      |                ^~~~~~~~~
source/discord/types.h:409:5: error: ‘Snowflake’ does not name a type
  409 |     Snowflake GetId() const;
      |     ^~~~~~~~~
source/discord/types.h:434:20: error: ‘Snowflake’ has not been declared
  434 |     void SetUserId(Snowflake userId);
      |                    ^~~~~~~~~
source/discord/types.h:435:5: error: ‘Snowflake’ does not name a type
  435 |     Snowflake GetUserId() const;
      |     ^~~~~~~~~
source/discord/types.h:436:27: error: ‘Snowflake’ has not been declared
  436 |     void SetAchievementId(Snowflake achievementId);
      |                           ^~~~~~~~~
source/discord/types.h:437:5: error: ‘Snowflake’ does not name a type
  437 |     Snowflake GetAchievementId() const;
      |     ^~~~~~~~~
source/discord/types.h:438:29: error: ‘std::uint8_t’ has not been declared
  438 |     void SetPercentComplete(std::uint8_t percentComplete);
      |                             ^~~
source/discord/types.h:439:10: error: ‘uint8_t’ in namespace ‘std’ does not name a type
  439 |     std::uint8_t GetPercentComplete() const;
      |          ^~~~~~~
source/discord/types.h:450:21: error: ‘UserId’ has not been declared
  450 |     Result SetOwner(UserId ownerId);
      |                     ^~~~~~
source/discord/types.h:451:24: error: ‘std::uint32_t’ has not been declared
  451 |     Result SetCapacity(std::uint32_t capacity);
      |                        ^~~
source/discord/types.h:482:18: error: ‘std::uint32_t’ has not been declared
  482 |     Result Limit(std::uint32_t limit);
      |                  ^~~
In file included from source/discord/core.h:6,
                 from source/discord/core.cpp:6:
source/discord/user_manager.h:13:18: error: ‘UserId’ has not been declared
   13 |     void GetUser(UserId userId, std::function<void(Result, User const&)> callback);
      |                  ^~~~~~
In file included from source/discord/core.h:7,
                 from source/discord/core.cpp:6:
source/discord/image_manager.h:14:40: error: ‘std::uint8_t’ has not been declared
   14 |     Result GetData(ImageHandle handle, std::uint8_t* data, std::uint32_t dataLength);
      |                                        ^~~
source/discord/image_manager.h:14:60: error: ‘std::uint32_t’ has not been declared
   14 |     Result GetData(ImageHandle handle, std::uint8_t* data, std::uint32_t dataLength);
      |                                                            ^~~
In file included from source/discord/core.h:8,
                 from source/discord/core.cpp:6:
source/discord/activity_manager.h:13:26: error: ‘std::uint32_t’ has not been declared
   13 |     Result RegisterSteam(std::uint32_t steamId);
      |                          ^~~
source/discord/activity_manager.h:16:27: error: ‘UserId’ has not been declared
   16 |     void SendRequestReply(UserId userId,
      |                           ^~~~~~
source/discord/activity_manager.h:19:21: error: ‘UserId’ has not been declared
   19 |     void SendInvite(UserId userId,
      |                     ^~~~~~
source/discord/activity_manager.h:23:23: error: ‘UserId’ has not been declared
   23 |     void AcceptInvite(UserId userId, std::function<void(Result)> callback);
      |                       ^~~~~~
In file included from source/discord/core.h:9,
                 from source/discord/core.cpp:6:
source/discord/relationship_manager.h:13:18: error: ‘std::int32_t’ has not been declared
   13 |     Result Count(std::int32_t* count);
      |                  ^~~
source/discord/relationship_manager.h:14:16: error: ‘UserId’ has not been declared
   14 |     Result Get(UserId userId, Relationship* relationship);
      |                ^~~~~~
source/discord/relationship_manager.h:15:18: error: ‘std::uint32_t’ has not been declared
   15 |     Result GetAt(std::uint32_t index, Relationship* relationship);
      |                  ^~~
In file included from source/discord/core.h:10,
                 from source/discord/core.cpp:6:
source/discord/lobby_manager.h:13:38: error: ‘LobbyId’ has not been declared
   13 |     Result GetLobbyUpdateTransaction(LobbyId lobbyId, LobbyTransaction* transaction);
      |                                      ^~~~~~~
source/discord/lobby_manager.h:14:39: error: ‘LobbyId’ has not been declared
   14 |     Result GetMemberUpdateTransaction(LobbyId lobbyId,
      |                                       ^~~~~~~
source/discord/lobby_manager.h:15:39: error: ‘UserId’ has not been declared
   15 |                                       UserId userId,
      |                                       ^~~~~~
source/discord/lobby_manager.h:19:22: error: ‘LobbyId’ has not been declared
   19 |     void UpdateLobby(LobbyId lobbyId,
      |                      ^~~~~~~
source/discord/lobby_manager.h:22:22: error: ‘LobbyId’ has not been declared
   22 |     void DeleteLobby(LobbyId lobbyId, std::function<void(Result)> callback);
      |                      ^~~~~~~
source/discord/lobby_manager.h:23:23: error: ‘LobbyId’ has not been declared
   23 |     void ConnectLobby(LobbyId lobbyId,
      |                       ^~~~~~~
source/discord/lobby_manager.h:28:26: error: ‘LobbyId’ has not been declared
   28 |     void DisconnectLobby(LobbyId lobbyId, std::function<void(Result)> callback);
      |                          ^~~~~~~
source/discord/lobby_manager.h:29:21: error: ‘LobbyId’ has not been declared
   29 |     Result GetLobby(LobbyId lobbyId, Lobby* lobby);
      |                     ^~~~~~~
source/discord/lobby_manager.h:30:35: error: ‘LobbyId’ has not been declared
   30 |     Result GetLobbyActivitySecret(LobbyId lobbyId, char secret[128]);
      |                                   ^~~~~~~
source/discord/lobby_manager.h:31:34: error: ‘LobbyId’ has not been declared
   31 |     Result GetLobbyMetadataValue(LobbyId lobbyId, MetadataKey key, char value[4096]);
      |                                  ^~~~~~~
source/discord/lobby_manager.h:32:32: error: ‘LobbyId’ has not been declared
   32 |     Result GetLobbyMetadataKey(LobbyId lobbyId, std::int32_t index, char key[256]);
      |                                ^~~~~~~
source/discord/lobby_manager.h:32:49: error: ‘std::int32_t’ has not been declared
   32 |     Result GetLobbyMetadataKey(LobbyId lobbyId, std::int32_t index, char key[256]);
      |                                                 ^~~
source/discord/lobby_manager.h:33:31: error: ‘LobbyId’ has not been declared
   33 |     Result LobbyMetadataCount(LobbyId lobbyId, std::int32_t* count);
      |                               ^~~~~~~
source/discord/lobby_manager.h:33:48: error: ‘std::int32_t’ has not been declared
   33 |     Result LobbyMetadataCount(LobbyId lobbyId, std::int32_t* count);
      |                                                ^~~
source/discord/lobby_manager.h:34:24: error: ‘LobbyId’ has not been declared
   34 |     Result MemberCount(LobbyId lobbyId, std::int32_t* count);
      |                        ^~~~~~~
source/discord/lobby_manager.h:34:41: error: ‘std::int32_t’ has not been declared
   34 |     Result MemberCount(LobbyId lobbyId, std::int32_t* count);
      |                                         ^~~
source/discord/lobby_manager.h:35:28: error: ‘LobbyId’ has not been declared
   35 |     Result GetMemberUserId(LobbyId lobbyId, std::int32_t index, UserId* userId);
      |                            ^~~~~~~
source/discord/lobby_manager.h:35:45: error: ‘std::int32_t’ has not been declared
   35 |     Result GetMemberUserId(LobbyId lobbyId, std::int32_t index, UserId* userId);
      |                                             ^~~
source/discord/lobby_manager.h:35:65: error: ‘UserId’ has not been declared
   35 |     Result GetMemberUserId(LobbyId lobbyId, std::int32_t index, UserId* userId);
      |                                                                 ^~~~~~
source/discord/lobby_manager.h:36:26: error: ‘LobbyId’ has not been declared
   36 |     Result GetMemberUser(LobbyId lobbyId, UserId userId, User* user);
      |                          ^~~~~~~
source/discord/lobby_manager.h:36:43: error: ‘UserId’ has not been declared
   36 |     Result GetMemberUser(LobbyId lobbyId, UserId userId, User* user);
      |                                           ^~~~~~
source/discord/lobby_manager.h:37:35: error: ‘LobbyId’ has not been declared
   37 |     Result GetMemberMetadataValue(LobbyId lobbyId,
      |                                   ^~~~~~~
source/discord/lobby_manager.h:38:35: error: ‘UserId’ has not been declared
   38 |                                   UserId userId,
      |                                   ^~~~~~
source/discord/lobby_manager.h:41:33: error: ‘LobbyId’ has not been declared
   41 |     Result GetMemberMetadataKey(LobbyId lobbyId, UserId userId, std::int32_t index, char key[256]);
      |                                 ^~~~~~~
source/discord/lobby_manager.h:41:50: error: ‘UserId’ has not been declared
   41 |     Result GetMemberMetadataKey(LobbyId lobbyId, UserId userId, std::int32_t index, char key[256]);
      |                                                  ^~~~~~
source/discord/lobby_manager.h:41:65: error: ‘std::int32_t’ has not been declared
   41 |     Result GetMemberMetadataKey(LobbyId lobbyId, UserId userId, std::int32_t index, char key[256]);
      |                                                                 ^~~
source/discord/lobby_manager.h:42:32: error: ‘LobbyId’ has not been declared
   42 |     Result MemberMetadataCount(LobbyId lobbyId, UserId userId, std::int32_t* count);
      |                                ^~~~~~~
source/discord/lobby_manager.h:42:49: error: ‘UserId’ has not been declared
   42 |     Result MemberMetadataCount(LobbyId lobbyId, UserId userId, std::int32_t* count);
      |                                                 ^~~~~~
source/discord/lobby_manager.h:42:64: error: ‘std::int32_t’ has not been declared
   42 |     Result MemberMetadataCount(LobbyId lobbyId, UserId userId, std::int32_t* count);
      |                                                                ^~~
source/discord/lobby_manager.h:43:23: error: ‘LobbyId’ has not been declared
   43 |     void UpdateMember(LobbyId lobbyId,
      |                       ^~~~~~~
source/discord/lobby_manager.h:44:23: error: ‘UserId’ has not been declared
   44 |                       UserId userId,
      |                       ^~~~~~
source/discord/lobby_manager.h:47:27: error: ‘LobbyId’ has not been declared
   47 |     void SendLobbyMessage(LobbyId lobbyId,
      |                           ^~~~~~~
source/discord/lobby_manager.h:48:27: error: ‘std::uint8_t’ has not been declared
   48 |                           std::uint8_t* data,
      |                           ^~~
source/discord/lobby_manager.h:49:27: error: ‘std::uint32_t’ has not been declared
   49 |                           std::uint32_t dataLength,
      |                           ^~~
source/discord/lobby_manager.h:53:21: error: ‘std::int32_t’ has not been declared
   53 |     void LobbyCount(std::int32_t* count);
      |                     ^~~
source/discord/lobby_manager.h:54:23: error: ‘std::int32_t’ has not been declared
   54 |     Result GetLobbyId(std::int32_t index, LobbyId* lobbyId);
      |                       ^~~
source/discord/lobby_manager.h:54:43: error: ‘LobbyId’ has not been declared
   54 |     Result GetLobbyId(std::int32_t index, LobbyId* lobbyId);
      |                                           ^~~~~~~
source/discord/lobby_manager.h:55:23: error: ‘LobbyId’ has not been declared
   55 |     void ConnectVoice(LobbyId lobbyId, std::function<void(Result)> callback);
      |                       ^~~~~~~
source/discord/lobby_manager.h:56:26: error: ‘LobbyId’ has not been declared
   56 |     void DisconnectVoice(LobbyId lobbyId, std::function<void(Result)> callback);
      |                          ^~~~~~~
source/discord/lobby_manager.h:57:27: error: ‘LobbyId’ has not been declared
   57 |     Result ConnectNetwork(LobbyId lobbyId);
      |                           ^~~~~~~
source/discord/lobby_manager.h:58:30: error: ‘LobbyId’ has not been declared
   58 |     Result DisconnectNetwork(LobbyId lobbyId);
      |                              ^~~~~~~
source/discord/lobby_manager.h:60:31: error: ‘LobbyId’ has not been declared
   60 |     Result OpenNetworkChannel(LobbyId lobbyId, std::uint8_t channelId, bool reliable);
      |                               ^~~~~~~
source/discord/lobby_manager.h:60:48: error: ‘std::uint8_t’ has not been declared
   60 |     Result OpenNetworkChannel(LobbyId lobbyId, std::uint8_t channelId, bool reliable);
      |                                                ^~~
source/discord/lobby_manager.h:61:31: error: ‘LobbyId’ has not been declared
   61 |     Result SendNetworkMessage(LobbyId lobbyId,
      |                               ^~~~~~~
source/discord/lobby_manager.h:62:31: error: ‘UserId’ has not been declared
   62 |                               UserId userId,
      |                               ^~~~~~
source/discord/lobby_manager.h:63:31: error: ‘std::uint8_t’ has not been declared
   63 |                               std::uint8_t channelId,
      |                               ^~~
source/discord/lobby_manager.h:64:31: error: ‘std::uint8_t’ has not been declared
   64 |                               std::uint8_t* data,
      |                               ^~~
source/discord/lobby_manager.h:65:31: error: ‘std::uint32_t’ has not been declared
   65 |                               std::uint32_t dataLength);
      |                               ^~~
source/discord/lobby_manager.h:67:16: error: ‘int64_t’ is not a member of ‘std’; did you mean ‘int64_t’?
   67 |     Event<std::int64_t> OnLobbyUpdate;
      |                ^~~~~~~
In file included from /usr/include/stdint.h:34,
                 from /usr/lib/gcc/x86_64-linux-gnu/11/include/stdint.h:9,
                 from source/discord/ffi.h:9,
                 from source/discord/types.h:4,
                 from source/discord/core.h:4,
                 from source/discord/core.cpp:6:
/usr/include/x86_64-linux-gnu/bits/stdint-intn.h:27:19: note: ‘int64_t’ declared here
   27 | typedef __int64_t int64_t;
      |                   ^~~~~~~
In file included from source/discord/core.h:10,
                 from source/discord/core.cpp:6:
source/discord/lobby_manager.h:67:23: error: template argument 1 is invalid
   67 |     Event<std::int64_t> OnLobbyUpdate;
      |                       ^
source/discord/lobby_manager.h:68:16: error: ‘int64_t’ is not a member of ‘std’; did you mean ‘int64_t’?
   68 |     Event<std::int64_t, std::uint32_t> OnLobbyDelete;
      |                ^~~~~~~
In file included from /usr/include/stdint.h:34,
                 from /usr/lib/gcc/x86_64-linux-gnu/11/include/stdint.h:9,
                 from source/discord/ffi.h:9,
                 from source/discord/types.h:4,
                 from source/discord/core.h:4,
                 from source/discord/core.cpp:6:
/usr/include/x86_64-linux-gnu/bits/stdint-intn.h:27:19: note: ‘int64_t’ declared here
   27 | typedef __int64_t int64_t;
      |                   ^~~~~~~
In file included from source/discord/core.h:10,
                 from source/discord/core.cpp:6:
source/discord/lobby_manager.h:68:30: error: ‘uint32_t’ is not a member of ‘std’; did you mean ‘uint32_t’?
   68 |     Event<std::int64_t, std::uint32_t> OnLobbyDelete;
      |                              ^~~~~~~~
In file included from /usr/include/stdint.h:37,
                 from /usr/lib/gcc/x86_64-linux-gnu/11/include/stdint.h:9,
                 from source/discord/ffi.h:9,
                 from source/discord/types.h:4,
                 from source/discord/core.h:4,
                 from source/discord/core.cpp:6:
/usr/include/x86_64-linux-gnu/bits/stdint-uintn.h:26:20: note: ‘uint32_t’ declared here
   26 | typedef __uint32_t uint32_t;
      |                    ^~~~~~~~
In file included from source/discord/core.h:10,
                 from source/discord/core.cpp:6:
source/discord/lobby_manager.h:68:38: error: template argument 1 is invalid
   68 |     Event<std::int64_t, std::uint32_t> OnLobbyDelete;
      |                                      ^
source/discord/lobby_manager.h:68:38: error: template argument 2 is invalid
source/discord/lobby_manager.h:69:16: error: ‘int64_t’ is not a member of ‘std’; did you mean ‘int64_t’?
   69 |     Event<std::int64_t, std::int64_t> OnMemberConnect;
      |                ^~~~~~~
In file included from /usr/include/stdint.h:34,
                 from /usr/lib/gcc/x86_64-linux-gnu/11/include/stdint.h:9,
                 from source/discord/ffi.h:9,
                 from source/discord/types.h:4,
                 from source/discord/core.h:4,
                 from source/discord/core.cpp:6:
/usr/include/x86_64-linux-gnu/bits/stdint-intn.h:27:19: note: ‘int64_t’ declared here
   27 | typedef __int64_t int64_t;
      |                   ^~~~~~~
In file included from source/discord/core.h:10,
                 from source/discord/core.cpp:6:
source/discord/lobby_manager.h:69:30: error: ‘int64_t’ is not a member of ‘std’; did you mean ‘int64_t’?
   69 |     Event<std::int64_t, std::int64_t> OnMemberConnect;
      |                              ^~~~~~~
In file included from /usr/include/stdint.h:34,
                 from /usr/lib/gcc/x86_64-linux-gnu/11/include/stdint.h:9,
                 from source/discord/ffi.h:9,
                 from source/discord/types.h:4,
                 from source/discord/core.h:4,
                 from source/discord/core.cpp:6:
/usr/include/x86_64-linux-gnu/bits/stdint-intn.h:27:19: note: ‘int64_t’ declared here
   27 | typedef __int64_t int64_t;
      |                   ^~~~~~~
In file included from source/discord/core.h:10,
                 from source/discord/core.cpp:6:
source/discord/lobby_manager.h:69:37: error: template argument 1 is invalid
   69 |     Event<std::int64_t, std::int64_t> OnMemberConnect;
      |                                     ^
source/discord/lobby_manager.h:69:37: error: template argument 2 is invalid
source/discord/lobby_manager.h:70:16: error: ‘int64_t’ is not a member of ‘std’; did you mean ‘int64_t’?
   70 |     Event<std::int64_t, std::int64_t> OnMemberUpdate;
      |                ^~~~~~~
In file included from /usr/include/stdint.h:34,
                 from /usr/lib/gcc/x86_64-linux-gnu/11/include/stdint.h:9,
                 from source/discord/ffi.h:9,
                 from source/discord/types.h:4,
                 from source/discord/core.h:4,
                 from source/discord/core.cpp:6:
/usr/include/x86_64-linux-gnu/bits/stdint-intn.h:27:19: note: ‘int64_t’ declared here
   27 | typedef __int64_t int64_t;
      |                   ^~~~~~~
In file included from source/discord/core.h:10,
                 from source/discord/core.cpp:6:
source/discord/lobby_manager.h:70:30: error: ‘int64_t’ is not a member of ‘std’; did you mean ‘int64_t’?
   70 |     Event<std::int64_t, std::int64_t> OnMemberUpdate;
      |                              ^~~~~~~
In file included from /usr/include/stdint.h:34,
                 from /usr/lib/gcc/x86_64-linux-gnu/11/include/stdint.h:9,
                 from source/discord/ffi.h:9,
                 from source/discord/types.h:4,
                 from source/discord/core.h:4,
                 from source/discord/core.cpp:6:
/usr/include/x86_64-linux-gnu/bits/stdint-intn.h:27:19: note: ‘int64_t’ declared here
   27 | typedef __int64_t int64_t;
      |                   ^~~~~~~
In file included from source/discord/core.h:10,
                 from source/discord/core.cpp:6:
source/discord/lobby_manager.h:70:37: error: template argument 1 is invalid
   70 |     Event<std::int64_t, std::int64_t> OnMemberUpdate;
      |                                     ^
source/discord/lobby_manager.h:70:37: error: template argument 2 is invalid
source/discord/lobby_manager.h:71:16: error: ‘int64_t’ is not a member of ‘std’; did you mean ‘int64_t’?
   71 |     Event<std::int64_t, std::int64_t> OnMemberDisconnect;
      |                ^~~~~~~
In file included from /usr/include/stdint.h:34,
                 from /usr/lib/gcc/x86_64-linux-gnu/11/include/stdint.h:9,
                 from source/discord/ffi.h:9,
                 from source/discord/types.h:4,
                 from source/discord/core.h:4,
                 from source/discord/core.cpp:6:
/usr/include/x86_64-linux-gnu/bits/stdint-intn.h:27:19: note: ‘int64_t’ declared here
   27 | typedef __int64_t int64_t;
      |                   ^~~~~~~
In file included from source/discord/core.h:10,
                 from source/discord/core.cpp:6:
source/discord/lobby_manager.h:71:30: error: ‘int64_t’ is not a member of ‘std’; did you mean ‘int64_t’?
   71 |     Event<std::int64_t, std::int64_t> OnMemberDisconnect;
      |                              ^~~~~~~
In file included from /usr/include/stdint.h:34,
                 from /usr/lib/gcc/x86_64-linux-gnu/11/include/stdint.h:9,
                 from source/discord/ffi.h:9,
                 from source/discord/types.h:4,
                 from source/discord/core.h:4,
                 from source/discord/core.cpp:6:
/usr/include/x86_64-linux-gnu/bits/stdint-intn.h:27:19: note: ‘int64_t’ declared here
   27 | typedef __int64_t int64_t;
      |                   ^~~~~~~
In file included from source/discord/core.h:10,
                 from source/discord/core.cpp:6:
source/discord/lobby_manager.h:71:37: error: template argument 1 is invalid
   71 |     Event<std::int64_t, std::int64_t> OnMemberDisconnect;
      |                                     ^
source/discord/lobby_manager.h:71:37: error: template argument 2 is invalid
source/discord/lobby_manager.h:72:16: error: ‘int64_t’ is not a member of ‘std’; did you mean ‘int64_t’?
   72 |     Event<std::int64_t, std::int64_t, std::uint8_t*, std::uint32_t> OnLobbyMessage;
      |                ^~~~~~~
In file included from /usr/include/stdint.h:34,
                 from /usr/lib/gcc/x86_64-linux-gnu/11/include/stdint.h:9,
                 from source/discord/ffi.h:9,
                 from source/discord/types.h:4,
                 from source/discord/core.h:4,
                 from source/discord/core.cpp:6:
/usr/include/x86_64-linux-gnu/bits/stdint-intn.h:27:19: note: ‘int64_t’ declared here
   27 | typedef __int64_t int64_t;
      |                   ^~~~~~~
In file included from source/discord/core.h:10,
                 from source/discord/core.cpp:6:
source/discord/lobby_manager.h:72:30: error: ‘int64_t’ is not a member of ‘std’; did you mean ‘int64_t’?
   72 |     Event<std::int64_t, std::int64_t, std::uint8_t*, std::uint32_t> OnLobbyMessage;
      |                              ^~~~~~~
In file included from /usr/include/stdint.h:34,
                 from /usr/lib/gcc/x86_64-linux-gnu/11/include/stdint.h:9,
                 from source/discord/ffi.h:9,
                 from source/discord/types.h:4,
                 from source/discord/core.h:4,
                 from source/discord/core.cpp:6:
/usr/include/x86_64-linux-gnu/bits/stdint-intn.h:27:19: note: ‘int64_t’ declared here
   27 | typedef __int64_t int64_t;
      |                   ^~~~~~~
In file included from source/discord/core.h:10,
                 from source/discord/core.cpp:6:
source/discord/lobby_manager.h:72:44: error: ‘uint8_t’ is not a member of ‘std’; did you mean ‘uint8_t’?
   72 |     Event<std::int64_t, std::int64_t, std::uint8_t*, std::uint32_t> OnLobbyMessage;
      |                                            ^~~~~~~
In file included from /usr/include/stdint.h:37,
                 from /usr/lib/gcc/x86_64-linux-gnu/11/include/stdint.h:9,
                 from source/discord/ffi.h:9,
                 from source/discord/types.h:4,
                 from source/discord/core.h:4,
                 from source/discord/core.cpp:6:
/usr/include/x86_64-linux-gnu/bits/stdint-uintn.h:24:19: note: ‘uint8_t’ declared here
   24 | typedef __uint8_t uint8_t;
      |                   ^~~~~~~
In file included from source/discord/core.h:10,
                 from source/discord/core.cpp:6:
source/discord/lobby_manager.h:72:59: error: ‘uint32_t’ is not a member of ‘std’; did you mean ‘uint32_t’?
   72 |     Event<std::int64_t, std::int64_t, std::uint8_t*, std::uint32_t> OnLobbyMessage;
      |                                                           ^~~~~~~~
In file included from /usr/include/stdint.h:37,
                 from /usr/lib/gcc/x86_64-linux-gnu/11/include/stdint.h:9,
                 from source/discord/ffi.h:9,
                 from source/discord/types.h:4,
                 from source/discord/core.h:4,
                 from source/discord/core.cpp:6:
/usr/include/x86_64-linux-gnu/bits/stdint-uintn.h:26:20: note: ‘uint32_t’ declared here
   26 | typedef __uint32_t uint32_t;
      |                    ^~~~~~~~
In file included from source/discord/core.h:10,
                 from source/discord/core.cpp:6:
source/discord/lobby_manager.h:72:67: error: template argument 1 is invalid
   72 |     Event<std::int64_t, std::int64_t, std::uint8_t*, std::uint32_t> OnLobbyMessage;
      |                                                                   ^
source/discord/lobby_manager.h:72:67: error: template argument 2 is invalid
source/discord/lobby_manager.h:72:67: error: template argument 3 is invalid
source/discord/lobby_manager.h:72:67: error: template argument 4 is invalid
source/discord/lobby_manager.h:73:16: error: ‘int64_t’ is not a member of ‘std’; did you mean ‘int64_t’?
   73 |     Event<std::int64_t, std::int64_t, bool> OnSpeaking;
      |                ^~~~~~~
In file included from /usr/include/stdint.h:34,
                 from /usr/lib/gcc/x86_64-linux-gnu/11/include/stdint.h:9,
                 from source/discord/ffi.h:9,
                 from source/discord/types.h:4,
                 from source/discord/core.h:4,
                 from source/discord/core.cpp:6:
/usr/include/x86_64-linux-gnu/bits/stdint-intn.h:27:19: note: ‘int64_t’ declared here
   27 | typedef __int64_t int64_t;
      |                   ^~~~~~~
In file included from source/discord/core.h:10,
                 from source/discord/core.cpp:6:
source/discord/lobby_manager.h:73:30: error: ‘int64_t’ is not a member of ‘std’; did you mean ‘int64_t’?
   73 |     Event<std::int64_t, std::int64_t, bool> OnSpeaking;
      |                              ^~~~~~~
In file included from /usr/include/stdint.h:34,
                 from /usr/lib/gcc/x86_64-linux-gnu/11/include/stdint.h:9,
                 from source/discord/ffi.h:9,
                 from source/discord/types.h:4,
                 from source/discord/core.h:4,
                 from source/discord/core.cpp:6:
/usr/include/x86_64-linux-gnu/bits/stdint-intn.h:27:19: note: ‘int64_t’ declared here
   27 | typedef __int64_t int64_t;
      |                   ^~~~~~~
In file included from source/discord/core.h:10,
                 from source/discord/core.cpp:6:
source/discord/lobby_manager.h:73:43: error: template argument 1 is invalid
   73 |     Event<std::int64_t, std::int64_t, bool> OnSpeaking;
      |                                           ^
source/discord/lobby_manager.h:73:43: error: template argument 2 is invalid
source/discord/lobby_manager.h:74:16: error: ‘int64_t’ is not a member of ‘std’; did you mean ‘int64_t’?
   74 |     Event<std::int64_t, std::int64_t, std::uint8_t, std::uint8_t*, std::uint32_t> OnNetworkMessage;
      |                ^~~~~~~
In file included from /usr/include/stdint.h:34,
                 from /usr/lib/gcc/x86_64-linux-gnu/11/include/stdint.h:9,
                 from source/discord/ffi.h:9,
                 from source/discord/types.h:4,
                 from source/discord/core.h:4,
                 from source/discord/core.cpp:6:
/usr/include/x86_64-linux-gnu/bits/stdint-intn.h:27:19: note: ‘int64_t’ declared here
   27 | typedef __int64_t int64_t;
      |                   ^~~~~~~
In file included from source/discord/core.h:10,
                 from source/discord/core.cpp:6:
source/discord/lobby_manager.h:74:30: error: ‘int64_t’ is not a member of ‘std’; did you mean ‘int64_t’?
   74 |     Event<std::int64_t, std::int64_t, std::uint8_t, std::uint8_t*, std::uint32_t> OnNetworkMessage;
      |                              ^~~~~~~
In file included from /usr/include/stdint.h:34,
                 from /usr/lib/gcc/x86_64-linux-gnu/11/include/stdint.h:9,
                 from source/discord/ffi.h:9,
                 from source/discord/types.h:4,
                 from source/discord/core.h:4,
                 from source/discord/core.cpp:6:
/usr/include/x86_64-linux-gnu/bits/stdint-intn.h:27:19: note: ‘int64_t’ declared here
   27 | typedef __int64_t int64_t;
      |                   ^~~~~~~
In file included from source/discord/core.h:10,
                 from source/discord/core.cpp:6:
source/discord/lobby_manager.h:74:44: error: ‘uint8_t’ is not a member of ‘std’; did you mean ‘uint8_t’?
   74 |     Event<std::int64_t, std::int64_t, std::uint8_t, std::uint8_t*, std::uint32_t> OnNetworkMessage;
      |                                            ^~~~~~~
In file included from /usr/include/stdint.h:37,
                 from /usr/lib/gcc/x86_64-linux-gnu/11/include/stdint.h:9,
                 from source/discord/ffi.h:9,
                 from source/discord/types.h:4,
                 from source/discord/core.h:4,
                 from source/discord/core.cpp:6:
/usr/include/x86_64-linux-gnu/bits/stdint-uintn.h:24:19: note: ‘uint8_t’ declared here
   24 | typedef __uint8_t uint8_t;
      |                   ^~~~~~~
In file included from source/discord/core.h:10,
                 from source/discord/core.cpp:6:
source/discord/lobby_manager.h:74:58: error: ‘uint8_t’ is not a member of ‘std’; did you mean ‘uint8_t’?
   74 |     Event<std::int64_t, std::int64_t, std::uint8_t, std::uint8_t*, std::uint32_t> OnNetworkMessage;
      |                                                          ^~~~~~~
In file included from /usr/include/stdint.h:37,
                 from /usr/lib/gcc/x86_64-linux-gnu/11/include/stdint.h:9,
                 from source/discord/ffi.h:9,
                 from source/discord/types.h:4,
                 from source/discord/core.h:4,
                 from source/discord/core.cpp:6:
/usr/include/x86_64-linux-gnu/bits/stdint-uintn.h:24:19: note: ‘uint8_t’ declared here
   24 | typedef __uint8_t uint8_t;
      |                   ^~~~~~~
In file included from source/discord/core.h:10,
                 from source/discord/core.cpp:6:
source/discord/lobby_manager.h:74:73: error: ‘uint32_t’ is not a member of ‘std’; did you mean ‘uint32_t’?
   74 |     Event<std::int64_t, std::int64_t, std::uint8_t, std::uint8_t*, std::uint32_t> OnNetworkMessage;
      |                                                                         ^~~~~~~~
In file included from /usr/include/stdint.h:37,
                 from /usr/lib/gcc/x86_64-linux-gnu/11/include/stdint.h:9,
                 from source/discord/ffi.h:9,
                 from source/discord/types.h:4,
                 from source/discord/core.h:4,
                 from source/discord/core.cpp:6:
/usr/include/x86_64-linux-gnu/bits/stdint-uintn.h:26:20: note: ‘uint32_t’ declared here
   26 | typedef __uint32_t uint32_t;
      |                    ^~~~~~~~
In file included from source/discord/core.h:10,
                 from source/discord/core.cpp:6:
source/discord/lobby_manager.h:74:81: error: template argument 1 is invalid
   74 |     Event<std::int64_t, std::int64_t, std::uint8_t, std::uint8_t*, std::uint32_t> OnNetworkMessage;
      |                                                                                 ^
source/discord/lobby_manager.h:74:81: error: template argument 2 is invalid
source/discord/lobby_manager.h:74:81: error: template argument 3 is invalid
source/discord/lobby_manager.h:74:81: error: template argument 4 is invalid
source/discord/lobby_manager.h:74:81: error: template argument 5 is invalid
In file included from source/discord/core.h:11,
                 from source/discord/core.cpp:6:
source/discord/network_manager.h:15:20: error: ‘NetworkPeerId’ has not been declared
   15 |     void GetPeerId(NetworkPeerId* peerId);
      |                    ^~~~~~~~~~~~~
source/discord/network_manager.h:23:21: error: ‘NetworkPeerId’ has not been declared
   23 |     Result OpenPeer(NetworkPeerId peerId, char const* routeData);
      |                     ^~~~~~~~~~~~~
source/discord/network_manager.h:27:23: error: ‘NetworkPeerId’ has not been declared
   27 |     Result UpdatePeer(NetworkPeerId peerId, char const* routeData);
      |                       ^~~~~~~~~~~~~
source/discord/network_manager.h:31:22: error: ‘NetworkPeerId’ has not been declared
   31 |     Result ClosePeer(NetworkPeerId peerId);
      |                      ^~~~~~~~~~~~~
source/discord/network_manager.h:35:24: error: ‘NetworkPeerId’ has not been declared
   35 |     Result OpenChannel(NetworkPeerId peerId, NetworkChannelId channelId, bool reliable);
      |                        ^~~~~~~~~~~~~
source/discord/network_manager.h:35:46: error: ‘NetworkChannelId’ has not been declared
   35 |     Result OpenChannel(NetworkPeerId peerId, NetworkChannelId channelId, bool reliable);
      |                                              ^~~~~~~~~~~~~~~~
source/discord/network_manager.h:39:25: error: ‘NetworkPeerId’ has not been declared
   39 |     Result CloseChannel(NetworkPeerId peerId, NetworkChannelId channelId);
      |                         ^~~~~~~~~~~~~
source/discord/network_manager.h:39:47: error: ‘NetworkChannelId’ has not been declared
   39 |     Result CloseChannel(NetworkPeerId peerId, NetworkChannelId channelId);
      |                                               ^~~~~~~~~~~~~~~~
source/discord/network_manager.h:43:24: error: ‘NetworkPeerId’ has not been declared
   43 |     Result SendMessage(NetworkPeerId peerId,
      |                        ^~~~~~~~~~~~~
source/discord/network_manager.h:44:24: error: ‘NetworkChannelId’ has not been declared
   44 |                        NetworkChannelId channelId,
      |                        ^~~~~~~~~~~~~~~~
source/discord/network_manager.h:45:24: error: ‘std::uint8_t’ has not been declared
   45 |                        std::uint8_t* data,
      |                        ^~~
source/discord/network_manager.h:46:24: error: ‘std::uint32_t’ has not been declared
   46 |                        std::uint32_t dataLength);
      |                        ^~~
source/discord/network_manager.h:48:11: error: ‘NetworkPeerId’ was not declared in this scope; did you mean ‘GetPeerId’?
   48 |     Event<NetworkPeerId, NetworkChannelId, std::uint8_t*, std::uint32_t> OnMessage;
      |           ^~~~~~~~~~~~~
      |           GetPeerId
source/discord/network_manager.h:48:26: error: ‘NetworkChannelId’ was not declared in this scope
   48 |     Event<NetworkPeerId, NetworkChannelId, std::uint8_t*, std::uint32_t> OnMessage;
      |                          ^~~~~~~~~~~~~~~~
source/discord/network_manager.h:48:49: error: ‘uint8_t’ is not a member of ‘std’; did you mean ‘uint8_t’?
   48 |     Event<NetworkPeerId, NetworkChannelId, std::uint8_t*, std::uint32_t> OnMessage;
      |                                                 ^~~~~~~
In file included from /usr/include/stdint.h:37,
                 from /usr/lib/gcc/x86_64-linux-gnu/11/include/stdint.h:9,
                 from source/discord/ffi.h:9,
                 from source/discord/types.h:4,
                 from source/discord/core.h:4,
                 from source/discord/core.cpp:6:
/usr/include/x86_64-linux-gnu/bits/stdint-uintn.h:24:19: note: ‘uint8_t’ declared here
   24 | typedef __uint8_t uint8_t;
      |                   ^~~~~~~
In file included from source/discord/core.h:11,
                 from source/discord/core.cpp:6:
source/discord/network_manager.h:48:64: error: ‘uint32_t’ is not a member of ‘std’; did you mean ‘uint32_t’?
   48 |     Event<NetworkPeerId, NetworkChannelId, std::uint8_t*, std::uint32_t> OnMessage;
      |                                                                ^~~~~~~~
In file included from /usr/include/stdint.h:37,
                 from /usr/lib/gcc/x86_64-linux-gnu/11/include/stdint.h:9,
                 from source/discord/ffi.h:9,
                 from source/discord/types.h:4,
                 from source/discord/core.h:4,
                 from source/discord/core.cpp:6:
/usr/include/x86_64-linux-gnu/bits/stdint-uintn.h:26:20: note: ‘uint32_t’ declared here
   26 | typedef __uint32_t uint32_t;
      |                    ^~~~~~~~
In file included from source/discord/core.h:11,
                 from source/discord/core.cpp:6:
source/discord/network_manager.h:48:72: error: template argument 1 is invalid
   48 |     Event<NetworkPeerId, NetworkChannelId, std::uint8_t*, std::uint32_t> OnMessage;
      |                                                                        ^
source/discord/network_manager.h:48:72: error: template argument 2 is invalid
source/discord/network_manager.h:48:72: error: template argument 3 is invalid
source/discord/network_manager.h:48:72: error: template argument 4 is invalid
In file included from source/discord/core.h:13,
                 from source/discord/core.cpp:6:
source/discord/storage_manager.h:13:17: error: ‘std::uint8_t’ has not been declared
   13 |                 std::uint8_t* data,
      |                 ^~~
source/discord/storage_manager.h:14:17: error: ‘std::uint32_t’ has not been declared
   14 |                 std::uint32_t dataLength,
      |                 ^~~
source/discord/storage_manager.h:15:17: error: ‘std::uint32_t’ has not been declared
   15 |                 std::uint32_t* read);
      |                 ^~~
source/discord/storage_manager.h:17:52: error: ‘uint8_t’ is not a member of ‘std’; did you mean ‘uint8_t’?
   17 |                    std::function<void(Result, std::uint8_t*, std::uint32_t)> callback);
      |                                                    ^~~~~~~
In file included from /usr/include/stdint.h:37,
                 from /usr/lib/gcc/x86_64-linux-gnu/11/include/stdint.h:9,
                 from source/discord/ffi.h:9,
                 from source/discord/types.h:4,
                 from source/discord/core.h:4,
                 from source/discord/core.cpp:6:
/usr/include/x86_64-linux-gnu/bits/stdint-uintn.h:24:19: note: ‘uint8_t’ declared here
   24 | typedef __uint8_t uint8_t;
      |                   ^~~~~~~
In file included from source/discord/core.h:13,
                 from source/discord/core.cpp:6:
source/discord/storage_manager.h:17:67: error: ‘uint32_t’ is not a member of ‘std’; did you mean ‘uint32_t’?
   17 |                    std::function<void(Result, std::uint8_t*, std::uint32_t)> callback);
      |                                                                   ^~~~~~~~
In file included from /usr/include/stdint.h:37,
                 from /usr/lib/gcc/x86_64-linux-gnu/11/include/stdint.h:9,
                 from source/discord/ffi.h:9,
                 from source/discord/types.h:4,
                 from source/discord/core.h:4,
                 from source/discord/core.cpp:6:
/usr/include/x86_64-linux-gnu/bits/stdint-uintn.h:26:20: note: ‘uint32_t’ declared here
   26 | typedef __uint32_t uint32_t;
      |                    ^~~~~~~~
In file included from source/discord/core.h:13,
                 from source/discord/core.cpp:6:
source/discord/storage_manager.h:17:75: error: expression list treated as compound expression in functional cast [-fpermissive]
   17 |                    std::function<void(Result, std::uint8_t*, std::uint32_t)> callback);
      |                                                                           ^
source/discord/storage_manager.h:17:76: error: template argument 1 is invalid
   17 |                    std::function<void(Result, std::uint8_t*, std::uint32_t)> callback);
      |                                                                            ^
source/discord/storage_manager.h:17:52: error: ‘uint8_t’ is not a member of ‘std’; did you mean ‘uint8_t’?
   17 |                    std::function<void(Result, std::uint8_t*, std::uint32_t)> callback);
      |                                                    ^~~~~~~
In file included from /usr/include/stdint.h:37,
                 from /usr/lib/gcc/x86_64-linux-gnu/11/include/stdint.h:9,
                 from source/discord/ffi.h:9,
                 from source/discord/types.h:4,
                 from source/discord/core.h:4,
                 from source/discord/core.cpp:6:
/usr/include/x86_64-linux-gnu/bits/stdint-uintn.h:24:19: note: ‘uint8_t’ declared here
   24 | typedef __uint8_t uint8_t;
      |                   ^~~~~~~
In file included from source/discord/core.h:13,
                 from source/discord/core.cpp:6:
source/discord/storage_manager.h:17:67: error: ‘uint32_t’ is not a member of ‘std’; did you mean ‘uint32_t’?
   17 |                    std::function<void(Result, std::uint8_t*, std::uint32_t)> callback);
      |                                                                   ^~~~~~~~
In file included from /usr/include/stdint.h:37,
                 from /usr/lib/gcc/x86_64-linux-gnu/11/include/stdint.h:9,
                 from source/discord/ffi.h:9,
                 from source/discord/types.h:4,
                 from source/discord/core.h:4,
                 from source/discord/core.cpp:6:
/usr/include/x86_64-linux-gnu/bits/stdint-uintn.h:26:20: note: ‘uint32_t’ declared here
   26 | typedef __uint32_t uint32_t;
      |                    ^~~~~~~~
In file included from source/discord/core.h:13,
                 from source/discord/core.cpp:6:
source/discord/storage_manager.h:17:75: error: expression list treated as compound expression in functional cast [-fpermissive]
   17 |                    std::function<void(Result, std::uint8_t*, std::uint32_t)> callback);
      |                                                                           ^
source/discord/storage_manager.h:17:76: error: template argument 1 is invalid
   17 |                    std::function<void(Result, std::uint8_t*, std::uint32_t)> callback);
      |                                                                            ^
source/discord/storage_manager.h:17:52: error: ‘uint8_t’ is not a member of ‘std’; did you mean ‘uint8_t’?
   17 |                    std::function<void(Result, std::uint8_t*, std::uint32_t)> callback);
      |                                                    ^~~~~~~
In file included from /usr/include/stdint.h:37,
                 from /usr/lib/gcc/x86_64-linux-gnu/11/include/stdint.h:9,
                 from source/discord/ffi.h:9,
                 from source/discord/types.h:4,
                 from source/discord/core.h:4,
                 from source/discord/core.cpp:6:
/usr/include/x86_64-linux-gnu/bits/stdint-uintn.h:24:19: note: ‘uint8_t’ declared here
   24 | typedef __uint8_t uint8_t;
      |                   ^~~~~~~
In file included from source/discord/core.h:13,
                 from source/discord/core.cpp:6:
source/discord/storage_manager.h:17:67: error: ‘uint32_t’ is not a member of ‘std’; did you mean ‘uint32_t’?
   17 |                    std::function<void(Result, std::uint8_t*, std::uint32_t)> callback);
      |                                                                   ^~~~~~~~
In file included from /usr/include/stdint.h:37,
                 from /usr/lib/gcc/x86_64-linux-gnu/11/include/stdint.h:9,
                 from source/discord/ffi.h:9,
                 from source/discord/types.h:4,
                 from source/discord/core.h:4,
                 from source/discord/core.cpp:6:
/usr/include/x86_64-linux-gnu/bits/stdint-uintn.h:26:20: note: ‘uint32_t’ declared here
   26 | typedef __uint32_t uint32_t;
      |                    ^~~~~~~~
In file included from source/discord/core.h:13,
                 from source/discord/core.cpp:6:
source/discord/storage_manager.h:17:75: error: expression list treated as compound expression in functional cast [-fpermissive]
   17 |                    std::function<void(Result, std::uint8_t*, std::uint32_t)> callback);
      |                                                                           ^
source/discord/storage_manager.h:17:76: error: template argument 1 is invalid
   17 |                    std::function<void(Result, std::uint8_t*, std::uint32_t)> callback);
      |                                                                            ^
source/discord/storage_manager.h:17:20: error: invalid template-id
   17 |                    std::function<void(Result, std::uint8_t*, std::uint32_t)> callback);
      |                    ^~~
source/discord/storage_manager.h:17:52: error: ‘uint8_t’ is not a member of ‘std’; did you mean ‘uint8_t’?
   17 |                    std::function<void(Result, std::uint8_t*, std::uint32_t)> callback);
      |                                                    ^~~~~~~
In file included from /usr/include/stdint.h:37,
                 from /usr/lib/gcc/x86_64-linux-gnu/11/include/stdint.h:9,
                 from source/discord/ffi.h:9,
                 from source/discord/types.h:4,
                 from source/discord/core.h:4,
                 from source/discord/core.cpp:6:
/usr/include/x86_64-linux-gnu/bits/stdint-uintn.h:24:19: note: ‘uint8_t’ declared here
   24 | typedef __uint8_t uint8_t;
      |                   ^~~~~~~
In file included from source/discord/core.h:13,
                 from source/discord/core.cpp:6:
source/discord/storage_manager.h:17:67: error: ‘uint32_t’ is not a member of ‘std’; did you mean ‘uint32_t’?
   17 |                    std::function<void(Result, std::uint8_t*, std::uint32_t)> callback);
      |                                                                   ^~~~~~~~
In file included from /usr/include/stdint.h:37,
                 from /usr/lib/gcc/x86_64-linux-gnu/11/include/stdint.h:9,
                 from source/discord/ffi.h:9,
                 from source/discord/types.h:4,
                 from source/discord/core.h:4,
                 from source/discord/core.cpp:6:
/usr/include/x86_64-linux-gnu/bits/stdint-uintn.h:26:20: note: ‘uint32_t’ declared here
   26 | typedef __uint32_t uint32_t;
      |                    ^~~~~~~~
In file included from source/discord/core.h:13,
                 from source/discord/core.cpp:6:
source/discord/storage_manager.h:17:75: error: expression list treated as compound expression in functional cast [-fpermissive]
   17 |                    std::function<void(Result, std::uint8_t*, std::uint32_t)> callback);
      |                                                                           ^
source/discord/storage_manager.h:17:34: error: expected primary-expression before ‘void’
   17 |                    std::function<void(Result, std::uint8_t*, std::uint32_t)> callback);
      |                                  ^~~~
source/discord/storage_manager.h:17:34: error: expected ‘>’ before ‘void’
source/discord/storage_manager.h:17:20: error: class template placeholder ‘std::function’ not permitted in this context
   17 |                    std::function<void(Result, std::uint8_t*, std::uint32_t)> callback);
      |                    ^~~
source/discord/storage_manager.h:19:27: error: ‘std::uint64_t’ has not been declared
   19 |                           std::uint64_t offset,
      |                           ^~~
source/discord/storage_manager.h:20:27: error: ‘std::uint64_t’ has not been declared
   20 |                           std::uint64_t length,
      |                           ^~~
source/discord/storage_manager.h:21:59: error: ‘uint8_t’ is not a member of ‘std’; did you mean ‘uint8_t’?
   21 |                           std::function<void(Result, std::uint8_t*, std::uint32_t)> callback);
      |                                                           ^~~~~~~
In file included from /usr/include/stdint.h:37,
                 from /usr/lib/gcc/x86_64-linux-gnu/11/include/stdint.h:9,
                 from source/discord/ffi.h:9,
                 from source/discord/types.h:4,
                 from source/discord/core.h:4,
                 from source/discord/core.cpp:6:
/usr/include/x86_64-linux-gnu/bits/stdint-uintn.h:24:19: note: ‘uint8_t’ declared here
   24 | typedef __uint8_t uint8_t;
      |                   ^~~~~~~
In file included from source/discord/core.h:13,
                 from source/discord/core.cpp:6:
source/discord/storage_manager.h:21:74: error: ‘uint32_t’ is not a member of ‘std’; did you mean ‘uint32_t’?
   21 |                           std::function<void(Result, std::uint8_t*, std::uint32_t)> callback);
      |                                                                          ^~~~~~~~
In file included from /usr/include/stdint.h:37,
                 from /usr/lib/gcc/x86_64-linux-gnu/11/include/stdint.h:9,
                 from source/discord/ffi.h:9,
                 from source/discord/types.h:4,
                 from source/discord/core.h:4,
                 from source/discord/core.cpp:6:
/usr/include/x86_64-linux-gnu/bits/stdint-uintn.h:26:20: note: ‘uint32_t’ declared here
   26 | typedef __uint32_t uint32_t;
      |                    ^~~~~~~~
In file included from source/discord/core.h:13,
                 from source/discord/core.cpp:6:
source/discord/storage_manager.h:21:82: error: expression list treated as compound expression in functional cast [-fpermissive]
   21 |                           std::function<void(Result, std::uint8_t*, std::uint32_t)> callback);
      |                                                                                  ^
source/discord/storage_manager.h:21:83: error: template argument 1 is invalid
   21 |                           std::function<void(Result, std::uint8_t*, std::uint32_t)> callback);
      |                                                                                   ^
source/discord/storage_manager.h:21:59: error: ‘uint8_t’ is not a member of ‘std’; did you mean ‘uint8_t’?
   21 |                           std::function<void(Result, std::uint8_t*, std::uint32_t)> callback);
      |                                                           ^~~~~~~
In file included from /usr/include/stdint.h:37,
                 from /usr/lib/gcc/x86_64-linux-gnu/11/include/stdint.h:9,
                 from source/discord/ffi.h:9,
                 from source/discord/types.h:4,
                 from source/discord/core.h:4,
                 from source/discord/core.cpp:6:
/usr/include/x86_64-linux-gnu/bits/stdint-uintn.h:24:19: note: ‘uint8_t’ declared here
   24 | typedef __uint8_t uint8_t;
      |                   ^~~~~~~
In file included from source/discord/core.h:13,
                 from source/discord/core.cpp:6:
source/discord/storage_manager.h:21:74: error: ‘uint32_t’ is not a member of ‘std’; did you mean ‘uint32_t’?
   21 |                           std::function<void(Result, std::uint8_t*, std::uint32_t)> callback);
      |                                                                          ^~~~~~~~
In file included from /usr/include/stdint.h:37,
                 from /usr/lib/gcc/x86_64-linux-gnu/11/include/stdint.h:9,
                 from source/discord/ffi.h:9,
                 from source/discord/types.h:4,
                 from source/discord/core.h:4,
                 from source/discord/core.cpp:6:
/usr/include/x86_64-linux-gnu/bits/stdint-uintn.h:26:20: note: ‘uint32_t’ declared here
   26 | typedef __uint32_t uint32_t;
      |                    ^~~~~~~~
In file included from source/discord/core.h:13,
                 from source/discord/core.cpp:6:
source/discord/storage_manager.h:21:82: error: expression list treated as compound expression in functional cast [-fpermissive]
   21 |                           std::function<void(Result, std::uint8_t*, std::uint32_t)> callback);
      |                                                                                  ^
source/discord/storage_manager.h:21:83: error: template argument 1 is invalid
   21 |                           std::function<void(Result, std::uint8_t*, std::uint32_t)> callback);
      |                                                                                   ^
source/discord/storage_manager.h:21:59: error: ‘uint8_t’ is not a member of ‘std’; did you mean ‘uint8_t’?
   21 |                           std::function<void(Result, std::uint8_t*, std::uint32_t)> callback);
      |                                                           ^~~~~~~
In file included from /usr/include/stdint.h:37,
                 from /usr/lib/gcc/x86_64-linux-gnu/11/include/stdint.h:9,
                 from source/discord/ffi.h:9,
                 from source/discord/types.h:4,
                 from source/discord/core.h:4,
                 from source/discord/core.cpp:6:
/usr/include/x86_64-linux-gnu/bits/stdint-uintn.h:24:19: note: ‘uint8_t’ declared here
   24 | typedef __uint8_t uint8_t;
      |                   ^~~~~~~
In file included from source/discord/core.h:13,
                 from source/discord/core.cpp:6:
source/discord/storage_manager.h:21:74: error: ‘uint32_t’ is not a member of ‘std’; did you mean ‘uint32_t’?
   21 |                           std::function<void(Result, std::uint8_t*, std::uint32_t)> callback);
      |                                                                          ^~~~~~~~
In file included from /usr/include/stdint.h:37,
                 from /usr/lib/gcc/x86_64-linux-gnu/11/include/stdint.h:9,
                 from source/discord/ffi.h:9,
                 from source/discord/types.h:4,
                 from source/discord/core.h:4,
                 from source/discord/core.cpp:6:
/usr/include/x86_64-linux-gnu/bits/stdint-uintn.h:26:20: note: ‘uint32_t’ declared here
   26 | typedef __uint32_t uint32_t;
      |                    ^~~~~~~~
In file included from source/discord/core.h:13,
                 from source/discord/core.cpp:6:
source/discord/storage_manager.h:21:82: error: expression list treated as compound expression in functional cast [-fpermissive]
   21 |                           std::function<void(Result, std::uint8_t*, std::uint32_t)> callback);
      |                                                                                  ^
source/discord/storage_manager.h:21:83: error: template argument 1 is invalid
   21 |                           std::function<void(Result, std::uint8_t*, std::uint32_t)> callback);
      |                                                                                   ^
source/discord/storage_manager.h:21:27: error: invalid template-id
   21 |                           std::function<void(Result, std::uint8_t*, std::uint32_t)> callback);
      |                           ^~~
source/discord/storage_manager.h:21:59: error: ‘uint8_t’ is not a member of ‘std’; did you mean ‘uint8_t’?
   21 |                           std::function<void(Result, std::uint8_t*, std::uint32_t)> callback);
      |                                                           ^~~~~~~
In file included from /usr/include/stdint.h:37,
                 from /usr/lib/gcc/x86_64-linux-gnu/11/include/stdint.h:9,
                 from source/discord/ffi.h:9,
                 from source/discord/types.h:4,
                 from source/discord/core.h:4,
                 from source/discord/core.cpp:6:
/usr/include/x86_64-linux-gnu/bits/stdint-uintn.h:24:19: note: ‘uint8_t’ declared here
   24 | typedef __uint8_t uint8_t;
      |                   ^~~~~~~
In file included from source/discord/core.h:13,
                 from source/discord/core.cpp:6:
source/discord/storage_manager.h:21:74: error: ‘uint32_t’ is not a member of ‘std’; did you mean ‘uint32_t’?
   21 |                           std::function<void(Result, std::uint8_t*, std::uint32_t)> callback);
      |                                                                          ^~~~~~~~
In file included from /usr/include/stdint.h:37,
                 from /usr/lib/gcc/x86_64-linux-gnu/11/include/stdint.h:9,
                 from source/discord/ffi.h:9,
                 from source/discord/types.h:4,
                 from source/discord/core.h:4,
                 from source/discord/core.cpp:6:
/usr/include/x86_64-linux-gnu/bits/stdint-uintn.h:26:20: note: ‘uint32_t’ declared here
   26 | typedef __uint32_t uint32_t;
      |                    ^~~~~~~~
In file included from source/discord/core.h:13,
                 from source/discord/core.cpp:6:
source/discord/storage_manager.h:21:82: error: expression list treated as compound expression in functional cast [-fpermissive]
   21 |                           std::function<void(Result, std::uint8_t*, std::uint32_t)> callback);
      |                                                                                  ^
source/discord/storage_manager.h:21:41: error: expected primary-expression before ‘void’
   21 |                           std::function<void(Result, std::uint8_t*, std::uint32_t)> callback);
      |                                         ^~~~
source/discord/storage_manager.h:21:41: error: expected ‘>’ before ‘void’
source/discord/storage_manager.h:21:27: error: class template placeholder ‘std::function’ not permitted in this context
   21 |                           std::function<void(Result, std::uint8_t*, std::uint32_t)> callback);
      |                           ^~~
source/discord/storage_manager.h:22:36: error: ‘std::uint8_t’ has not been declared
   22 |     Result Write(char const* name, std::uint8_t* data, std::uint32_t dataLength);
      |                                    ^~~
source/discord/storage_manager.h:22:56: error: ‘std::uint32_t’ has not been declared
   22 |     Result Write(char const* name, std::uint8_t* data, std::uint32_t dataLength);
      |                                                        ^~~
source/discord/storage_manager.h:24:21: error: ‘std::uint8_t’ has not been declared
   24 |                     std::uint8_t* data,
      |                     ^~~
source/discord/storage_manager.h:25:21: error: ‘std::uint32_t’ has not been declared
   25 |                     std::uint32_t dataLength,
      |                     ^~~
source/discord/storage_manager.h:29:16: error: ‘std::int32_t’ has not been declared
   29 |     void Count(std::int32_t* count);
      |                ^~~
source/discord/storage_manager.h:31:19: error: ‘std::int32_t’ has not been declared
   31 |     Result StatAt(std::int32_t index, FileStat* stat);
      |                   ^~~
In file included from source/discord/core.h:14,
                 from source/discord/core.cpp:6:
source/discord/store_manager.h:13:20: error: ‘std::int32_t’ has not been declared
   13 |     void CountSkus(std::int32_t* count);
      |                    ^~~
source/discord/store_manager.h:14:19: error: ‘Snowflake’ has not been declared
   14 |     Result GetSku(Snowflake skuId, Sku* sku);
      |                   ^~~~~~~~~
source/discord/store_manager.h:15:21: error: ‘std::int32_t’ has not been declared
   15 |     Result GetSkuAt(std::int32_t index, Sku* sku);
      |                     ^~~
source/discord/store_manager.h:17:28: error: ‘std::int32_t’ has not been declared
   17 |     void CountEntitlements(std::int32_t* count);
      |                            ^~~
source/discord/store_manager.h:18:27: error: ‘Snowflake’ has not been declared
   18 |     Result GetEntitlement(Snowflake entitlementId, Entitlement* entitlement);
      |                           ^~~~~~~~~
source/discord/store_manager.h:19:29: error: ‘std::int32_t’ has not been declared
   19 |     Result GetEntitlementAt(std::int32_t index, Entitlement* entitlement);
      |                             ^~~
source/discord/store_manager.h:20:30: error: ‘Snowflake’ has not been declared
   20 |     Result HasSkuEntitlement(Snowflake skuId, bool* hasEntitlement);
      |                              ^~~~~~~~~
source/discord/store_manager.h:21:24: error: ‘Snowflake’ has not been declared
   21 |     void StartPurchase(Snowflake skuId, std::function<void(Result)> callback);
      |                        ^~~~~~~~~
In file included from source/discord/core.h:15,
                 from source/discord/core.cpp:6:
source/discord/voice_manager.h:18:24: error: ‘Snowflake’ has not been declared
   18 |     Result IsLocalMute(Snowflake userId, bool* mute);
      |                        ^~~~~~~~~
source/discord/voice_manager.h:19:25: error: ‘Snowflake’ has not been declared
   19 |     Result SetLocalMute(Snowflake userId, bool mute);
      |                         ^~~~~~~~~
source/discord/voice_manager.h:20:27: error: ‘Snowflake’ has not been declared
   20 |     Result GetLocalVolume(Snowflake userId, std::uint8_t* volume);
      |                           ^~~~~~~~~
source/discord/voice_manager.h:20:45: error: ‘std::uint8_t’ has not been declared
   20 |     Result GetLocalVolume(Snowflake userId, std::uint8_t* volume);
      |                                             ^~~
source/discord/voice_manager.h:21:27: error: ‘Snowflake’ has not been declared
   21 |     Result SetLocalVolume(Snowflake userId, std::uint8_t volume);
      |                           ^~~~~~~~~
source/discord/voice_manager.h:21:45: error: ‘std::uint8_t’ has not been declared
   21 |     Result SetLocalVolume(Snowflake userId, std::uint8_t volume);
      |                                             ^~~
In file included from source/discord/core.h:16,
                 from source/discord/core.cpp:6:
source/discord/achievement_manager.h:12:29: error: ‘Snowflake’ has not been declared
   12 |     void SetUserAchievement(Snowflake achievementId,
      |                             ^~~~~~~~~
source/discord/achievement_manager.h:13:29: error: ‘std::uint8_t’ has not been declared
   13 |                             std::uint8_t percentComplete,
      |                             ^~~
source/discord/achievement_manager.h:16:32: error: ‘std::int32_t’ has not been declared
   16 |     void CountUserAchievements(std::int32_t* count);
      |                                ^~~
source/discord/achievement_manager.h:17:31: error: ‘Snowflake’ has not been declared
   17 |     Result GetUserAchievement(Snowflake userAchievementId, UserAchievement* userAchievement);
      |                               ^~~~~~~~~
source/discord/achievement_manager.h:18:33: error: ‘std::int32_t’ has not been declared
   18 |     Result GetUserAchievementAt(std::int32_t index, UserAchievement* userAchievement);
      |                                 ^~~
In file included from source/discord/core.cpp:6:
source/discord/core.h:22:26: error: ‘ClientId’ has not been declared
   22 |     static Result Create(ClientId clientId, std::uint64_t flags, Core** instance);
      |                          ^~~~~~~~
source/discord/core.h:22:45: error: ‘std::uint64_t’ has not been declared
   22 |     static Result Create(ClientId clientId, std::uint64_t flags, Core** instance);
      |                                             ^~~
source/discord/core.cpp:13:8: error: ‘discord::Result discord::Core::Create’ is not a static data member of ‘class discord::Core’
   13 | Result Core::Create(ClientId clientId, std::uint64_t flags, Core** instance)
      |        ^~~~
source/discord/core.cpp:13:21: error: ‘ClientId’ was not declared in this scope
   13 | Result Core::Create(ClientId clientId, std::uint64_t flags, Core** instance)
      |                     ^~~~~~~~
source/discord/core.cpp:13:45: error: ‘uint64_t’ is not a member of ‘std’; did you mean ‘wint_t’?
   13 | Result Core::Create(ClientId clientId, std::uint64_t flags, Core** instance)
      |                                             ^~~~~~~~
      |                                             wint_t
source/discord/core.cpp:13:65: error: expected primary-expression before ‘*’ token
   13 | Result Core::Create(ClientId clientId, std::uint64_t flags, Core** instance)
      |                                                                 ^
source/discord/core.cpp:13:68: error: ‘instance’ was not declared in this scope
   13 | Result Core::Create(ClientId clientId, std::uint64_t flags, Core** instance)
      |                                                                    ^~~~~~~~
source/discord/core.cpp:13:76: error: expression list treated as compound expression in initializer [-fpermissive]
   13 | Result Core::Create(ClientId clientId, std::uint64_t flags, Core** instance)
      |                                                                            ^
In file included from source/discord/image_manager.h:4,
                 from source/discord/image_manager.cpp:6:
source/discord/types.h:168:23: error: ‘int64_t’ in namespace ‘std’ does not name a type
  168 | using ClientId = std::int64_t;
      |                       ^~~~~~~
source/discord/types.h:169:22: error: ‘int32_t’ in namespace ‘std’ does not name a type
  169 | using Version = std::int32_t;
      |                      ^~~~~~~
source/discord/types.h:170:24: error: ‘int64_t’ in namespace ‘std’ does not name a type
  170 | using Snowflake = std::int64_t;
      |                        ^~~~~~~
source/discord/types.h:171:24: error: ‘int64_t’ in namespace ‘std’ does not name a type
  171 | using Timestamp = std::int64_t;
      |                        ^~~~~~~
source/discord/types.h:172:16: error: ‘Snowflake’ does not name a type
  172 | using UserId = Snowflake;
      |                ^~~~~~~~~
source/discord/types.h:175:17: error: ‘Snowflake’ does not name a type
  175 | using LobbyId = Snowflake;
      |                 ^~~~~~~~~
source/discord/types.h:179:28: error: ‘uint64_t’ in namespace ‘std’ does not name a type
  179 | using NetworkPeerId = std::uint64_t;
      |                            ^~~~~~~~
source/discord/types.h:180:31: error: ‘uint8_t’ in namespace ‘std’ does not name a type
  180 | using NetworkChannelId = std::uint8_t;
      |                               ^~~~~~~
source/discord/types.h:186:16: error: ‘UserId’ has not been declared
  186 |     void SetId(UserId id);
      |                ^~~~~~
source/discord/types.h:187:5: error: ‘UserId’ does not name a type; did you mean ‘User’?
  187 |     UserId GetId() const;
      |     ^~~~~~
      |     User
source/discord/types.h:207:21: error: ‘Timestamp’ has not been declared
  207 |     void SetExpires(Timestamp expires);
      |                     ^~~~~~~~~
source/discord/types.h:208:5: error: ‘Timestamp’ does not name a type
  208 |     Timestamp GetExpires() const;
      |     ^~~~~~~~~
source/discord/types.h:218:16: error: ‘std::int64_t’ has not been declared
  218 |     void SetId(std::int64_t id);
      |                ^~~
source/discord/types.h:219:10: error: ‘int64_t’ in namespace ‘std’ does not name a type
  219 |     std::int64_t GetId() const;
      |          ^~~~~~~
source/discord/types.h:220:18: error: ‘std::uint32_t’ has not been declared
  220 |     void SetSize(std::uint32_t size);
      |                  ^~~
source/discord/types.h:221:10: error: ‘uint32_t’ in namespace ‘std’ does not name a type
  221 |     std::uint32_t GetSize() const;
      |          ^~~~~~~~
source/discord/types.h:229:19: error: ‘std::uint32_t’ has not been declared
  229 |     void SetWidth(std::uint32_t width);
      |                   ^~~
source/discord/types.h:230:10: error: ‘uint32_t’ in namespace ‘std’ does not name a type
  230 |     std::uint32_t GetWidth() const;
      |          ^~~~~~~~
source/discord/types.h:231:20: error: ‘std::uint32_t’ has not been declared
  231 |     void SetHeight(std::uint32_t height);
      |                    ^~~
source/discord/types.h:232:10: error: ‘uint32_t’ in namespace ‘std’ does not name a type
  232 |     std::uint32_t GetHeight() const;
      |          ^~~~~~~~
source/discord/types.h:240:19: error: ‘Timestamp’ has not been declared
  240 |     void SetStart(Timestamp start);
      |                   ^~~~~~~~~
source/discord/types.h:241:5: error: ‘Timestamp’ does not name a type
  241 |     Timestamp GetStart() const;
      |     ^~~~~~~~~
source/discord/types.h:242:17: error: ‘Timestamp’ has not been declared
  242 |     void SetEnd(Timestamp end);
      |                 ^~~~~~~~~
source/discord/types.h:243:5: error: ‘Timestamp’ does not name a type
  243 |     Timestamp GetEnd() const;
      |     ^~~~~~~~~
source/discord/types.h:266:25: error: ‘std::int32_t’ has not been declared
  266 |     void SetCurrentSize(std::int32_t currentSize);
      |                         ^~~
source/discord/types.h:267:10: error: ‘int32_t’ in namespace ‘std’ does not name a type
  267 |     std::int32_t GetCurrentSize() const;
      |          ^~~~~~~
source/discord/types.h:268:21: error: ‘std::int32_t’ has not been declared
  268 |     void SetMaxSize(std::int32_t maxSize);
      |                     ^~~
source/discord/types.h:269:10: error: ‘int32_t’ in namespace ‘std’ does not name a type
  269 |     std::int32_t GetMaxSize() const;
      |          ^~~~~~~
source/discord/types.h:303:27: error: ‘std::int64_t’ has not been declared
  303 |     void SetApplicationId(std::int64_t applicationId);
      |                           ^~~
source/discord/types.h:304:10: error: ‘int64_t’ in namespace ‘std’ does not name a type
  304 |     std::int64_t GetApplicationId() const;
      |          ^~~~~~~
source/discord/types.h:352:16: error: ‘LobbyId’ has not been declared
  352 |     void SetId(LobbyId id);
      |                ^~~~~~~
source/discord/types.h:353:5: error: ‘LobbyId’ does not name a type; did you mean ‘Lobby’?
  353 |     LobbyId GetId() const;
      |     ^~~~~~~
      |     Lobby
source/discord/types.h:356:21: error: ‘UserId’ has not been declared
  356 |     void SetOwnerId(UserId ownerId);
      |                     ^~~~~~
source/discord/types.h:357:5: error: ‘UserId’ does not name a type; did you mean ‘User’?
  357 |     UserId GetOwnerId() const;
      |     ^~~~~~
      |     User
source/discord/types.h:360:22: error: ‘std::uint32_t’ has not been declared
  360 |     void SetCapacity(std::uint32_t capacity);
      |                      ^~~
source/discord/types.h:361:10: error: ‘uint32_t’ in namespace ‘std’ does not name a type
  361 |     std::uint32_t GetCapacity() const;
      |          ^~~~~~~~
source/discord/types.h:373:18: error: ‘std::uint64_t’ has not been declared
  373 |     void SetSize(std::uint64_t size);
      |                  ^~~
source/discord/types.h:374:10: error: ‘uint64_t’ in namespace ‘std’ does not name a type
  374 |     std::uint64_t GetSize() const;
      |          ^~~~~~~~
source/discord/types.h:375:26: error: ‘std::uint64_t’ has not been declared
  375 |     void SetLastModified(std::uint64_t lastModified);
      |                          ^~~
source/discord/types.h:376:10: error: ‘uint64_t’ in namespace ‘std’ does not name a type
  376 |     std::uint64_t GetLastModified() const;
      |          ^~~~~~~~
source/discord/types.h:384:16: error: ‘Snowflake’ has not been declared
  384 |     void SetId(Snowflake id);
      |                ^~~~~~~~~
source/discord/types.h:385:5: error: ‘Snowflake’ does not name a type
  385 |     Snowflake GetId() const;
      |     ^~~~~~~~~
source/discord/types.h:388:19: error: ‘Snowflake’ has not been declared
  388 |     void SetSkuId(Snowflake skuId);
      |                   ^~~~~~~~~
source/discord/types.h:389:5: error: ‘Snowflake’ does not name a type
  389 |     Snowflake GetSkuId() const;
      |     ^~~~~~~~~
source/discord/types.h:397:20: error: ‘std::uint32_t’ has not been declared
  397 |     void SetAmount(std::uint32_t amount);
      |                    ^~~
source/discord/types.h:398:10: error: ‘uint32_t’ in namespace ‘std’ does not name a type
  398 |     std::uint32_t GetAmount() const;
      |          ^~~~~~~~
source/discord/types.h:408:16: error: ‘Snowflake’ has not been declared
  408 |     void SetId(Snowflake id);
      |                ^~~~~~~~~
source/discord/types.h:409:5: error: ‘Snowflake’ does not name a type
  409 |     Snowflake GetId() const;
      |     ^~~~~~~~~
source/discord/types.h:434:20: error: ‘Snowflake’ has not been declared
  434 |     void SetUserId(Snowflake userId);
      |                    ^~~~~~~~~
source/discord/types.h:435:5: error: ‘Snowflake’ does not name a type
  435 |     Snowflake GetUserId() const;
      |     ^~~~~~~~~
source/discord/types.h:436:27: error: ‘Snowflake’ has not been declared
  436 |     void SetAchievementId(Snowflake achievementId);
      |                           ^~~~~~~~~
source/discord/types.h:437:5: error: ‘Snowflake’ does not name a type
  437 |     Snowflake GetAchievementId() const;
      |     ^~~~~~~~~
source/discord/types.h:438:29: error: ‘std::uint8_t’ has not been declared
  438 |     void SetPercentComplete(std::uint8_t percentComplete);
      |                             ^~~
source/discord/types.h:439:10: error: ‘uint8_t’ in namespace ‘std’ does not name a type
  439 |     std::uint8_t GetPercentComplete() const;
      |          ^~~~~~~
source/discord/types.h:450:21: error: ‘UserId’ has not been declared
  450 |     Result SetOwner(UserId ownerId);
      |                     ^~~~~~
source/discord/types.h:451:24: error: ‘std::uint32_t’ has not been declared
  451 |     Result SetCapacity(std::uint32_t capacity);
      |                        ^~~
source/discord/types.h:482:18: error: ‘std::uint32_t’ has not been declared
  482 |     Result Limit(std::uint32_t limit);
      |                  ^~~
In file included from source/discord/image_manager.cpp:6:
source/discord/image_manager.h:14:40: error: ‘std::uint8_t’ has not been declared
   14 |     Result GetData(ImageHandle handle, std::uint8_t* data, std::uint32_t dataLength);
      |                                        ^~~
source/discord/image_manager.h:14:60: error: ‘std::uint32_t’ has not been declared
   14 |     Result GetData(ImageHandle handle, std::uint8_t* data, std::uint32_t dataLength);
      |                                                            ^~~
In file included from source/discord/core.h:6,
                 from source/discord/image_manager.cpp:8:
source/discord/user_manager.h:13:18: error: ‘UserId’ has not been declared
   13 |     void GetUser(UserId userId, std::function<void(Result, User const&)> callback);
      |                  ^~~~~~
In file included from source/discord/core.h:8,
                 from source/discord/image_manager.cpp:8:
source/discord/activity_manager.h:13:26: error: ‘std::uint32_t’ has not been declared
   13 |     Result RegisterSteam(std::uint32_t steamId);
      |                          ^~~
source/discord/activity_manager.h:16:27: error: ‘UserId’ has not been declared
   16 |     void SendRequestReply(UserId userId,
      |                           ^~~~~~
source/discord/activity_manager.h:19:21: error: ‘UserId’ has not been declared
   19 |     void SendInvite(UserId userId,
      |                     ^~~~~~
source/discord/activity_manager.h:23:23: error: ‘UserId’ has not been declared
   23 |     void AcceptInvite(UserId userId, std::function<void(Result)> callback);
      |                       ^~~~~~
In file included from source/discord/core.h:9,
                 from source/discord/image_manager.cpp:8:
source/discord/relationship_manager.h:13:18: error: ‘std::int32_t’ has not been declared
   13 |     Result Count(std::int32_t* count);
      |                  ^~~
source/discord/relationship_manager.h:14:16: error: ‘UserId’ has not been declared
   14 |     Result Get(UserId userId, Relationship* relationship);
      |                ^~~~~~
source/discord/relationship_manager.h:15:18: error: ‘std::uint32_t’ has not been declared
   15 |     Result GetAt(std::uint32_t index, Relationship* relationship);
      |                  ^~~
In file included from source/discord/core.h:10,
                 from source/discord/image_manager.cpp:8:
source/discord/lobby_manager.h:13:38: error: ‘LobbyId’ has not been declared
   13 |     Result GetLobbyUpdateTransaction(LobbyId lobbyId, LobbyTransaction* transaction);
      |                                      ^~~~~~~
source/discord/lobby_manager.h:14:39: error: ‘LobbyId’ has not been declared
   14 |     Result GetMemberUpdateTransaction(LobbyId lobbyId,
      |                                       ^~~~~~~
source/discord/lobby_manager.h:15:39: error: ‘UserId’ has not been declared
   15 |                                       UserId userId,
      |                                       ^~~~~~
source/discord/lobby_manager.h:19:22: error: ‘LobbyId’ has not been declared
   19 |     void UpdateLobby(LobbyId lobbyId,
      |                      ^~~~~~~
source/discord/lobby_manager.h:22:22: error: ‘LobbyId’ has not been declared
   22 |     void DeleteLobby(LobbyId lobbyId, std::function<void(Result)> callback);
      |                      ^~~~~~~
source/discord/lobby_manager.h:23:23: error: ‘LobbyId’ has not been declared
   23 |     void ConnectLobby(LobbyId lobbyId,
      |                       ^~~~~~~
source/discord/lobby_manager.h:28:26: error: ‘LobbyId’ has not been declared
   28 |     void DisconnectLobby(LobbyId lobbyId, std::function<void(Result)> callback);
      |                          ^~~~~~~
source/discord/lobby_manager.h:29:21: error: ‘LobbyId’ has not been declared
   29 |     Result GetLobby(LobbyId lobbyId, Lobby* lobby);
      |                     ^~~~~~~
source/discord/lobby_manager.h:30:35: error: ‘LobbyId’ has not been declared
   30 |     Result GetLobbyActivitySecret(LobbyId lobbyId, char secret[128]);
      |                                   ^~~~~~~
source/discord/lobby_manager.h:31:34: error: ‘LobbyId’ has not been declared
   31 |     Result GetLobbyMetadataValue(LobbyId lobbyId, MetadataKey key, char value[4096]);
      |                                  ^~~~~~~
source/discord/lobby_manager.h:32:32: error: ‘LobbyId’ has not been declared
   32 |     Result GetLobbyMetadataKey(LobbyId lobbyId, std::int32_t index, char key[256]);
      |                                ^~~~~~~
source/discord/lobby_manager.h:32:49: error: ‘std::int32_t’ has not been declared
   32 |     Result GetLobbyMetadataKey(LobbyId lobbyId, std::int32_t index, char key[256]);
      |                                                 ^~~
source/discord/lobby_manager.h:33:31: error: ‘LobbyId’ has not been declared
   33 |     Result LobbyMetadataCount(LobbyId lobbyId, std::int32_t* count);
      |                               ^~~~~~~
source/discord/lobby_manager.h:33:48: error: ‘std::int32_t’ has not been declared
   33 |     Result LobbyMetadataCount(LobbyId lobbyId, std::int32_t* count);
      |                                                ^~~
source/discord/lobby_manager.h:34:24: error: ‘LobbyId’ has not been declared
   34 |     Result MemberCount(LobbyId lobbyId, std::int32_t* count);
      |                        ^~~~~~~
source/discord/lobby_manager.h:34:41: error: ‘std::int32_t’ has not been declared
   34 |     Result MemberCount(LobbyId lobbyId, std::int32_t* count);
      |                                         ^~~
source/discord/lobby_manager.h:35:28: error: ‘LobbyId’ has not been declared
   35 |     Result GetMemberUserId(LobbyId lobbyId, std::int32_t index, UserId* userId);
      |                            ^~~~~~~
source/discord/lobby_manager.h:35:45: error: ‘std::int32_t’ has not been declared
   35 |     Result GetMemberUserId(LobbyId lobbyId, std::int32_t index, UserId* userId);
      |                                             ^~~
source/discord/lobby_manager.h:35:65: error: ‘UserId’ has not been declared
   35 |     Result GetMemberUserId(LobbyId lobbyId, std::int32_t index, UserId* userId);
      |                                                                 ^~~~~~
source/discord/lobby_manager.h:36:26: error: ‘LobbyId’ has not been declared
   36 |     Result GetMemberUser(LobbyId lobbyId, UserId userId, User* user);
      |                          ^~~~~~~
source/discord/lobby_manager.h:36:43: error: ‘UserId’ has not been declared
   36 |     Result GetMemberUser(LobbyId lobbyId, UserId userId, User* user);
      |                                           ^~~~~~
source/discord/lobby_manager.h:37:35: error: ‘LobbyId’ has not been declared
   37 |     Result GetMemberMetadataValue(LobbyId lobbyId,
      |                                   ^~~~~~~
source/discord/lobby_manager.h:38:35: error: ‘UserId’ has not been declared
   38 |                                   UserId userId,
      |                                   ^~~~~~
source/discord/lobby_manager.h:41:33: error: ‘LobbyId’ has not been declared
   41 |     Result GetMemberMetadataKey(LobbyId lobbyId, UserId userId, std::int32_t index, char key[256]);
      |                                 ^~~~~~~
source/discord/lobby_manager.h:41:50: error: ‘UserId’ has not been declared
   41 |     Result GetMemberMetadataKey(LobbyId lobbyId, UserId userId, std::int32_t index, char key[256]);
      |                                                  ^~~~~~
source/discord/lobby_manager.h:41:65: error: ‘std::int32_t’ has not been declared
   41 |     Result GetMemberMetadataKey(LobbyId lobbyId, UserId userId, std::int32_t index, char key[256]);
      |                                                                 ^~~
source/discord/lobby_manager.h:42:32: error: ‘LobbyId’ has not been declared
   42 |     Result MemberMetadataCount(LobbyId lobbyId, UserId userId, std::int32_t* count);
      |                                ^~~~~~~
source/discord/lobby_manager.h:42:49: error: ‘UserId’ has not been declared
   42 |     Result MemberMetadataCount(LobbyId lobbyId, UserId userId, std::int32_t* count);
      |                                                 ^~~~~~
source/discord/lobby_manager.h:42:64: error: ‘std::int32_t’ has not been declared
   42 |     Result MemberMetadataCount(LobbyId lobbyId, UserId userId, std::int32_t* count);
      |                                                                ^~~
source/discord/lobby_manager.h:43:23: error: ‘LobbyId’ has not been declared
   43 |     void UpdateMember(LobbyId lobbyId,
      |                       ^~~~~~~
source/discord/lobby_manager.h:44:23: error: ‘UserId’ has not been declared
   44 |                       UserId userId,
      |                       ^~~~~~
source/discord/lobby_manager.h:47:27: error: ‘LobbyId’ has not been declared
   47 |     void SendLobbyMessage(LobbyId lobbyId,
      |                           ^~~~~~~
source/discord/lobby_manager.h:48:27: error: ‘std::uint8_t’ has not been declared
   48 |                           std::uint8_t* data,
      |                           ^~~
source/discord/lobby_manager.h:49:27: error: ‘std::uint32_t’ has not been declared
   49 |                           std::uint32_t dataLength,
      |                           ^~~
source/discord/lobby_manager.h:53:21: error: ‘std::int32_t’ has not been declared
   53 |     void LobbyCount(std::int32_t* count);
      |                     ^~~
source/discord/lobby_manager.h:54:23: error: ‘std::int32_t’ has not been declared
   54 |     Result GetLobbyId(std::int32_t index, LobbyId* lobbyId);
      |                       ^~~
source/discord/lobby_manager.h:54:43: error: ‘LobbyId’ has not been declared
   54 |     Result GetLobbyId(std::int32_t index, LobbyId* lobbyId);
      |                                           ^~~~~~~
source/discord/lobby_manager.h:55:23: error: ‘LobbyId’ has not been declared
   55 |     void ConnectVoice(LobbyId lobbyId, std::function<void(Result)> callback);
      |                       ^~~~~~~
source/discord/lobby_manager.h:56:26: error: ‘LobbyId’ has not been declared
   56 |     void DisconnectVoice(LobbyId lobbyId, std::function<void(Result)> callback);
      |                          ^~~~~~~
source/discord/lobby_manager.h:57:27: error: ‘LobbyId’ has not been declared
   57 |     Result ConnectNetwork(LobbyId lobbyId);
      |                           ^~~~~~~
source/discord/lobby_manager.h:58:30: error: ‘LobbyId’ has not been declared
   58 |     Result DisconnectNetwork(LobbyId lobbyId);
      |                              ^~~~~~~
source/discord/lobby_manager.h:60:31: error: ‘LobbyId’ has not been declared
   60 |     Result OpenNetworkChannel(LobbyId lobbyId, std::uint8_t channelId, bool reliable);
      |                               ^~~~~~~
source/discord/lobby_manager.h:60:48: error: ‘std::uint8_t’ has not been declared
   60 |     Result OpenNetworkChannel(LobbyId lobbyId, std::uint8_t channelId, bool reliable);
      |                                                ^~~
source/discord/lobby_manager.h:61:31: error: ‘LobbyId’ has not been declared
   61 |     Result SendNetworkMessage(LobbyId lobbyId,
      |                               ^~~~~~~
source/discord/lobby_manager.h:62:31: error: ‘UserId’ has not been declared
   62 |                               UserId userId,
      |                               ^~~~~~
source/discord/lobby_manager.h:63:31: error: ‘std::uint8_t’ has not been declared
   63 |                               std::uint8_t channelId,
      |                               ^~~
source/discord/lobby_manager.h:64:31: error: ‘std::uint8_t’ has not been declared
   64 |                               std::uint8_t* data,
      |                               ^~~
source/discord/lobby_manager.h:65:31: error: ‘std::uint32_t’ has not been declared
   65 |                               std::uint32_t dataLength);
      |                               ^~~
source/discord/lobby_manager.h:67:16: error: ‘int64_t’ is not a member of ‘std’; did you mean ‘int64_t’?
   67 |     Event<std::int64_t> OnLobbyUpdate;
      |                ^~~~~~~
In file included from /usr/include/stdint.h:34,
                 from /usr/lib/gcc/x86_64-linux-gnu/11/include/stdint.h:9,
                 from source/discord/ffi.h:9,
                 from source/discord/types.h:4,
                 from source/discord/image_manager.h:4,
                 from source/discord/image_manager.cpp:6:
/usr/include/x86_64-linux-gnu/bits/stdint-intn.h:27:19: note: ‘int64_t’ declared here
   27 | typedef __int64_t int64_t;
      |                   ^~~~~~~
In file included from source/discord/core.h:10,
                 from source/discord/image_manager.cpp:8:
source/discord/lobby_manager.h:67:23: error: template argument 1 is invalid
   67 |     Event<std::int64_t> OnLobbyUpdate;
      |                       ^
source/discord/lobby_manager.h:68:16: error: ‘int64_t’ is not a member of ‘std’; did you mean ‘int64_t’?
   68 |     Event<std::int64_t, std::uint32_t> OnLobbyDelete;
      |                ^~~~~~~
In file included from /usr/include/stdint.h:34,
                 from /usr/lib/gcc/x86_64-linux-gnu/11/include/stdint.h:9,
                 from source/discord/ffi.h:9,
                 from source/discord/types.h:4,
                 from source/discord/image_manager.h:4,
                 from source/discord/image_manager.cpp:6:
/usr/include/x86_64-linux-gnu/bits/stdint-intn.h:27:19: note: ‘int64_t’ declared here
   27 | typedef __int64_t int64_t;
      |                   ^~~~~~~
In file included from source/discord/core.h:10,
                 from source/discord/image_manager.cpp:8:
source/discord/lobby_manager.h:68:30: error: ‘uint32_t’ is not a member of ‘std’; did you mean ‘uint32_t’?
   68 |     Event<std::int64_t, std::uint32_t> OnLobbyDelete;
      |                              ^~~~~~~~
In file included from /usr/include/stdint.h:37,
                 from /usr/lib/gcc/x86_64-linux-gnu/11/include/stdint.h:9,
                 from source/discord/ffi.h:9,
                 from source/discord/types.h:4,
                 from source/discord/image_manager.h:4,
                 from source/discord/image_manager.cpp:6:
/usr/include/x86_64-linux-gnu/bits/stdint-uintn.h:26:20: note: ‘uint32_t’ declared here
   26 | typedef __uint32_t uint32_t;
      |                    ^~~~~~~~
In file included from source/discord/core.h:10,
                 from source/discord/image_manager.cpp:8:
source/discord/lobby_manager.h:68:38: error: template argument 1 is invalid
   68 |     Event<std::int64_t, std::uint32_t> OnLobbyDelete;
      |                                      ^
source/discord/lobby_manager.h:68:38: error: template argument 2 is invalid
source/discord/lobby_manager.h:69:16: error: ‘int64_t’ is not a member of ‘std’; did you mean ‘int64_t’?
   69 |     Event<std::int64_t, std::int64_t> OnMemberConnect;
      |                ^~~~~~~
In file included from /usr/include/stdint.h:34,
                 from /usr/lib/gcc/x86_64-linux-gnu/11/include/stdint.h:9,
                 from source/discord/ffi.h:9,
                 from source/discord/types.h:4,
                 from source/discord/image_manager.h:4,
                 from source/discord/image_manager.cpp:6:
/usr/include/x86_64-linux-gnu/bits/stdint-intn.h:27:19: note: ‘int64_t’ declared here
   27 | typedef __int64_t int64_t;
      |                   ^~~~~~~
In file included from source/discord/core.h:10,
                 from source/discord/image_manager.cpp:8:
source/discord/lobby_manager.h:69:30: error: ‘int64_t’ is not a member of ‘std’; did you mean ‘int64_t’?
   69 |     Event<std::int64_t, std::int64_t> OnMemberConnect;
      |                              ^~~~~~~
In file included from /usr/include/stdint.h:34,
                 from /usr/lib/gcc/x86_64-linux-gnu/11/include/stdint.h:9,
                 from source/discord/ffi.h:9,
                 from source/discord/types.h:4,
                 from source/discord/image_manager.h:4,
                 from source/discord/image_manager.cpp:6:
/usr/include/x86_64-linux-gnu/bits/stdint-intn.h:27:19: note: ‘int64_t’ declared here
   27 | typedef __int64_t int64_t;
      |                   ^~~~~~~
In file included from source/discord/core.h:10,
                 from source/discord/image_manager.cpp:8:
source/discord/lobby_manager.h:69:37: error: template argument 1 is invalid
   69 |     Event<std::int64_t, std::int64_t> OnMemberConnect;
      |                                     ^
source/discord/lobby_manager.h:69:37: error: template argument 2 is invalid
source/discord/lobby_manager.h:70:16: error: ‘int64_t’ is not a member of ‘std’; did you mean ‘int64_t’?
   70 |     Event<std::int64_t, std::int64_t> OnMemberUpdate;
      |                ^~~~~~~
In file included from /usr/include/stdint.h:34,
                 from /usr/lib/gcc/x86_64-linux-gnu/11/include/stdint.h:9,
                 from source/discord/ffi.h:9,
                 from source/discord/types.h:4,
                 from source/discord/image_manager.h:4,
                 from source/discord/image_manager.cpp:6:
/usr/include/x86_64-linux-gnu/bits/stdint-intn.h:27:19: note: ‘int64_t’ declared here
   27 | typedef __int64_t int64_t;
      |                   ^~~~~~~
In file included from source/discord/core.h:10,
                 from source/discord/image_manager.cpp:8:
source/discord/lobby_manager.h:70:30: error: ‘int64_t’ is not a member of ‘std’; did you mean ‘int64_t’?
   70 |     Event<std::int64_t, std::int64_t> OnMemberUpdate;
      |                              ^~~~~~~
In file included from /usr/include/stdint.h:34,
                 from /usr/lib/gcc/x86_64-linux-gnu/11/include/stdint.h:9,
                 from source/discord/ffi.h:9,
                 from source/discord/types.h:4,
                 from source/discord/image_manager.h:4,
                 from source/discord/image_manager.cpp:6:
/usr/include/x86_64-linux-gnu/bits/stdint-intn.h:27:19: note: ‘int64_t’ declared here
   27 | typedef __int64_t int64_t;
      |                   ^~~~~~~
In file included from source/discord/core.h:10,
                 from source/discord/image_manager.cpp:8:
source/discord/lobby_manager.h:70:37: error: template argument 1 is invalid
   70 |     Event<std::int64_t, std::int64_t> OnMemberUpdate;
      |                                     ^
source/discord/lobby_manager.h:70:37: error: template argument 2 is invalid
source/discord/lobby_manager.h:71:16: error: ‘int64_t’ is not a member of ‘std’; did you mean ‘int64_t’?
   71 |     Event<std::int64_t, std::int64_t> OnMemberDisconnect;
      |                ^~~~~~~
In file included from /usr/include/stdint.h:34,
                 from /usr/lib/gcc/x86_64-linux-gnu/11/include/stdint.h:9,
                 from source/discord/ffi.h:9,
                 from source/discord/types.h:4,
                 from source/discord/image_manager.h:4,
                 from source/discord/image_manager.cpp:6:
/usr/include/x86_64-linux-gnu/bits/stdint-intn.h:27:19: note: ‘int64_t’ declared here
   27 | typedef __int64_t int64_t;
      |                   ^~~~~~~
In file included from source/discord/core.h:10,
                 from source/discord/image_manager.cpp:8:
source/discord/lobby_manager.h:71:30: error: ‘int64_t’ is not a member of ‘std’; did you mean ‘int64_t’?
   71 |     Event<std::int64_t, std::int64_t> OnMemberDisconnect;
      |                              ^~~~~~~
In file included from /usr/include/stdint.h:34,
                 from /usr/lib/gcc/x86_64-linux-gnu/11/include/stdint.h:9,
                 from source/discord/ffi.h:9,
                 from source/discord/types.h:4,
                 from source/discord/image_manager.h:4,
                 from source/discord/image_manager.cpp:6:
/usr/include/x86_64-linux-gnu/bits/stdint-intn.h:27:19: note: ‘int64_t’ declared here
   27 | typedef __int64_t int64_t;
      |                   ^~~~~~~
In file included from source/discord/core.h:10,
                 from source/discord/image_manager.cpp:8:
source/discord/lobby_manager.h:71:37: error: template argument 1 is invalid
   71 |     Event<std::int64_t, std::int64_t> OnMemberDisconnect;
      |                                     ^
source/discord/lobby_manager.h:71:37: error: template argument 2 is invalid
source/discord/lobby_manager.h:72:16: error: ‘int64_t’ is not a member of ‘std’; did you mean ‘int64_t’?
   72 |     Event<std::int64_t, std::int64_t, std::uint8_t*, std::uint32_t> OnLobbyMessage;
      |                ^~~~~~~
In file included from /usr/include/stdint.h:34,
                 from /usr/lib/gcc/x86_64-linux-gnu/11/include/stdint.h:9,
                 from source/discord/ffi.h:9,
                 from source/discord/types.h:4,
                 from source/discord/image_manager.h:4,
                 from source/discord/image_manager.cpp:6:
/usr/include/x86_64-linux-gnu/bits/stdint-intn.h:27:19: note: ‘int64_t’ declared here
   27 | typedef __int64_t int64_t;
      |                   ^~~~~~~
In file included from source/discord/core.h:10,
                 from source/discord/image_manager.cpp:8:
source/discord/lobby_manager.h:72:30: error: ‘int64_t’ is not a member of ‘std’; did you mean ‘int64_t’?
   72 |     Event<std::int64_t, std::int64_t, std::uint8_t*, std::uint32_t> OnLobbyMessage;
      |                              ^~~~~~~
In file included from /usr/include/stdint.h:34,
                 from /usr/lib/gcc/x86_64-linux-gnu/11/include/stdint.h:9,
                 from source/discord/ffi.h:9,
                 from source/discord/types.h:4,
                 from source/discord/image_manager.h:4,
                 from source/discord/image_manager.cpp:6:
/usr/include/x86_64-linux-gnu/bits/stdint-intn.h:27:19: note: ‘int64_t’ declared here
   27 | typedef __int64_t int64_t;
      |                   ^~~~~~~
In file included from source/discord/core.h:10,
                 from source/discord/image_manager.cpp:8:
source/discord/lobby_manager.h:72:44: error: ‘uint8_t’ is not a member of ‘std’; did you mean ‘uint8_t’?
   72 |     Event<std::int64_t, std::int64_t, std::uint8_t*, std::uint32_t> OnLobbyMessage;
      |                                            ^~~~~~~
In file included from /usr/include/stdint.h:37,
                 from /usr/lib/gcc/x86_64-linux-gnu/11/include/stdint.h:9,
                 from source/discord/ffi.h:9,
                 from source/discord/types.h:4,
                 from source/discord/image_manager.h:4,
                 from source/discord/image_manager.cpp:6:
/usr/include/x86_64-linux-gnu/bits/stdint-uintn.h:24:19: note: ‘uint8_t’ declared here
   24 | typedef __uint8_t uint8_t;
      |                   ^~~~~~~
In file included from source/discord/core.h:10,
                 from source/discord/image_manager.cpp:8:
source/discord/lobby_manager.h:72:59: error: ‘uint32_t’ is not a member of ‘std’; did you mean ‘uint32_t’?
   72 |     Event<std::int64_t, std::int64_t, std::uint8_t*, std::uint32_t> OnLobbyMessage;
      |                                                           ^~~~~~~~
In file included from /usr/include/stdint.h:37,
                 from /usr/lib/gcc/x86_64-linux-gnu/11/include/stdint.h:9,
                 from source/discord/ffi.h:9,
                 from source/discord/types.h:4,
                 from source/discord/image_manager.h:4,
                 from source/discord/image_manager.cpp:6:
/usr/include/x86_64-linux-gnu/bits/stdint-uintn.h:26:20: note: ‘uint32_t’ declared here
   26 | typedef __uint32_t uint32_t;
      |                    ^~~~~~~~
In file included from source/discord/core.h:10,
                 from source/discord/image_manager.cpp:8:
source/discord/lobby_manager.h:72:67: error: template argument 1 is invalid
   72 |     Event<std::int64_t, std::int64_t, std::uint8_t*, std::uint32_t> OnLobbyMessage;
      |                                                                   ^
source/discord/lobby_manager.h:72:67: error: template argument 2 is invalid
source/discord/lobby_manager.h:72:67: error: template argument 3 is invalid
source/discord/lobby_manager.h:72:67: error: template argument 4 is invalid
source/discord/lobby_manager.h:73:16: error: ‘int64_t’ is not a member of ‘std’; did you mean ‘int64_t’?
   73 |     Event<std::int64_t, std::int64_t, bool> OnSpeaking;
      |                ^~~~~~~
In file included from /usr/include/stdint.h:34,
                 from /usr/lib/gcc/x86_64-linux-gnu/11/include/stdint.h:9,
                 from source/discord/ffi.h:9,
                 from source/discord/types.h:4,
                 from source/discord/image_manager.h:4,
                 from source/discord/image_manager.cpp:6:
/usr/include/x86_64-linux-gnu/bits/stdint-intn.h:27:19: note: ‘int64_t’ declared here
   27 | typedef __int64_t int64_t;
      |                   ^~~~~~~
In file included from source/discord/core.h:10,
                 from source/discord/image_manager.cpp:8:
source/discord/lobby_manager.h:73:30: error: ‘int64_t’ is not a member of ‘std’; did you mean ‘int64_t’?
   73 |     Event<std::int64_t, std::int64_t, bool> OnSpeaking;
      |                              ^~~~~~~
In file included from /usr/include/stdint.h:34,
                 from /usr/lib/gcc/x86_64-linux-gnu/11/include/stdint.h:9,
                 from source/discord/ffi.h:9,
                 from source/discord/types.h:4,
                 from source/discord/image_manager.h:4,
                 from source/discord/image_manager.cpp:6:
/usr/include/x86_64-linux-gnu/bits/stdint-intn.h:27:19: note: ‘int64_t’ declared here
   27 | typedef __int64_t int64_t;
      |                   ^~~~~~~
In file included from source/discord/core.h:10,
                 from source/discord/image_manager.cpp:8:
source/discord/lobby_manager.h:73:43: error: template argument 1 is invalid
   73 |     Event<std::int64_t, std::int64_t, bool> OnSpeaking;
      |                                           ^
source/discord/lobby_manager.h:73:43: error: template argument 2 is invalid
source/discord/lobby_manager.h:74:16: error: ‘int64_t’ is not a member of ‘std’; did you mean ‘int64_t’?
   74 |     Event<std::int64_t, std::int64_t, std::uint8_t, std::uint8_t*, std::uint32_t> OnNetworkMessage;
      |                ^~~~~~~
In file included from /usr/include/stdint.h:34,
                 from /usr/lib/gcc/x86_64-linux-gnu/11/include/stdint.h:9,
                 from source/discord/ffi.h:9,
                 from source/discord/types.h:4,
                 from source/discord/image_manager.h:4,
                 from source/discord/image_manager.cpp:6:
/usr/include/x86_64-linux-gnu/bits/stdint-intn.h:27:19: note: ‘int64_t’ declared here
   27 | typedef __int64_t int64_t;
      |                   ^~~~~~~
In file included from source/discord/core.h:10,
                 from source/discord/image_manager.cpp:8:
source/discord/lobby_manager.h:74:30: error: ‘int64_t’ is not a member of ‘std’; did you mean ‘int64_t’?
   74 |     Event<std::int64_t, std::int64_t, std::uint8_t, std::uint8_t*, std::uint32_t> OnNetworkMessage;
      |                              ^~~~~~~
In file included from /usr/include/stdint.h:34,
                 from /usr/lib/gcc/x86_64-linux-gnu/11/include/stdint.h:9,
                 from source/discord/ffi.h:9,
                 from source/discord/types.h:4,
                 from source/discord/image_manager.h:4,
                 from source/discord/image_manager.cpp:6:
/usr/include/x86_64-linux-gnu/bits/stdint-intn.h:27:19: note: ‘int64_t’ declared here
   27 | typedef __int64_t int64_t;
      |                   ^~~~~~~
In file included from source/discord/core.h:10,
                 from source/discord/image_manager.cpp:8:
source/discord/lobby_manager.h:74:44: error: ‘uint8_t’ is not a member of ‘std’; did you mean ‘uint8_t’?
   74 |     Event<std::int64_t, std::int64_t, std::uint8_t, std::uint8_t*, std::uint32_t> OnNetworkMessage;
      |                                            ^~~~~~~
In file included from /usr/include/stdint.h:37,
                 from /usr/lib/gcc/x86_64-linux-gnu/11/include/stdint.h:9,
                 from source/discord/ffi.h:9,
                 from source/discord/types.h:4,
                 from source/discord/image_manager.h:4,
                 from source/discord/image_manager.cpp:6:
/usr/include/x86_64-linux-gnu/bits/stdint-uintn.h:24:19: note: ‘uint8_t’ declared here
   24 | typedef __uint8_t uint8_t;
      |                   ^~~~~~~
In file included from source/discord/core.h:10,
                 from source/discord/image_manager.cpp:8:
source/discord/lobby_manager.h:74:58: error: ‘uint8_t’ is not a member of ‘std’; did you mean ‘uint8_t’?
   74 |     Event<std::int64_t, std::int64_t, std::uint8_t, std::uint8_t*, std::uint32_t> OnNetworkMessage;
      |                                                          ^~~~~~~
In file included from /usr/include/stdint.h:37,
                 from /usr/lib/gcc/x86_64-linux-gnu/11/include/stdint.h:9,
                 from source/discord/ffi.h:9,
                 from source/discord/types.h:4,
                 from source/discord/image_manager.h:4,
                 from source/discord/image_manager.cpp:6:
/usr/include/x86_64-linux-gnu/bits/stdint-uintn.h:24:19: note: ‘uint8_t’ declared here
   24 | typedef __uint8_t uint8_t;
      |                   ^~~~~~~
In file included from source/discord/core.h:10,
                 from source/discord/image_manager.cpp:8:
source/discord/lobby_manager.h:74:73: error: ‘uint32_t’ is not a member of ‘std’; did you mean ‘uint32_t’?
   74 |     Event<std::int64_t, std::int64_t, std::uint8_t, std::uint8_t*, std::uint32_t> OnNetworkMessage;
      |                                                                         ^~~~~~~~
In file included from /usr/include/stdint.h:37,
                 from /usr/lib/gcc/x86_64-linux-gnu/11/include/stdint.h:9,
                 from source/discord/ffi.h:9,
                 from source/discord/types.h:4,
                 from source/discord/image_manager.h:4,
                 from source/discord/image_manager.cpp:6:
/usr/include/x86_64-linux-gnu/bits/stdint-uintn.h:26:20: note: ‘uint32_t’ declared here
   26 | typedef __uint32_t uint32_t;
      |                    ^~~~~~~~
In file included from source/discord/core.h:10,
                 from source/discord/image_manager.cpp:8:
source/discord/lobby_manager.h:74:81: error: template argument 1 is invalid
   74 |     Event<std::int64_t, std::int64_t, std::uint8_t, std::uint8_t*, std::uint32_t> OnNetworkMessage;
      |                                                                                 ^
source/discord/lobby_manager.h:74:81: error: template argument 2 is invalid
source/discord/lobby_manager.h:74:81: error: template argument 3 is invalid
source/discord/lobby_manager.h:74:81: error: template argument 4 is invalid
source/discord/lobby_manager.h:74:81: error: template argument 5 is invalid
In file included from source/discord/core.h:11,
                 from source/discord/image_manager.cpp:8:
source/discord/network_manager.h:15:20: error: ‘NetworkPeerId’ has not been declared
   15 |     void GetPeerId(NetworkPeerId* peerId);
      |                    ^~~~~~~~~~~~~
source/discord/network_manager.h:23:21: error: ‘NetworkPeerId’ has not been declared
   23 |     Result OpenPeer(NetworkPeerId peerId, char const* routeData);
      |                     ^~~~~~~~~~~~~
source/discord/network_manager.h:27:23: error: ‘NetworkPeerId’ has not been declared
   27 |     Result UpdatePeer(NetworkPeerId peerId, char const* routeData);
      |                       ^~~~~~~~~~~~~
source/discord/network_manager.h:31:22: error: ‘NetworkPeerId’ has not been declared
   31 |     Result ClosePeer(NetworkPeerId peerId);
      |                      ^~~~~~~~~~~~~
source/discord/network_manager.h:35:24: error: ‘NetworkPeerId’ has not been declared
   35 |     Result OpenChannel(NetworkPeerId peerId, NetworkChannelId channelId, bool reliable);
      |                        ^~~~~~~~~~~~~
source/discord/network_manager.h:35:46: error: ‘NetworkChannelId’ has not been declared
   35 |     Result OpenChannel(NetworkPeerId peerId, NetworkChannelId channelId, bool reliable);
      |                                              ^~~~~~~~~~~~~~~~
source/discord/network_manager.h:39:25: error: ‘NetworkPeerId’ has not been declared
   39 |     Result CloseChannel(NetworkPeerId peerId, NetworkChannelId channelId);
      |                         ^~~~~~~~~~~~~
source/discord/network_manager.h:39:47: error: ‘NetworkChannelId’ has not been declared
   39 |     Result CloseChannel(NetworkPeerId peerId, NetworkChannelId channelId);
      |                                               ^~~~~~~~~~~~~~~~
source/discord/network_manager.h:43:24: error: ‘NetworkPeerId’ has not been declared
   43 |     Result SendMessage(NetworkPeerId peerId,
      |                        ^~~~~~~~~~~~~
source/discord/network_manager.h:44:24: error: ‘NetworkChannelId’ has not been declared
   44 |                        NetworkChannelId channelId,
      |                        ^~~~~~~~~~~~~~~~
source/discord/network_manager.h:45:24: error: ‘std::uint8_t’ has not been declared
   45 |                        std::uint8_t* data,
      |                        ^~~
source/discord/network_manager.h:46:24: error: ‘std::uint32_t’ has not been declared
   46 |                        std::uint32_t dataLength);
      |                        ^~~
source/discord/network_manager.h:48:11: error: ‘NetworkPeerId’ was not declared in this scope; did you mean ‘GetPeerId’?
   48 |     Event<NetworkPeerId, NetworkChannelId, std::uint8_t*, std::uint32_t> OnMessage;
      |           ^~~~~~~~~~~~~
      |           GetPeerId
source/discord/network_manager.h:48:26: error: ‘NetworkChannelId’ was not declared in this scope
   48 |     Event<NetworkPeerId, NetworkChannelId, std::uint8_t*, std::uint32_t> OnMessage;
      |                          ^~~~~~~~~~~~~~~~
source/discord/network_manager.h:48:49: error: ‘uint8_t’ is not a member of ‘std’; did you mean ‘uint8_t’?
   48 |     Event<NetworkPeerId, NetworkChannelId, std::uint8_t*, std::uint32_t> OnMessage;
      |                                                 ^~~~~~~
In file included from /usr/include/stdint.h:37,
                 from /usr/lib/gcc/x86_64-linux-gnu/11/include/stdint.h:9,
                 from source/discord/ffi.h:9,
                 from source/discord/types.h:4,
                 from source/discord/image_manager.h:4,
                 from source/discord/image_manager.cpp:6:
/usr/include/x86_64-linux-gnu/bits/stdint-uintn.h:24:19: note: ‘uint8_t’ declared here
   24 | typedef __uint8_t uint8_t;
      |                   ^~~~~~~
In file included from source/discord/core.h:11,
                 from source/discord/image_manager.cpp:8:
source/discord/network_manager.h:48:64: error: ‘uint32_t’ is not a member of ‘std’; did you mean ‘uint32_t’?
   48 |     Event<NetworkPeerId, NetworkChannelId, std::uint8_t*, std::uint32_t> OnMessage;
      |                                                                ^~~~~~~~
In file included from /usr/include/stdint.h:37,
                 from /usr/lib/gcc/x86_64-linux-gnu/11/include/stdint.h:9,
                 from source/discord/ffi.h:9,
                 from source/discord/types.h:4,
                 from source/discord/image_manager.h:4,
                 from source/discord/image_manager.cpp:6:
/usr/include/x86_64-linux-gnu/bits/stdint-uintn.h:26:20: note: ‘uint32_t’ declared here
   26 | typedef __uint32_t uint32_t;
      |                    ^~~~~~~~
In file included from source/discord/core.h:11,
                 from source/discord/image_manager.cpp:8:
source/discord/network_manager.h:48:72: error: template argument 1 is invalid
   48 |     Event<NetworkPeerId, NetworkChannelId, std::uint8_t*, std::uint32_t> OnMessage;
      |                                                                        ^
source/discord/network_manager.h:48:72: error: template argument 2 is invalid
source/discord/network_manager.h:48:72: error: template argument 3 is invalid
source/discord/network_manager.h:48:72: error: template argument 4 is invalid
In file included from source/discord/core.h:13,
                 from source/discord/image_manager.cpp:8:
source/discord/storage_manager.h:13:17: error: ‘std::uint8_t’ has not been declared
   13 |                 std::uint8_t* data,
      |                 ^~~
source/discord/storage_manager.h:14:17: error: ‘std::uint32_t’ has not been declared
   14 |                 std::uint32_t dataLength,
      |                 ^~~
source/discord/storage_manager.h:15:17: error: ‘std::uint32_t’ has not been declared
   15 |                 std::uint32_t* read);
      |                 ^~~
source/discord/storage_manager.h:17:52: error: ‘uint8_t’ is not a member of ‘std’; did you mean ‘uint8_t’?
   17 |                    std::function<void(Result, std::uint8_t*, std::uint32_t)> callback);
      |                                                    ^~~~~~~
In file included from /usr/include/stdint.h:37,
                 from /usr/lib/gcc/x86_64-linux-gnu/11/include/stdint.h:9,
                 from source/discord/ffi.h:9,
                 from source/discord/types.h:4,
                 from source/discord/image_manager.h:4,
                 from source/discord/image_manager.cpp:6:
/usr/include/x86_64-linux-gnu/bits/stdint-uintn.h:24:19: note: ‘uint8_t’ declared here
   24 | typedef __uint8_t uint8_t;
      |                   ^~~~~~~
In file included from source/discord/core.h:13,
                 from source/discord/image_manager.cpp:8:
source/discord/storage_manager.h:17:67: error: ‘uint32_t’ is not a member of ‘std’; did you mean ‘uint32_t’?
   17 |                    std::function<void(Result, std::uint8_t*, std::uint32_t)> callback);
      |                                                                   ^~~~~~~~
In file included from /usr/include/stdint.h:37,
                 from /usr/lib/gcc/x86_64-linux-gnu/11/include/stdint.h:9,
                 from source/discord/ffi.h:9,
                 from source/discord/types.h:4,
                 from source/discord/image_manager.h:4,
                 from source/discord/image_manager.cpp:6:
/usr/include/x86_64-linux-gnu/bits/stdint-uintn.h:26:20: note: ‘uint32_t’ declared here
   26 | typedef __uint32_t uint32_t;
      |                    ^~~~~~~~
In file included from source/discord/core.h:13,
                 from source/discord/image_manager.cpp:8:
source/discord/storage_manager.h:17:75: error: expression list treated as compound expression in functional cast [-fpermissive]
   17 |                    std::function<void(Result, std::uint8_t*, std::uint32_t)> callback);
      |                                                                           ^
source/discord/storage_manager.h:17:76: error: template argument 1 is invalid
   17 |                    std::function<void(Result, std::uint8_t*, std::uint32_t)> callback);
      |                                                                            ^
source/discord/storage_manager.h:17:52: error: ‘uint8_t’ is not a member of ‘std’; did you mean ‘uint8_t’?
   17 |                    std::function<void(Result, std::uint8_t*, std::uint32_t)> callback);
      |                                                    ^~~~~~~
In file included from /usr/include/stdint.h:37,
                 from /usr/lib/gcc/x86_64-linux-gnu/11/include/stdint.h:9,
                 from source/discord/ffi.h:9,
                 from source/discord/types.h:4,
                 from source/discord/image_manager.h:4,
                 from source/discord/image_manager.cpp:6:
/usr/include/x86_64-linux-gnu/bits/stdint-uintn.h:24:19: note: ‘uint8_t’ declared here
   24 | typedef __uint8_t uint8_t;
      |                   ^~~~~~~
In file included from source/discord/core.h:13,
                 from source/discord/image_manager.cpp:8:
source/discord/storage_manager.h:17:67: error: ‘uint32_t’ is not a member of ‘std’; did you mean ‘uint32_t’?
   17 |                    std::function<void(Result, std::uint8_t*, std::uint32_t)> callback);
      |                                                                   ^~~~~~~~
In file included from /usr/include/stdint.h:37,
                 from /usr/lib/gcc/x86_64-linux-gnu/11/include/stdint.h:9,
                 from source/discord/ffi.h:9,
                 from source/discord/types.h:4,
                 from source/discord/image_manager.h:4,
                 from source/discord/image_manager.cpp:6:
/usr/include/x86_64-linux-gnu/bits/stdint-uintn.h:26:20: note: ‘uint32_t’ declared here
   26 | typedef __uint32_t uint32_t;
      |                    ^~~~~~~~
In file included from source/discord/core.h:13,
                 from source/discord/image_manager.cpp:8:
source/discord/storage_manager.h:17:75: error: expression list treated as compound expression in functional cast [-fpermissive]
   17 |                    std::function<void(Result, std::uint8_t*, std::uint32_t)> callback);
      |                                                                           ^
source/discord/storage_manager.h:17:76: error: template argument 1 is invalid
   17 |                    std::function<void(Result, std::uint8_t*, std::uint32_t)> callback);
      |                                                                            ^
source/discord/storage_manager.h:17:52: error: ‘uint8_t’ is not a member of ‘std’; did you mean ‘uint8_t’?
   17 |                    std::function<void(Result, std::uint8_t*, std::uint32_t)> callback);
      |                                                    ^~~~~~~
In file included from /usr/include/stdint.h:37,
                 from /usr/lib/gcc/x86_64-linux-gnu/11/include/stdint.h:9,
                 from source/discord/ffi.h:9,
                 from source/discord/types.h:4,
                 from source/discord/image_manager.h:4,
                 from source/discord/image_manager.cpp:6:
/usr/include/x86_64-linux-gnu/bits/stdint-uintn.h:24:19: note: ‘uint8_t’ declared here
   24 | typedef __uint8_t uint8_t;
      |                   ^~~~~~~
In file included from source/discord/core.h:13,
                 from source/discord/image_manager.cpp:8:
source/discord/storage_manager.h:17:67: error: ‘uint32_t’ is not a member of ‘std’; did you mean ‘uint32_t’?
   17 |                    std::function<void(Result, std::uint8_t*, std::uint32_t)> callback);
      |                                                                   ^~~~~~~~
In file included from /usr/include/stdint.h:37,
                 from /usr/lib/gcc/x86_64-linux-gnu/11/include/stdint.h:9,
                 from source/discord/ffi.h:9,
                 from source/discord/types.h:4,
                 from source/discord/image_manager.h:4,
                 from source/discord/image_manager.cpp:6:
/usr/include/x86_64-linux-gnu/bits/stdint-uintn.h:26:20: note: ‘uint32_t’ declared here
   26 | typedef __uint32_t uint32_t;
      |                    ^~~~~~~~
In file included from source/discord/core.h:13,
                 from source/discord/image_manager.cpp:8:
source/discord/storage_manager.h:17:75: error: expression list treated as compound expression in functional cast [-fpermissive]
   17 |                    std::function<void(Result, std::uint8_t*, std::uint32_t)> callback);
      |                                                                           ^
source/discord/storage_manager.h:17:76: error: template argument 1 is invalid
   17 |                    std::function<void(Result, std::uint8_t*, std::uint32_t)> callback);
      |                                                                            ^
source/discord/storage_manager.h:17:20: error: invalid template-id
   17 |                    std::function<void(Result, std::uint8_t*, std::uint32_t)> callback);
      |                    ^~~
source/discord/storage_manager.h:17:52: error: ‘uint8_t’ is not a member of ‘std’; did you mean ‘uint8_t’?
   17 |                    std::function<void(Result, std::uint8_t*, std::uint32_t)> callback);
      |                                                    ^~~~~~~
In file included from /usr/include/stdint.h:37,
                 from /usr/lib/gcc/x86_64-linux-gnu/11/include/stdint.h:9,
                 from source/discord/ffi.h:9,
                 from source/discord/types.h:4,
                 from source/discord/image_manager.h:4,
                 from source/discord/image_manager.cpp:6:
/usr/include/x86_64-linux-gnu/bits/stdint-uintn.h:24:19: note: ‘uint8_t’ declared here
   24 | typedef __uint8_t uint8_t;
      |                   ^~~~~~~
In file included from source/discord/core.h:13,
                 from source/discord/image_manager.cpp:8:
source/discord/storage_manager.h:17:67: error: ‘uint32_t’ is not a member of ‘std’; did you mean ‘uint32_t’?
   17 |                    std::function<void(Result, std::uint8_t*, std::uint32_t)> callback);
      |                                                                   ^~~~~~~~
In file included from /usr/include/stdint.h:37,
                 from /usr/lib/gcc/x86_64-linux-gnu/11/include/stdint.h:9,
                 from source/discord/ffi.h:9,
                 from source/discord/types.h:4,
                 from source/discord/image_manager.h:4,
                 from source/discord/image_manager.cpp:6:
/usr/include/x86_64-linux-gnu/bits/stdint-uintn.h:26:20: note: ‘uint32_t’ declared here
   26 | typedef __uint32_t uint32_t;
      |                    ^~~~~~~~
In file included from source/discord/core.h:13,
                 from source/discord/image_manager.cpp:8:
source/discord/storage_manager.h:17:75: error: expression list treated as compound expression in functional cast [-fpermissive]
   17 |                    std::function<void(Result, std::uint8_t*, std::uint32_t)> callback);
      |                                                                           ^
source/discord/storage_manager.h:17:34: error: expected primary-expression before ‘void’
   17 |                    std::function<void(Result, std::uint8_t*, std::uint32_t)> callback);
      |                                  ^~~~
source/discord/storage_manager.h:17:34: error: expected ‘>’ before ‘void’
source/discord/storage_manager.h:17:20: error: class template placeholder ‘std::function’ not permitted in this context
   17 |                    std::function<void(Result, std::uint8_t*, std::uint32_t)> callback);
      |                    ^~~
source/discord/storage_manager.h:19:27: error: ‘std::uint64_t’ has not been declared
   19 |                           std::uint64_t offset,
      |                           ^~~
source/discord/storage_manager.h:20:27: error: ‘std::uint64_t’ has not been declared
   20 |                           std::uint64_t length,
      |                           ^~~
source/discord/storage_manager.h:21:59: error: ‘uint8_t’ is not a member of ‘std’; did you mean ‘uint8_t’?
   21 |                           std::function<void(Result, std::uint8_t*, std::uint32_t)> callback);
      |                                                           ^~~~~~~
In file included from /usr/include/stdint.h:37,
                 from /usr/lib/gcc/x86_64-linux-gnu/11/include/stdint.h:9,
                 from source/discord/ffi.h:9,
                 from source/discord/types.h:4,
                 from source/discord/image_manager.h:4,
                 from source/discord/image_manager.cpp:6:
/usr/include/x86_64-linux-gnu/bits/stdint-uintn.h:24:19: note: ‘uint8_t’ declared here
   24 | typedef __uint8_t uint8_t;
      |                   ^~~~~~~
In file included from source/discord/core.h:13,
                 from source/discord/image_manager.cpp:8:
source/discord/storage_manager.h:21:74: error: ‘uint32_t’ is not a member of ‘std’; did you mean ‘uint32_t’?
   21 |                           std::function<void(Result, std::uint8_t*, std::uint32_t)> callback);
      |                                                                          ^~~~~~~~
In file included from /usr/include/stdint.h:37,
                 from /usr/lib/gcc/x86_64-linux-gnu/11/include/stdint.h:9,
                 from source/discord/ffi.h:9,
                 from source/discord/types.h:4,
                 from source/discord/image_manager.h:4,
                 from source/discord/image_manager.cpp:6:
/usr/include/x86_64-linux-gnu/bits/stdint-uintn.h:26:20: note: ‘uint32_t’ declared here
   26 | typedef __uint32_t uint32_t;
      |                    ^~~~~~~~
In file included from source/discord/core.h:13,
                 from source/discord/image_manager.cpp:8:
source/discord/storage_manager.h:21:82: error: expression list treated as compound expression in functional cast [-fpermissive]
   21 |                           std::function<void(Result, std::uint8_t*, std::uint32_t)> callback);
      |                                                                                  ^
source/discord/storage_manager.h:21:83: error: template argument 1 is invalid
   21 |                           std::function<void(Result, std::uint8_t*, std::uint32_t)> callback);
      |                                                                                   ^
source/discord/storage_manager.h:21:59: error: ‘uint8_t’ is not a member of ‘std’; did you mean ‘uint8_t’?
   21 |                           std::function<void(Result, std::uint8_t*, std::uint32_t)> callback);
      |                                                           ^~~~~~~
In file included from /usr/include/stdint.h:37,
                 from /usr/lib/gcc/x86_64-linux-gnu/11/include/stdint.h:9,
                 from source/discord/ffi.h:9,
                 from source/discord/types.h:4,
                 from source/discord/image_manager.h:4,
                 from source/discord/image_manager.cpp:6:
/usr/include/x86_64-linux-gnu/bits/stdint-uintn.h:24:19: note: ‘uint8_t’ declared here
   24 | typedef __uint8_t uint8_t;
      |                   ^~~~~~~
In file included from source/discord/core.h:13,
                 from source/discord/image_manager.cpp:8:
source/discord/storage_manager.h:21:74: error: ‘uint32_t’ is not a member of ‘std’; did you mean ‘uint32_t’?
   21 |                           std::function<void(Result, std::uint8_t*, std::uint32_t)> callback);
      |                                                                          ^~~~~~~~
In file included from /usr/include/stdint.h:37,
                 from /usr/lib/gcc/x86_64-linux-gnu/11/include/stdint.h:9,
                 from source/discord/ffi.h:9,
                 from source/discord/types.h:4,
                 from source/discord/image_manager.h:4,
                 from source/discord/image_manager.cpp:6:
/usr/include/x86_64-linux-gnu/bits/stdint-uintn.h:26:20: note: ‘uint32_t’ declared here
   26 | typedef __uint32_t uint32_t;
      |                    ^~~~~~~~
In file included from source/discord/core.h:13,
                 from source/discord/image_manager.cpp:8:
source/discord/storage_manager.h:21:82: error: expression list treated as compound expression in functional cast [-fpermissive]
   21 |                           std::function<void(Result, std::uint8_t*, std::uint32_t)> callback);
      |                                                                                  ^
source/discord/storage_manager.h:21:83: error: template argument 1 is invalid
   21 |                           std::function<void(Result, std::uint8_t*, std::uint32_t)> callback);
      |                                                                                   ^
source/discord/storage_manager.h:21:59: error: ‘uint8_t’ is not a member of ‘std’; did you mean ‘uint8_t’?
   21 |                           std::function<void(Result, std::uint8_t*, std::uint32_t)> callback);
      |                                                           ^~~~~~~
In file included from /usr/include/stdint.h:37,
                 from /usr/lib/gcc/x86_64-linux-gnu/11/include/stdint.h:9,
                 from source/discord/ffi.h:9,
                 from source/discord/types.h:4,
                 from source/discord/image_manager.h:4,
                 from source/discord/image_manager.cpp:6:
/usr/include/x86_64-linux-gnu/bits/stdint-uintn.h:24:19: note: ‘uint8_t’ declared here
   24 | typedef __uint8_t uint8_t;
      |                   ^~~~~~~
In file included from source/discord/core.h:13,
                 from source/discord/image_manager.cpp:8:
source/discord/storage_manager.h:21:74: error: ‘uint32_t’ is not a member of ‘std’; did you mean ‘uint32_t’?
   21 |                           std::function<void(Result, std::uint8_t*, std::uint32_t)> callback);
      |                                                                          ^~~~~~~~
In file included from /usr/include/stdint.h:37,
                 from /usr/lib/gcc/x86_64-linux-gnu/11/include/stdint.h:9,
                 from source/discord/ffi.h:9,
                 from source/discord/types.h:4,
                 from source/discord/image_manager.h:4,
                 from source/discord/image_manager.cpp:6:
/usr/include/x86_64-linux-gnu/bits/stdint-uintn.h:26:20: note: ‘uint32_t’ declared here
   26 | typedef __uint32_t uint32_t;
      |                    ^~~~~~~~
In file included from source/discord/core.h:13,
                 from source/discord/image_manager.cpp:8:
source/discord/storage_manager.h:21:82: error: expression list treated as compound expression in functional cast [-fpermissive]
   21 |                           std::function<void(Result, std::uint8_t*, std::uint32_t)> callback);
      |                                                                                  ^
source/discord/storage_manager.h:21:83: error: template argument 1 is invalid
   21 |                           std::function<void(Result, std::uint8_t*, std::uint32_t)> callback);
      |                                                                                   ^
source/discord/storage_manager.h:21:27: error: invalid template-id
   21 |                           std::function<void(Result, std::uint8_t*, std::uint32_t)> callback);
      |                           ^~~
source/discord/storage_manager.h:21:59: error: ‘uint8_t’ is not a member of ‘std’; did you mean ‘uint8_t’?
   21 |                           std::function<void(Result, std::uint8_t*, std::uint32_t)> callback);
      |                                                           ^~~~~~~
In file included from /usr/include/stdint.h:37,
                 from /usr/lib/gcc/x86_64-linux-gnu/11/include/stdint.h:9,
                 from source/discord/ffi.h:9,
                 from source/discord/types.h:4,
                 from source/discord/image_manager.h:4,
                 from source/discord/image_manager.cpp:6:
/usr/include/x86_64-linux-gnu/bits/stdint-uintn.h:24:19: note: ‘uint8_t’ declared here
   24 | typedef __uint8_t uint8_t;
      |                   ^~~~~~~
In file included from source/discord/core.h:13,
                 from source/discord/image_manager.cpp:8:
source/discord/storage_manager.h:21:74: error: ‘uint32_t’ is not a member of ‘std’; did you mean ‘uint32_t’?
   21 |                           std::function<void(Result, std::uint8_t*, std::uint32_t)> callback);
      |                                                                          ^~~~~~~~
In file included from /usr/include/stdint.h:37,
                 from /usr/lib/gcc/x86_64-linux-gnu/11/include/stdint.h:9,
                 from source/discord/ffi.h:9,
                 from source/discord/types.h:4,
                 from source/discord/image_manager.h:4,
                 from source/discord/image_manager.cpp:6:
/usr/include/x86_64-linux-gnu/bits/stdint-uintn.h:26:20: note: ‘uint32_t’ declared here
   26 | typedef __uint32_t uint32_t;
      |                    ^~~~~~~~
In file included from source/discord/core.h:13,
                 from source/discord/image_manager.cpp:8:
source/discord/storage_manager.h:21:82: error: expression list treated as compound expression in functional cast [-fpermissive]
   21 |                           std::function<void(Result, std::uint8_t*, std::uint32_t)> callback);
      |                                                                                  ^
source/discord/storage_manager.h:21:41: error: expected primary-expression before ‘void’
   21 |                           std::function<void(Result, std::uint8_t*, std::uint32_t)> callback);
      |                                         ^~~~
source/discord/storage_manager.h:21:41: error: expected ‘>’ before ‘void’
source/discord/storage_manager.h:21:27: error: class template placeholder ‘std::function’ not permitted in this context
   21 |                           std::function<void(Result, std::uint8_t*, std::uint32_t)> callback);
      |                           ^~~
source/discord/storage_manager.h:22:36: error: ‘std::uint8_t’ has not been declared
   22 |     Result Write(char const* name, std::uint8_t* data, std::uint32_t dataLength);
      |                                    ^~~
source/discord/storage_manager.h:22:56: error: ‘std::uint32_t’ has not been declared
   22 |     Result Write(char const* name, std::uint8_t* data, std::uint32_t dataLength);
      |                                                        ^~~
source/discord/storage_manager.h:24:21: error: ‘std::uint8_t’ has not been declared
   24 |                     std::uint8_t* data,
      |                     ^~~
source/discord/storage_manager.h:25:21: error: ‘std::uint32_t’ has not been declared
   25 |                     std::uint32_t dataLength,
      |                     ^~~
source/discord/storage_manager.h:29:16: error: ‘std::int32_t’ has not been declared
   29 |     void Count(std::int32_t* count);
      |                ^~~
source/discord/storage_manager.h:31:19: error: ‘std::int32_t’ has not been declared
   31 |     Result StatAt(std::int32_t index, FileStat* stat);
      |                   ^~~
In file included from source/discord/core.h:14,
                 from source/discord/image_manager.cpp:8:
source/discord/store_manager.h:13:20: error: ‘std::int32_t’ has not been declared
   13 |     void CountSkus(std::int32_t* count);
      |                    ^~~
source/discord/store_manager.h:14:19: error: ‘Snowflake’ has not been declared
   14 |     Result GetSku(Snowflake skuId, Sku* sku);
      |                   ^~~~~~~~~
source/discord/store_manager.h:15:21: error: ‘std::int32_t’ has not been declared
   15 |     Result GetSkuAt(std::int32_t index, Sku* sku);
      |                     ^~~
source/discord/store_manager.h:17:28: error: ‘std::int32_t’ has not been declared
   17 |     void CountEntitlements(std::int32_t* count);
      |                            ^~~
source/discord/store_manager.h:18:27: error: ‘Snowflake’ has not been declared
   18 |     Result GetEntitlement(Snowflake entitlementId, Entitlement* entitlement);
      |                           ^~~~~~~~~
source/discord/store_manager.h:19:29: error: ‘std::int32_t’ has not been declared
   19 |     Result GetEntitlementAt(std::int32_t index, Entitlement* entitlement);
      |                             ^~~
source/discord/store_manager.h:20:30: error: ‘Snowflake’ has not been declared
   20 |     Result HasSkuEntitlement(Snowflake skuId, bool* hasEntitlement);
      |                              ^~~~~~~~~
source/discord/store_manager.h:21:24: error: ‘Snowflake’ has not been declared
   21 |     void StartPurchase(Snowflake skuId, std::function<void(Result)> callback);
      |                        ^~~~~~~~~
In file included from source/discord/core.h:15,
                 from source/discord/image_manager.cpp:8:
source/discord/voice_manager.h:18:24: error: ‘Snowflake’ has not been declared
   18 |     Result IsLocalMute(Snowflake userId, bool* mute);
      |                        ^~~~~~~~~
source/discord/voice_manager.h:19:25: error: ‘Snowflake’ has not been declared
   19 |     Result SetLocalMute(Snowflake userId, bool mute);
      |                         ^~~~~~~~~
source/discord/voice_manager.h:20:27: error: ‘Snowflake’ has not been declared
   20 |     Result GetLocalVolume(Snowflake userId, std::uint8_t* volume);
      |                           ^~~~~~~~~
source/discord/voice_manager.h:20:45: error: ‘std::uint8_t’ has not been declared
   20 |     Result GetLocalVolume(Snowflake userId, std::uint8_t* volume);
      |                                             ^~~
source/discord/voice_manager.h:21:27: error: ‘Snowflake’ has not been declared
   21 |     Result SetLocalVolume(Snowflake userId, std::uint8_t volume);
      |                           ^~~~~~~~~
source/discord/voice_manager.h:21:45: error: ‘std::uint8_t’ has not been declared
   21 |     Result SetLocalVolume(Snowflake userId, std::uint8_t volume);
      |                                             ^~~
In file included from source/discord/core.h:16,
                 from source/discord/image_manager.cpp:8:
source/discord/achievement_manager.h:12:29: error: ‘Snowflake’ has not been declared
   12 |     void SetUserAchievement(Snowflake achievementId,
      |                             ^~~~~~~~~
source/discord/achievement_manager.h:13:29: error: ‘std::uint8_t’ has not been declared
   13 |                             std::uint8_t percentComplete,
      |                             ^~~
source/discord/achievement_manager.h:16:32: error: ‘std::int32_t’ has not been declared
   16 |     void CountUserAchievements(std::int32_t* count);
      |                                ^~~
source/discord/achievement_manager.h:17:31: error: ‘Snowflake’ has not been declared
   17 |     Result GetUserAchievement(Snowflake userAchievementId, UserAchievement* userAchievement);
      |                               ^~~~~~~~~
source/discord/achievement_manager.h:18:33: error: ‘std::int32_t’ has not been declared
   18 |     Result GetUserAchievementAt(std::int32_t index, UserAchievement* userAchievement);
      |                                 ^~~
In file included from source/discord/image_manager.cpp:8:
source/discord/core.h:22:26: error: ‘ClientId’ has not been declared
   22 |     static Result Create(ClientId clientId, std::uint64_t flags, Core** instance);
      |                          ^~~~~~~~
source/discord/core.h:22:45: error: ‘std::uint64_t’ has not been declared
   22 |     static Result Create(ClientId clientId, std::uint64_t flags, Core** instance);
      |                                             ^~~
source/discord/image_manager.cpp:49:50: error: ‘std::uint8_t’ has not been declared
   49 | Result ImageManager::GetData(ImageHandle handle, std::uint8_t* data, std::uint32_t dataLength)
      |                                                  ^~~
source/discord/image_manager.cpp:49:70: error: ‘std::uint32_t’ has not been declared
   49 | Result ImageManager::GetData(ImageHandle handle, std::uint8_t* data, std::uint32_t dataLength)
      |                                                                      ^~~
In file included from source/discord/lobby_manager.h:4,
                 from source/discord/lobby_manager.cpp:6:
source/discord/types.h:168:23: error: ‘int64_t’ in namespace ‘std’ does not name a type
  168 | using ClientId = std::int64_t;
      |                       ^~~~~~~
source/discord/types.h:169:22: error: ‘int32_t’ in namespace ‘std’ does not name a type
  169 | using Version = std::int32_t;
      |                      ^~~~~~~
source/discord/types.h:170:24: error: ‘int64_t’ in namespace ‘std’ does not name a type
  170 | using Snowflake = std::int64_t;
      |                        ^~~~~~~
source/discord/types.h:171:24: error: ‘int64_t’ in namespace ‘std’ does not name a type
  171 | using Timestamp = std::int64_t;
      |                        ^~~~~~~
source/discord/types.h:172:16: error: ‘Snowflake’ does not name a type
  172 | using UserId = Snowflake;
      |                ^~~~~~~~~
source/discord/types.h:175:17: error: ‘Snowflake’ does not name a type
  175 | using LobbyId = Snowflake;
      |                 ^~~~~~~~~
source/discord/types.h:179:28: error: ‘uint64_t’ in namespace ‘std’ does not name a type
  179 | using NetworkPeerId = std::uint64_t;
      |                            ^~~~~~~~
source/discord/types.h:180:31: error: ‘uint8_t’ in namespace ‘std’ does not name a type
  180 | using NetworkChannelId = std::uint8_t;
      |                               ^~~~~~~
source/discord/types.h:186:16: error: ‘UserId’ has not been declared
  186 |     void SetId(UserId id);
      |                ^~~~~~
source/discord/types.h:187:5: error: ‘UserId’ does not name a type; did you mean ‘User’?
  187 |     UserId GetId() const;
      |     ^~~~~~
      |     User
source/discord/types.h:207:21: error: ‘Timestamp’ has not been declared
  207 |     void SetExpires(Timestamp expires);
      |                     ^~~~~~~~~
source/discord/types.h:208:5: error: ‘Timestamp’ does not name a type
  208 |     Timestamp GetExpires() const;
      |     ^~~~~~~~~
source/discord/types.h:218:16: error: ‘std::int64_t’ has not been declared
  218 |     void SetId(std::int64_t id);
      |                ^~~
source/discord/types.h:219:10: error: ‘int64_t’ in namespace ‘std’ does not name a type
  219 |     std::int64_t GetId() const;
      |          ^~~~~~~
source/discord/types.h:220:18: error: ‘std::uint32_t’ has not been declared
  220 |     void SetSize(std::uint32_t size);
      |                  ^~~
source/discord/types.h:221:10: error: ‘uint32_t’ in namespace ‘std’ does not name a type
  221 |     std::uint32_t GetSize() const;
      |          ^~~~~~~~
source/discord/types.h:229:19: error: ‘std::uint32_t’ has not been declared
  229 |     void SetWidth(std::uint32_t width);
      |                   ^~~
source/discord/types.h:230:10: error: ‘uint32_t’ in namespace ‘std’ does not name a type
  230 |     std::uint32_t GetWidth() const;
      |          ^~~~~~~~
source/discord/types.h:231:20: error: ‘std::uint32_t’ has not been declared
  231 |     void SetHeight(std::uint32_t height);
      |                    ^~~
source/discord/types.h:232:10: error: ‘uint32_t’ in namespace ‘std’ does not name a type
  232 |     std::uint32_t GetHeight() const;
      |          ^~~~~~~~
source/discord/types.h:240:19: error: ‘Timestamp’ has not been declared
  240 |     void SetStart(Timestamp start);
      |                   ^~~~~~~~~
source/discord/types.h:241:5: error: ‘Timestamp’ does not name a type
  241 |     Timestamp GetStart() const;
      |     ^~~~~~~~~
source/discord/types.h:242:17: error: ‘Timestamp’ has not been declared
  242 |     void SetEnd(Timestamp end);
      |                 ^~~~~~~~~
source/discord/types.h:243:5: error: ‘Timestamp’ does not name a type
  243 |     Timestamp GetEnd() const;
      |     ^~~~~~~~~
source/discord/types.h:266:25: error: ‘std::int32_t’ has not been declared
  266 |     void SetCurrentSize(std::int32_t currentSize);
      |                         ^~~
source/discord/types.h:267:10: error: ‘int32_t’ in namespace ‘std’ does not name a type
  267 |     std::int32_t GetCurrentSize() const;
      |          ^~~~~~~
source/discord/types.h:268:21: error: ‘std::int32_t’ has not been declared
  268 |     void SetMaxSize(std::int32_t maxSize);
      |                     ^~~
source/discord/types.h:269:10: error: ‘int32_t’ in namespace ‘std’ does not name a type
  269 |     std::int32_t GetMaxSize() const;
      |          ^~~~~~~
source/discord/types.h:303:27: error: ‘std::int64_t’ has not been declared
  303 |     void SetApplicationId(std::int64_t applicationId);
      |                           ^~~
source/discord/types.h:304:10: error: ‘int64_t’ in namespace ‘std’ does not name a type
  304 |     std::int64_t GetApplicationId() const;
      |          ^~~~~~~
source/discord/types.h:352:16: error: ‘LobbyId’ has not been declared
  352 |     void SetId(LobbyId id);
      |                ^~~~~~~
source/discord/types.h:353:5: error: ‘LobbyId’ does not name a type; did you mean ‘Lobby’?
  353 |     LobbyId GetId() const;
      |     ^~~~~~~
      |     Lobby
source/discord/types.h:356:21: error: ‘UserId’ has not been declared
  356 |     void SetOwnerId(UserId ownerId);
      |                     ^~~~~~
source/discord/types.h:357:5: error: ‘UserId’ does not name a type; did you mean ‘User’?
  357 |     UserId GetOwnerId() const;
      |     ^~~~~~
      |     User
source/discord/types.h:360:22: error: ‘std::uint32_t’ has not been declared
  360 |     void SetCapacity(std::uint32_t capacity);
      |                      ^~~
source/discord/types.h:361:10: error: ‘uint32_t’ in namespace ‘std’ does not name a type
  361 |     std::uint32_t GetCapacity() const;
      |          ^~~~~~~~
source/discord/types.h:373:18: error: ‘std::uint64_t’ has not been declared
  373 |     void SetSize(std::uint64_t size);
      |                  ^~~
source/discord/types.h:374:10: error: ‘uint64_t’ in namespace ‘std’ does not name a type
  374 |     std::uint64_t GetSize() const;
      |          ^~~~~~~~
source/discord/types.h:375:26: error: ‘std::uint64_t’ has not been declared
  375 |     void SetLastModified(std::uint64_t lastModified);
      |                          ^~~
source/discord/types.h:376:10: error: ‘uint64_t’ in namespace ‘std’ does not name a type
  376 |     std::uint64_t GetLastModified() const;
      |          ^~~~~~~~
source/discord/types.h:384:16: error: ‘Snowflake’ has not been declared
  384 |     void SetId(Snowflake id);
      |                ^~~~~~~~~
source/discord/types.h:385:5: error: ‘Snowflake’ does not name a type
  385 |     Snowflake GetId() const;
      |     ^~~~~~~~~
source/discord/types.h:388:19: error: ‘Snowflake’ has not been declared
  388 |     void SetSkuId(Snowflake skuId);
      |                   ^~~~~~~~~
source/discord/types.h:389:5: error: ‘Snowflake’ does not name a type
  389 |     Snowflake GetSkuId() const;
      |     ^~~~~~~~~
source/discord/types.h:397:20: error: ‘std::uint32_t’ has not been declared
  397 |     void SetAmount(std::uint32_t amount);
      |                    ^~~
source/discord/types.h:398:10: error: ‘uint32_t’ in namespace ‘std’ does not name a type
  398 |     std::uint32_t GetAmount() const;
      |          ^~~~~~~~
source/discord/types.h:408:16: error: ‘Snowflake’ has not been declared
  408 |     void SetId(Snowflake id);
      |                ^~~~~~~~~
source/discord/types.h:409:5: error: ‘Snowflake’ does not name a type
  409 |     Snowflake GetId() const;
      |     ^~~~~~~~~
source/discord/types.h:434:20: error: ‘Snowflake’ has not been declared
  434 |     void SetUserId(Snowflake userId);
      |                    ^~~~~~~~~
source/discord/types.h:435:5: error: ‘Snowflake’ does not name a type
  435 |     Snowflake GetUserId() const;
      |     ^~~~~~~~~
source/discord/types.h:436:27: error: ‘Snowflake’ has not been declared
  436 |     void SetAchievementId(Snowflake achievementId);
      |                           ^~~~~~~~~
source/discord/types.h:437:5: error: ‘Snowflake’ does not name a type
  437 |     Snowflake GetAchievementId() const;
      |     ^~~~~~~~~
source/discord/types.h:438:29: error: ‘std::uint8_t’ has not been declared
  438 |     void SetPercentComplete(std::uint8_t percentComplete);
      |                             ^~~
source/discord/types.h:439:10: error: ‘uint8_t’ in namespace ‘std’ does not name a type
  439 |     std::uint8_t GetPercentComplete() const;
      |          ^~~~~~~
source/discord/types.h:450:21: error: ‘UserId’ has not been declared
  450 |     Result SetOwner(UserId ownerId);
      |                     ^~~~~~
source/discord/types.h:451:24: error: ‘std::uint32_t’ has not been declared
  451 |     Result SetCapacity(std::uint32_t capacity);
      |                        ^~~
source/discord/types.h:482:18: error: ‘std::uint32_t’ has not been declared
  482 |     Result Limit(std::uint32_t limit);
      |                  ^~~
In file included from source/discord/lobby_manager.cpp:6:
source/discord/lobby_manager.h:13:38: error: ‘LobbyId’ has not been declared
   13 |     Result GetLobbyUpdateTransaction(LobbyId lobbyId, LobbyTransaction* transaction);
      |                                      ^~~~~~~
source/discord/lobby_manager.h:14:39: error: ‘LobbyId’ has not been declared
   14 |     Result GetMemberUpdateTransaction(LobbyId lobbyId,
      |                                       ^~~~~~~
source/discord/lobby_manager.h:15:39: error: ‘UserId’ has not been declared
   15 |                                       UserId userId,
      |                                       ^~~~~~
source/discord/lobby_manager.h:19:22: error: ‘LobbyId’ has not been declared
   19 |     void UpdateLobby(LobbyId lobbyId,
      |                      ^~~~~~~
source/discord/lobby_manager.h:22:22: error: ‘LobbyId’ has not been declared
   22 |     void DeleteLobby(LobbyId lobbyId, std::function<void(Result)> callback);
      |                      ^~~~~~~
source/discord/lobby_manager.h:23:23: error: ‘LobbyId’ has not been declared
   23 |     void ConnectLobby(LobbyId lobbyId,
      |                       ^~~~~~~
source/discord/lobby_manager.h:28:26: error: ‘LobbyId’ has not been declared
   28 |     void DisconnectLobby(LobbyId lobbyId, std::function<void(Result)> callback);
      |                          ^~~~~~~
source/discord/lobby_manager.h:29:21: error: ‘LobbyId’ has not been declared
   29 |     Result GetLobby(LobbyId lobbyId, Lobby* lobby);
      |                     ^~~~~~~
source/discord/lobby_manager.h:30:35: error: ‘LobbyId’ has not been declared
   30 |     Result GetLobbyActivitySecret(LobbyId lobbyId, char secret[128]);
      |                                   ^~~~~~~
source/discord/lobby_manager.h:31:34: error: ‘LobbyId’ has not been declared
   31 |     Result GetLobbyMetadataValue(LobbyId lobbyId, MetadataKey key, char value[4096]);
      |                                  ^~~~~~~
source/discord/lobby_manager.h:32:32: error: ‘LobbyId’ has not been declared
   32 |     Result GetLobbyMetadataKey(LobbyId lobbyId, std::int32_t index, char key[256]);
      |                                ^~~~~~~
source/discord/lobby_manager.h:32:49: error: ‘std::int32_t’ has not been declared
   32 |     Result GetLobbyMetadataKey(LobbyId lobbyId, std::int32_t index, char key[256]);
      |                                                 ^~~
source/discord/lobby_manager.h:33:31: error: ‘LobbyId’ has not been declared
   33 |     Result LobbyMetadataCount(LobbyId lobbyId, std::int32_t* count);
      |                               ^~~~~~~
source/discord/lobby_manager.h:33:48: error: ‘std::int32_t’ has not been declared
   33 |     Result LobbyMetadataCount(LobbyId lobbyId, std::int32_t* count);
      |                                                ^~~
source/discord/lobby_manager.h:34:24: error: ‘LobbyId’ has not been declared
   34 |     Result MemberCount(LobbyId lobbyId, std::int32_t* count);
      |                        ^~~~~~~
source/discord/lobby_manager.h:34:41: error: ‘std::int32_t’ has not been declared
   34 |     Result MemberCount(LobbyId lobbyId, std::int32_t* count);
      |                                         ^~~
source/discord/lobby_manager.h:35:28: error: ‘LobbyId’ has not been declared
   35 |     Result GetMemberUserId(LobbyId lobbyId, std::int32_t index, UserId* userId);
      |                            ^~~~~~~
source/discord/lobby_manager.h:35:45: error: ‘std::int32_t’ has not been declared
   35 |     Result GetMemberUserId(LobbyId lobbyId, std::int32_t index, UserId* userId);
      |                                             ^~~
source/discord/lobby_manager.h:35:65: error: ‘UserId’ has not been declared
   35 |     Result GetMemberUserId(LobbyId lobbyId, std::int32_t index, UserId* userId);
      |                                                                 ^~~~~~
source/discord/lobby_manager.h:36:26: error: ‘LobbyId’ has not been declared
   36 |     Result GetMemberUser(LobbyId lobbyId, UserId userId, User* user);
      |                          ^~~~~~~
source/discord/lobby_manager.h:36:43: error: ‘UserId’ has not been declared
   36 |     Result GetMemberUser(LobbyId lobbyId, UserId userId, User* user);
      |                                           ^~~~~~
source/discord/lobby_manager.h:37:35: error: ‘LobbyId’ has not been declared
   37 |     Result GetMemberMetadataValue(LobbyId lobbyId,
      |                                   ^~~~~~~
source/discord/lobby_manager.h:38:35: error: ‘UserId’ has not been declared
   38 |                                   UserId userId,
      |                                   ^~~~~~
source/discord/lobby_manager.h:41:33: error: ‘LobbyId’ has not been declared
   41 |     Result GetMemberMetadataKey(LobbyId lobbyId, UserId userId, std::int32_t index, char key[256]);
      |                                 ^~~~~~~
source/discord/lobby_manager.h:41:50: error: ‘UserId’ has not been declared
   41 |     Result GetMemberMetadataKey(LobbyId lobbyId, UserId userId, std::int32_t index, char key[256]);
      |                                                  ^~~~~~
source/discord/lobby_manager.h:41:65: error: ‘std::int32_t’ has not been declared
   41 |     Result GetMemberMetadataKey(LobbyId lobbyId, UserId userId, std::int32_t index, char key[256]);
      |                                                                 ^~~
source/discord/lobby_manager.h:42:32: error: ‘LobbyId’ has not been declared
   42 |     Result MemberMetadataCount(LobbyId lobbyId, UserId userId, std::int32_t* count);
      |                                ^~~~~~~
source/discord/lobby_manager.h:42:49: error: ‘UserId’ has not been declared
   42 |     Result MemberMetadataCount(LobbyId lobbyId, UserId userId, std::int32_t* count);
      |                                                 ^~~~~~
source/discord/lobby_manager.h:42:64: error: ‘std::int32_t’ has not been declared
   42 |     Result MemberMetadataCount(LobbyId lobbyId, UserId userId, std::int32_t* count);
      |                                                                ^~~
source/discord/lobby_manager.h:43:23: error: ‘LobbyId’ has not been declared
   43 |     void UpdateMember(LobbyId lobbyId,
      |                       ^~~~~~~
source/discord/lobby_manager.h:44:23: error: ‘UserId’ has not been declared
   44 |                       UserId userId,
      |                       ^~~~~~
source/discord/lobby_manager.h:47:27: error: ‘LobbyId’ has not been declared
   47 |     void SendLobbyMessage(LobbyId lobbyId,
      |                           ^~~~~~~
source/discord/lobby_manager.h:48:27: error: ‘std::uint8_t’ has not been declared
   48 |                           std::uint8_t* data,
      |                           ^~~
source/discord/lobby_manager.h:49:27: error: ‘std::uint32_t’ has not been declared
   49 |                           std::uint32_t dataLength,
      |                           ^~~
source/discord/lobby_manager.h:53:21: error: ‘std::int32_t’ has not been declared
   53 |     void LobbyCount(std::int32_t* count);
      |                     ^~~
source/discord/lobby_manager.h:54:23: error: ‘std::int32_t’ has not been declared
   54 |     Result GetLobbyId(std::int32_t index, LobbyId* lobbyId);
      |                       ^~~
source/discord/lobby_manager.h:54:43: error: ‘LobbyId’ has not been declared
   54 |     Result GetLobbyId(std::int32_t index, LobbyId* lobbyId);
      |                                           ^~~~~~~
source/discord/lobby_manager.h:55:23: error: ‘LobbyId’ has not been declared
   55 |     void ConnectVoice(LobbyId lobbyId, std::function<void(Result)> callback);
      |                       ^~~~~~~
source/discord/lobby_manager.h:56:26: error: ‘LobbyId’ has not been declared
   56 |     void DisconnectVoice(LobbyId lobbyId, std::function<void(Result)> callback);
      |                          ^~~~~~~
source/discord/lobby_manager.h:57:27: error: ‘LobbyId’ has not been declared
   57 |     Result ConnectNetwork(LobbyId lobbyId);
      |                           ^~~~~~~
source/discord/lobby_manager.h:58:30: error: ‘LobbyId’ has not been declared
   58 |     Result DisconnectNetwork(LobbyId lobbyId);
      |                              ^~~~~~~
source/discord/lobby_manager.h:60:31: error: ‘LobbyId’ has not been declared
   60 |     Result OpenNetworkChannel(LobbyId lobbyId, std::uint8_t channelId, bool reliable);
      |                               ^~~~~~~
source/discord/lobby_manager.h:60:48: error: ‘std::uint8_t’ has not been declared
   60 |     Result OpenNetworkChannel(LobbyId lobbyId, std::uint8_t channelId, bool reliable);
      |                                                ^~~
source/discord/lobby_manager.h:61:31: error: ‘LobbyId’ has not been declared
   61 |     Result SendNetworkMessage(LobbyId lobbyId,
      |                               ^~~~~~~
source/discord/lobby_manager.h:62:31: error: ‘UserId’ has not been declared
   62 |                               UserId userId,
      |                               ^~~~~~
source/discord/lobby_manager.h:63:31: error: ‘std::uint8_t’ has not been declared
   63 |                               std::uint8_t channelId,
      |                               ^~~
source/discord/lobby_manager.h:64:31: error: ‘std::uint8_t’ has not been declared
   64 |                               std::uint8_t* data,
      |                               ^~~
source/discord/lobby_manager.h:65:31: error: ‘std::uint32_t’ has not been declared
   65 |                               std::uint32_t dataLength);
      |                               ^~~
source/discord/lobby_manager.h:67:16: error: ‘int64_t’ is not a member of ‘std’; did you mean ‘int64_t’?
   67 |     Event<std::int64_t> OnLobbyUpdate;
      |                ^~~~~~~
In file included from /usr/include/stdint.h:34,
                 from /usr/lib/gcc/x86_64-linux-gnu/11/include/stdint.h:9,
                 from source/discord/ffi.h:9,
                 from source/discord/types.h:4,
                 from source/discord/lobby_manager.h:4,
                 from source/discord/lobby_manager.cpp:6:
/usr/include/x86_64-linux-gnu/bits/stdint-intn.h:27:19: note: ‘int64_t’ declared here
   27 | typedef __int64_t int64_t;
      |                   ^~~~~~~
In file included from source/discord/lobby_manager.cpp:6:
source/discord/lobby_manager.h:67:23: error: template argument 1 is invalid
   67 |     Event<std::int64_t> OnLobbyUpdate;
      |                       ^
source/discord/lobby_manager.h:68:16: error: ‘int64_t’ is not a member of ‘std’; did you mean ‘int64_t’?
   68 |     Event<std::int64_t, std::uint32_t> OnLobbyDelete;
      |                ^~~~~~~
In file included from /usr/include/stdint.h:34,
                 from /usr/lib/gcc/x86_64-linux-gnu/11/include/stdint.h:9,
                 from source/discord/ffi.h:9,
                 from source/discord/types.h:4,
                 from source/discord/lobby_manager.h:4,
                 from source/discord/lobby_manager.cpp:6:
/usr/include/x86_64-linux-gnu/bits/stdint-intn.h:27:19: note: ‘int64_t’ declared here
   27 | typedef __int64_t int64_t;
      |                   ^~~~~~~
In file included from source/discord/lobby_manager.cpp:6:
source/discord/lobby_manager.h:68:30: error: ‘uint32_t’ is not a member of ‘std’; did you mean ‘uint32_t’?
   68 |     Event<std::int64_t, std::uint32_t> OnLobbyDelete;
      |                              ^~~~~~~~
In file included from /usr/include/stdint.h:37,
                 from /usr/lib/gcc/x86_64-linux-gnu/11/include/stdint.h:9,
                 from source/discord/ffi.h:9,
                 from source/discord/types.h:4,
                 from source/discord/lobby_manager.h:4,
                 from source/discord/lobby_manager.cpp:6:
/usr/include/x86_64-linux-gnu/bits/stdint-uintn.h:26:20: note: ‘uint32_t’ declared here
   26 | typedef __uint32_t uint32_t;
      |                    ^~~~~~~~
In file included from source/discord/lobby_manager.cpp:6:
source/discord/lobby_manager.h:68:38: error: template argument 1 is invalid
   68 |     Event<std::int64_t, std::uint32_t> OnLobbyDelete;
      |                                      ^
source/discord/lobby_manager.h:68:38: error: template argument 2 is invalid
source/discord/lobby_manager.h:69:16: error: ‘int64_t’ is not a member of ‘std’; did you mean ‘int64_t’?
   69 |     Event<std::int64_t, std::int64_t> OnMemberConnect;
      |                ^~~~~~~
In file included from /usr/include/stdint.h:34,
                 from /usr/lib/gcc/x86_64-linux-gnu/11/include/stdint.h:9,
                 from source/discord/ffi.h:9,
                 from source/discord/types.h:4,
                 from source/discord/lobby_manager.h:4,
                 from source/discord/lobby_manager.cpp:6:
/usr/include/x86_64-linux-gnu/bits/stdint-intn.h:27:19: note: ‘int64_t’ declared here
   27 | typedef __int64_t int64_t;
      |                   ^~~~~~~
In file included from source/discord/lobby_manager.cpp:6:
source/discord/lobby_manager.h:69:30: error: ‘int64_t’ is not a member of ‘std’; did you mean ‘int64_t’?
   69 |     Event<std::int64_t, std::int64_t> OnMemberConnect;
      |                              ^~~~~~~
In file included from /usr/include/stdint.h:34,
                 from /usr/lib/gcc/x86_64-linux-gnu/11/include/stdint.h:9,
                 from source/discord/ffi.h:9,
                 from source/discord/types.h:4,
                 from source/discord/lobby_manager.h:4,
                 from source/discord/lobby_manager.cpp:6:
/usr/include/x86_64-linux-gnu/bits/stdint-intn.h:27:19: note: ‘int64_t’ declared here
   27 | typedef __int64_t int64_t;
      |                   ^~~~~~~
In file included from source/discord/lobby_manager.cpp:6:
source/discord/lobby_manager.h:69:37: error: template argument 1 is invalid
   69 |     Event<std::int64_t, std::int64_t> OnMemberConnect;
      |                                     ^
source/discord/lobby_manager.h:69:37: error: template argument 2 is invalid
source/discord/lobby_manager.h:70:16: error: ‘int64_t’ is not a member of ‘std’; did you mean ‘int64_t’?
   70 |     Event<std::int64_t, std::int64_t> OnMemberUpdate;
      |                ^~~~~~~
In file included from /usr/include/stdint.h:34,
                 from /usr/lib/gcc/x86_64-linux-gnu/11/include/stdint.h:9,
                 from source/discord/ffi.h:9,
                 from source/discord/types.h:4,
                 from source/discord/lobby_manager.h:4,
                 from source/discord/lobby_manager.cpp:6:
/usr/include/x86_64-linux-gnu/bits/stdint-intn.h:27:19: note: ‘int64_t’ declared here
   27 | typedef __int64_t int64_t;
      |                   ^~~~~~~
In file included from source/discord/lobby_manager.cpp:6:
source/discord/lobby_manager.h:70:30: error: ‘int64_t’ is not a member of ‘std’; did you mean ‘int64_t’?
   70 |     Event<std::int64_t, std::int64_t> OnMemberUpdate;
      |                              ^~~~~~~
In file included from /usr/include/stdint.h:34,
                 from /usr/lib/gcc/x86_64-linux-gnu/11/include/stdint.h:9,
                 from source/discord/ffi.h:9,
                 from source/discord/types.h:4,
                 from source/discord/lobby_manager.h:4,
                 from source/discord/lobby_manager.cpp:6:
/usr/include/x86_64-linux-gnu/bits/stdint-intn.h:27:19: note: ‘int64_t’ declared here
   27 | typedef __int64_t int64_t;
      |                   ^~~~~~~
In file included from source/discord/lobby_manager.cpp:6:
source/discord/lobby_manager.h:70:37: error: template argument 1 is invalid
   70 |     Event<std::int64_t, std::int64_t> OnMemberUpdate;
      |                                     ^
source/discord/lobby_manager.h:70:37: error: template argument 2 is invalid
source/discord/lobby_manager.h:71:16: error: ‘int64_t’ is not a member of ‘std’; did you mean ‘int64_t’?
   71 |     Event<std::int64_t, std::int64_t> OnMemberDisconnect;
      |                ^~~~~~~
In file included from /usr/include/stdint.h:34,
                 from /usr/lib/gcc/x86_64-linux-gnu/11/include/stdint.h:9,
                 from source/discord/ffi.h:9,
                 from source/discord/types.h:4,
                 from source/discord/lobby_manager.h:4,
                 from source/discord/lobby_manager.cpp:6:
/usr/include/x86_64-linux-gnu/bits/stdint-intn.h:27:19: note: ‘int64_t’ declared here
   27 | typedef __int64_t int64_t;
      |                   ^~~~~~~
In file included from source/discord/lobby_manager.cpp:6:
source/discord/lobby_manager.h:71:30: error: ‘int64_t’ is not a member of ‘std’; did you mean ‘int64_t’?
   71 |     Event<std::int64_t, std::int64_t> OnMemberDisconnect;
      |                              ^~~~~~~
In file included from /usr/include/stdint.h:34,
                 from /usr/lib/gcc/x86_64-linux-gnu/11/include/stdint.h:9,
                 from source/discord/ffi.h:9,
                 from source/discord/types.h:4,
                 from source/discord/lobby_manager.h:4,
                 from source/discord/lobby_manager.cpp:6:
/usr/include/x86_64-linux-gnu/bits/stdint-intn.h:27:19: note: ‘int64_t’ declared here
   27 | typedef __int64_t int64_t;
      |                   ^~~~~~~
In file included from source/discord/lobby_manager.cpp:6:
source/discord/lobby_manager.h:71:37: error: template argument 1 is invalid
   71 |     Event<std::int64_t, std::int64_t> OnMemberDisconnect;
      |                                     ^
source/discord/lobby_manager.h:71:37: error: template argument 2 is invalid
source/discord/lobby_manager.h:72:16: error: ‘int64_t’ is not a member of ‘std’; did you mean ‘int64_t’?
   72 |     Event<std::int64_t, std::int64_t, std::uint8_t*, std::uint32_t> OnLobbyMessage;
      |                ^~~~~~~
In file included from /usr/include/stdint.h:34,
                 from /usr/lib/gcc/x86_64-linux-gnu/11/include/stdint.h:9,
                 from source/discord/ffi.h:9,
                 from source/discord/types.h:4,
                 from source/discord/lobby_manager.h:4,
                 from source/discord/lobby_manager.cpp:6:
/usr/include/x86_64-linux-gnu/bits/stdint-intn.h:27:19: note: ‘int64_t’ declared here
   27 | typedef __int64_t int64_t;
      |                   ^~~~~~~
In file included from source/discord/lobby_manager.cpp:6:
source/discord/lobby_manager.h:72:30: error: ‘int64_t’ is not a member of ‘std’; did you mean ‘int64_t’?
   72 |     Event<std::int64_t, std::int64_t, std::uint8_t*, std::uint32_t> OnLobbyMessage;
      |                              ^~~~~~~
In file included from /usr/include/stdint.h:34,
                 from /usr/lib/gcc/x86_64-linux-gnu/11/include/stdint.h:9,
                 from source/discord/ffi.h:9,
                 from source/discord/types.h:4,
                 from source/discord/lobby_manager.h:4,
                 from source/discord/lobby_manager.cpp:6:
/usr/include/x86_64-linux-gnu/bits/stdint-intn.h:27:19: note: ‘int64_t’ declared here
   27 | typedef __int64_t int64_t;
      |                   ^~~~~~~
In file included from source/discord/lobby_manager.cpp:6:
source/discord/lobby_manager.h:72:44: error: ‘uint8_t’ is not a member of ‘std’; did you mean ‘uint8_t’?
   72 |     Event<std::int64_t, std::int64_t, std::uint8_t*, std::uint32_t> OnLobbyMessage;
      |                                            ^~~~~~~
In file included from /usr/include/stdint.h:37,
                 from /usr/lib/gcc/x86_64-linux-gnu/11/include/stdint.h:9,
                 from source/discord/ffi.h:9,
                 from source/discord/types.h:4,
                 from source/discord/lobby_manager.h:4,
                 from source/discord/lobby_manager.cpp:6:
/usr/include/x86_64-linux-gnu/bits/stdint-uintn.h:24:19: note: ‘uint8_t’ declared here
   24 | typedef __uint8_t uint8_t;
      |                   ^~~~~~~
In file included from source/discord/lobby_manager.cpp:6:
source/discord/lobby_manager.h:72:59: error: ‘uint32_t’ is not a member of ‘std’; did you mean ‘uint32_t’?
   72 |     Event<std::int64_t, std::int64_t, std::uint8_t*, std::uint32_t> OnLobbyMessage;
      |                                                           ^~~~~~~~
In file included from /usr/include/stdint.h:37,
                 from /usr/lib/gcc/x86_64-linux-gnu/11/include/stdint.h:9,
                 from source/discord/ffi.h:9,
                 from source/discord/types.h:4,
                 from source/discord/lobby_manager.h:4,
                 from source/discord/lobby_manager.cpp:6:
/usr/include/x86_64-linux-gnu/bits/stdint-uintn.h:26:20: note: ‘uint32_t’ declared here
   26 | typedef __uint32_t uint32_t;
      |                    ^~~~~~~~
In file included from source/discord/lobby_manager.cpp:6:
source/discord/lobby_manager.h:72:67: error: template argument 1 is invalid
   72 |     Event<std::int64_t, std::int64_t, std::uint8_t*, std::uint32_t> OnLobbyMessage;
      |                                                                   ^
source/discord/lobby_manager.h:72:67: error: template argument 2 is invalid
source/discord/lobby_manager.h:72:67: error: template argument 3 is invalid
source/discord/lobby_manager.h:72:67: error: template argument 4 is invalid
source/discord/lobby_manager.h:73:16: error: ‘int64_t’ is not a member of ‘std’; did you mean ‘int64_t’?
   73 |     Event<std::int64_t, std::int64_t, bool> OnSpeaking;
      |                ^~~~~~~
In file included from /usr/include/stdint.h:34,
                 from /usr/lib/gcc/x86_64-linux-gnu/11/include/stdint.h:9,
                 from source/discord/ffi.h:9,
                 from source/discord/types.h:4,
                 from source/discord/lobby_manager.h:4,
                 from source/discord/lobby_manager.cpp:6:
/usr/include/x86_64-linux-gnu/bits/stdint-intn.h:27:19: note: ‘int64_t’ declared here
   27 | typedef __int64_t int64_t;
      |                   ^~~~~~~
In file included from source/discord/lobby_manager.cpp:6:
source/discord/lobby_manager.h:73:30: error: ‘int64_t’ is not a member of ‘std’; did you mean ‘int64_t’?
   73 |     Event<std::int64_t, std::int64_t, bool> OnSpeaking;
      |                              ^~~~~~~
In file included from /usr/include/stdint.h:34,
                 from /usr/lib/gcc/x86_64-linux-gnu/11/include/stdint.h:9,
                 from source/discord/ffi.h:9,
                 from source/discord/types.h:4,
                 from source/discord/lobby_manager.h:4,
                 from source/discord/lobby_manager.cpp:6:
/usr/include/x86_64-linux-gnu/bits/stdint-intn.h:27:19: note: ‘int64_t’ declared here
   27 | typedef __int64_t int64_t;
      |                   ^~~~~~~
In file included from source/discord/lobby_manager.cpp:6:
source/discord/lobby_manager.h:73:43: error: template argument 1 is invalid
   73 |     Event<std::int64_t, std::int64_t, bool> OnSpeaking;
      |                                           ^
source/discord/lobby_manager.h:73:43: error: template argument 2 is invalid
source/discord/lobby_manager.h:74:16: error: ‘int64_t’ is not a member of ‘std’; did you mean ‘int64_t’?
   74 |     Event<std::int64_t, std::int64_t, std::uint8_t, std::uint8_t*, std::uint32_t> OnNetworkMessage;
      |                ^~~~~~~
In file included from /usr/include/stdint.h:34,
                 from /usr/lib/gcc/x86_64-linux-gnu/11/include/stdint.h:9,
                 from source/discord/ffi.h:9,
                 from source/discord/types.h:4,
                 from source/discord/lobby_manager.h:4,
                 from source/discord/lobby_manager.cpp:6:
/usr/include/x86_64-linux-gnu/bits/stdint-intn.h:27:19: note: ‘int64_t’ declared here
   27 | typedef __int64_t int64_t;
      |                   ^~~~~~~
In file included from source/discord/lobby_manager.cpp:6:
source/discord/lobby_manager.h:74:30: error: ‘int64_t’ is not a member of ‘std’; did you mean ‘int64_t’?
   74 |     Event<std::int64_t, std::int64_t, std::uint8_t, std::uint8_t*, std::uint32_t> OnNetworkMessage;
      |                              ^~~~~~~
In file included from /usr/include/stdint.h:34,
                 from /usr/lib/gcc/x86_64-linux-gnu/11/include/stdint.h:9,
                 from source/discord/ffi.h:9,
                 from source/discord/types.h:4,
                 from source/discord/lobby_manager.h:4,
                 from source/discord/lobby_manager.cpp:6:
/usr/include/x86_64-linux-gnu/bits/stdint-intn.h:27:19: note: ‘int64_t’ declared here
   27 | typedef __int64_t int64_t;
      |                   ^~~~~~~
In file included from source/discord/lobby_manager.cpp:6:
source/discord/lobby_manager.h:74:44: error: ‘uint8_t’ is not a member of ‘std’; did you mean ‘uint8_t’?
   74 |     Event<std::int64_t, std::int64_t, std::uint8_t, std::uint8_t*, std::uint32_t> OnNetworkMessage;
      |                                            ^~~~~~~
In file included from /usr/include/stdint.h:37,
                 from /usr/lib/gcc/x86_64-linux-gnu/11/include/stdint.h:9,
                 from source/discord/ffi.h:9,
                 from source/discord/types.h:4,
                 from source/discord/lobby_manager.h:4,
                 from source/discord/lobby_manager.cpp:6:
/usr/include/x86_64-linux-gnu/bits/stdint-uintn.h:24:19: note: ‘uint8_t’ declared here
   24 | typedef __uint8_t uint8_t;
      |                   ^~~~~~~
In file included from source/discord/lobby_manager.cpp:6:
source/discord/lobby_manager.h:74:58: error: ‘uint8_t’ is not a member of ‘std’; did you mean ‘uint8_t’?
   74 |     Event<std::int64_t, std::int64_t, std::uint8_t, std::uint8_t*, std::uint32_t> OnNetworkMessage;
      |                                                          ^~~~~~~
In file included from /usr/include/stdint.h:37,
                 from /usr/lib/gcc/x86_64-linux-gnu/11/include/stdint.h:9,
                 from source/discord/ffi.h:9,
                 from source/discord/types.h:4,
                 from source/discord/lobby_manager.h:4,
                 from source/discord/lobby_manager.cpp:6:
/usr/include/x86_64-linux-gnu/bits/stdint-uintn.h:24:19: note: ‘uint8_t’ declared here
   24 | typedef __uint8_t uint8_t;
      |                   ^~~~~~~
In file included from source/discord/lobby_manager.cpp:6:
source/discord/lobby_manager.h:74:73: error: ‘uint32_t’ is not a member of ‘std’; did you mean ‘uint32_t’?
   74 |     Event<std::int64_t, std::int64_t, std::uint8_t, std::uint8_t*, std::uint32_t> OnNetworkMessage;
      |                                                                         ^~~~~~~~
In file included from /usr/include/stdint.h:37,
                 from /usr/lib/gcc/x86_64-linux-gnu/11/include/stdint.h:9,
                 from source/discord/ffi.h:9,
                 from source/discord/types.h:4,
                 from source/discord/lobby_manager.h:4,
                 from source/discord/lobby_manager.cpp:6:
/usr/include/x86_64-linux-gnu/bits/stdint-uintn.h:26:20: note: ‘uint32_t’ declared here
   26 | typedef __uint32_t uint32_t;
      |                    ^~~~~~~~
In file included from source/discord/lobby_manager.cpp:6:
source/discord/lobby_manager.h:74:81: error: template argument 1 is invalid
   74 |     Event<std::int64_t, std::int64_t, std::uint8_t, std::uint8_t*, std::uint32_t> OnNetworkMessage;
      |                                                                                 ^
source/discord/lobby_manager.h:74:81: error: template argument 2 is invalid
source/discord/lobby_manager.h:74:81: error: template argument 3 is invalid
source/discord/lobby_manager.h:74:81: error: template argument 4 is invalid
source/discord/lobby_manager.h:74:81: error: template argument 5 is invalid
In file included from source/discord/core.h:6,
                 from source/discord/lobby_manager.cpp:8:
source/discord/user_manager.h:13:18: error: ‘UserId’ has not been declared
   13 |     void GetUser(UserId userId, std::function<void(Result, User const&)> callback);
      |                  ^~~~~~
In file included from source/discord/core.h:7,
                 from source/discord/lobby_manager.cpp:8:
source/discord/image_manager.h:14:40: error: ‘std::uint8_t’ has not been declared
   14 |     Result GetData(ImageHandle handle, std::uint8_t* data, std::uint32_t dataLength);
      |                                        ^~~
source/discord/image_manager.h:14:60: error: ‘std::uint32_t’ has not been declared
   14 |     Result GetData(ImageHandle handle, std::uint8_t* data, std::uint32_t dataLength);
      |                                                            ^~~
In file included from source/discord/core.h:8,
                 from source/discord/lobby_manager.cpp:8:
source/discord/activity_manager.h:13:26: error: ‘std::uint32_t’ has not been declared
   13 |     Result RegisterSteam(std::uint32_t steamId);
      |                          ^~~
source/discord/activity_manager.h:16:27: error: ‘UserId’ has not been declared
   16 |     void SendRequestReply(UserId userId,
      |                           ^~~~~~
source/discord/activity_manager.h:19:21: error: ‘UserId’ has not been declared
   19 |     void SendInvite(UserId userId,
      |                     ^~~~~~
source/discord/activity_manager.h:23:23: error: ‘UserId’ has not been declared
   23 |     void AcceptInvite(UserId userId, std::function<void(Result)> callback);
      |                       ^~~~~~
In file included from source/discord/core.h:9,
                 from source/discord/lobby_manager.cpp:8:
source/discord/relationship_manager.h:13:18: error: ‘std::int32_t’ has not been declared
   13 |     Result Count(std::int32_t* count);
      |                  ^~~
source/discord/relationship_manager.h:14:16: error: ‘UserId’ has not been declared
   14 |     Result Get(UserId userId, Relationship* relationship);
      |                ^~~~~~
source/discord/relationship_manager.h:15:18: error: ‘std::uint32_t’ has not been declared
   15 |     Result GetAt(std::uint32_t index, Relationship* relationship);
      |                  ^~~
In file included from source/discord/core.h:11,
                 from source/discord/lobby_manager.cpp:8:
source/discord/network_manager.h:15:20: error: ‘NetworkPeerId’ has not been declared
   15 |     void GetPeerId(NetworkPeerId* peerId);
      |                    ^~~~~~~~~~~~~
source/discord/network_manager.h:23:21: error: ‘NetworkPeerId’ has not been declared
   23 |     Result OpenPeer(NetworkPeerId peerId, char const* routeData);
      |                     ^~~~~~~~~~~~~
source/discord/network_manager.h:27:23: error: ‘NetworkPeerId’ has not been declared
   27 |     Result UpdatePeer(NetworkPeerId peerId, char const* routeData);
      |                       ^~~~~~~~~~~~~
source/discord/network_manager.h:31:22: error: ‘NetworkPeerId’ has not been declared
   31 |     Result ClosePeer(NetworkPeerId peerId);
      |                      ^~~~~~~~~~~~~
source/discord/network_manager.h:35:24: error: ‘NetworkPeerId’ has not been declared
   35 |     Result OpenChannel(NetworkPeerId peerId, NetworkChannelId channelId, bool reliable);
      |                        ^~~~~~~~~~~~~
source/discord/network_manager.h:35:46: error: ‘NetworkChannelId’ has not been declared
   35 |     Result OpenChannel(NetworkPeerId peerId, NetworkChannelId channelId, bool reliable);
      |                                              ^~~~~~~~~~~~~~~~
source/discord/network_manager.h:39:25: error: ‘NetworkPeerId’ has not been declared
   39 |     Result CloseChannel(NetworkPeerId peerId, NetworkChannelId channelId);
      |                         ^~~~~~~~~~~~~
source/discord/network_manager.h:39:47: error: ‘NetworkChannelId’ has not been declared
   39 |     Result CloseChannel(NetworkPeerId peerId, NetworkChannelId channelId);
      |                                               ^~~~~~~~~~~~~~~~
source/discord/network_manager.h:43:24: error: ‘NetworkPeerId’ has not been declared
   43 |     Result SendMessage(NetworkPeerId peerId,
      |                        ^~~~~~~~~~~~~
source/discord/network_manager.h:44:24: error: ‘NetworkChannelId’ has not been declared
   44 |                        NetworkChannelId channelId,
      |                        ^~~~~~~~~~~~~~~~
source/discord/network_manager.h:45:24: error: ‘std::uint8_t’ has not been declared
   45 |                        std::uint8_t* data,
      |                        ^~~
source/discord/network_manager.h:46:24: error: ‘std::uint32_t’ has not been declared
   46 |                        std::uint32_t dataLength);
      |                        ^~~
source/discord/network_manager.h:48:11: error: ‘NetworkPeerId’ was not declared in this scope; did you mean ‘GetPeerId’?
   48 |     Event<NetworkPeerId, NetworkChannelId, std::uint8_t*, std::uint32_t> OnMessage;
      |           ^~~~~~~~~~~~~
      |           GetPeerId
source/discord/network_manager.h:48:26: error: ‘NetworkChannelId’ was not declared in this scope
   48 |     Event<NetworkPeerId, NetworkChannelId, std::uint8_t*, std::uint32_t> OnMessage;
      |                          ^~~~~~~~~~~~~~~~
source/discord/network_manager.h:48:49: error: ‘uint8_t’ is not a member of ‘std’; did you mean ‘uint8_t’?
   48 |     Event<NetworkPeerId, NetworkChannelId, std::uint8_t*, std::uint32_t> OnMessage;
      |                                                 ^~~~~~~
In file included from /usr/include/stdint.h:37,
                 from /usr/lib/gcc/x86_64-linux-gnu/11/include/stdint.h:9,
                 from source/discord/ffi.h:9,
                 from source/discord/types.h:4,
                 from source/discord/lobby_manager.h:4,
                 from source/discord/lobby_manager.cpp:6:
/usr/include/x86_64-linux-gnu/bits/stdint-uintn.h:24:19: note: ‘uint8_t’ declared here
   24 | typedef __uint8_t uint8_t;
      |                   ^~~~~~~
In file included from source/discord/core.h:11,
                 from source/discord/lobby_manager.cpp:8:
source/discord/network_manager.h:48:64: error: ‘uint32_t’ is not a member of ‘std’; did you mean ‘uint32_t’?
   48 |     Event<NetworkPeerId, NetworkChannelId, std::uint8_t*, std::uint32_t> OnMessage;
      |                                                                ^~~~~~~~
In file included from /usr/include/stdint.h:37,
                 from /usr/lib/gcc/x86_64-linux-gnu/11/include/stdint.h:9,
                 from source/discord/ffi.h:9,
                 from source/discord/types.h:4,
                 from source/discord/lobby_manager.h:4,
                 from source/discord/lobby_manager.cpp:6:
/usr/include/x86_64-linux-gnu/bits/stdint-uintn.h:26:20: note: ‘uint32_t’ declared here
   26 | typedef __uint32_t uint32_t;
      |                    ^~~~~~~~
In file included from source/discord/core.h:11,
                 from source/discord/lobby_manager.cpp:8:
source/discord/network_manager.h:48:72: error: template argument 1 is invalid
   48 |     Event<NetworkPeerId, NetworkChannelId, std::uint8_t*, std::uint32_t> OnMessage;
      |                                                                        ^
source/discord/network_manager.h:48:72: error: template argument 2 is invalid
source/discord/network_manager.h:48:72: error: template argument 3 is invalid
source/discord/network_manager.h:48:72: error: template argument 4 is invalid
In file included from source/discord/core.h:13,
                 from source/discord/lobby_manager.cpp:8:
source/discord/storage_manager.h:13:17: error: ‘std::uint8_t’ has not been declared
   13 |                 std::uint8_t* data,
      |                 ^~~
source/discord/storage_manager.h:14:17: error: ‘std::uint32_t’ has not been declared
   14 |                 std::uint32_t dataLength,
      |                 ^~~
source/discord/storage_manager.h:15:17: error: ‘std::uint32_t’ has not been declared
   15 |                 std::uint32_t* read);
      |                 ^~~
source/discord/storage_manager.h:17:52: error: ‘uint8_t’ is not a member of ‘std’; did you mean ‘uint8_t’?
   17 |                    std::function<void(Result, std::uint8_t*, std::uint32_t)> callback);
      |                                                    ^~~~~~~
In file included from /usr/include/stdint.h:37,
                 from /usr/lib/gcc/x86_64-linux-gnu/11/include/stdint.h:9,
                 from source/discord/ffi.h:9,
                 from source/discord/types.h:4,
                 from source/discord/lobby_manager.h:4,
                 from source/discord/lobby_manager.cpp:6:
/usr/include/x86_64-linux-gnu/bits/stdint-uintn.h:24:19: note: ‘uint8_t’ declared here
   24 | typedef __uint8_t uint8_t;
      |                   ^~~~~~~
In file included from source/discord/core.h:13,
                 from source/discord/lobby_manager.cpp:8:
source/discord/storage_manager.h:17:67: error: ‘uint32_t’ is not a member of ‘std’; did you mean ‘uint32_t’?
   17 |                    std::function<void(Result, std::uint8_t*, std::uint32_t)> callback);
      |                                                                   ^~~~~~~~
In file included from /usr/include/stdint.h:37,
                 from /usr/lib/gcc/x86_64-linux-gnu/11/include/stdint.h:9,
                 from source/discord/ffi.h:9,
                 from source/discord/types.h:4,
                 from source/discord/lobby_manager.h:4,
                 from source/discord/lobby_manager.cpp:6:
/usr/include/x86_64-linux-gnu/bits/stdint-uintn.h:26:20: note: ‘uint32_t’ declared here
   26 | typedef __uint32_t uint32_t;
      |                    ^~~~~~~~
In file included from source/discord/core.h:13,
                 from source/discord/lobby_manager.cpp:8:
source/discord/storage_manager.h:17:75: error: expression list treated as compound expression in functional cast [-fpermissive]
   17 |                    std::function<void(Result, std::uint8_t*, std::uint32_t)> callback);
      |                                                                           ^
source/discord/storage_manager.h:17:76: error: template argument 1 is invalid
   17 |                    std::function<void(Result, std::uint8_t*, std::uint32_t)> callback);
      |                                                                            ^
source/discord/storage_manager.h:17:52: error: ‘uint8_t’ is not a member of ‘std’; did you mean ‘uint8_t’?
   17 |                    std::function<void(Result, std::uint8_t*, std::uint32_t)> callback);
      |                                                    ^~~~~~~
In file included from /usr/include/stdint.h:37,
                 from /usr/lib/gcc/x86_64-linux-gnu/11/include/stdint.h:9,
                 from source/discord/ffi.h:9,
                 from source/discord/types.h:4,
                 from source/discord/lobby_manager.h:4,
                 from source/discord/lobby_manager.cpp:6:
/usr/include/x86_64-linux-gnu/bits/stdint-uintn.h:24:19: note: ‘uint8_t’ declared here
   24 | typedef __uint8_t uint8_t;
      |                   ^~~~~~~
In file included from source/discord/core.h:13,
                 from source/discord/lobby_manager.cpp:8:
source/discord/storage_manager.h:17:67: error: ‘uint32_t’ is not a member of ‘std’; did you mean ‘uint32_t’?
   17 |                    std::function<void(Result, std::uint8_t*, std::uint32_t)> callback);
      |                                                                   ^~~~~~~~
In file included from /usr/include/stdint.h:37,
                 from /usr/lib/gcc/x86_64-linux-gnu/11/include/stdint.h:9,
                 from source/discord/ffi.h:9,
                 from source/discord/types.h:4,
                 from source/discord/lobby_manager.h:4,
                 from source/discord/lobby_manager.cpp:6:
/usr/include/x86_64-linux-gnu/bits/stdint-uintn.h:26:20: note: ‘uint32_t’ declared here
   26 | typedef __uint32_t uint32_t;
      |                    ^~~~~~~~
In file included from source/discord/core.h:13,
                 from source/discord/lobby_manager.cpp:8:
source/discord/storage_manager.h:17:75: error: expression list treated as compound expression in functional cast [-fpermissive]
   17 |                    std::function<void(Result, std::uint8_t*, std::uint32_t)> callback);
      |                                                                           ^
source/discord/storage_manager.h:17:76: error: template argument 1 is invalid
   17 |                    std::function<void(Result, std::uint8_t*, std::uint32_t)> callback);
      |                                                                            ^
source/discord/storage_manager.h:17:52: error: ‘uint8_t’ is not a member of ‘std’; did you mean ‘uint8_t’?
   17 |                    std::function<void(Result, std::uint8_t*, std::uint32_t)> callback);
      |                                                    ^~~~~~~
In file included from /usr/include/stdint.h:37,
                 from /usr/lib/gcc/x86_64-linux-gnu/11/include/stdint.h:9,
                 from source/discord/ffi.h:9,
                 from source/discord/types.h:4,
                 from source/discord/lobby_manager.h:4,
                 from source/discord/lobby_manager.cpp:6:
/usr/include/x86_64-linux-gnu/bits/stdint-uintn.h:24:19: note: ‘uint8_t’ declared here
   24 | typedef __uint8_t uint8_t;
      |                   ^~~~~~~
In file included from source/discord/core.h:13,
                 from source/discord/lobby_manager.cpp:8:
source/discord/storage_manager.h:17:67: error: ‘uint32_t’ is not a member of ‘std’; did you mean ‘uint32_t’?
   17 |                    std::function<void(Result, std::uint8_t*, std::uint32_t)> callback);
      |                                                                   ^~~~~~~~
In file included from /usr/include/stdint.h:37,
                 from /usr/lib/gcc/x86_64-linux-gnu/11/include/stdint.h:9,
                 from source/discord/ffi.h:9,
                 from source/discord/types.h:4,
                 from source/discord/lobby_manager.h:4,
                 from source/discord/lobby_manager.cpp:6:
/usr/include/x86_64-linux-gnu/bits/stdint-uintn.h:26:20: note: ‘uint32_t’ declared here
   26 | typedef __uint32_t uint32_t;
      |                    ^~~~~~~~
In file included from source/discord/core.h:13,
                 from source/discord/lobby_manager.cpp:8:
source/discord/storage_manager.h:17:75: error: expression list treated as compound expression in functional cast [-fpermissive]
   17 |                    std::function<void(Result, std::uint8_t*, std::uint32_t)> callback);
      |                                                                           ^
source/discord/storage_manager.h:17:76: error: template argument 1 is invalid
   17 |                    std::function<void(Result, std::uint8_t*, std::uint32_t)> callback);
      |                                                                            ^
source/discord/storage_manager.h:17:20: error: invalid template-id
   17 |                    std::function<void(Result, std::uint8_t*, std::uint32_t)> callback);
      |                    ^~~
source/discord/storage_manager.h:17:52: error: ‘uint8_t’ is not a member of ‘std’; did you mean ‘uint8_t’?
   17 |                    std::function<void(Result, std::uint8_t*, std::uint32_t)> callback);
      |                                                    ^~~~~~~
In file included from /usr/include/stdint.h:37,
                 from /usr/lib/gcc/x86_64-linux-gnu/11/include/stdint.h:9,
                 from source/discord/ffi.h:9,
                 from source/discord/types.h:4,
                 from source/discord/lobby_manager.h:4,
                 from source/discord/lobby_manager.cpp:6:
/usr/include/x86_64-linux-gnu/bits/stdint-uintn.h:24:19: note: ‘uint8_t’ declared here
   24 | typedef __uint8_t uint8_t;
      |                   ^~~~~~~
In file included from source/discord/core.h:13,
                 from source/discord/lobby_manager.cpp:8:
source/discord/storage_manager.h:17:67: error: ‘uint32_t’ is not a member of ‘std’; did you mean ‘uint32_t’?
   17 |                    std::function<void(Result, std::uint8_t*, std::uint32_t)> callback);
      |                                                                   ^~~~~~~~
In file included from /usr/include/stdint.h:37,
                 from /usr/lib/gcc/x86_64-linux-gnu/11/include/stdint.h:9,
                 from source/discord/ffi.h:9,
                 from source/discord/types.h:4,
                 from source/discord/lobby_manager.h:4,
                 from source/discord/lobby_manager.cpp:6:
/usr/include/x86_64-linux-gnu/bits/stdint-uintn.h:26:20: note: ‘uint32_t’ declared here
   26 | typedef __uint32_t uint32_t;
      |                    ^~~~~~~~
In file included from source/discord/core.h:13,
                 from source/discord/lobby_manager.cpp:8:
source/discord/storage_manager.h:17:75: error: expression list treated as compound expression in functional cast [-fpermissive]
   17 |                    std::function<void(Result, std::uint8_t*, std::uint32_t)> callback);
      |                                                                           ^
source/discord/storage_manager.h:17:34: error: expected primary-expression before ‘void’
   17 |                    std::function<void(Result, std::uint8_t*, std::uint32_t)> callback);
      |                                  ^~~~
source/discord/storage_manager.h:17:34: error: expected ‘>’ before ‘void’
source/discord/storage_manager.h:17:20: error: class template placeholder ‘std::function’ not permitted in this context
   17 |                    std::function<void(Result, std::uint8_t*, std::uint32_t)> callback);
      |                    ^~~
source/discord/storage_manager.h:19:27: error: ‘std::uint64_t’ has not been declared
   19 |                           std::uint64_t offset,
      |                           ^~~
source/discord/storage_manager.h:20:27: error: ‘std::uint64_t’ has not been declared
   20 |                           std::uint64_t length,
      |                           ^~~
source/discord/storage_manager.h:21:59: error: ‘uint8_t’ is not a member of ‘std’; did you mean ‘uint8_t’?
   21 |                           std::function<void(Result, std::uint8_t*, std::uint32_t)> callback);
      |                                                           ^~~~~~~
In file included from /usr/include/stdint.h:37,
                 from /usr/lib/gcc/x86_64-linux-gnu/11/include/stdint.h:9,
                 from source/discord/ffi.h:9,
                 from source/discord/types.h:4,
                 from source/discord/lobby_manager.h:4,
                 from source/discord/lobby_manager.cpp:6:
/usr/include/x86_64-linux-gnu/bits/stdint-uintn.h:24:19: note: ‘uint8_t’ declared here
   24 | typedef __uint8_t uint8_t;
      |                   ^~~~~~~
In file included from source/discord/core.h:13,
                 from source/discord/lobby_manager.cpp:8:
source/discord/storage_manager.h:21:74: error: ‘uint32_t’ is not a member of ‘std’; did you mean ‘uint32_t’?
   21 |                           std::function<void(Result, std::uint8_t*, std::uint32_t)> callback);
      |                                                                          ^~~~~~~~
In file included from /usr/include/stdint.h:37,
                 from /usr/lib/gcc/x86_64-linux-gnu/11/include/stdint.h:9,
                 from source/discord/ffi.h:9,
                 from source/discord/types.h:4,
                 from source/discord/lobby_manager.h:4,
                 from source/discord/lobby_manager.cpp:6:
/usr/include/x86_64-linux-gnu/bits/stdint-uintn.h:26:20: note: ‘uint32_t’ declared here
   26 | typedef __uint32_t uint32_t;
      |                    ^~~~~~~~
In file included from source/discord/core.h:13,
                 from source/discord/lobby_manager.cpp:8:
source/discord/storage_manager.h:21:82: error: expression list treated as compound expression in functional cast [-fpermissive]
   21 |                           std::function<void(Result, std::uint8_t*, std::uint32_t)> callback);
      |                                                                                  ^
source/discord/storage_manager.h:21:83: error: template argument 1 is invalid
   21 |                           std::function<void(Result, std::uint8_t*, std::uint32_t)> callback);
      |                                                                                   ^
source/discord/storage_manager.h:21:59: error: ‘uint8_t’ is not a member of ‘std’; did you mean ‘uint8_t’?
   21 |                           std::function<void(Result, std::uint8_t*, std::uint32_t)> callback);
      |                                                           ^~~~~~~
In file included from /usr/include/stdint.h:37,
                 from /usr/lib/gcc/x86_64-linux-gnu/11/include/stdint.h:9,
                 from source/discord/ffi.h:9,
                 from source/discord/types.h:4,
                 from source/discord/lobby_manager.h:4,
                 from source/discord/lobby_manager.cpp:6:
/usr/include/x86_64-linux-gnu/bits/stdint-uintn.h:24:19: note: ‘uint8_t’ declared here
   24 | typedef __uint8_t uint8_t;
      |                   ^~~~~~~
In file included from source/discord/core.h:13,
                 from source/discord/lobby_manager.cpp:8:
source/discord/storage_manager.h:21:74: error: ‘uint32_t’ is not a member of ‘std’; did you mean ‘uint32_t’?
   21 |                           std::function<void(Result, std::uint8_t*, std::uint32_t)> callback);
      |                                                                          ^~~~~~~~
In file included from /usr/include/stdint.h:37,
                 from /usr/lib/gcc/x86_64-linux-gnu/11/include/stdint.h:9,
                 from source/discord/ffi.h:9,
                 from source/discord/types.h:4,
                 from source/discord/lobby_manager.h:4,
                 from source/discord/lobby_manager.cpp:6:
/usr/include/x86_64-linux-gnu/bits/stdint-uintn.h:26:20: note: ‘uint32_t’ declared here
   26 | typedef __uint32_t uint32_t;
      |                    ^~~~~~~~
In file included from source/discord/core.h:13,
                 from source/discord/lobby_manager.cpp:8:
source/discord/storage_manager.h:21:82: error: expression list treated as compound expression in functional cast [-fpermissive]
   21 |                           std::function<void(Result, std::uint8_t*, std::uint32_t)> callback);
      |                                                                                  ^
source/discord/storage_manager.h:21:83: error: template argument 1 is invalid
   21 |                           std::function<void(Result, std::uint8_t*, std::uint32_t)> callback);
      |                                                                                   ^
source/discord/storage_manager.h:21:59: error: ‘uint8_t’ is not a member of ‘std’; did you mean ‘uint8_t’?
   21 |                           std::function<void(Result, std::uint8_t*, std::uint32_t)> callback);
      |                                                           ^~~~~~~
In file included from /usr/include/stdint.h:37,
                 from /usr/lib/gcc/x86_64-linux-gnu/11/include/stdint.h:9,
                 from source/discord/ffi.h:9,
                 from source/discord/types.h:4,
                 from source/discord/lobby_manager.h:4,
                 from source/discord/lobby_manager.cpp:6:
/usr/include/x86_64-linux-gnu/bits/stdint-uintn.h:24:19: note: ‘uint8_t’ declared here
   24 | typedef __uint8_t uint8_t;
      |                   ^~~~~~~
In file included from source/discord/core.h:13,
                 from source/discord/lobby_manager.cpp:8:
source/discord/storage_manager.h:21:74: error: ‘uint32_t’ is not a member of ‘std’; did you mean ‘uint32_t’?
   21 |                           std::function<void(Result, std::uint8_t*, std::uint32_t)> callback);
      |                                                                          ^~~~~~~~
In file included from /usr/include/stdint.h:37,
                 from /usr/lib/gcc/x86_64-linux-gnu/11/include/stdint.h:9,
                 from source/discord/ffi.h:9,
                 from source/discord/types.h:4,
                 from source/discord/lobby_manager.h:4,
                 from source/discord/lobby_manager.cpp:6:
/usr/include/x86_64-linux-gnu/bits/stdint-uintn.h:26:20: note: ‘uint32_t’ declared here
   26 | typedef __uint32_t uint32_t;
      |                    ^~~~~~~~
In file included from source/discord/core.h:13,
                 from source/discord/lobby_manager.cpp:8:
source/discord/storage_manager.h:21:82: error: expression list treated as compound expression in functional cast [-fpermissive]
   21 |                           std::function<void(Result, std::uint8_t*, std::uint32_t)> callback);
      |                                                                                  ^
source/discord/storage_manager.h:21:83: error: template argument 1 is invalid
   21 |                           std::function<void(Result, std::uint8_t*, std::uint32_t)> callback);
      |                                                                                   ^
source/discord/storage_manager.h:21:27: error: invalid template-id
   21 |                           std::function<void(Result, std::uint8_t*, std::uint32_t)> callback);
      |                           ^~~
source/discord/storage_manager.h:21:59: error: ‘uint8_t’ is not a member of ‘std’; did you mean ‘uint8_t’?
   21 |                           std::function<void(Result, std::uint8_t*, std::uint32_t)> callback);
      |                                                           ^~~~~~~
In file included from /usr/include/stdint.h:37,
                 from /usr/lib/gcc/x86_64-linux-gnu/11/include/stdint.h:9,
                 from source/discord/ffi.h:9,
                 from source/discord/types.h:4,
                 from source/discord/lobby_manager.h:4,
                 from source/discord/lobby_manager.cpp:6:
/usr/include/x86_64-linux-gnu/bits/stdint-uintn.h:24:19: note: ‘uint8_t’ declared here
   24 | typedef __uint8_t uint8_t;
      |                   ^~~~~~~
In file included from source/discord/core.h:13,
                 from source/discord/lobby_manager.cpp:8:
source/discord/storage_manager.h:21:74: error: ‘uint32_t’ is not a member of ‘std’; did you mean ‘uint32_t’?
   21 |                           std::function<void(Result, std::uint8_t*, std::uint32_t)> callback);
      |                                                                          ^~~~~~~~
In file included from /usr/include/stdint.h:37,
                 from /usr/lib/gcc/x86_64-linux-gnu/11/include/stdint.h:9,
                 from source/discord/ffi.h:9,
                 from source/discord/types.h:4,
                 from source/discord/lobby_manager.h:4,
                 from source/discord/lobby_manager.cpp:6:
/usr/include/x86_64-linux-gnu/bits/stdint-uintn.h:26:20: note: ‘uint32_t’ declared here
   26 | typedef __uint32_t uint32_t;
      |                    ^~~~~~~~
In file included from source/discord/core.h:13,
                 from source/discord/lobby_manager.cpp:8:
source/discord/storage_manager.h:21:82: error: expression list treated as compound expression in functional cast [-fpermissive]
   21 |                           std::function<void(Result, std::uint8_t*, std::uint32_t)> callback);
      |                                                                                  ^
source/discord/storage_manager.h:21:41: error: expected primary-expression before ‘void’
   21 |                           std::function<void(Result, std::uint8_t*, std::uint32_t)> callback);
      |                                         ^~~~
source/discord/storage_manager.h:21:41: error: expected ‘>’ before ‘void’
source/discord/storage_manager.h:21:27: error: class template placeholder ‘std::function’ not permitted in this context
   21 |                           std::function<void(Result, std::uint8_t*, std::uint32_t)> callback);
      |                           ^~~
source/discord/storage_manager.h:22:36: error: ‘std::uint8_t’ has not been declared
   22 |     Result Write(char const* name, std::uint8_t* data, std::uint32_t dataLength);
      |                                    ^~~
source/discord/storage_manager.h:22:56: error: ‘std::uint32_t’ has not been declared
   22 |     Result Write(char const* name, std::uint8_t* data, std::uint32_t dataLength);
      |                                                        ^~~
source/discord/storage_manager.h:24:21: error: ‘std::uint8_t’ has not been declared
   24 |                     std::uint8_t* data,
      |                     ^~~
source/discord/storage_manager.h:25:21: error: ‘std::uint32_t’ has not been declared
   25 |                     std::uint32_t dataLength,
      |                     ^~~
source/discord/storage_manager.h:29:16: error: ‘std::int32_t’ has not been declared
   29 |     void Count(std::int32_t* count);
      |                ^~~
source/discord/storage_manager.h:31:19: error: ‘std::int32_t’ has not been declared
   31 |     Result StatAt(std::int32_t index, FileStat* stat);
      |                   ^~~
In file included from source/discord/core.h:14,
                 from source/discord/lobby_manager.cpp:8:
source/discord/store_manager.h:13:20: error: ‘std::int32_t’ has not been declared
   13 |     void CountSkus(std::int32_t* count);
      |                    ^~~
source/discord/store_manager.h:14:19: error: ‘Snowflake’ has not been declared
   14 |     Result GetSku(Snowflake skuId, Sku* sku);
      |                   ^~~~~~~~~
source/discord/store_manager.h:15:21: error: ‘std::int32_t’ has not been declared
   15 |     Result GetSkuAt(std::int32_t index, Sku* sku);
      |                     ^~~
source/discord/store_manager.h:17:28: error: ‘std::int32_t’ has not been declared
   17 |     void CountEntitlements(std::int32_t* count);
      |                            ^~~
source/discord/store_manager.h:18:27: error: ‘Snowflake’ has not been declared
   18 |     Result GetEntitlement(Snowflake entitlementId, Entitlement* entitlement);
      |                           ^~~~~~~~~
source/discord/store_manager.h:19:29: error: ‘std::int32_t’ has not been declared
   19 |     Result GetEntitlementAt(std::int32_t index, Entitlement* entitlement);
      |                             ^~~
source/discord/store_manager.h:20:30: error: ‘Snowflake’ has not been declared
   20 |     Result HasSkuEntitlement(Snowflake skuId, bool* hasEntitlement);
      |                              ^~~~~~~~~
source/discord/store_manager.h:21:24: error: ‘Snowflake’ has not been declared
   21 |     void StartPurchase(Snowflake skuId, std::function<void(Result)> callback);
      |                        ^~~~~~~~~
In file included from source/discord/core.h:15,
                 from source/discord/lobby_manager.cpp:8:
source/discord/voice_manager.h:18:24: error: ‘Snowflake’ has not been declared
   18 |     Result IsLocalMute(Snowflake userId, bool* mute);
      |                        ^~~~~~~~~
source/discord/voice_manager.h:19:25: error: ‘Snowflake’ has not been declared
   19 |     Result SetLocalMute(Snowflake userId, bool mute);
      |                         ^~~~~~~~~
source/discord/voice_manager.h:20:27: error: ‘Snowflake’ has not been declared
   20 |     Result GetLocalVolume(Snowflake userId, std::uint8_t* volume);
      |                           ^~~~~~~~~
source/discord/voice_manager.h:20:45: error: ‘std::uint8_t’ has not been declared
   20 |     Result GetLocalVolume(Snowflake userId, std::uint8_t* volume);
      |                                             ^~~
source/discord/voice_manager.h:21:27: error: ‘Snowflake’ has not been declared
   21 |     Result SetLocalVolume(Snowflake userId, std::uint8_t volume);
      |                           ^~~~~~~~~
source/discord/voice_manager.h:21:45: error: ‘std::uint8_t’ has not been declared
   21 |     Result SetLocalVolume(Snowflake userId, std::uint8_t volume);
      |                                             ^~~
In file included from source/discord/core.h:16,
                 from source/discord/lobby_manager.cpp:8:
source/discord/achievement_manager.h:12:29: error: ‘Snowflake’ has not been declared
   12 |     void SetUserAchievement(Snowflake achievementId,
      |                             ^~~~~~~~~
source/discord/achievement_manager.h:13:29: error: ‘std::uint8_t’ has not been declared
   13 |                             std::uint8_t percentComplete,
      |                             ^~~
source/discord/achievement_manager.h:16:32: error: ‘std::int32_t’ has not been declared
   16 |     void CountUserAchievements(std::int32_t* count);
      |                                ^~~
source/discord/achievement_manager.h:17:31: error: ‘Snowflake’ has not been declared
   17 |     Result GetUserAchievement(Snowflake userAchievementId, UserAchievement* userAchievement);
      |                               ^~~~~~~~~
source/discord/achievement_manager.h:18:33: error: ‘std::int32_t’ has not been declared
   18 |     Result GetUserAchievementAt(std::int32_t index, UserAchievement* userAchievement);
      |                                 ^~~
In file included from source/discord/lobby_manager.cpp:8:
source/discord/core.h:22:26: error: ‘ClientId’ has not been declared
   22 |     static Result Create(ClientId clientId, std::uint64_t flags, Core** instance);
      |                          ^~~~~~~~
source/discord/core.h:22:45: error: ‘std::uint64_t’ has not been declared
   22 |     static Result Create(ClientId clientId, std::uint64_t flags, Core** instance);
      |                                             ^~~
source/discord/lobby_manager.cpp: In static member function ‘static void discord::LobbyEvents::OnLobbyUpdate(void*, int64_t)’:
source/discord/lobby_manager.cpp:25:29: error: expression cannot be used as a function
   25 |         module.OnLobbyUpdate(lobbyId);
      |         ~~~~~~~~~~~~~~~~~~~~^~~~~~~~~
source/discord/lobby_manager.cpp: In static member function ‘static void discord::LobbyEvents::OnLobbyDelete(void*, int64_t, uint32_t)’:
source/discord/lobby_manager.cpp:36:29: error: expression cannot be used as a function
   36 |         module.OnLobbyDelete(lobbyId, reason);
      |         ~~~~~~~~~~~~~~~~~~~~^~~~~~~~~~~~~~~~~
source/discord/lobby_manager.cpp: In static member function ‘static void discord::LobbyEvents::OnMemberConnect(void*, int64_t, int64_t)’:
source/discord/lobby_manager.cpp:47:31: error: expression cannot be used as a function
   47 |         module.OnMemberConnect(lobbyId, userId);
      |         ~~~~~~~~~~~~~~~~~~~~~~^~~~~~~~~~~~~~~~~
source/discord/lobby_manager.cpp: In static member function ‘static void discord::LobbyEvents::OnMemberUpdate(void*, int64_t, int64_t)’:
source/discord/lobby_manager.cpp:58:30: error: expression cannot be used as a function
   58 |         module.OnMemberUpdate(lobbyId, userId);
      |         ~~~~~~~~~~~~~~~~~~~~~^~~~~~~~~~~~~~~~~
source/discord/lobby_manager.cpp: In static member function ‘static void discord::LobbyEvents::OnMemberDisconnect(void*, int64_t, int64_t)’:
source/discord/lobby_manager.cpp:69:34: error: expression cannot be used as a function
   69 |         module.OnMemberDisconnect(lobbyId, userId);
      |         ~~~~~~~~~~~~~~~~~~~~~~~~~^~~~~~~~~~~~~~~~~
source/discord/lobby_manager.cpp: In static member function ‘static void discord::LobbyEvents::OnLobbyMessage(void*, int64_t, int64_t, uint8_t*, uint32_t)’:
source/discord/lobby_manager.cpp:84:30: error: expression cannot be used as a function
   84 |         module.OnLobbyMessage(lobbyId, userId, data, dataLength);
      |         ~~~~~~~~~~~~~~~~~~~~~^~~~~~~~~~~~~~~~~~~~~~~~~~~~~~~~~~~
source/discord/lobby_manager.cpp: In static member function ‘static void discord::LobbyEvents::OnSpeaking(void*, int64_t, int64_t, bool)’:
source/discord/lobby_manager.cpp:95:26: error: expression cannot be used as a function
   95 |         module.OnSpeaking(lobbyId, userId, (speaking != 0));
      |         ~~~~~~~~~~~~~~~~~^~~~~~~~~~~~~~~~~~~~~~~~~~~~~~~~~~
source/discord/lobby_manager.cpp: In static member function ‘static void discord::LobbyEvents::OnNetworkMessage(void*, int64_t, int64_t, uint8_t, uint8_t*, uint32_t)’:
source/discord/lobby_manager.cpp:111:32: error: expression cannot be used as a function
  111 |         module.OnNetworkMessage(lobbyId, userId, channelId, data, dataLength);
      |         ~~~~~~~~~~~~~~~~~~~~~~~^~~~~~~~~~~~~~~~~~~~~~~~~~~~~~~~~~~~~~~~~~~~~~
source/discord/lobby_manager.cpp: At global scope:
source/discord/lobby_manager.cpp:136:8: error: ‘discord::Result discord::LobbyManager::GetLobbyUpdateTransaction’ is not a static data member of ‘class discord::LobbyManager’
  136 | Result LobbyManager::GetLobbyUpdateTransaction(LobbyId lobbyId, LobbyTransaction* transaction)
      |        ^~~~~~~~~~~~
source/discord/lobby_manager.cpp:136:48: error: ‘LobbyId’ was not declared in this scope; did you mean ‘Lobby’?
  136 | Result LobbyManager::GetLobbyUpdateTransaction(LobbyId lobbyId, LobbyTransaction* transaction)
      |                                                ^~~~~~~
      |                                                Lobby
source/discord/lobby_manager.cpp:136:81: error: expected primary-expression before ‘*’ token
  136 | Result LobbyManager::GetLobbyUpdateTransaction(LobbyId lobbyId, LobbyTransaction* transaction)
      |                                                                                 ^
source/discord/lobby_manager.cpp:136:83: error: ‘transaction’ was not declared in this scope; did you mean ‘LobbyTransaction’?
  136 | Result LobbyManager::GetLobbyUpdateTransaction(LobbyId lobbyId, LobbyTransaction* transaction)
      |                                                                                   ^~~~~~~~~~~
      |                                                                                   LobbyTransaction
source/discord/lobby_manager.cpp:136:94: error: expression list treated as compound expression in initializer [-fpermissive]
  136 | Result LobbyManager::GetLobbyUpdateTransaction(LobbyId lobbyId, LobbyTransaction* transaction)
      |                                                                                              ^
source/discord/lobby_manager.cpp:147:8: error: ‘discord::Result discord::LobbyManager::GetMemberUpdateTransaction’ is not a static data member of ‘class discord::LobbyManager’
  147 | Result LobbyManager::GetMemberUpdateTransaction(LobbyId lobbyId,
      |        ^~~~~~~~~~~~
source/discord/lobby_manager.cpp:147:49: error: ‘LobbyId’ was not declared in this scope; did you mean ‘Lobby’?
  147 | Result LobbyManager::GetMemberUpdateTransaction(LobbyId lobbyId,
      |                                                 ^~~~~~~
      |                                                 Lobby
source/discord/lobby_manager.cpp:148:49: error: ‘UserId’ was not declared in this scope; did you mean ‘User’?
  148 |                                                 UserId userId,
      |                                                 ^~~~~~
      |                                                 User
source/discord/lobby_manager.cpp:149:71: error: expected primary-expression before ‘*’ token
  149 |                                                 LobbyMemberTransaction* transaction)
      |                                                                       ^
source/discord/lobby_manager.cpp:149:73: error: ‘transaction’ was not declared in this scope; did you mean ‘LobbyTransaction’?
  149 |                                                 LobbyMemberTransaction* transaction)
      |                                                                         ^~~~~~~~~~~
      |                                                                         LobbyTransaction
source/discord/lobby_manager.cpp:149:84: error: expression list treated as compound expression in initializer [-fpermissive]
  149 |                                                 LobbyMemberTransaction* transaction)
      |                                                                                    ^
source/discord/lobby_manager.cpp:178:6: error: variable or field ‘UpdateLobby’ declared void
  178 | void LobbyManager::UpdateLobby(LobbyId lobbyId,
      |      ^~~~~~~~~~~~
source/discord/lobby_manager.cpp:178:32: error: ‘LobbyId’ was not declared in this scope; did you mean ‘Lobby’?
  178 | void LobbyManager::UpdateLobby(LobbyId lobbyId,
      |                                ^~~~~~~
      |                                Lobby
source/discord/lobby_manager.cpp:179:49: error: expected primary-expression before ‘const’
  179 |                                LobbyTransaction const& transaction,
      |                                                 ^~~~~
source/discord/lobby_manager.cpp:180:60: error: expected primary-expression before ‘callback’
  180 |                                std::function<void(Result)> callback)
      |                                                            ^~~~~~~~
source/discord/lobby_manager.cpp:199:6: error: variable or field ‘DeleteLobby’ declared void
  199 | void LobbyManager::DeleteLobby(LobbyId lobbyId, std::function<void(Result)> callback)
      |      ^~~~~~~~~~~~
source/discord/lobby_manager.cpp:199:32: error: ‘LobbyId’ was not declared in this scope; did you mean ‘Lobby’?
  199 | void LobbyManager::DeleteLobby(LobbyId lobbyId, std::function<void(Result)> callback)
      |                                ^~~~~~~
      |                                Lobby
source/discord/lobby_manager.cpp:199:77: error: expected primary-expression before ‘callback’
  199 | void LobbyManager::DeleteLobby(LobbyId lobbyId, std::function<void(Result)> callback)
      |                                                                             ^~~~~~~~
source/discord/lobby_manager.cpp:214:6: error: variable or field ‘ConnectLobby’ declared void
  214 | void LobbyManager::ConnectLobby(LobbyId lobbyId,
      |      ^~~~~~~~~~~~
source/discord/lobby_manager.cpp:214:33: error: ‘LobbyId’ was not declared in this scope; did you mean ‘Lobby’?
  214 | void LobbyManager::ConnectLobby(LobbyId lobbyId,
      |                                 ^~~~~~~
      |                                 Lobby
source/discord/lobby_manager.cpp:215:45: error: expected primary-expression before ‘secret’
  215 |                                 LobbySecret secret,
      |                                             ^~~~~~
source/discord/lobby_manager.cpp:216:75: error: expected primary-expression before ‘callback’
  216 |                                 std::function<void(Result, Lobby const&)> callback)
      |                                                                           ^~~~~~~~
source/discord/lobby_manager.cpp:251:6: error: variable or field ‘DisconnectLobby’ declared void
  251 | void LobbyManager::DisconnectLobby(LobbyId lobbyId, std::function<void(Result)> callback)
      |      ^~~~~~~~~~~~
source/discord/lobby_manager.cpp:251:36: error: ‘LobbyId’ was not declared in this scope; did you mean ‘Lobby’?
  251 | void LobbyManager::DisconnectLobby(LobbyId lobbyId, std::function<void(Result)> callback)
      |                                    ^~~~~~~
      |                                    Lobby
source/discord/lobby_manager.cpp:251:81: error: expected primary-expression before ‘callback’
  251 | void LobbyManager::DisconnectLobby(LobbyId lobbyId, std::function<void(Result)> callback)
      |                                                                                 ^~~~~~~~
source/discord/lobby_manager.cpp:266:8: error: ‘discord::Result discord::LobbyManager::GetLobby’ is not a static data member of ‘class discord::LobbyManager’
  266 | Result LobbyManager::GetLobby(LobbyId lobbyId, Lobby* lobby)
      |        ^~~~~~~~~~~~
source/discord/lobby_manager.cpp:266:31: error: ‘LobbyId’ was not declared in this scope; did you mean ‘Lobby’?
  266 | Result LobbyManager::GetLobby(LobbyId lobbyId, Lobby* lobby)
      |                               ^~~~~~~
      |                               Lobby
source/discord/lobby_manager.cpp:266:53: error: expected primary-expression before ‘*’ token
  266 | Result LobbyManager::GetLobby(LobbyId lobbyId, Lobby* lobby)
      |                                                     ^
source/discord/lobby_manager.cpp:266:55: error: ‘lobby’ was not declared in this scope; did you mean ‘Lobby’?
  266 | Result LobbyManager::GetLobby(LobbyId lobbyId, Lobby* lobby)
      |                                                       ^~~~~
      |                                                       Lobby
source/discord/lobby_manager.cpp:266:60: error: expression list treated as compound expression in initializer [-fpermissive]
  266 | Result LobbyManager::GetLobby(LobbyId lobbyId, Lobby* lobby)
      |                                                            ^
source/discord/lobby_manager.cpp:276:8: error: ‘discord::Result discord::LobbyManager::GetLobbyActivitySecret’ is not a static data member of ‘class discord::LobbyManager’
  276 | Result LobbyManager::GetLobbyActivitySecret(LobbyId lobbyId, char secret[128])
      |        ^~~~~~~~~~~~
source/discord/lobby_manager.cpp:276:45: error: ‘LobbyId’ was not declared in this scope; did you mean ‘Lobby’?
  276 | Result LobbyManager::GetLobbyActivitySecret(LobbyId lobbyId, char secret[128])
      |                                             ^~~~~~~
      |                                             Lobby
source/discord/lobby_manager.cpp:276:62: error: expected primary-expression before ‘char’
  276 | Result LobbyManager::GetLobbyActivitySecret(LobbyId lobbyId, char secret[128])
      |                                                              ^~~~
source/discord/lobby_manager.cpp:276:78: error: expression list treated as compound expression in initializer [-fpermissive]
  276 | Result LobbyManager::GetLobbyActivitySecret(LobbyId lobbyId, char secret[128])
      |                                                                              ^
source/discord/lobby_manager.cpp:287:8: error: ‘discord::Result discord::LobbyManager::GetLobbyMetadataValue’ is not a static data member of ‘class discord::LobbyManager’
  287 | Result LobbyManager::GetLobbyMetadataValue(LobbyId lobbyId, MetadataKey key, char value[4096])
      |        ^~~~~~~~~~~~
source/discord/lobby_manager.cpp:287:44: error: ‘LobbyId’ was not declared in this scope; did you mean ‘Lobby’?
  287 | Result LobbyManager::GetLobbyMetadataValue(LobbyId lobbyId, MetadataKey key, char value[4096])
      |                                            ^~~~~~~
      |                                            Lobby
source/discord/lobby_manager.cpp:287:73: error: expected primary-expression before ‘key’
  287 | Result LobbyManager::GetLobbyMetadataValue(LobbyId lobbyId, MetadataKey key, char value[4096])
      |                                                                         ^~~
source/discord/lobby_manager.cpp:287:78: error: expected primary-expression before ‘char’
  287 | Result LobbyManager::GetLobbyMetadataValue(LobbyId lobbyId, MetadataKey key, char value[4096])
      |                                                                              ^~~~
source/discord/lobby_manager.cpp:287:94: error: expression list treated as compound expression in initializer [-fpermissive]
  287 | Result LobbyManager::GetLobbyMetadataValue(LobbyId lobbyId, MetadataKey key, char value[4096])
      |                                                                                              ^
source/discord/lobby_manager.cpp:298:8: error: ‘discord::Result discord::LobbyManager::GetLobbyMetadataKey’ is not a static data member of ‘class discord::LobbyManager’
  298 | Result LobbyManager::GetLobbyMetadataKey(LobbyId lobbyId, std::int32_t index, char key[256])
      |        ^~~~~~~~~~~~
source/discord/lobby_manager.cpp:298:42: error: ‘LobbyId’ was not declared in this scope; did you mean ‘Lobby’?
  298 | Result LobbyManager::GetLobbyMetadataKey(LobbyId lobbyId, std::int32_t index, char key[256])
      |                                          ^~~~~~~
      |                                          Lobby
source/discord/lobby_manager.cpp:298:64: error: ‘int32_t’ is not a member of ‘std’; did you mean ‘int32_t’?
  298 | Result LobbyManager::GetLobbyMetadataKey(LobbyId lobbyId, std::int32_t index, char key[256])
      |                                                                ^~~~~~~
In file included from /usr/include/stdint.h:34,
                 from /usr/lib/gcc/x86_64-linux-gnu/11/include/stdint.h:9,
                 from source/discord/ffi.h:9,
                 from source/discord/types.h:4,
                 from source/discord/lobby_manager.h:4,
                 from source/discord/lobby_manager.cpp:6:
/usr/include/x86_64-linux-gnu/bits/stdint-intn.h:26:19: note: ‘int32_t’ declared here
   26 | typedef __int32_t int32_t;
      |                   ^~~~~~~
source/discord/lobby_manager.cpp:298:79: error: expected primary-expression before ‘char’
  298 | Result LobbyManager::GetLobbyMetadataKey(LobbyId lobbyId, std::int32_t index, char key[256])
      |                                                                               ^~~~
source/discord/lobby_manager.cpp:298:92: error: expression list treated as compound expression in initializer [-fpermissive]
  298 | Result LobbyManager::GetLobbyMetadataKey(LobbyId lobbyId, std::int32_t index, char key[256])
      |                                                                                            ^
source/discord/lobby_manager.cpp:309:8: error: ‘discord::Result discord::LobbyManager::LobbyMetadataCount’ is not a static data member of ‘class discord::LobbyManager’
  309 | Result LobbyManager::LobbyMetadataCount(LobbyId lobbyId, std::int32_t* count)
      |        ^~~~~~~~~~~~
source/discord/lobby_manager.cpp:309:41: error: ‘LobbyId’ was not declared in this scope; did you mean ‘Lobby’?
  309 | Result LobbyManager::LobbyMetadataCount(LobbyId lobbyId, std::int32_t* count)
      |                                         ^~~~~~~
      |                                         Lobby
source/discord/lobby_manager.cpp:309:63: error: ‘int32_t’ is not a member of ‘std’; did you mean ‘int32_t’?
  309 | Result LobbyManager::LobbyMetadataCount(LobbyId lobbyId, std::int32_t* count)
      |                                                               ^~~~~~~
In file included from /usr/include/stdint.h:34,
                 from /usr/lib/gcc/x86_64-linux-gnu/11/include/stdint.h:9,
                 from source/discord/ffi.h:9,
                 from source/discord/types.h:4,
                 from source/discord/lobby_manager.h:4,
                 from source/discord/lobby_manager.cpp:6:
/usr/include/x86_64-linux-gnu/bits/stdint-intn.h:26:19: note: ‘int32_t’ declared here
   26 | typedef __int32_t int32_t;
      |                   ^~~~~~~
source/discord/lobby_manager.cpp:309:72: error: ‘count’ was not declared in this scope; did you mean ‘std::count’?
  309 | Result LobbyManager::LobbyMetadataCount(LobbyId lobbyId, std::int32_t* count)
      |                                                                        ^~~~~
      |                                                                        std::count
In file included from /usr/include/c++/11/functional:65,
                 from source/discord/event.h:4,
                 from source/discord/types.h:5,
                 from source/discord/lobby_manager.h:4,
                 from source/discord/lobby_manager.cpp:6:
/usr/include/c++/11/bits/stl_algo.h:4059:5: note: ‘std::count’ declared here
 4059 |     count(_InputIterator __first, _InputIterator __last, const _Tp& __value)
      |     ^~~~~
source/discord/lobby_manager.cpp:309:77: error: expression list treated as compound expression in initializer [-fpermissive]
  309 | Result LobbyManager::LobbyMetadataCount(LobbyId lobbyId, std::int32_t* count)
      |                                                                             ^
source/discord/lobby_manager.cpp:320:8: error: ‘discord::Result discord::LobbyManager::MemberCount’ is not a static data member of ‘class discord::LobbyManager’
  320 | Result LobbyManager::MemberCount(LobbyId lobbyId, std::int32_t* count)
      |        ^~~~~~~~~~~~
source/discord/lobby_manager.cpp:320:34: error: ‘LobbyId’ was not declared in this scope; did you mean ‘Lobby’?
  320 | Result LobbyManager::MemberCount(LobbyId lobbyId, std::int32_t* count)
      |                                  ^~~~~~~
      |                                  Lobby
source/discord/lobby_manager.cpp:320:56: error: ‘int32_t’ is not a member of ‘std’; did you mean ‘int32_t’?
  320 | Result LobbyManager::MemberCount(LobbyId lobbyId, std::int32_t* count)
      |                                                        ^~~~~~~
In file included from /usr/include/stdint.h:34,
                 from /usr/lib/gcc/x86_64-linux-gnu/11/include/stdint.h:9,
                 from source/discord/ffi.h:9,
                 from source/discord/types.h:4,
                 from source/discord/lobby_manager.h:4,
                 from source/discord/lobby_manager.cpp:6:
/usr/include/x86_64-linux-gnu/bits/stdint-intn.h:26:19: note: ‘int32_t’ declared here
   26 | typedef __int32_t int32_t;
      |                   ^~~~~~~
source/discord/lobby_manager.cpp:320:65: error: ‘count’ was not declared in this scope; did you mean ‘std::count’?
  320 | Result LobbyManager::MemberCount(LobbyId lobbyId, std::int32_t* count)
      |                                                                 ^~~~~
      |                                                                 std::count
In file included from /usr/include/c++/11/functional:65,
                 from source/discord/event.h:4,
                 from source/discord/types.h:5,
                 from source/discord/lobby_manager.h:4,
                 from source/discord/lobby_manager.cpp:6:
/usr/include/c++/11/bits/stl_algo.h:4059:5: note: ‘std::count’ declared here
 4059 |     count(_InputIterator __first, _InputIterator __last, const _Tp& __value)
      |     ^~~~~
source/discord/lobby_manager.cpp:320:70: error: expression list treated as compound expression in initializer [-fpermissive]
  320 | Result LobbyManager::MemberCount(LobbyId lobbyId, std::int32_t* count)
      |                                                                      ^
source/discord/lobby_manager.cpp:330:8: error: ‘discord::Result discord::LobbyManager::GetMemberUserId’ is not a static data member of ‘class discord::LobbyManager’
  330 | Result LobbyManager::GetMemberUserId(LobbyId lobbyId, std::int32_t index, UserId* userId)
      |        ^~~~~~~~~~~~
source/discord/lobby_manager.cpp:330:38: error: ‘LobbyId’ was not declared in this scope; did you mean ‘Lobby’?
  330 | Result LobbyManager::GetMemberUserId(LobbyId lobbyId, std::int32_t index, UserId* userId)
      |                                      ^~~~~~~
      |                                      Lobby
source/discord/lobby_manager.cpp:330:60: error: ‘int32_t’ is not a member of ‘std’; did you mean ‘int32_t’?
  330 | Result LobbyManager::GetMemberUserId(LobbyId lobbyId, std::int32_t index, UserId* userId)
      |                                                            ^~~~~~~
In file included from /usr/include/stdint.h:34,
                 from /usr/lib/gcc/x86_64-linux-gnu/11/include/stdint.h:9,
                 from source/discord/ffi.h:9,
                 from source/discord/types.h:4,
                 from source/discord/lobby_manager.h:4,
                 from source/discord/lobby_manager.cpp:6:
/usr/include/x86_64-linux-gnu/bits/stdint-intn.h:26:19: note: ‘int32_t’ declared here
   26 | typedef __int32_t int32_t;
      |                   ^~~~~~~
source/discord/lobby_manager.cpp:330:75: error: ‘UserId’ was not declared in this scope; did you mean ‘User’?
  330 | Result LobbyManager::GetMemberUserId(LobbyId lobbyId, std::int32_t index, UserId* userId)
      |                                                                           ^~~~~~
      |                                                                           User
source/discord/lobby_manager.cpp:330:83: error: ‘userId’ was not declared in this scope; did you mean ‘User’?
  330 | Result LobbyManager::GetMemberUserId(LobbyId lobbyId, std::int32_t index, UserId* userId)
      |                                                                                   ^~~~~~
      |                                                                                   User
source/discord/lobby_manager.cpp:330:89: error: expression list treated as compound expression in initializer [-fpermissive]
  330 | Result LobbyManager::GetMemberUserId(LobbyId lobbyId, std::int32_t index, UserId* userId)
      |                                                                                         ^
source/discord/lobby_manager.cpp:341:8: error: ‘discord::Result discord::LobbyManager::GetMemberUser’ is not a static data member of ‘class discord::LobbyManager’
  341 | Result LobbyManager::GetMemberUser(LobbyId lobbyId, UserId userId, User* user)
      |        ^~~~~~~~~~~~
source/discord/lobby_manager.cpp:341:36: error: ‘LobbyId’ was not declared in this scope; did you mean ‘Lobby’?
  341 | Result LobbyManager::GetMemberUser(LobbyId lobbyId, UserId userId, User* user)
      |                                    ^~~~~~~
      |                                    Lobby
source/discord/lobby_manager.cpp:341:53: error: ‘UserId’ was not declared in this scope; did you mean ‘User’?
  341 | Result LobbyManager::GetMemberUser(LobbyId lobbyId, UserId userId, User* user)
      |                                                     ^~~~~~
      |                                                     User
source/discord/lobby_manager.cpp:341:72: error: expected primary-expression before ‘*’ token
  341 | Result LobbyManager::GetMemberUser(LobbyId lobbyId, UserId userId, User* user)
      |                                                                        ^
source/discord/lobby_manager.cpp:341:74: error: ‘user’ was not declared in this scope; did you mean ‘User’?
  341 | Result LobbyManager::GetMemberUser(LobbyId lobbyId, UserId userId, User* user)
      |                                                                          ^~~~
      |                                                                          User
source/discord/lobby_manager.cpp:341:78: error: expression list treated as compound expression in initializer [-fpermissive]
  341 | Result LobbyManager::GetMemberUser(LobbyId lobbyId, UserId userId, User* user)
      |                                                                              ^
source/discord/lobby_manager.cpp:352:8: error: ‘discord::Result discord::LobbyManager::GetMemberMetadataValue’ is not a static data member of ‘class discord::LobbyManager’
  352 | Result LobbyManager::GetMemberMetadataValue(LobbyId lobbyId,
      |        ^~~~~~~~~~~~
source/discord/lobby_manager.cpp:352:45: error: ‘LobbyId’ was not declared in this scope; did you mean ‘Lobby’?
  352 | Result LobbyManager::GetMemberMetadataValue(LobbyId lobbyId,
      |                                             ^~~~~~~
      |                                             Lobby
source/discord/lobby_manager.cpp:353:45: error: ‘UserId’ was not declared in this scope; did you mean ‘User’?
  353 |                                             UserId userId,
      |                                             ^~~~~~
      |                                             User
source/discord/lobby_manager.cpp:354:57: error: expected primary-expression before ‘key’
  354 |                                             MetadataKey key,
      |                                                         ^~~
source/discord/lobby_manager.cpp:355:45: error: expected primary-expression before ‘char’
  355 |                                             char value[4096])
      |                                             ^~~~
source/discord/lobby_manager.cpp:355:61: error: expression list treated as compound expression in initializer [-fpermissive]
  355 |                                             char value[4096])
      |                                                             ^
source/discord/lobby_manager.cpp:370:8: error: ‘discord::Result discord::LobbyManager::GetMemberMetadataKey’ is not a static data member of ‘class discord::LobbyManager’
  370 | Result LobbyManager::GetMemberMetadataKey(LobbyId lobbyId,
      |        ^~~~~~~~~~~~
source/discord/lobby_manager.cpp:370:43: error: ‘LobbyId’ was not declared in this scope; did you mean ‘Lobby’?
  370 | Result LobbyManager::GetMemberMetadataKey(LobbyId lobbyId,
      |                                           ^~~~~~~
      |                                           Lobby
source/discord/lobby_manager.cpp:371:43: error: ‘UserId’ was not declared in this scope; did you mean ‘User’?
  371 |                                           UserId userId,
      |                                           ^~~~~~
      |                                           User
source/discord/lobby_manager.cpp:372:48: error: ‘int32_t’ is not a member of ‘std’; did you mean ‘int32_t’?
  372 |                                           std::int32_t index,
      |                                                ^~~~~~~
In file included from /usr/include/stdint.h:34,
                 from /usr/lib/gcc/x86_64-linux-gnu/11/include/stdint.h:9,
                 from source/discord/ffi.h:9,
                 from source/discord/types.h:4,
                 from source/discord/lobby_manager.h:4,
                 from source/discord/lobby_manager.cpp:6:
/usr/include/x86_64-linux-gnu/bits/stdint-intn.h:26:19: note: ‘int32_t’ declared here
   26 | typedef __int32_t int32_t;
      |                   ^~~~~~~
source/discord/lobby_manager.cpp:373:43: error: expected primary-expression before ‘char’
  373 |                                           char key[256])
      |                                           ^~~~
source/discord/lobby_manager.cpp:373:56: error: expression list treated as compound expression in initializer [-fpermissive]
  373 |                                           char key[256])
      |                                                        ^
source/discord/lobby_manager.cpp:384:8: error: ‘discord::Result discord::LobbyManager::MemberMetadataCount’ is not a static data member of ‘class discord::LobbyManager’
  384 | Result LobbyManager::MemberMetadataCount(LobbyId lobbyId, UserId userId, std::int32_t* count)
      |        ^~~~~~~~~~~~
source/discord/lobby_manager.cpp:384:42: error: ‘LobbyId’ was not declared in this scope; did you mean ‘Lobby’?
  384 | Result LobbyManager::MemberMetadataCount(LobbyId lobbyId, UserId userId, std::int32_t* count)
      |                                          ^~~~~~~
      |                                          Lobby
source/discord/lobby_manager.cpp:384:59: error: ‘UserId’ was not declared in this scope; did you mean ‘User’?
  384 | Result LobbyManager::MemberMetadataCount(LobbyId lobbyId, UserId userId, std::int32_t* count)
      |                                                           ^~~~~~
      |                                                           User
source/discord/lobby_manager.cpp:384:79: error: ‘int32_t’ is not a member of ‘std’; did you mean ‘int32_t’?
  384 | Result LobbyManager::MemberMetadataCount(LobbyId lobbyId, UserId userId, std::int32_t* count)
      |                                                                               ^~~~~~~
In file included from /usr/include/stdint.h:34,
                 from /usr/lib/gcc/x86_64-linux-gnu/11/include/stdint.h:9,
                 from source/discord/ffi.h:9,
                 from source/discord/types.h:4,
                 from source/discord/lobby_manager.h:4,
                 from source/discord/lobby_manager.cpp:6:
/usr/include/x86_64-linux-gnu/bits/stdint-intn.h:26:19: note: ‘int32_t’ declared here
   26 | typedef __int32_t int32_t;
      |                   ^~~~~~~
source/discord/lobby_manager.cpp:384:88: error: ‘count’ was not declared in this scope; did you mean ‘std::count’?
  384 | Result LobbyManager::MemberMetadataCount(LobbyId lobbyId, UserId userId, std::int32_t* count)
      |                                                                                        ^~~~~
      |                                                                                        std::count
In file included from /usr/include/c++/11/functional:65,
                 from source/discord/event.h:4,
                 from source/discord/types.h:5,
                 from source/discord/lobby_manager.h:4,
                 from source/discord/lobby_manager.cpp:6:
/usr/include/c++/11/bits/stl_algo.h:4059:5: note: ‘std::count’ declared here
 4059 |     count(_InputIterator __first, _InputIterator __last, const _Tp& __value)
      |     ^~~~~
source/discord/lobby_manager.cpp:384:93: error: expression list treated as compound expression in initializer [-fpermissive]
  384 | Result LobbyManager::MemberMetadataCount(LobbyId lobbyId, UserId userId, std::int32_t* count)
      |                                                                                             ^
source/discord/lobby_manager.cpp:395:6: error: variable or field ‘UpdateMember’ declared void
  395 | void LobbyManager::UpdateMember(LobbyId lobbyId,
      |      ^~~~~~~~~~~~
source/discord/lobby_manager.cpp:395:33: error: ‘LobbyId’ was not declared in this scope; did you mean ‘Lobby’?
  395 | void LobbyManager::UpdateMember(LobbyId lobbyId,
      |                                 ^~~~~~~
      |                                 Lobby
source/discord/lobby_manager.cpp:396:33: error: ‘UserId’ was not declared in this scope; did you mean ‘User’?
  396 |                                 UserId userId,
      |                                 ^~~~~~
      |                                 User
source/discord/lobby_manager.cpp:397:56: error: expected primary-expression before ‘const’
  397 |                                 LobbyMemberTransaction const& transaction,
      |                                                        ^~~~~
source/discord/lobby_manager.cpp:398:61: error: expected primary-expression before ‘callback’
  398 |                                 std::function<void(Result)> callback)
      |                                                             ^~~~~~~~
source/discord/lobby_manager.cpp:418:6: error: variable or field ‘SendLobbyMessage’ declared void
  418 | void LobbyManager::SendLobbyMessage(LobbyId lobbyId,
      |      ^~~~~~~~~~~~
source/discord/lobby_manager.cpp:418:37: error: ‘LobbyId’ was not declared in this scope; did you mean ‘Lobby’?
  418 | void LobbyManager::SendLobbyMessage(LobbyId lobbyId,
      |                                     ^~~~~~~
      |                                     Lobby
source/discord/lobby_manager.cpp:419:42: error: ‘uint8_t’ is not a member of ‘std’; did you mean ‘wint_t’?
  419 |                                     std::uint8_t* data,
      |                                          ^~~~~~~
      |                                          wint_t
source/discord/lobby_manager.cpp:419:51: error: ‘data’ was not declared in this scope; did you mean ‘std::data’?
  419 |                                     std::uint8_t* data,
      |                                                   ^~~~
      |                                                   std::data
In file included from /usr/include/c++/11/array:41,
                 from /usr/include/c++/11/tuple:39,
                 from /usr/include/c++/11/functional:54,
                 from source/discord/event.h:4,
                 from source/discord/types.h:5,
                 from source/discord/lobby_manager.h:4,
                 from source/discord/lobby_manager.cpp:6:
/usr/include/c++/11/bits/range_access.h:319:5: note: ‘std::data’ declared here
  319 |     data(initializer_list<_Tp> __il) noexcept
      |     ^~~~
source/discord/lobby_manager.cpp:420:42: error: ‘uint32_t’ is not a member of ‘std’; did you mean ‘wint_t’?
  420 |                                     std::uint32_t dataLength,
      |                                          ^~~~~~~~
      |                                          wint_t
source/discord/lobby_manager.cpp:421:65: error: expected primary-expression before ‘callback’
  421 |                                     std::function<void(Result)> callback)
      |                                                                 ^~~~~~~~
source/discord/lobby_manager.cpp:463:6: error: variable or field ‘LobbyCount’ declared void
  463 | void LobbyManager::LobbyCount(std::int32_t* count)
      |      ^~~~~~~~~~~~
source/discord/lobby_manager.cpp:463:36: error: ‘int32_t’ is not a member of ‘std’; did you mean ‘int32_t’?
  463 | void LobbyManager::LobbyCount(std::int32_t* count)
      |                                    ^~~~~~~
In file included from /usr/include/stdint.h:34,
                 from /usr/lib/gcc/x86_64-linux-gnu/11/include/stdint.h:9,
                 from source/discord/ffi.h:9,
                 from source/discord/types.h:4,
                 from source/discord/lobby_manager.h:4,
                 from source/discord/lobby_manager.cpp:6:
/usr/include/x86_64-linux-gnu/bits/stdint-intn.h:26:19: note: ‘int32_t’ declared here
   26 | typedef __int32_t int32_t;
      |                   ^~~~~~~
source/discord/lobby_manager.cpp:463:45: error: ‘count’ was not declared in this scope; did you mean ‘std::count’?
  463 | void LobbyManager::LobbyCount(std::int32_t* count)
      |                                             ^~~~~
      |                                             std::count
In file included from /usr/include/c++/11/functional:65,
                 from source/discord/event.h:4,
                 from source/discord/types.h:5,
                 from source/discord/lobby_manager.h:4,
                 from source/discord/lobby_manager.cpp:6:
/usr/include/c++/11/bits/stl_algo.h:4059:5: note: ‘std::count’ declared here
 4059 |     count(_InputIterator __first, _InputIterator __last, const _Tp& __value)
      |     ^~~~~
source/discord/lobby_manager.cpp:472:8: error: ‘discord::Result discord::LobbyManager::GetLobbyId’ is not a static data member of ‘class discord::LobbyManager’
  472 | Result LobbyManager::GetLobbyId(std::int32_t index, LobbyId* lobbyId)
      |        ^~~~~~~~~~~~
source/discord/lobby_manager.cpp:472:38: error: ‘int32_t’ is not a member of ‘std’; did you mean ‘int32_t’?
  472 | Result LobbyManager::GetLobbyId(std::int32_t index, LobbyId* lobbyId)
      |                                      ^~~~~~~
In file included from /usr/include/stdint.h:34,
                 from /usr/lib/gcc/x86_64-linux-gnu/11/include/stdint.h:9,
                 from source/discord/ffi.h:9,
                 from source/discord/types.h:4,
                 from source/discord/lobby_manager.h:4,
                 from source/discord/lobby_manager.cpp:6:
/usr/include/x86_64-linux-gnu/bits/stdint-intn.h:26:19: note: ‘int32_t’ declared here
   26 | typedef __int32_t int32_t;
      |                   ^~~~~~~
source/discord/lobby_manager.cpp:472:53: error: ‘LobbyId’ was not declared in this scope; did you mean ‘Lobby’?
  472 | Result LobbyManager::GetLobbyId(std::int32_t index, LobbyId* lobbyId)
      |                                                     ^~~~~~~
      |                                                     Lobby
source/discord/lobby_manager.cpp:472:62: error: ‘lobbyId’ was not declared in this scope; did you mean ‘Lobby’?
  472 | Result LobbyManager::GetLobbyId(std::int32_t index, LobbyId* lobbyId)
      |                                                              ^~~~~~~
      |                                                              Lobby
source/discord/lobby_manager.cpp:472:69: error: expression list treated as compound expression in initializer [-fpermissive]
  472 | Result LobbyManager::GetLobbyId(std::int32_t index, LobbyId* lobbyId)
      |                                                                     ^
source/discord/lobby_manager.cpp:482:6: error: variable or field ‘ConnectVoice’ declared void
  482 | void LobbyManager::ConnectVoice(LobbyId lobbyId, std::function<void(Result)> callback)
      |      ^~~~~~~~~~~~
source/discord/lobby_manager.cpp:482:33: error: ‘LobbyId’ was not declared in this scope; did you mean ‘Lobby’?
  482 | void LobbyManager::ConnectVoice(LobbyId lobbyId, std::function<void(Result)> callback)
      |                                 ^~~~~~~
      |                                 Lobby
source/discord/lobby_manager.cpp:482:78: error: expected primary-expression before ‘callback’
  482 | void LobbyManager::ConnectVoice(LobbyId lobbyId, std::function<void(Result)> callback)
      |                                                                              ^~~~~~~~
source/discord/lobby_manager.cpp:497:6: error: variable or field ‘DisconnectVoice’ declared void
  497 | void LobbyManager::DisconnectVoice(LobbyId lobbyId, std::function<void(Result)> callback)
      |      ^~~~~~~~~~~~
source/discord/lobby_manager.cpp:497:36: error: ‘LobbyId’ was not declared in this scope; did you mean ‘Lobby’?
  497 | void LobbyManager::DisconnectVoice(LobbyId lobbyId, std::function<void(Result)> callback)
      |                                    ^~~~~~~
      |                                    Lobby
source/discord/lobby_manager.cpp:497:81: error: expected primary-expression before ‘callback’
  497 | void LobbyManager::DisconnectVoice(LobbyId lobbyId, std::function<void(Result)> callback)
      |                                                                                 ^~~~~~~~
source/discord/lobby_manager.cpp:512:8: error: ‘discord::Result discord::LobbyManager::ConnectNetwork’ is not a static data member of ‘class discord::LobbyManager’
  512 | Result LobbyManager::ConnectNetwork(LobbyId lobbyId)
      |        ^~~~~~~~~~~~
source/discord/lobby_manager.cpp:512:37: error: ‘LobbyId’ was not declared in this scope; did you mean ‘Lobby’?
  512 | Result LobbyManager::ConnectNetwork(LobbyId lobbyId)
      |                                     ^~~~~~~
      |                                     Lobby
source/discord/lobby_manager.cpp:518:8: error: ‘discord::Result discord::LobbyManager::DisconnectNetwork’ is not a static data member of ‘class discord::LobbyManager’
  518 | Result LobbyManager::DisconnectNetwork(LobbyId lobbyId)
      |        ^~~~~~~~~~~~
source/discord/lobby_manager.cpp:518:40: error: ‘LobbyId’ was not declared in this scope; did you mean ‘Lobby’?
  518 | Result LobbyManager::DisconnectNetwork(LobbyId lobbyId)
      |                                        ^~~~~~~
      |                                        Lobby
source/discord/lobby_manager.cpp:530:8: error: ‘discord::Result discord::LobbyManager::OpenNetworkChannel’ is not a static data member of ‘class discord::LobbyManager’
  530 | Result LobbyManager::OpenNetworkChannel(LobbyId lobbyId, std::uint8_t channelId, bool reliable)
      |        ^~~~~~~~~~~~
source/discord/lobby_manager.cpp:530:41: error: ‘LobbyId’ was not declared in this scope; did you mean ‘Lobby’?
  530 | Result LobbyManager::OpenNetworkChannel(LobbyId lobbyId, std::uint8_t channelId, bool reliable)
      |                                         ^~~~~~~
      |                                         Lobby
source/discord/lobby_manager.cpp:530:63: error: ‘uint8_t’ is not a member of ‘std’; did you mean ‘wint_t’?
  530 | Result LobbyManager::OpenNetworkChannel(LobbyId lobbyId, std::uint8_t channelId, bool reliable)
      |                                                               ^~~~~~~
      |                                                               wint_t
source/discord/lobby_manager.cpp:530:82: error: expected primary-expression before ‘bool’
  530 | Result LobbyManager::OpenNetworkChannel(LobbyId lobbyId, std::uint8_t channelId, bool reliable)
      |                                                                                  ^~~~
source/discord/lobby_manager.cpp:530:95: error: expression list treated as compound expression in initializer [-fpermissive]
  530 | Result LobbyManager::OpenNetworkChannel(LobbyId lobbyId, std::uint8_t channelId, bool reliable)
      |                                                                                               ^
source/discord/lobby_manager.cpp:537:8: error: ‘discord::Result discord::LobbyManager::SendNetworkMessage’ is not a static data member of ‘class discord::LobbyManager’
  537 | Result LobbyManager::SendNetworkMessage(LobbyId lobbyId,
      |        ^~~~~~~~~~~~
source/discord/lobby_manager.cpp:537:41: error: ‘LobbyId’ was not declared in this scope; did you mean ‘Lobby’?
  537 | Result LobbyManager::SendNetworkMessage(LobbyId lobbyId,
      |                                         ^~~~~~~
      |                                         Lobby
source/discord/lobby_manager.cpp:538:41: error: ‘UserId’ was not declared in this scope; did you mean ‘User’?
  538 |                                         UserId userId,
      |                                         ^~~~~~
      |                                         User
source/discord/lobby_manager.cpp:539:46: error: ‘uint8_t’ is not a member of ‘std’; did you mean ‘wint_t’?
  539 |                                         std::uint8_t channelId,
      |                                              ^~~~~~~
      |                                              wint_t
source/discord/lobby_manager.cpp:540:46: error: ‘uint8_t’ is not a member of ‘std’; did you mean ‘wint_t’?
  540 |                                         std::uint8_t* data,
      |                                              ^~~~~~~
      |                                              wint_t
source/discord/lobby_manager.cpp:540:55: error: ‘data’ was not declared in this scope; did you mean ‘std::data’?
  540 |                                         std::uint8_t* data,
      |                                                       ^~~~
      |                                                       std::data
In file included from /usr/include/c++/11/array:41,
                 from /usr/include/c++/11/tuple:39,
                 from /usr/include/c++/11/functional:54,
                 from source/discord/event.h:4,
                 from source/discord/types.h:5,
                 from source/discord/lobby_manager.h:4,
                 from source/discord/lobby_manager.cpp:6:
/usr/include/c++/11/bits/range_access.h:319:5: note: ‘std::data’ declared here
  319 |     data(initializer_list<_Tp> __il) noexcept
      |     ^~~~
source/discord/lobby_manager.cpp:541:46: error: ‘uint32_t’ is not a member of ‘std’; did you mean ‘wint_t’?
  541 |                                         std::uint32_t dataLength)
      |                                              ^~~~~~~~
      |                                              wint_t
source/discord/lobby_manager.cpp:541:65: error: expression list treated as compound expression in initializer [-fpermissive]
  541 |                                         std::uint32_t dataLength)
      |                                                                 ^
In file included from source/discord/network_manager.h:4,
                 from source/discord/network_manager.cpp:6:
source/discord/types.h:168:23: error: ‘int64_t’ in namespace ‘std’ does not name a type
  168 | using ClientId = std::int64_t;
      |                       ^~~~~~~
source/discord/types.h:169:22: error: ‘int32_t’ in namespace ‘std’ does not name a type
  169 | using Version = std::int32_t;
      |                      ^~~~~~~
source/discord/types.h:170:24: error: ‘int64_t’ in namespace ‘std’ does not name a type
  170 | using Snowflake = std::int64_t;
      |                        ^~~~~~~
source/discord/types.h:171:24: error: ‘int64_t’ in namespace ‘std’ does not name a type
  171 | using Timestamp = std::int64_t;
      |                        ^~~~~~~
source/discord/types.h:172:16: error: ‘Snowflake’ does not name a type
  172 | using UserId = Snowflake;
      |                ^~~~~~~~~
source/discord/types.h:175:17: error: ‘Snowflake’ does not name a type
  175 | using LobbyId = Snowflake;
      |                 ^~~~~~~~~
source/discord/types.h:179:28: error: ‘uint64_t’ in namespace ‘std’ does not name a type
  179 | using NetworkPeerId = std::uint64_t;
      |                            ^~~~~~~~
source/discord/types.h:180:31: error: ‘uint8_t’ in namespace ‘std’ does not name a type
  180 | using NetworkChannelId = std::uint8_t;
      |                               ^~~~~~~
source/discord/types.h:186:16: error: ‘UserId’ has not been declared
  186 |     void SetId(UserId id);
      |                ^~~~~~
source/discord/types.h:187:5: error: ‘UserId’ does not name a type; did you mean ‘User’?
  187 |     UserId GetId() const;
      |     ^~~~~~
      |     User
source/discord/types.h:207:21: error: ‘Timestamp’ has not been declared
  207 |     void SetExpires(Timestamp expires);
      |                     ^~~~~~~~~
source/discord/types.h:208:5: error: ‘Timestamp’ does not name a type
  208 |     Timestamp GetExpires() const;
      |     ^~~~~~~~~
source/discord/types.h:218:16: error: ‘std::int64_t’ has not been declared
  218 |     void SetId(std::int64_t id);
      |                ^~~
source/discord/types.h:219:10: error: ‘int64_t’ in namespace ‘std’ does not name a type
  219 |     std::int64_t GetId() const;
      |          ^~~~~~~
source/discord/types.h:220:18: error: ‘std::uint32_t’ has not been declared
  220 |     void SetSize(std::uint32_t size);
      |                  ^~~
source/discord/types.h:221:10: error: ‘uint32_t’ in namespace ‘std’ does not name a type
  221 |     std::uint32_t GetSize() const;
      |          ^~~~~~~~
source/discord/types.h:229:19: error: ‘std::uint32_t’ has not been declared
  229 |     void SetWidth(std::uint32_t width);
      |                   ^~~
source/discord/types.h:230:10: error: ‘uint32_t’ in namespace ‘std’ does not name a type
  230 |     std::uint32_t GetWidth() const;
      |          ^~~~~~~~
source/discord/types.h:231:20: error: ‘std::uint32_t’ has not been declared
  231 |     void SetHeight(std::uint32_t height);
      |                    ^~~
source/discord/types.h:232:10: error: ‘uint32_t’ in namespace ‘std’ does not name a type
  232 |     std::uint32_t GetHeight() const;
      |          ^~~~~~~~
source/discord/types.h:240:19: error: ‘Timestamp’ has not been declared
  240 |     void SetStart(Timestamp start);
      |                   ^~~~~~~~~
source/discord/types.h:241:5: error: ‘Timestamp’ does not name a type
  241 |     Timestamp GetStart() const;
      |     ^~~~~~~~~
source/discord/types.h:242:17: error: ‘Timestamp’ has not been declared
  242 |     void SetEnd(Timestamp end);
      |                 ^~~~~~~~~
source/discord/types.h:243:5: error: ‘Timestamp’ does not name a type
  243 |     Timestamp GetEnd() const;
      |     ^~~~~~~~~
source/discord/types.h:266:25: error: ‘std::int32_t’ has not been declared
  266 |     void SetCurrentSize(std::int32_t currentSize);
      |                         ^~~
source/discord/types.h:267:10: error: ‘int32_t’ in namespace ‘std’ does not name a type
  267 |     std::int32_t GetCurrentSize() const;
      |          ^~~~~~~
source/discord/types.h:268:21: error: ‘std::int32_t’ has not been declared
  268 |     void SetMaxSize(std::int32_t maxSize);
      |                     ^~~
source/discord/types.h:269:10: error: ‘int32_t’ in namespace ‘std’ does not name a type
  269 |     std::int32_t GetMaxSize() const;
      |          ^~~~~~~
source/discord/types.h:303:27: error: ‘std::int64_t’ has not been declared
  303 |     void SetApplicationId(std::int64_t applicationId);
      |                           ^~~
source/discord/types.h:304:10: error: ‘int64_t’ in namespace ‘std’ does not name a type
  304 |     std::int64_t GetApplicationId() const;
      |          ^~~~~~~
source/discord/types.h:352:16: error: ‘LobbyId’ has not been declared
  352 |     void SetId(LobbyId id);
      |                ^~~~~~~
source/discord/types.h:353:5: error: ‘LobbyId’ does not name a type; did you mean ‘Lobby’?
  353 |     LobbyId GetId() const;
      |     ^~~~~~~
      |     Lobby
source/discord/types.h:356:21: error: ‘UserId’ has not been declared
  356 |     void SetOwnerId(UserId ownerId);
      |                     ^~~~~~
source/discord/types.h:357:5: error: ‘UserId’ does not name a type; did you mean ‘User’?
  357 |     UserId GetOwnerId() const;
      |     ^~~~~~
      |     User
source/discord/types.h:360:22: error: ‘std::uint32_t’ has not been declared
  360 |     void SetCapacity(std::uint32_t capacity);
      |                      ^~~
source/discord/types.h:361:10: error: ‘uint32_t’ in namespace ‘std’ does not name a type
  361 |     std::uint32_t GetCapacity() const;
      |          ^~~~~~~~
source/discord/types.h:373:18: error: ‘std::uint64_t’ has not been declared
  373 |     void SetSize(std::uint64_t size);
      |                  ^~~
source/discord/types.h:374:10: error: ‘uint64_t’ in namespace ‘std’ does not name a type
  374 |     std::uint64_t GetSize() const;
      |          ^~~~~~~~
source/discord/types.h:375:26: error: ‘std::uint64_t’ has not been declared
  375 |     void SetLastModified(std::uint64_t lastModified);
      |                          ^~~
source/discord/types.h:376:10: error: ‘uint64_t’ in namespace ‘std’ does not name a type
  376 |     std::uint64_t GetLastModified() const;
      |          ^~~~~~~~
source/discord/types.h:384:16: error: ‘Snowflake’ has not been declared
  384 |     void SetId(Snowflake id);
      |                ^~~~~~~~~
source/discord/types.h:385:5: error: ‘Snowflake’ does not name a type
  385 |     Snowflake GetId() const;
      |     ^~~~~~~~~
source/discord/types.h:388:19: error: ‘Snowflake’ has not been declared
  388 |     void SetSkuId(Snowflake skuId);
      |                   ^~~~~~~~~
source/discord/types.h:389:5: error: ‘Snowflake’ does not name a type
  389 |     Snowflake GetSkuId() const;
      |     ^~~~~~~~~
source/discord/types.h:397:20: error: ‘std::uint32_t’ has not been declared
  397 |     void SetAmount(std::uint32_t amount);
      |                    ^~~
source/discord/types.h:398:10: error: ‘uint32_t’ in namespace ‘std’ does not name a type
  398 |     std::uint32_t GetAmount() const;
      |          ^~~~~~~~
source/discord/types.h:408:16: error: ‘Snowflake’ has not been declared
  408 |     void SetId(Snowflake id);
      |                ^~~~~~~~~
source/discord/types.h:409:5: error: ‘Snowflake’ does not name a type
  409 |     Snowflake GetId() const;
      |     ^~~~~~~~~
source/discord/types.h:434:20: error: ‘Snowflake’ has not been declared
  434 |     void SetUserId(Snowflake userId);
      |                    ^~~~~~~~~
source/discord/types.h:435:5: error: ‘Snowflake’ does not name a type
  435 |     Snowflake GetUserId() const;
      |     ^~~~~~~~~
source/discord/types.h:436:27: error: ‘Snowflake’ has not been declared
  436 |     void SetAchievementId(Snowflake achievementId);
      |                           ^~~~~~~~~
source/discord/types.h:437:5: error: ‘Snowflake’ does not name a type
  437 |     Snowflake GetAchievementId() const;
      |     ^~~~~~~~~
source/discord/types.h:438:29: error: ‘std::uint8_t’ has not been declared
  438 |     void SetPercentComplete(std::uint8_t percentComplete);
      |                             ^~~
source/discord/types.h:439:10: error: ‘uint8_t’ in namespace ‘std’ does not name a type
  439 |     std::uint8_t GetPercentComplete() const;
      |          ^~~~~~~
source/discord/types.h:450:21: error: ‘UserId’ has not been declared
  450 |     Result SetOwner(UserId ownerId);
      |                     ^~~~~~
source/discord/types.h:451:24: error: ‘std::uint32_t’ has not been declared
  451 |     Result SetCapacity(std::uint32_t capacity);
      |                        ^~~
source/discord/types.h:482:18: error: ‘std::uint32_t’ has not been declared
  482 |     Result Limit(std::uint32_t limit);
      |                  ^~~
In file included from source/discord/network_manager.cpp:6:
source/discord/network_manager.h:15:20: error: ‘NetworkPeerId’ has not been declared
   15 |     void GetPeerId(NetworkPeerId* peerId);
      |                    ^~~~~~~~~~~~~
source/discord/network_manager.h:23:21: error: ‘NetworkPeerId’ has not been declared
   23 |     Result OpenPeer(NetworkPeerId peerId, char const* routeData);
      |                     ^~~~~~~~~~~~~
source/discord/network_manager.h:27:23: error: ‘NetworkPeerId’ has not been declared
   27 |     Result UpdatePeer(NetworkPeerId peerId, char const* routeData);
      |                       ^~~~~~~~~~~~~
source/discord/network_manager.h:31:22: error: ‘NetworkPeerId’ has not been declared
   31 |     Result ClosePeer(NetworkPeerId peerId);
      |                      ^~~~~~~~~~~~~
source/discord/network_manager.h:35:24: error: ‘NetworkPeerId’ has not been declared
   35 |     Result OpenChannel(NetworkPeerId peerId, NetworkChannelId channelId, bool reliable);
      |                        ^~~~~~~~~~~~~
source/discord/network_manager.h:35:46: error: ‘NetworkChannelId’ has not been declared
   35 |     Result OpenChannel(NetworkPeerId peerId, NetworkChannelId channelId, bool reliable);
      |                                              ^~~~~~~~~~~~~~~~
source/discord/network_manager.h:39:25: error: ‘NetworkPeerId’ has not been declared
   39 |     Result CloseChannel(NetworkPeerId peerId, NetworkChannelId channelId);
      |                         ^~~~~~~~~~~~~
source/discord/network_manager.h:39:47: error: ‘NetworkChannelId’ has not been declared
   39 |     Result CloseChannel(NetworkPeerId peerId, NetworkChannelId channelId);
      |                                               ^~~~~~~~~~~~~~~~
source/discord/network_manager.h:43:24: error: ‘NetworkPeerId’ has not been declared
   43 |     Result SendMessage(NetworkPeerId peerId,
      |                        ^~~~~~~~~~~~~
source/discord/network_manager.h:44:24: error: ‘NetworkChannelId’ has not been declared
   44 |                        NetworkChannelId channelId,
      |                        ^~~~~~~~~~~~~~~~
source/discord/network_manager.h:45:24: error: ‘std::uint8_t’ has not been declared
   45 |                        std::uint8_t* data,
      |                        ^~~
source/discord/network_manager.h:46:24: error: ‘std::uint32_t’ has not been declared
   46 |                        std::uint32_t dataLength);
      |                        ^~~
source/discord/network_manager.h:48:11: error: ‘NetworkPeerId’ was not declared in this scope; did you mean ‘GetPeerId’?
   48 |     Event<NetworkPeerId, NetworkChannelId, std::uint8_t*, std::uint32_t> OnMessage;
      |           ^~~~~~~~~~~~~
      |           GetPeerId
source/discord/network_manager.h:48:26: error: ‘NetworkChannelId’ was not declared in this scope
   48 |     Event<NetworkPeerId, NetworkChannelId, std::uint8_t*, std::uint32_t> OnMessage;
      |                          ^~~~~~~~~~~~~~~~
source/discord/network_manager.h:48:49: error: ‘uint8_t’ is not a member of ‘std’; did you mean ‘uint8_t’?
   48 |     Event<NetworkPeerId, NetworkChannelId, std::uint8_t*, std::uint32_t> OnMessage;
      |                                                 ^~~~~~~
In file included from /usr/include/stdint.h:37,
                 from /usr/lib/gcc/x86_64-linux-gnu/11/include/stdint.h:9,
                 from source/discord/ffi.h:9,
                 from source/discord/types.h:4,
                 from source/discord/network_manager.h:4,
                 from source/discord/network_manager.cpp:6:
/usr/include/x86_64-linux-gnu/bits/stdint-uintn.h:24:19: note: ‘uint8_t’ declared here
   24 | typedef __uint8_t uint8_t;
      |                   ^~~~~~~
In file included from source/discord/network_manager.cpp:6:
source/discord/network_manager.h:48:64: error: ‘uint32_t’ is not a member of ‘std’; did you mean ‘uint32_t’?
   48 |     Event<NetworkPeerId, NetworkChannelId, std::uint8_t*, std::uint32_t> OnMessage;
      |                                                                ^~~~~~~~
In file included from /usr/include/stdint.h:37,
                 from /usr/lib/gcc/x86_64-linux-gnu/11/include/stdint.h:9,
                 from source/discord/ffi.h:9,
                 from source/discord/types.h:4,
                 from source/discord/network_manager.h:4,
                 from source/discord/network_manager.cpp:6:
/usr/include/x86_64-linux-gnu/bits/stdint-uintn.h:26:20: note: ‘uint32_t’ declared here
   26 | typedef __uint32_t uint32_t;
      |                    ^~~~~~~~
In file included from source/discord/network_manager.cpp:6:
source/discord/network_manager.h:48:72: error: template argument 1 is invalid
   48 |     Event<NetworkPeerId, NetworkChannelId, std::uint8_t*, std::uint32_t> OnMessage;
      |                                                                        ^
source/discord/network_manager.h:48:72: error: template argument 2 is invalid
source/discord/network_manager.h:48:72: error: template argument 3 is invalid
source/discord/network_manager.h:48:72: error: template argument 4 is invalid
In file included from source/discord/core.h:6,
                 from source/discord/network_manager.cpp:8:
source/discord/user_manager.h:13:18: error: ‘UserId’ has not been declared
   13 |     void GetUser(UserId userId, std::function<void(Result, User const&)> callback);
      |                  ^~~~~~
In file included from source/discord/core.h:7,
                 from source/discord/network_manager.cpp:8:
source/discord/image_manager.h:14:40: error: ‘std::uint8_t’ has not been declared
   14 |     Result GetData(ImageHandle handle, std::uint8_t* data, std::uint32_t dataLength);
      |                                        ^~~
source/discord/image_manager.h:14:60: error: ‘std::uint32_t’ has not been declared
   14 |     Result GetData(ImageHandle handle, std::uint8_t* data, std::uint32_t dataLength);
      |                                                            ^~~
In file included from source/discord/core.h:8,
                 from source/discord/network_manager.cpp:8:
source/discord/activity_manager.h:13:26: error: ‘std::uint32_t’ has not been declared
   13 |     Result RegisterSteam(std::uint32_t steamId);
      |                          ^~~
source/discord/activity_manager.h:16:27: error: ‘UserId’ has not been declared
   16 |     void SendRequestReply(UserId userId,
      |                           ^~~~~~
source/discord/activity_manager.h:19:21: error: ‘UserId’ has not been declared
   19 |     void SendInvite(UserId userId,
      |                     ^~~~~~
source/discord/activity_manager.h:23:23: error: ‘UserId’ has not been declared
   23 |     void AcceptInvite(UserId userId, std::function<void(Result)> callback);
      |                       ^~~~~~
In file included from source/discord/core.h:9,
                 from source/discord/network_manager.cpp:8:
source/discord/relationship_manager.h:13:18: error: ‘std::int32_t’ has not been declared
   13 |     Result Count(std::int32_t* count);
      |                  ^~~
source/discord/relationship_manager.h:14:16: error: ‘UserId’ has not been declared
   14 |     Result Get(UserId userId, Relationship* relationship);
      |                ^~~~~~
source/discord/relationship_manager.h:15:18: error: ‘std::uint32_t’ has not been declared
   15 |     Result GetAt(std::uint32_t index, Relationship* relationship);
      |                  ^~~
In file included from source/discord/core.h:10,
                 from source/discord/network_manager.cpp:8:
source/discord/lobby_manager.h:13:38: error: ‘LobbyId’ has not been declared
   13 |     Result GetLobbyUpdateTransaction(LobbyId lobbyId, LobbyTransaction* transaction);
      |                                      ^~~~~~~
source/discord/lobby_manager.h:14:39: error: ‘LobbyId’ has not been declared
   14 |     Result GetMemberUpdateTransaction(LobbyId lobbyId,
      |                                       ^~~~~~~
source/discord/lobby_manager.h:15:39: error: ‘UserId’ has not been declared
   15 |                                       UserId userId,
      |                                       ^~~~~~
source/discord/lobby_manager.h:19:22: error: ‘LobbyId’ has not been declared
   19 |     void UpdateLobby(LobbyId lobbyId,
      |                      ^~~~~~~
source/discord/lobby_manager.h:22:22: error: ‘LobbyId’ has not been declared
   22 |     void DeleteLobby(LobbyId lobbyId, std::function<void(Result)> callback);
      |                      ^~~~~~~
source/discord/lobby_manager.h:23:23: error: ‘LobbyId’ has not been declared
   23 |     void ConnectLobby(LobbyId lobbyId,
      |                       ^~~~~~~
source/discord/lobby_manager.h:28:26: error: ‘LobbyId’ has not been declared
   28 |     void DisconnectLobby(LobbyId lobbyId, std::function<void(Result)> callback);
      |                          ^~~~~~~
source/discord/lobby_manager.h:29:21: error: ‘LobbyId’ has not been declared
   29 |     Result GetLobby(LobbyId lobbyId, Lobby* lobby);
      |                     ^~~~~~~
source/discord/lobby_manager.h:30:35: error: ‘LobbyId’ has not been declared
   30 |     Result GetLobbyActivitySecret(LobbyId lobbyId, char secret[128]);
      |                                   ^~~~~~~
source/discord/lobby_manager.h:31:34: error: ‘LobbyId’ has not been declared
   31 |     Result GetLobbyMetadataValue(LobbyId lobbyId, MetadataKey key, char value[4096]);
      |                                  ^~~~~~~
source/discord/lobby_manager.h:32:32: error: ‘LobbyId’ has not been declared
   32 |     Result GetLobbyMetadataKey(LobbyId lobbyId, std::int32_t index, char key[256]);
      |                                ^~~~~~~
source/discord/lobby_manager.h:32:49: error: ‘std::int32_t’ has not been declared
   32 |     Result GetLobbyMetadataKey(LobbyId lobbyId, std::int32_t index, char key[256]);
      |                                                 ^~~
source/discord/lobby_manager.h:33:31: error: ‘LobbyId’ has not been declared
   33 |     Result LobbyMetadataCount(LobbyId lobbyId, std::int32_t* count);
      |                               ^~~~~~~
source/discord/lobby_manager.h:33:48: error: ‘std::int32_t’ has not been declared
   33 |     Result LobbyMetadataCount(LobbyId lobbyId, std::int32_t* count);
      |                                                ^~~
source/discord/lobby_manager.h:34:24: error: ‘LobbyId’ has not been declared
   34 |     Result MemberCount(LobbyId lobbyId, std::int32_t* count);
      |                        ^~~~~~~
source/discord/lobby_manager.h:34:41: error: ‘std::int32_t’ has not been declared
   34 |     Result MemberCount(LobbyId lobbyId, std::int32_t* count);
      |                                         ^~~
source/discord/lobby_manager.h:35:28: error: ‘LobbyId’ has not been declared
   35 |     Result GetMemberUserId(LobbyId lobbyId, std::int32_t index, UserId* userId);
      |                            ^~~~~~~
source/discord/lobby_manager.h:35:45: error: ‘std::int32_t’ has not been declared
   35 |     Result GetMemberUserId(LobbyId lobbyId, std::int32_t index, UserId* userId);
      |                                             ^~~
source/discord/lobby_manager.h:35:65: error: ‘UserId’ has not been declared
   35 |     Result GetMemberUserId(LobbyId lobbyId, std::int32_t index, UserId* userId);
      |                                                                 ^~~~~~
source/discord/lobby_manager.h:36:26: error: ‘LobbyId’ has not been declared
   36 |     Result GetMemberUser(LobbyId lobbyId, UserId userId, User* user);
      |                          ^~~~~~~
source/discord/lobby_manager.h:36:43: error: ‘UserId’ has not been declared
   36 |     Result GetMemberUser(LobbyId lobbyId, UserId userId, User* user);
      |                                           ^~~~~~
source/discord/lobby_manager.h:37:35: error: ‘LobbyId’ has not been declared
   37 |     Result GetMemberMetadataValue(LobbyId lobbyId,
      |                                   ^~~~~~~
source/discord/lobby_manager.h:38:35: error: ‘UserId’ has not been declared
   38 |                                   UserId userId,
      |                                   ^~~~~~
source/discord/lobby_manager.h:41:33: error: ‘LobbyId’ has not been declared
   41 |     Result GetMemberMetadataKey(LobbyId lobbyId, UserId userId, std::int32_t index, char key[256]);
      |                                 ^~~~~~~
source/discord/lobby_manager.h:41:50: error: ‘UserId’ has not been declared
   41 |     Result GetMemberMetadataKey(LobbyId lobbyId, UserId userId, std::int32_t index, char key[256]);
      |                                                  ^~~~~~
source/discord/lobby_manager.h:41:65: error: ‘std::int32_t’ has not been declared
   41 |     Result GetMemberMetadataKey(LobbyId lobbyId, UserId userId, std::int32_t index, char key[256]);
      |                                                                 ^~~
source/discord/lobby_manager.h:42:32: error: ‘LobbyId’ has not been declared
   42 |     Result MemberMetadataCount(LobbyId lobbyId, UserId userId, std::int32_t* count);
      |                                ^~~~~~~
source/discord/lobby_manager.h:42:49: error: ‘UserId’ has not been declared
   42 |     Result MemberMetadataCount(LobbyId lobbyId, UserId userId, std::int32_t* count);
      |                                                 ^~~~~~
source/discord/lobby_manager.h:42:64: error: ‘std::int32_t’ has not been declared
   42 |     Result MemberMetadataCount(LobbyId lobbyId, UserId userId, std::int32_t* count);
      |                                                                ^~~
source/discord/lobby_manager.h:43:23: error: ‘LobbyId’ has not been declared
   43 |     void UpdateMember(LobbyId lobbyId,
      |                       ^~~~~~~
source/discord/lobby_manager.h:44:23: error: ‘UserId’ has not been declared
   44 |                       UserId userId,
      |                       ^~~~~~
source/discord/lobby_manager.h:47:27: error: ‘LobbyId’ has not been declared
   47 |     void SendLobbyMessage(LobbyId lobbyId,
      |                           ^~~~~~~
source/discord/lobby_manager.h:48:27: error: ‘std::uint8_t’ has not been declared
   48 |                           std::uint8_t* data,
      |                           ^~~
source/discord/lobby_manager.h:49:27: error: ‘std::uint32_t’ has not been declared
   49 |                           std::uint32_t dataLength,
      |                           ^~~
source/discord/lobby_manager.h:53:21: error: ‘std::int32_t’ has not been declared
   53 |     void LobbyCount(std::int32_t* count);
      |                     ^~~
source/discord/lobby_manager.h:54:23: error: ‘std::int32_t’ has not been declared
   54 |     Result GetLobbyId(std::int32_t index, LobbyId* lobbyId);
      |                       ^~~
source/discord/lobby_manager.h:54:43: error: ‘LobbyId’ has not been declared
   54 |     Result GetLobbyId(std::int32_t index, LobbyId* lobbyId);
      |                                           ^~~~~~~
source/discord/lobby_manager.h:55:23: error: ‘LobbyId’ has not been declared
   55 |     void ConnectVoice(LobbyId lobbyId, std::function<void(Result)> callback);
      |                       ^~~~~~~
source/discord/lobby_manager.h:56:26: error: ‘LobbyId’ has not been declared
   56 |     void DisconnectVoice(LobbyId lobbyId, std::function<void(Result)> callback);
      |                          ^~~~~~~
source/discord/lobby_manager.h:57:27: error: ‘LobbyId’ has not been declared
   57 |     Result ConnectNetwork(LobbyId lobbyId);
      |                           ^~~~~~~
source/discord/lobby_manager.h:58:30: error: ‘LobbyId’ has not been declared
   58 |     Result DisconnectNetwork(LobbyId lobbyId);
      |                              ^~~~~~~
source/discord/lobby_manager.h:60:31: error: ‘LobbyId’ has not been declared
   60 |     Result OpenNetworkChannel(LobbyId lobbyId, std::uint8_t channelId, bool reliable);
      |                               ^~~~~~~
source/discord/lobby_manager.h:60:48: error: ‘std::uint8_t’ has not been declared
   60 |     Result OpenNetworkChannel(LobbyId lobbyId, std::uint8_t channelId, bool reliable);
      |                                                ^~~
source/discord/lobby_manager.h:61:31: error: ‘LobbyId’ has not been declared
   61 |     Result SendNetworkMessage(LobbyId lobbyId,
      |                               ^~~~~~~
source/discord/lobby_manager.h:62:31: error: ‘UserId’ has not been declared
   62 |                               UserId userId,
      |                               ^~~~~~
source/discord/lobby_manager.h:63:31: error: ‘std::uint8_t’ has not been declared
   63 |                               std::uint8_t channelId,
      |                               ^~~
source/discord/lobby_manager.h:64:31: error: ‘std::uint8_t’ has not been declared
   64 |                               std::uint8_t* data,
      |                               ^~~
source/discord/lobby_manager.h:65:31: error: ‘std::uint32_t’ has not been declared
   65 |                               std::uint32_t dataLength);
      |                               ^~~
source/discord/lobby_manager.h:67:16: error: ‘int64_t’ is not a member of ‘std’; did you mean ‘int64_t’?
   67 |     Event<std::int64_t> OnLobbyUpdate;
      |                ^~~~~~~
In file included from /usr/include/stdint.h:34,
                 from /usr/lib/gcc/x86_64-linux-gnu/11/include/stdint.h:9,
                 from source/discord/ffi.h:9,
                 from source/discord/types.h:4,
                 from source/discord/network_manager.h:4,
                 from source/discord/network_manager.cpp:6:
/usr/include/x86_64-linux-gnu/bits/stdint-intn.h:27:19: note: ‘int64_t’ declared here
   27 | typedef __int64_t int64_t;
      |                   ^~~~~~~
In file included from source/discord/core.h:10,
                 from source/discord/network_manager.cpp:8:
source/discord/lobby_manager.h:67:23: error: template argument 1 is invalid
   67 |     Event<std::int64_t> OnLobbyUpdate;
      |                       ^
source/discord/lobby_manager.h:68:16: error: ‘int64_t’ is not a member of ‘std’; did you mean ‘int64_t’?
   68 |     Event<std::int64_t, std::uint32_t> OnLobbyDelete;
      |                ^~~~~~~
In file included from /usr/include/stdint.h:34,
                 from /usr/lib/gcc/x86_64-linux-gnu/11/include/stdint.h:9,
                 from source/discord/ffi.h:9,
                 from source/discord/types.h:4,
                 from source/discord/network_manager.h:4,
                 from source/discord/network_manager.cpp:6:
/usr/include/x86_64-linux-gnu/bits/stdint-intn.h:27:19: note: ‘int64_t’ declared here
   27 | typedef __int64_t int64_t;
      |                   ^~~~~~~
In file included from source/discord/core.h:10,
                 from source/discord/network_manager.cpp:8:
source/discord/lobby_manager.h:68:30: error: ‘uint32_t’ is not a member of ‘std’; did you mean ‘uint32_t’?
   68 |     Event<std::int64_t, std::uint32_t> OnLobbyDelete;
      |                              ^~~~~~~~
In file included from /usr/include/stdint.h:37,
                 from /usr/lib/gcc/x86_64-linux-gnu/11/include/stdint.h:9,
                 from source/discord/ffi.h:9,
                 from source/discord/types.h:4,
                 from source/discord/network_manager.h:4,
                 from source/discord/network_manager.cpp:6:
/usr/include/x86_64-linux-gnu/bits/stdint-uintn.h:26:20: note: ‘uint32_t’ declared here
   26 | typedef __uint32_t uint32_t;
      |                    ^~~~~~~~
In file included from source/discord/core.h:10,
                 from source/discord/network_manager.cpp:8:
source/discord/lobby_manager.h:68:38: error: template argument 1 is invalid
   68 |     Event<std::int64_t, std::uint32_t> OnLobbyDelete;
      |                                      ^
source/discord/lobby_manager.h:68:38: error: template argument 2 is invalid
source/discord/lobby_manager.h:69:16: error: ‘int64_t’ is not a member of ‘std’; did you mean ‘int64_t’?
   69 |     Event<std::int64_t, std::int64_t> OnMemberConnect;
      |                ^~~~~~~
In file included from /usr/include/stdint.h:34,
                 from /usr/lib/gcc/x86_64-linux-gnu/11/include/stdint.h:9,
                 from source/discord/ffi.h:9,
                 from source/discord/types.h:4,
                 from source/discord/network_manager.h:4,
                 from source/discord/network_manager.cpp:6:
/usr/include/x86_64-linux-gnu/bits/stdint-intn.h:27:19: note: ‘int64_t’ declared here
   27 | typedef __int64_t int64_t;
      |                   ^~~~~~~
In file included from source/discord/core.h:10,
                 from source/discord/network_manager.cpp:8:
source/discord/lobby_manager.h:69:30: error: ‘int64_t’ is not a member of ‘std’; did you mean ‘int64_t’?
   69 |     Event<std::int64_t, std::int64_t> OnMemberConnect;
      |                              ^~~~~~~
In file included from /usr/include/stdint.h:34,
                 from /usr/lib/gcc/x86_64-linux-gnu/11/include/stdint.h:9,
                 from source/discord/ffi.h:9,
                 from source/discord/types.h:4,
                 from source/discord/network_manager.h:4,
                 from source/discord/network_manager.cpp:6:
/usr/include/x86_64-linux-gnu/bits/stdint-intn.h:27:19: note: ‘int64_t’ declared here
   27 | typedef __int64_t int64_t;
      |                   ^~~~~~~
In file included from source/discord/core.h:10,
                 from source/discord/network_manager.cpp:8:
source/discord/lobby_manager.h:69:37: error: template argument 1 is invalid
   69 |     Event<std::int64_t, std::int64_t> OnMemberConnect;
      |                                     ^
source/discord/lobby_manager.h:69:37: error: template argument 2 is invalid
source/discord/lobby_manager.h:70:16: error: ‘int64_t’ is not a member of ‘std’; did you mean ‘int64_t’?
   70 |     Event<std::int64_t, std::int64_t> OnMemberUpdate;
      |                ^~~~~~~
In file included from /usr/include/stdint.h:34,
                 from /usr/lib/gcc/x86_64-linux-gnu/11/include/stdint.h:9,
                 from source/discord/ffi.h:9,
                 from source/discord/types.h:4,
                 from source/discord/network_manager.h:4,
                 from source/discord/network_manager.cpp:6:
/usr/include/x86_64-linux-gnu/bits/stdint-intn.h:27:19: note: ‘int64_t’ declared here
   27 | typedef __int64_t int64_t;
      |                   ^~~~~~~
In file included from source/discord/core.h:10,
                 from source/discord/network_manager.cpp:8:
source/discord/lobby_manager.h:70:30: error: ‘int64_t’ is not a member of ‘std’; did you mean ‘int64_t’?
   70 |     Event<std::int64_t, std::int64_t> OnMemberUpdate;
      |                              ^~~~~~~
In file included from /usr/include/stdint.h:34,
                 from /usr/lib/gcc/x86_64-linux-gnu/11/include/stdint.h:9,
                 from source/discord/ffi.h:9,
                 from source/discord/types.h:4,
                 from source/discord/network_manager.h:4,
                 from source/discord/network_manager.cpp:6:
/usr/include/x86_64-linux-gnu/bits/stdint-intn.h:27:19: note: ‘int64_t’ declared here
   27 | typedef __int64_t int64_t;
      |                   ^~~~~~~
In file included from source/discord/core.h:10,
                 from source/discord/network_manager.cpp:8:
source/discord/lobby_manager.h:70:37: error: template argument 1 is invalid
   70 |     Event<std::int64_t, std::int64_t> OnMemberUpdate;
      |                                     ^
source/discord/lobby_manager.h:70:37: error: template argument 2 is invalid
source/discord/lobby_manager.h:71:16: error: ‘int64_t’ is not a member of ‘std’; did you mean ‘int64_t’?
   71 |     Event<std::int64_t, std::int64_t> OnMemberDisconnect;
      |                ^~~~~~~
In file included from /usr/include/stdint.h:34,
                 from /usr/lib/gcc/x86_64-linux-gnu/11/include/stdint.h:9,
                 from source/discord/ffi.h:9,
                 from source/discord/types.h:4,
                 from source/discord/network_manager.h:4,
                 from source/discord/network_manager.cpp:6:
/usr/include/x86_64-linux-gnu/bits/stdint-intn.h:27:19: note: ‘int64_t’ declared here
   27 | typedef __int64_t int64_t;
      |                   ^~~~~~~
In file included from source/discord/core.h:10,
                 from source/discord/network_manager.cpp:8:
source/discord/lobby_manager.h:71:30: error: ‘int64_t’ is not a member of ‘std’; did you mean ‘int64_t’?
   71 |     Event<std::int64_t, std::int64_t> OnMemberDisconnect;
      |                              ^~~~~~~
In file included from /usr/include/stdint.h:34,
                 from /usr/lib/gcc/x86_64-linux-gnu/11/include/stdint.h:9,
                 from source/discord/ffi.h:9,
                 from source/discord/types.h:4,
                 from source/discord/network_manager.h:4,
                 from source/discord/network_manager.cpp:6:
/usr/include/x86_64-linux-gnu/bits/stdint-intn.h:27:19: note: ‘int64_t’ declared here
   27 | typedef __int64_t int64_t;
      |                   ^~~~~~~
In file included from source/discord/core.h:10,
                 from source/discord/network_manager.cpp:8:
source/discord/lobby_manager.h:71:37: error: template argument 1 is invalid
   71 |     Event<std::int64_t, std::int64_t> OnMemberDisconnect;
      |                                     ^
source/discord/lobby_manager.h:71:37: error: template argument 2 is invalid
source/discord/lobby_manager.h:72:16: error: ‘int64_t’ is not a member of ‘std’; did you mean ‘int64_t’?
   72 |     Event<std::int64_t, std::int64_t, std::uint8_t*, std::uint32_t> OnLobbyMessage;
      |                ^~~~~~~
In file included from /usr/include/stdint.h:34,
                 from /usr/lib/gcc/x86_64-linux-gnu/11/include/stdint.h:9,
                 from source/discord/ffi.h:9,
                 from source/discord/types.h:4,
                 from source/discord/network_manager.h:4,
                 from source/discord/network_manager.cpp:6:
/usr/include/x86_64-linux-gnu/bits/stdint-intn.h:27:19: note: ‘int64_t’ declared here
   27 | typedef __int64_t int64_t;
      |                   ^~~~~~~
In file included from source/discord/core.h:10,
                 from source/discord/network_manager.cpp:8:
source/discord/lobby_manager.h:72:30: error: ‘int64_t’ is not a member of ‘std’; did you mean ‘int64_t’?
   72 |     Event<std::int64_t, std::int64_t, std::uint8_t*, std::uint32_t> OnLobbyMessage;
      |                              ^~~~~~~
In file included from /usr/include/stdint.h:34,
                 from /usr/lib/gcc/x86_64-linux-gnu/11/include/stdint.h:9,
                 from source/discord/ffi.h:9,
                 from source/discord/types.h:4,
                 from source/discord/network_manager.h:4,
                 from source/discord/network_manager.cpp:6:
/usr/include/x86_64-linux-gnu/bits/stdint-intn.h:27:19: note: ‘int64_t’ declared here
   27 | typedef __int64_t int64_t;
      |                   ^~~~~~~
In file included from source/discord/core.h:10,
                 from source/discord/network_manager.cpp:8:
source/discord/lobby_manager.h:72:44: error: ‘uint8_t’ is not a member of ‘std’; did you mean ‘uint8_t’?
   72 |     Event<std::int64_t, std::int64_t, std::uint8_t*, std::uint32_t> OnLobbyMessage;
      |                                            ^~~~~~~
In file included from /usr/include/stdint.h:37,
                 from /usr/lib/gcc/x86_64-linux-gnu/11/include/stdint.h:9,
                 from source/discord/ffi.h:9,
                 from source/discord/types.h:4,
                 from source/discord/network_manager.h:4,
                 from source/discord/network_manager.cpp:6:
/usr/include/x86_64-linux-gnu/bits/stdint-uintn.h:24:19: note: ‘uint8_t’ declared here
   24 | typedef __uint8_t uint8_t;
      |                   ^~~~~~~
In file included from source/discord/core.h:10,
                 from source/discord/network_manager.cpp:8:
source/discord/lobby_manager.h:72:59: error: ‘uint32_t’ is not a member of ‘std’; did you mean ‘uint32_t’?
   72 |     Event<std::int64_t, std::int64_t, std::uint8_t*, std::uint32_t> OnLobbyMessage;
      |                                                           ^~~~~~~~
In file included from /usr/include/stdint.h:37,
                 from /usr/lib/gcc/x86_64-linux-gnu/11/include/stdint.h:9,
                 from source/discord/ffi.h:9,
                 from source/discord/types.h:4,
                 from source/discord/network_manager.h:4,
                 from source/discord/network_manager.cpp:6:
/usr/include/x86_64-linux-gnu/bits/stdint-uintn.h:26:20: note: ‘uint32_t’ declared here
   26 | typedef __uint32_t uint32_t;
      |                    ^~~~~~~~
In file included from source/discord/core.h:10,
                 from source/discord/network_manager.cpp:8:
source/discord/lobby_manager.h:72:67: error: template argument 1 is invalid
   72 |     Event<std::int64_t, std::int64_t, std::uint8_t*, std::uint32_t> OnLobbyMessage;
      |                                                                   ^
source/discord/lobby_manager.h:72:67: error: template argument 2 is invalid
source/discord/lobby_manager.h:72:67: error: template argument 3 is invalid
source/discord/lobby_manager.h:72:67: error: template argument 4 is invalid
source/discord/lobby_manager.h:73:16: error: ‘int64_t’ is not a member of ‘std’; did you mean ‘int64_t’?
   73 |     Event<std::int64_t, std::int64_t, bool> OnSpeaking;
      |                ^~~~~~~
In file included from /usr/include/stdint.h:34,
                 from /usr/lib/gcc/x86_64-linux-gnu/11/include/stdint.h:9,
                 from source/discord/ffi.h:9,
                 from source/discord/types.h:4,
                 from source/discord/network_manager.h:4,
                 from source/discord/network_manager.cpp:6:
/usr/include/x86_64-linux-gnu/bits/stdint-intn.h:27:19: note: ‘int64_t’ declared here
   27 | typedef __int64_t int64_t;
      |                   ^~~~~~~
In file included from source/discord/core.h:10,
                 from source/discord/network_manager.cpp:8:
source/discord/lobby_manager.h:73:30: error: ‘int64_t’ is not a member of ‘std’; did you mean ‘int64_t’?
   73 |     Event<std::int64_t, std::int64_t, bool> OnSpeaking;
      |                              ^~~~~~~
In file included from /usr/include/stdint.h:34,
                 from /usr/lib/gcc/x86_64-linux-gnu/11/include/stdint.h:9,
                 from source/discord/ffi.h:9,
                 from source/discord/types.h:4,
                 from source/discord/network_manager.h:4,
                 from source/discord/network_manager.cpp:6:
/usr/include/x86_64-linux-gnu/bits/stdint-intn.h:27:19: note: ‘int64_t’ declared here
   27 | typedef __int64_t int64_t;
      |                   ^~~~~~~
In file included from source/discord/core.h:10,
                 from source/discord/network_manager.cpp:8:
source/discord/lobby_manager.h:73:43: error: template argument 1 is invalid
   73 |     Event<std::int64_t, std::int64_t, bool> OnSpeaking;
      |                                           ^
source/discord/lobby_manager.h:73:43: error: template argument 2 is invalid
source/discord/lobby_manager.h:74:16: error: ‘int64_t’ is not a member of ‘std’; did you mean ‘int64_t’?
   74 |     Event<std::int64_t, std::int64_t, std::uint8_t, std::uint8_t*, std::uint32_t> OnNetworkMessage;
      |                ^~~~~~~
In file included from /usr/include/stdint.h:34,
                 from /usr/lib/gcc/x86_64-linux-gnu/11/include/stdint.h:9,
                 from source/discord/ffi.h:9,
                 from source/discord/types.h:4,
                 from source/discord/network_manager.h:4,
                 from source/discord/network_manager.cpp:6:
/usr/include/x86_64-linux-gnu/bits/stdint-intn.h:27:19: note: ‘int64_t’ declared here
   27 | typedef __int64_t int64_t;
      |                   ^~~~~~~
In file included from source/discord/core.h:10,
                 from source/discord/network_manager.cpp:8:
source/discord/lobby_manager.h:74:30: error: ‘int64_t’ is not a member of ‘std’; did you mean ‘int64_t’?
   74 |     Event<std::int64_t, std::int64_t, std::uint8_t, std::uint8_t*, std::uint32_t> OnNetworkMessage;
      |                              ^~~~~~~
In file included from /usr/include/stdint.h:34,
                 from /usr/lib/gcc/x86_64-linux-gnu/11/include/stdint.h:9,
                 from source/discord/ffi.h:9,
                 from source/discord/types.h:4,
                 from source/discord/network_manager.h:4,
                 from source/discord/network_manager.cpp:6:
/usr/include/x86_64-linux-gnu/bits/stdint-intn.h:27:19: note: ‘int64_t’ declared here
   27 | typedef __int64_t int64_t;
      |                   ^~~~~~~
In file included from source/discord/core.h:10,
                 from source/discord/network_manager.cpp:8:
source/discord/lobby_manager.h:74:44: error: ‘uint8_t’ is not a member of ‘std’; did you mean ‘uint8_t’?
   74 |     Event<std::int64_t, std::int64_t, std::uint8_t, std::uint8_t*, std::uint32_t> OnNetworkMessage;
      |                                            ^~~~~~~
In file included from /usr/include/stdint.h:37,
                 from /usr/lib/gcc/x86_64-linux-gnu/11/include/stdint.h:9,
                 from source/discord/ffi.h:9,
                 from source/discord/types.h:4,
                 from source/discord/network_manager.h:4,
                 from source/discord/network_manager.cpp:6:
/usr/include/x86_64-linux-gnu/bits/stdint-uintn.h:24:19: note: ‘uint8_t’ declared here
   24 | typedef __uint8_t uint8_t;
      |                   ^~~~~~~
In file included from source/discord/core.h:10,
                 from source/discord/network_manager.cpp:8:
source/discord/lobby_manager.h:74:58: error: ‘uint8_t’ is not a member of ‘std’; did you mean ‘uint8_t’?
   74 |     Event<std::int64_t, std::int64_t, std::uint8_t, std::uint8_t*, std::uint32_t> OnNetworkMessage;
      |                                                          ^~~~~~~
In file included from /usr/include/stdint.h:37,
                 from /usr/lib/gcc/x86_64-linux-gnu/11/include/stdint.h:9,
                 from source/discord/ffi.h:9,
                 from source/discord/types.h:4,
                 from source/discord/network_manager.h:4,
                 from source/discord/network_manager.cpp:6:
/usr/include/x86_64-linux-gnu/bits/stdint-uintn.h:24:19: note: ‘uint8_t’ declared here
   24 | typedef __uint8_t uint8_t;
      |                   ^~~~~~~
In file included from source/discord/core.h:10,
                 from source/discord/network_manager.cpp:8:
source/discord/lobby_manager.h:74:73: error: ‘uint32_t’ is not a member of ‘std’; did you mean ‘uint32_t’?
   74 |     Event<std::int64_t, std::int64_t, std::uint8_t, std::uint8_t*, std::uint32_t> OnNetworkMessage;
      |                                                                         ^~~~~~~~
In file included from /usr/include/stdint.h:37,
                 from /usr/lib/gcc/x86_64-linux-gnu/11/include/stdint.h:9,
                 from source/discord/ffi.h:9,
                 from source/discord/types.h:4,
                 from source/discord/network_manager.h:4,
                 from source/discord/network_manager.cpp:6:
/usr/include/x86_64-linux-gnu/bits/stdint-uintn.h:26:20: note: ‘uint32_t’ declared here
   26 | typedef __uint32_t uint32_t;
      |                    ^~~~~~~~
In file included from source/discord/core.h:10,
                 from source/discord/network_manager.cpp:8:
source/discord/lobby_manager.h:74:81: error: template argument 1 is invalid
   74 |     Event<std::int64_t, std::int64_t, std::uint8_t, std::uint8_t*, std::uint32_t> OnNetworkMessage;
      |                                                                                 ^
source/discord/lobby_manager.h:74:81: error: template argument 2 is invalid
source/discord/lobby_manager.h:74:81: error: template argument 3 is invalid
source/discord/lobby_manager.h:74:81: error: template argument 4 is invalid
source/discord/lobby_manager.h:74:81: error: template argument 5 is invalid
In file included from source/discord/core.h:13,
                 from source/discord/network_manager.cpp:8:
source/discord/storage_manager.h:13:17: error: ‘std::uint8_t’ has not been declared
   13 |                 std::uint8_t* data,
      |                 ^~~
source/discord/storage_manager.h:14:17: error: ‘std::uint32_t’ has not been declared
   14 |                 std::uint32_t dataLength,
      |                 ^~~
source/discord/storage_manager.h:15:17: error: ‘std::uint32_t’ has not been declared
   15 |                 std::uint32_t* read);
      |                 ^~~
source/discord/storage_manager.h:17:52: error: ‘uint8_t’ is not a member of ‘std’; did you mean ‘uint8_t’?
   17 |                    std::function<void(Result, std::uint8_t*, std::uint32_t)> callback);
      |                                                    ^~~~~~~
In file included from /usr/include/stdint.h:37,
                 from /usr/lib/gcc/x86_64-linux-gnu/11/include/stdint.h:9,
                 from source/discord/ffi.h:9,
                 from source/discord/types.h:4,
                 from source/discord/network_manager.h:4,
                 from source/discord/network_manager.cpp:6:
/usr/include/x86_64-linux-gnu/bits/stdint-uintn.h:24:19: note: ‘uint8_t’ declared here
   24 | typedef __uint8_t uint8_t;
      |                   ^~~~~~~
In file included from source/discord/core.h:13,
                 from source/discord/network_manager.cpp:8:
source/discord/storage_manager.h:17:67: error: ‘uint32_t’ is not a member of ‘std’; did you mean ‘uint32_t’?
   17 |                    std::function<void(Result, std::uint8_t*, std::uint32_t)> callback);
      |                                                                   ^~~~~~~~
In file included from /usr/include/stdint.h:37,
                 from /usr/lib/gcc/x86_64-linux-gnu/11/include/stdint.h:9,
                 from source/discord/ffi.h:9,
                 from source/discord/types.h:4,
                 from source/discord/network_manager.h:4,
                 from source/discord/network_manager.cpp:6:
/usr/include/x86_64-linux-gnu/bits/stdint-uintn.h:26:20: note: ‘uint32_t’ declared here
   26 | typedef __uint32_t uint32_t;
      |                    ^~~~~~~~
In file included from source/discord/core.h:13,
                 from source/discord/network_manager.cpp:8:
source/discord/storage_manager.h:17:75: error: expression list treated as compound expression in functional cast [-fpermissive]
   17 |                    std::function<void(Result, std::uint8_t*, std::uint32_t)> callback);
      |                                                                           ^
source/discord/storage_manager.h:17:76: error: template argument 1 is invalid
   17 |                    std::function<void(Result, std::uint8_t*, std::uint32_t)> callback);
      |                                                                            ^
source/discord/storage_manager.h:17:52: error: ‘uint8_t’ is not a member of ‘std’; did you mean ‘uint8_t’?
   17 |                    std::function<void(Result, std::uint8_t*, std::uint32_t)> callback);
      |                                                    ^~~~~~~
In file included from /usr/include/stdint.h:37,
                 from /usr/lib/gcc/x86_64-linux-gnu/11/include/stdint.h:9,
                 from source/discord/ffi.h:9,
                 from source/discord/types.h:4,
                 from source/discord/network_manager.h:4,
                 from source/discord/network_manager.cpp:6:
/usr/include/x86_64-linux-gnu/bits/stdint-uintn.h:24:19: note: ‘uint8_t’ declared here
   24 | typedef __uint8_t uint8_t;
      |                   ^~~~~~~
In file included from source/discord/core.h:13,
                 from source/discord/network_manager.cpp:8:
source/discord/storage_manager.h:17:67: error: ‘uint32_t’ is not a member of ‘std’; did you mean ‘uint32_t’?
   17 |                    std::function<void(Result, std::uint8_t*, std::uint32_t)> callback);
      |                                                                   ^~~~~~~~
In file included from /usr/include/stdint.h:37,
                 from /usr/lib/gcc/x86_64-linux-gnu/11/include/stdint.h:9,
                 from source/discord/ffi.h:9,
                 from source/discord/types.h:4,
                 from source/discord/network_manager.h:4,
                 from source/discord/network_manager.cpp:6:
/usr/include/x86_64-linux-gnu/bits/stdint-uintn.h:26:20: note: ‘uint32_t’ declared here
   26 | typedef __uint32_t uint32_t;
      |                    ^~~~~~~~
In file included from source/discord/core.h:13,
                 from source/discord/network_manager.cpp:8:
source/discord/storage_manager.h:17:75: error: expression list treated as compound expression in functional cast [-fpermissive]
   17 |                    std::function<void(Result, std::uint8_t*, std::uint32_t)> callback);
      |                                                                           ^
source/discord/storage_manager.h:17:76: error: template argument 1 is invalid
   17 |                    std::function<void(Result, std::uint8_t*, std::uint32_t)> callback);
      |                                                                            ^
source/discord/storage_manager.h:17:52: error: ‘uint8_t’ is not a member of ‘std’; did you mean ‘uint8_t’?
   17 |                    std::function<void(Result, std::uint8_t*, std::uint32_t)> callback);
      |                                                    ^~~~~~~
In file included from /usr/include/stdint.h:37,
                 from /usr/lib/gcc/x86_64-linux-gnu/11/include/stdint.h:9,
                 from source/discord/ffi.h:9,
                 from source/discord/types.h:4,
                 from source/discord/network_manager.h:4,
                 from source/discord/network_manager.cpp:6:
/usr/include/x86_64-linux-gnu/bits/stdint-uintn.h:24:19: note: ‘uint8_t’ declared here
   24 | typedef __uint8_t uint8_t;
      |                   ^~~~~~~
In file included from source/discord/core.h:13,
                 from source/discord/network_manager.cpp:8:
source/discord/storage_manager.h:17:67: error: ‘uint32_t’ is not a member of ‘std’; did you mean ‘uint32_t’?
   17 |                    std::function<void(Result, std::uint8_t*, std::uint32_t)> callback);
      |                                                                   ^~~~~~~~
In file included from /usr/include/stdint.h:37,
                 from /usr/lib/gcc/x86_64-linux-gnu/11/include/stdint.h:9,
                 from source/discord/ffi.h:9,
                 from source/discord/types.h:4,
                 from source/discord/network_manager.h:4,
                 from source/discord/network_manager.cpp:6:
/usr/include/x86_64-linux-gnu/bits/stdint-uintn.h:26:20: note: ‘uint32_t’ declared here
   26 | typedef __uint32_t uint32_t;
      |                    ^~~~~~~~
In file included from source/discord/core.h:13,
                 from source/discord/network_manager.cpp:8:
source/discord/storage_manager.h:17:75: error: expression list treated as compound expression in functional cast [-fpermissive]
   17 |                    std::function<void(Result, std::uint8_t*, std::uint32_t)> callback);
      |                                                                           ^
source/discord/storage_manager.h:17:76: error: template argument 1 is invalid
   17 |                    std::function<void(Result, std::uint8_t*, std::uint32_t)> callback);
      |                                                                            ^
source/discord/storage_manager.h:17:20: error: invalid template-id
   17 |                    std::function<void(Result, std::uint8_t*, std::uint32_t)> callback);
      |                    ^~~
source/discord/storage_manager.h:17:52: error: ‘uint8_t’ is not a member of ‘std’; did you mean ‘uint8_t’?
   17 |                    std::function<void(Result, std::uint8_t*, std::uint32_t)> callback);
      |                                                    ^~~~~~~
In file included from /usr/include/stdint.h:37,
                 from /usr/lib/gcc/x86_64-linux-gnu/11/include/stdint.h:9,
                 from source/discord/ffi.h:9,
                 from source/discord/types.h:4,
                 from source/discord/network_manager.h:4,
                 from source/discord/network_manager.cpp:6:
/usr/include/x86_64-linux-gnu/bits/stdint-uintn.h:24:19: note: ‘uint8_t’ declared here
   24 | typedef __uint8_t uint8_t;
      |                   ^~~~~~~
In file included from source/discord/core.h:13,
                 from source/discord/network_manager.cpp:8:
source/discord/storage_manager.h:17:67: error: ‘uint32_t’ is not a member of ‘std’; did you mean ‘uint32_t’?
   17 |                    std::function<void(Result, std::uint8_t*, std::uint32_t)> callback);
      |                                                                   ^~~~~~~~
In file included from /usr/include/stdint.h:37,
                 from /usr/lib/gcc/x86_64-linux-gnu/11/include/stdint.h:9,
                 from source/discord/ffi.h:9,
                 from source/discord/types.h:4,
                 from source/discord/network_manager.h:4,
                 from source/discord/network_manager.cpp:6:
/usr/include/x86_64-linux-gnu/bits/stdint-uintn.h:26:20: note: ‘uint32_t’ declared here
   26 | typedef __uint32_t uint32_t;
      |                    ^~~~~~~~
In file included from source/discord/core.h:13,
                 from source/discord/network_manager.cpp:8:
source/discord/storage_manager.h:17:75: error: expression list treated as compound expression in functional cast [-fpermissive]
   17 |                    std::function<void(Result, std::uint8_t*, std::uint32_t)> callback);
      |                                                                           ^
source/discord/storage_manager.h:17:34: error: expected primary-expression before ‘void’
   17 |                    std::function<void(Result, std::uint8_t*, std::uint32_t)> callback);
      |                                  ^~~~
source/discord/storage_manager.h:17:34: error: expected ‘>’ before ‘void’
source/discord/storage_manager.h:17:20: error: class template placeholder ‘std::function’ not permitted in this context
   17 |                    std::function<void(Result, std::uint8_t*, std::uint32_t)> callback);
      |                    ^~~
source/discord/storage_manager.h:19:27: error: ‘std::uint64_t’ has not been declared
   19 |                           std::uint64_t offset,
      |                           ^~~
source/discord/storage_manager.h:20:27: error: ‘std::uint64_t’ has not been declared
   20 |                           std::uint64_t length,
      |                           ^~~
source/discord/storage_manager.h:21:59: error: ‘uint8_t’ is not a member of ‘std’; did you mean ‘uint8_t’?
   21 |                           std::function<void(Result, std::uint8_t*, std::uint32_t)> callback);
      |                                                           ^~~~~~~
In file included from /usr/include/stdint.h:37,
                 from /usr/lib/gcc/x86_64-linux-gnu/11/include/stdint.h:9,
                 from source/discord/ffi.h:9,
                 from source/discord/types.h:4,
                 from source/discord/network_manager.h:4,
                 from source/discord/network_manager.cpp:6:
/usr/include/x86_64-linux-gnu/bits/stdint-uintn.h:24:19: note: ‘uint8_t’ declared here
   24 | typedef __uint8_t uint8_t;
      |                   ^~~~~~~
In file included from source/discord/core.h:13,
                 from source/discord/network_manager.cpp:8:
source/discord/storage_manager.h:21:74: error: ‘uint32_t’ is not a member of ‘std’; did you mean ‘uint32_t’?
   21 |                           std::function<void(Result, std::uint8_t*, std::uint32_t)> callback);
      |                                                                          ^~~~~~~~
In file included from /usr/include/stdint.h:37,
                 from /usr/lib/gcc/x86_64-linux-gnu/11/include/stdint.h:9,
                 from source/discord/ffi.h:9,
                 from source/discord/types.h:4,
                 from source/discord/network_manager.h:4,
                 from source/discord/network_manager.cpp:6:
/usr/include/x86_64-linux-gnu/bits/stdint-uintn.h:26:20: note: ‘uint32_t’ declared here
   26 | typedef __uint32_t uint32_t;
      |                    ^~~~~~~~
In file included from source/discord/core.h:13,
                 from source/discord/network_manager.cpp:8:
source/discord/storage_manager.h:21:82: error: expression list treated as compound expression in functional cast [-fpermissive]
   21 |                           std::function<void(Result, std::uint8_t*, std::uint32_t)> callback);
      |                                                                                  ^
source/discord/storage_manager.h:21:83: error: template argument 1 is invalid
   21 |                           std::function<void(Result, std::uint8_t*, std::uint32_t)> callback);
      |                                                                                   ^
source/discord/storage_manager.h:21:59: error: ‘uint8_t’ is not a member of ‘std’; did you mean ‘uint8_t’?
   21 |                           std::function<void(Result, std::uint8_t*, std::uint32_t)> callback);
      |                                                           ^~~~~~~
In file included from /usr/include/stdint.h:37,
                 from /usr/lib/gcc/x86_64-linux-gnu/11/include/stdint.h:9,
                 from source/discord/ffi.h:9,
                 from source/discord/types.h:4,
                 from source/discord/network_manager.h:4,
                 from source/discord/network_manager.cpp:6:
/usr/include/x86_64-linux-gnu/bits/stdint-uintn.h:24:19: note: ‘uint8_t’ declared here
   24 | typedef __uint8_t uint8_t;
      |                   ^~~~~~~
In file included from source/discord/core.h:13,
                 from source/discord/network_manager.cpp:8:
source/discord/storage_manager.h:21:74: error: ‘uint32_t’ is not a member of ‘std’; did you mean ‘uint32_t’?
   21 |                           std::function<void(Result, std::uint8_t*, std::uint32_t)> callback);
      |                                                                          ^~~~~~~~
In file included from /usr/include/stdint.h:37,
                 from /usr/lib/gcc/x86_64-linux-gnu/11/include/stdint.h:9,
                 from source/discord/ffi.h:9,
                 from source/discord/types.h:4,
                 from source/discord/network_manager.h:4,
                 from source/discord/network_manager.cpp:6:
/usr/include/x86_64-linux-gnu/bits/stdint-uintn.h:26:20: note: ‘uint32_t’ declared here
   26 | typedef __uint32_t uint32_t;
      |                    ^~~~~~~~
In file included from source/discord/core.h:13,
                 from source/discord/network_manager.cpp:8:
source/discord/storage_manager.h:21:82: error: expression list treated as compound expression in functional cast [-fpermissive]
   21 |                           std::function<void(Result, std::uint8_t*, std::uint32_t)> callback);
      |                                                                                  ^
source/discord/storage_manager.h:21:83: error: template argument 1 is invalid
   21 |                           std::function<void(Result, std::uint8_t*, std::uint32_t)> callback);
      |                                                                                   ^
source/discord/storage_manager.h:21:59: error: ‘uint8_t’ is not a member of ‘std’; did you mean ‘uint8_t’?
   21 |                           std::function<void(Result, std::uint8_t*, std::uint32_t)> callback);
      |                                                           ^~~~~~~
In file included from /usr/include/stdint.h:37,
                 from /usr/lib/gcc/x86_64-linux-gnu/11/include/stdint.h:9,
                 from source/discord/ffi.h:9,
                 from source/discord/types.h:4,
                 from source/discord/network_manager.h:4,
                 from source/discord/network_manager.cpp:6:
/usr/include/x86_64-linux-gnu/bits/stdint-uintn.h:24:19: note: ‘uint8_t’ declared here
   24 | typedef __uint8_t uint8_t;
      |                   ^~~~~~~
In file included from source/discord/core.h:13,
                 from source/discord/network_manager.cpp:8:
source/discord/storage_manager.h:21:74: error: ‘uint32_t’ is not a member of ‘std’; did you mean ‘uint32_t’?
   21 |                           std::function<void(Result, std::uint8_t*, std::uint32_t)> callback);
      |                                                                          ^~~~~~~~
In file included from /usr/include/stdint.h:37,
                 from /usr/lib/gcc/x86_64-linux-gnu/11/include/stdint.h:9,
                 from source/discord/ffi.h:9,
                 from source/discord/types.h:4,
                 from source/discord/network_manager.h:4,
                 from source/discord/network_manager.cpp:6:
/usr/include/x86_64-linux-gnu/bits/stdint-uintn.h:26:20: note: ‘uint32_t’ declared here
   26 | typedef __uint32_t uint32_t;
      |                    ^~~~~~~~
In file included from source/discord/core.h:13,
                 from source/discord/network_manager.cpp:8:
source/discord/storage_manager.h:21:82: error: expression list treated as compound expression in functional cast [-fpermissive]
   21 |                           std::function<void(Result, std::uint8_t*, std::uint32_t)> callback);
      |                                                                                  ^
source/discord/storage_manager.h:21:83: error: template argument 1 is invalid
   21 |                           std::function<void(Result, std::uint8_t*, std::uint32_t)> callback);
      |                                                                                   ^
source/discord/storage_manager.h:21:27: error: invalid template-id
   21 |                           std::function<void(Result, std::uint8_t*, std::uint32_t)> callback);
      |                           ^~~
source/discord/storage_manager.h:21:59: error: ‘uint8_t’ is not a member of ‘std’; did you mean ‘uint8_t’?
   21 |                           std::function<void(Result, std::uint8_t*, std::uint32_t)> callback);
      |                                                           ^~~~~~~
In file included from /usr/include/stdint.h:37,
                 from /usr/lib/gcc/x86_64-linux-gnu/11/include/stdint.h:9,
                 from source/discord/ffi.h:9,
                 from source/discord/types.h:4,
                 from source/discord/network_manager.h:4,
                 from source/discord/network_manager.cpp:6:
/usr/include/x86_64-linux-gnu/bits/stdint-uintn.h:24:19: note: ‘uint8_t’ declared here
   24 | typedef __uint8_t uint8_t;
      |                   ^~~~~~~
In file included from source/discord/core.h:13,
                 from source/discord/network_manager.cpp:8:
source/discord/storage_manager.h:21:74: error: ‘uint32_t’ is not a member of ‘std’; did you mean ‘uint32_t’?
   21 |                           std::function<void(Result, std::uint8_t*, std::uint32_t)> callback);
      |                                                                          ^~~~~~~~
In file included from /usr/include/stdint.h:37,
                 from /usr/lib/gcc/x86_64-linux-gnu/11/include/stdint.h:9,
                 from source/discord/ffi.h:9,
                 from source/discord/types.h:4,
                 from source/discord/network_manager.h:4,
                 from source/discord/network_manager.cpp:6:
/usr/include/x86_64-linux-gnu/bits/stdint-uintn.h:26:20: note: ‘uint32_t’ declared here
   26 | typedef __uint32_t uint32_t;
      |                    ^~~~~~~~
In file included from source/discord/core.h:13,
                 from source/discord/network_manager.cpp:8:
source/discord/storage_manager.h:21:82: error: expression list treated as compound expression in functional cast [-fpermissive]
   21 |                           std::function<void(Result, std::uint8_t*, std::uint32_t)> callback);
      |                                                                                  ^
source/discord/storage_manager.h:21:41: error: expected primary-expression before ‘void’
   21 |                           std::function<void(Result, std::uint8_t*, std::uint32_t)> callback);
      |                                         ^~~~
source/discord/storage_manager.h:21:41: error: expected ‘>’ before ‘void’
source/discord/storage_manager.h:21:27: error: class template placeholder ‘std::function’ not permitted in this context
   21 |                           std::function<void(Result, std::uint8_t*, std::uint32_t)> callback);
      |                           ^~~
source/discord/storage_manager.h:22:36: error: ‘std::uint8_t’ has not been declared
   22 |     Result Write(char const* name, std::uint8_t* data, std::uint32_t dataLength);
      |                                    ^~~
source/discord/storage_manager.h:22:56: error: ‘std::uint32_t’ has not been declared
   22 |     Result Write(char const* name, std::uint8_t* data, std::uint32_t dataLength);
      |                                                        ^~~
source/discord/storage_manager.h:24:21: error: ‘std::uint8_t’ has not been declared
   24 |                     std::uint8_t* data,
      |                     ^~~
source/discord/storage_manager.h:25:21: error: ‘std::uint32_t’ has not been declared
   25 |                     std::uint32_t dataLength,
      |                     ^~~
source/discord/storage_manager.h:29:16: error: ‘std::int32_t’ has not been declared
   29 |     void Count(std::int32_t* count);
      |                ^~~
source/discord/storage_manager.h:31:19: error: ‘std::int32_t’ has not been declared
   31 |     Result StatAt(std::int32_t index, FileStat* stat);
      |                   ^~~
In file included from source/discord/core.h:14,
                 from source/discord/network_manager.cpp:8:
source/discord/store_manager.h:13:20: error: ‘std::int32_t’ has not been declared
   13 |     void CountSkus(std::int32_t* count);
      |                    ^~~
source/discord/store_manager.h:14:19: error: ‘Snowflake’ has not been declared
   14 |     Result GetSku(Snowflake skuId, Sku* sku);
      |                   ^~~~~~~~~
source/discord/store_manager.h:15:21: error: ‘std::int32_t’ has not been declared
   15 |     Result GetSkuAt(std::int32_t index, Sku* sku);
      |                     ^~~
source/discord/store_manager.h:17:28: error: ‘std::int32_t’ has not been declared
   17 |     void CountEntitlements(std::int32_t* count);
      |                            ^~~
source/discord/store_manager.h:18:27: error: ‘Snowflake’ has not been declared
   18 |     Result GetEntitlement(Snowflake entitlementId, Entitlement* entitlement);
      |                           ^~~~~~~~~
source/discord/store_manager.h:19:29: error: ‘std::int32_t’ has not been declared
   19 |     Result GetEntitlementAt(std::int32_t index, Entitlement* entitlement);
      |                             ^~~
source/discord/store_manager.h:20:30: error: ‘Snowflake’ has not been declared
   20 |     Result HasSkuEntitlement(Snowflake skuId, bool* hasEntitlement);
      |                              ^~~~~~~~~
source/discord/store_manager.h:21:24: error: ‘Snowflake’ has not been declared
   21 |     void StartPurchase(Snowflake skuId, std::function<void(Result)> callback);
      |                        ^~~~~~~~~
In file included from source/discord/core.h:15,
                 from source/discord/network_manager.cpp:8:
source/discord/voice_manager.h:18:24: error: ‘Snowflake’ has not been declared
   18 |     Result IsLocalMute(Snowflake userId, bool* mute);
      |                        ^~~~~~~~~
source/discord/voice_manager.h:19:25: error: ‘Snowflake’ has not been declared
   19 |     Result SetLocalMute(Snowflake userId, bool mute);
      |                         ^~~~~~~~~
source/discord/voice_manager.h:20:27: error: ‘Snowflake’ has not been declared
   20 |     Result GetLocalVolume(Snowflake userId, std::uint8_t* volume);
      |                           ^~~~~~~~~
source/discord/voice_manager.h:20:45: error: ‘std::uint8_t’ has not been declared
   20 |     Result GetLocalVolume(Snowflake userId, std::uint8_t* volume);
      |                                             ^~~
source/discord/voice_manager.h:21:27: error: ‘Snowflake’ has not been declared
   21 |     Result SetLocalVolume(Snowflake userId, std::uint8_t volume);
      |                           ^~~~~~~~~
source/discord/voice_manager.h:21:45: error: ‘std::uint8_t’ has not been declared
   21 |     Result SetLocalVolume(Snowflake userId, std::uint8_t volume);
      |                                             ^~~
In file included from source/discord/core.h:16,
                 from source/discord/network_manager.cpp:8:
source/discord/achievement_manager.h:12:29: error: ‘Snowflake’ has not been declared
   12 |     void SetUserAchievement(Snowflake achievementId,
      |                             ^~~~~~~~~
source/discord/achievement_manager.h:13:29: error: ‘std::uint8_t’ has not been declared
   13 |                             std::uint8_t percentComplete,
      |                             ^~~
source/discord/achievement_manager.h:16:32: error: ‘std::int32_t’ has not been declared
   16 |     void CountUserAchievements(std::int32_t* count);
      |                                ^~~
source/discord/achievement_manager.h:17:31: error: ‘Snowflake’ has not been declared
   17 |     Result GetUserAchievement(Snowflake userAchievementId, UserAchievement* userAchievement);
      |                               ^~~~~~~~~
source/discord/achievement_manager.h:18:33: error: ‘std::int32_t’ has not been declared
   18 |     Result GetUserAchievementAt(std::int32_t index, UserAchievement* userAchievement);
      |                                 ^~~
In file included from source/discord/network_manager.cpp:8:
source/discord/core.h:22:26: error: ‘ClientId’ has not been declared
   22 |     static Result Create(ClientId clientId, std::uint64_t flags, Core** instance);
      |                          ^~~~~~~~
source/discord/core.h:22:45: error: ‘std::uint64_t’ has not been declared
   22 |     static Result Create(ClientId clientId, std::uint64_t flags, Core** instance);
      |                                             ^~~
source/discord/network_manager.cpp: In static member function ‘static void discord::NetworkEvents::OnMessage(void*, DiscordNetworkPeerId, DiscordNetworkChannelId, uint8_t*, uint32_t)’:
source/discord/network_manager.cpp:29:25: error: expression cannot be used as a function
   29 |         module.OnMessage(peerId, channelId, data, dataLength);
      |         ~~~~~~~~~~~~~~~~^~~~~~~~~~~~~~~~~~~~~~~~~~~~~~~~~~~~~
source/discord/network_manager.cpp: At global scope:
source/discord/network_manager.cpp:49:6: error: variable or field ‘GetPeerId’ declared void
   49 | void NetworkManager::GetPeerId(NetworkPeerId* peerId)
      |      ^~~~~~~~~~~~~~
source/discord/network_manager.cpp:49:32: error: ‘NetworkPeerId’ was not declared in this scope
   49 | void NetworkManager::GetPeerId(NetworkPeerId* peerId)
      |                                ^~~~~~~~~~~~~
source/discord/network_manager.cpp:49:47: error: ‘peerId’ was not declared in this scope
   49 | void NetworkManager::GetPeerId(NetworkPeerId* peerId)
      |                                               ^~~~~~
source/discord/network_manager.cpp:64:8: error: ‘discord::Result discord::NetworkManager::OpenPeer’ is not a static data member of ‘class discord::NetworkManager’
   64 | Result NetworkManager::OpenPeer(NetworkPeerId peerId, char const* routeData)
      |        ^~~~~~~~~~~~~~
source/discord/network_manager.cpp:64:33: error: ‘NetworkPeerId’ was not declared in this scope; did you mean ‘GetPeerId’?
   64 | Result NetworkManager::OpenPeer(NetworkPeerId peerId, char const* routeData)
      |                                 ^~~~~~~~~~~~~
      |                                 GetPeerId
source/discord/network_manager.cpp:64:55: error: expected primary-expression before ‘char’
   64 | Result NetworkManager::OpenPeer(NetworkPeerId peerId, char const* routeData)
      |                                                       ^~~~
source/discord/network_manager.cpp:64:76: error: expression list treated as compound expression in initializer [-fpermissive]
   64 | Result NetworkManager::OpenPeer(NetworkPeerId peerId, char const* routeData)
      |                                                                            ^
source/discord/network_manager.cpp:70:8: error: ‘discord::Result discord::NetworkManager::UpdatePeer’ is not a static data member of ‘class discord::NetworkManager’
   70 | Result NetworkManager::UpdatePeer(NetworkPeerId peerId, char const* routeData)
      |        ^~~~~~~~~~~~~~
source/discord/network_manager.cpp:70:35: error: ‘NetworkPeerId’ was not declared in this scope; did you mean ‘GetPeerId’?
   70 | Result NetworkManager::UpdatePeer(NetworkPeerId peerId, char const* routeData)
      |                                   ^~~~~~~~~~~~~
      |                                   GetPeerId
source/discord/network_manager.cpp:70:57: error: expected primary-expression before ‘char’
   70 | Result NetworkManager::UpdatePeer(NetworkPeerId peerId, char const* routeData)
      |                                                         ^~~~
source/discord/network_manager.cpp:70:78: error: expression list treated as compound expression in initializer [-fpermissive]
   70 | Result NetworkManager::UpdatePeer(NetworkPeerId peerId, char const* routeData)
      |                                                                              ^
source/discord/network_manager.cpp:76:8: error: ‘discord::Result discord::NetworkManager::ClosePeer’ is not a static data member of ‘class discord::NetworkManager’
   76 | Result NetworkManager::ClosePeer(NetworkPeerId peerId)
      |        ^~~~~~~~~~~~~~
source/discord/network_manager.cpp:76:34: error: ‘NetworkPeerId’ was not declared in this scope; did you mean ‘GetPeerId’?
   76 | Result NetworkManager::ClosePeer(NetworkPeerId peerId)
      |                                  ^~~~~~~~~~~~~
      |                                  GetPeerId
source/discord/network_manager.cpp:82:8: error: ‘discord::Result discord::NetworkManager::OpenChannel’ is not a static data member of ‘class discord::NetworkManager’
   82 | Result NetworkManager::OpenChannel(NetworkPeerId peerId, NetworkChannelId channelId, bool reliable)
      |        ^~~~~~~~~~~~~~
source/discord/network_manager.cpp:82:36: error: ‘NetworkPeerId’ was not declared in this scope; did you mean ‘GetPeerId’?
   82 | Result NetworkManager::OpenChannel(NetworkPeerId peerId, NetworkChannelId channelId, bool reliable)
      |                                    ^~~~~~~~~~~~~
      |                                    GetPeerId
source/discord/network_manager.cpp:82:58: error: ‘NetworkChannelId’ was not declared in this scope
   82 | Result NetworkManager::OpenChannel(NetworkPeerId peerId, NetworkChannelId channelId, bool reliable)
      |                                                          ^~~~~~~~~~~~~~~~
source/discord/network_manager.cpp:82:86: error: expected primary-expression before ‘bool’
   82 | Result NetworkManager::OpenChannel(NetworkPeerId peerId, NetworkChannelId channelId, bool reliable)
      |                                                                                      ^~~~
source/discord/network_manager.cpp:82:99: error: expression list treated as compound expression in initializer [-fpermissive]
   82 | Result NetworkManager::OpenChannel(NetworkPeerId peerId, NetworkChannelId channelId, bool reliable)
      |                                                                                                   ^
source/discord/network_manager.cpp:88:8: error: ‘discord::Result discord::NetworkManager::CloseChannel’ is not a static data member of ‘class discord::NetworkManager’
   88 | Result NetworkManager::CloseChannel(NetworkPeerId peerId, NetworkChannelId channelId)
      |        ^~~~~~~~~~~~~~
source/discord/network_manager.cpp:88:37: error: ‘NetworkPeerId’ was not declared in this scope; did you mean ‘GetPeerId’?
   88 | Result NetworkManager::CloseChannel(NetworkPeerId peerId, NetworkChannelId channelId)
      |                                     ^~~~~~~~~~~~~
      |                                     GetPeerId
source/discord/network_manager.cpp:88:59: error: ‘NetworkChannelId’ was not declared in this scope
   88 | Result NetworkManager::CloseChannel(NetworkPeerId peerId, NetworkChannelId channelId)
      |                                                           ^~~~~~~~~~~~~~~~
source/discord/network_manager.cpp:88:85: error: expression list treated as compound expression in initializer [-fpermissive]
   88 | Result NetworkManager::CloseChannel(NetworkPeerId peerId, NetworkChannelId channelId)
      |                                                                                     ^
source/discord/network_manager.cpp:94:8: error: ‘discord::Result discord::NetworkManager::SendMessage’ is not a static data member of ‘class discord::NetworkManager’
   94 | Result NetworkManager::SendMessage(NetworkPeerId peerId,
      |        ^~~~~~~~~~~~~~
source/discord/network_manager.cpp:94:36: error: ‘NetworkPeerId’ was not declared in this scope; did you mean ‘GetPeerId’?
   94 | Result NetworkManager::SendMessage(NetworkPeerId peerId,
      |                                    ^~~~~~~~~~~~~
      |                                    GetPeerId
source/discord/network_manager.cpp:95:36: error: ‘NetworkChannelId’ was not declared in this scope
   95 |                                    NetworkChannelId channelId,
      |                                    ^~~~~~~~~~~~~~~~
source/discord/network_manager.cpp:96:41: error: ‘uint8_t’ is not a member of ‘std’; did you mean ‘wint_t’?
   96 |                                    std::uint8_t* data,
      |                                         ^~~~~~~
      |                                         wint_t
source/discord/network_manager.cpp:96:50: error: ‘data’ was not declared in this scope; did you mean ‘std::data’?
   96 |                                    std::uint8_t* data,
      |                                                  ^~~~
      |                                                  std::data
In file included from /usr/include/c++/11/array:41,
                 from /usr/include/c++/11/tuple:39,
                 from /usr/include/c++/11/functional:54,
                 from source/discord/event.h:4,
                 from source/discord/types.h:5,
                 from source/discord/network_manager.h:4,
                 from source/discord/network_manager.cpp:6:
/usr/include/c++/11/bits/range_access.h:319:5: note: ‘std::data’ declared here
  319 |     data(initializer_list<_Tp> __il) noexcept
      |     ^~~~
source/discord/network_manager.cpp:97:41: error: ‘uint32_t’ is not a member of ‘std’; did you mean ‘wint_t’?
   97 |                                    std::uint32_t dataLength)
      |                                         ^~~~~~~~
      |                                         wint_t
source/discord/network_manager.cpp:97:60: error: expression list treated as compound expression in initializer [-fpermissive]
   97 |                                    std::uint32_t dataLength)
      |                                                            ^
In file included from source/discord/overlay_manager.h:4,
                 from source/discord/overlay_manager.cpp:6:
source/discord/types.h:168:23: error: ‘int64_t’ in namespace ‘std’ does not name a type
  168 | using ClientId = std::int64_t;
      |                       ^~~~~~~
source/discord/types.h:169:22: error: ‘int32_t’ in namespace ‘std’ does not name a type
  169 | using Version = std::int32_t;
      |                      ^~~~~~~
source/discord/types.h:170:24: error: ‘int64_t’ in namespace ‘std’ does not name a type
  170 | using Snowflake = std::int64_t;
      |                        ^~~~~~~
source/discord/types.h:171:24: error: ‘int64_t’ in namespace ‘std’ does not name a type
  171 | using Timestamp = std::int64_t;
      |                        ^~~~~~~
source/discord/types.h:172:16: error: ‘Snowflake’ does not name a type
  172 | using UserId = Snowflake;
      |                ^~~~~~~~~
source/discord/types.h:175:17: error: ‘Snowflake’ does not name a type
  175 | using LobbyId = Snowflake;
      |                 ^~~~~~~~~
source/discord/types.h:179:28: error: ‘uint64_t’ in namespace ‘std’ does not name a type
  179 | using NetworkPeerId = std::uint64_t;
      |                            ^~~~~~~~
source/discord/types.h:180:31: error: ‘uint8_t’ in namespace ‘std’ does not name a type
  180 | using NetworkChannelId = std::uint8_t;
      |                               ^~~~~~~
source/discord/types.h:186:16: error: ‘UserId’ has not been declared
  186 |     void SetId(UserId id);
      |                ^~~~~~
source/discord/types.h:187:5: error: ‘UserId’ does not name a type; did you mean ‘User’?
  187 |     UserId GetId() const;
      |     ^~~~~~
      |     User
source/discord/types.h:207:21: error: ‘Timestamp’ has not been declared
  207 |     void SetExpires(Timestamp expires);
      |                     ^~~~~~~~~
source/discord/types.h:208:5: error: ‘Timestamp’ does not name a type
  208 |     Timestamp GetExpires() const;
      |     ^~~~~~~~~
source/discord/types.h:218:16: error: ‘std::int64_t’ has not been declared
  218 |     void SetId(std::int64_t id);
      |                ^~~
source/discord/types.h:219:10: error: ‘int64_t’ in namespace ‘std’ does not name a type
  219 |     std::int64_t GetId() const;
      |          ^~~~~~~
source/discord/types.h:220:18: error: ‘std::uint32_t’ has not been declared
  220 |     void SetSize(std::uint32_t size);
      |                  ^~~
source/discord/types.h:221:10: error: ‘uint32_t’ in namespace ‘std’ does not name a type
  221 |     std::uint32_t GetSize() const;
      |          ^~~~~~~~
source/discord/types.h:229:19: error: ‘std::uint32_t’ has not been declared
  229 |     void SetWidth(std::uint32_t width);
      |                   ^~~
source/discord/types.h:230:10: error: ‘uint32_t’ in namespace ‘std’ does not name a type
  230 |     std::uint32_t GetWidth() const;
      |          ^~~~~~~~
source/discord/types.h:231:20: error: ‘std::uint32_t’ has not been declared
  231 |     void SetHeight(std::uint32_t height);
      |                    ^~~
source/discord/types.h:232:10: error: ‘uint32_t’ in namespace ‘std’ does not name a type
  232 |     std::uint32_t GetHeight() const;
      |          ^~~~~~~~
source/discord/types.h:240:19: error: ‘Timestamp’ has not been declared
  240 |     void SetStart(Timestamp start);
      |                   ^~~~~~~~~
source/discord/types.h:241:5: error: ‘Timestamp’ does not name a type
  241 |     Timestamp GetStart() const;
      |     ^~~~~~~~~
source/discord/types.h:242:17: error: ‘Timestamp’ has not been declared
  242 |     void SetEnd(Timestamp end);
      |                 ^~~~~~~~~
source/discord/types.h:243:5: error: ‘Timestamp’ does not name a type
  243 |     Timestamp GetEnd() const;
      |     ^~~~~~~~~
source/discord/types.h:266:25: error: ‘std::int32_t’ has not been declared
  266 |     void SetCurrentSize(std::int32_t currentSize);
      |                         ^~~
source/discord/types.h:267:10: error: ‘int32_t’ in namespace ‘std’ does not name a type
  267 |     std::int32_t GetCurrentSize() const;
      |          ^~~~~~~
source/discord/types.h:268:21: error: ‘std::int32_t’ has not been declared
  268 |     void SetMaxSize(std::int32_t maxSize);
      |                     ^~~
source/discord/types.h:269:10: error: ‘int32_t’ in namespace ‘std’ does not name a type
  269 |     std::int32_t GetMaxSize() const;
      |          ^~~~~~~
source/discord/types.h:303:27: error: ‘std::int64_t’ has not been declared
  303 |     void SetApplicationId(std::int64_t applicationId);
      |                           ^~~
source/discord/types.h:304:10: error: ‘int64_t’ in namespace ‘std’ does not name a type
  304 |     std::int64_t GetApplicationId() const;
      |          ^~~~~~~
source/discord/types.h:352:16: error: ‘LobbyId’ has not been declared
  352 |     void SetId(LobbyId id);
      |                ^~~~~~~
source/discord/types.h:353:5: error: ‘LobbyId’ does not name a type; did you mean ‘Lobby’?
  353 |     LobbyId GetId() const;
      |     ^~~~~~~
      |     Lobby
source/discord/types.h:356:21: error: ‘UserId’ has not been declared
  356 |     void SetOwnerId(UserId ownerId);
      |                     ^~~~~~
source/discord/types.h:357:5: error: ‘UserId’ does not name a type; did you mean ‘User’?
  357 |     UserId GetOwnerId() const;
      |     ^~~~~~
      |     User
source/discord/types.h:360:22: error: ‘std::uint32_t’ has not been declared
  360 |     void SetCapacity(std::uint32_t capacity);
      |                      ^~~
source/discord/types.h:361:10: error: ‘uint32_t’ in namespace ‘std’ does not name a type
  361 |     std::uint32_t GetCapacity() const;
      |          ^~~~~~~~
source/discord/types.h:373:18: error: ‘std::uint64_t’ has not been declared
  373 |     void SetSize(std::uint64_t size);
      |                  ^~~
source/discord/types.h:374:10: error: ‘uint64_t’ in namespace ‘std’ does not name a type
  374 |     std::uint64_t GetSize() const;
      |          ^~~~~~~~
source/discord/types.h:375:26: error: ‘std::uint64_t’ has not been declared
  375 |     void SetLastModified(std::uint64_t lastModified);
      |                          ^~~
source/discord/types.h:376:10: error: ‘uint64_t’ in namespace ‘std’ does not name a type
  376 |     std::uint64_t GetLastModified() const;
      |          ^~~~~~~~
source/discord/types.h:384:16: error: ‘Snowflake’ has not been declared
  384 |     void SetId(Snowflake id);
      |                ^~~~~~~~~
source/discord/types.h:385:5: error: ‘Snowflake’ does not name a type
  385 |     Snowflake GetId() const;
      |     ^~~~~~~~~
source/discord/types.h:388:19: error: ‘Snowflake’ has not been declared
  388 |     void SetSkuId(Snowflake skuId);
      |                   ^~~~~~~~~
source/discord/types.h:389:5: error: ‘Snowflake’ does not name a type
  389 |     Snowflake GetSkuId() const;
      |     ^~~~~~~~~
source/discord/types.h:397:20: error: ‘std::uint32_t’ has not been declared
  397 |     void SetAmount(std::uint32_t amount);
      |                    ^~~
source/discord/types.h:398:10: error: ‘uint32_t’ in namespace ‘std’ does not name a type
  398 |     std::uint32_t GetAmount() const;
      |          ^~~~~~~~
source/discord/types.h:408:16: error: ‘Snowflake’ has not been declared
  408 |     void SetId(Snowflake id);
      |                ^~~~~~~~~
source/discord/types.h:409:5: error: ‘Snowflake’ does not name a type
  409 |     Snowflake GetId() const;
      |     ^~~~~~~~~
source/discord/types.h:434:20: error: ‘Snowflake’ has not been declared
  434 |     void SetUserId(Snowflake userId);
      |                    ^~~~~~~~~
source/discord/types.h:435:5: error: ‘Snowflake’ does not name a type
  435 |     Snowflake GetUserId() const;
      |     ^~~~~~~~~
source/discord/types.h:436:27: error: ‘Snowflake’ has not been declared
  436 |     void SetAchievementId(Snowflake achievementId);
      |                           ^~~~~~~~~
source/discord/types.h:437:5: error: ‘Snowflake’ does not name a type
  437 |     Snowflake GetAchievementId() const;
      |     ^~~~~~~~~
source/discord/types.h:438:29: error: ‘std::uint8_t’ has not been declared
  438 |     void SetPercentComplete(std::uint8_t percentComplete);
      |                             ^~~
source/discord/types.h:439:10: error: ‘uint8_t’ in namespace ‘std’ does not name a type
  439 |     std::uint8_t GetPercentComplete() const;
      |          ^~~~~~~
source/discord/types.h:450:21: error: ‘UserId’ has not been declared
  450 |     Result SetOwner(UserId ownerId);
      |                     ^~~~~~
source/discord/types.h:451:24: error: ‘std::uint32_t’ has not been declared
  451 |     Result SetCapacity(std::uint32_t capacity);
      |                        ^~~
source/discord/types.h:482:18: error: ‘std::uint32_t’ has not been declared
  482 |     Result Limit(std::uint32_t limit);
      |                  ^~~
In file included from source/discord/core.h:6,
                 from source/discord/overlay_manager.cpp:8:
source/discord/user_manager.h:13:18: error: ‘UserId’ has not been declared
   13 |     void GetUser(UserId userId, std::function<void(Result, User const&)> callback);
      |                  ^~~~~~
In file included from source/discord/core.h:7,
                 from source/discord/overlay_manager.cpp:8:
source/discord/image_manager.h:14:40: error: ‘std::uint8_t’ has not been declared
   14 |     Result GetData(ImageHandle handle, std::uint8_t* data, std::uint32_t dataLength);
      |                                        ^~~
source/discord/image_manager.h:14:60: error: ‘std::uint32_t’ has not been declared
   14 |     Result GetData(ImageHandle handle, std::uint8_t* data, std::uint32_t dataLength);
      |                                                            ^~~
In file included from source/discord/core.h:8,
                 from source/discord/overlay_manager.cpp:8:
source/discord/activity_manager.h:13:26: error: ‘std::uint32_t’ has not been declared
   13 |     Result RegisterSteam(std::uint32_t steamId);
      |                          ^~~
source/discord/activity_manager.h:16:27: error: ‘UserId’ has not been declared
   16 |     void SendRequestReply(UserId userId,
      |                           ^~~~~~
source/discord/activity_manager.h:19:21: error: ‘UserId’ has not been declared
   19 |     void SendInvite(UserId userId,
      |                     ^~~~~~
source/discord/activity_manager.h:23:23: error: ‘UserId’ has not been declared
   23 |     void AcceptInvite(UserId userId, std::function<void(Result)> callback);
      |                       ^~~~~~
In file included from source/discord/core.h:9,
                 from source/discord/overlay_manager.cpp:8:
source/discord/relationship_manager.h:13:18: error: ‘std::int32_t’ has not been declared
   13 |     Result Count(std::int32_t* count);
      |                  ^~~
source/discord/relationship_manager.h:14:16: error: ‘UserId’ has not been declared
   14 |     Result Get(UserId userId, Relationship* relationship);
      |                ^~~~~~
source/discord/relationship_manager.h:15:18: error: ‘std::uint32_t’ has not been declared
   15 |     Result GetAt(std::uint32_t index, Relationship* relationship);
      |                  ^~~
In file included from source/discord/core.h:10,
                 from source/discord/overlay_manager.cpp:8:
source/discord/lobby_manager.h:13:38: error: ‘LobbyId’ has not been declared
   13 |     Result GetLobbyUpdateTransaction(LobbyId lobbyId, LobbyTransaction* transaction);
      |                                      ^~~~~~~
source/discord/lobby_manager.h:14:39: error: ‘LobbyId’ has not been declared
   14 |     Result GetMemberUpdateTransaction(LobbyId lobbyId,
      |                                       ^~~~~~~
source/discord/lobby_manager.h:15:39: error: ‘UserId’ has not been declared
   15 |                                       UserId userId,
      |                                       ^~~~~~
source/discord/lobby_manager.h:19:22: error: ‘LobbyId’ has not been declared
   19 |     void UpdateLobby(LobbyId lobbyId,
      |                      ^~~~~~~
source/discord/lobby_manager.h:22:22: error: ‘LobbyId’ has not been declared
   22 |     void DeleteLobby(LobbyId lobbyId, std::function<void(Result)> callback);
      |                      ^~~~~~~
source/discord/lobby_manager.h:23:23: error: ‘LobbyId’ has not been declared
   23 |     void ConnectLobby(LobbyId lobbyId,
      |                       ^~~~~~~
source/discord/lobby_manager.h:28:26: error: ‘LobbyId’ has not been declared
   28 |     void DisconnectLobby(LobbyId lobbyId, std::function<void(Result)> callback);
      |                          ^~~~~~~
source/discord/lobby_manager.h:29:21: error: ‘LobbyId’ has not been declared
   29 |     Result GetLobby(LobbyId lobbyId, Lobby* lobby);
      |                     ^~~~~~~
source/discord/lobby_manager.h:30:35: error: ‘LobbyId’ has not been declared
   30 |     Result GetLobbyActivitySecret(LobbyId lobbyId, char secret[128]);
      |                                   ^~~~~~~
source/discord/lobby_manager.h:31:34: error: ‘LobbyId’ has not been declared
   31 |     Result GetLobbyMetadataValue(LobbyId lobbyId, MetadataKey key, char value[4096]);
      |                                  ^~~~~~~
source/discord/lobby_manager.h:32:32: error: ‘LobbyId’ has not been declared
   32 |     Result GetLobbyMetadataKey(LobbyId lobbyId, std::int32_t index, char key[256]);
      |                                ^~~~~~~
source/discord/lobby_manager.h:32:49: error: ‘std::int32_t’ has not been declared
   32 |     Result GetLobbyMetadataKey(LobbyId lobbyId, std::int32_t index, char key[256]);
      |                                                 ^~~
source/discord/lobby_manager.h:33:31: error: ‘LobbyId’ has not been declared
   33 |     Result LobbyMetadataCount(LobbyId lobbyId, std::int32_t* count);
      |                               ^~~~~~~
source/discord/lobby_manager.h:33:48: error: ‘std::int32_t’ has not been declared
   33 |     Result LobbyMetadataCount(LobbyId lobbyId, std::int32_t* count);
      |                                                ^~~
source/discord/lobby_manager.h:34:24: error: ‘LobbyId’ has not been declared
   34 |     Result MemberCount(LobbyId lobbyId, std::int32_t* count);
      |                        ^~~~~~~
source/discord/lobby_manager.h:34:41: error: ‘std::int32_t’ has not been declared
   34 |     Result MemberCount(LobbyId lobbyId, std::int32_t* count);
      |                                         ^~~
source/discord/lobby_manager.h:35:28: error: ‘LobbyId’ has not been declared
   35 |     Result GetMemberUserId(LobbyId lobbyId, std::int32_t index, UserId* userId);
      |                            ^~~~~~~
source/discord/lobby_manager.h:35:45: error: ‘std::int32_t’ has not been declared
   35 |     Result GetMemberUserId(LobbyId lobbyId, std::int32_t index, UserId* userId);
      |                                             ^~~
source/discord/lobby_manager.h:35:65: error: ‘UserId’ has not been declared
   35 |     Result GetMemberUserId(LobbyId lobbyId, std::int32_t index, UserId* userId);
      |                                                                 ^~~~~~
source/discord/lobby_manager.h:36:26: error: ‘LobbyId’ has not been declared
   36 |     Result GetMemberUser(LobbyId lobbyId, UserId userId, User* user);
      |                          ^~~~~~~
source/discord/lobby_manager.h:36:43: error: ‘UserId’ has not been declared
   36 |     Result GetMemberUser(LobbyId lobbyId, UserId userId, User* user);
      |                                           ^~~~~~
source/discord/lobby_manager.h:37:35: error: ‘LobbyId’ has not been declared
   37 |     Result GetMemberMetadataValue(LobbyId lobbyId,
      |                                   ^~~~~~~
source/discord/lobby_manager.h:38:35: error: ‘UserId’ has not been declared
   38 |                                   UserId userId,
      |                                   ^~~~~~
source/discord/lobby_manager.h:41:33: error: ‘LobbyId’ has not been declared
   41 |     Result GetMemberMetadataKey(LobbyId lobbyId, UserId userId, std::int32_t index, char key[256]);
      |                                 ^~~~~~~
source/discord/lobby_manager.h:41:50: error: ‘UserId’ has not been declared
   41 |     Result GetMemberMetadataKey(LobbyId lobbyId, UserId userId, std::int32_t index, char key[256]);
      |                                                  ^~~~~~
source/discord/lobby_manager.h:41:65: error: ‘std::int32_t’ has not been declared
   41 |     Result GetMemberMetadataKey(LobbyId lobbyId, UserId userId, std::int32_t index, char key[256]);
      |                                                                 ^~~
source/discord/lobby_manager.h:42:32: error: ‘LobbyId’ has not been declared
   42 |     Result MemberMetadataCount(LobbyId lobbyId, UserId userId, std::int32_t* count);
      |                                ^~~~~~~
source/discord/lobby_manager.h:42:49: error: ‘UserId’ has not been declared
   42 |     Result MemberMetadataCount(LobbyId lobbyId, UserId userId, std::int32_t* count);
      |                                                 ^~~~~~
source/discord/lobby_manager.h:42:64: error: ‘std::int32_t’ has not been declared
   42 |     Result MemberMetadataCount(LobbyId lobbyId, UserId userId, std::int32_t* count);
      |                                                                ^~~
source/discord/lobby_manager.h:43:23: error: ‘LobbyId’ has not been declared
   43 |     void UpdateMember(LobbyId lobbyId,
      |                       ^~~~~~~
source/discord/lobby_manager.h:44:23: error: ‘UserId’ has not been declared
   44 |                       UserId userId,
      |                       ^~~~~~
source/discord/lobby_manager.h:47:27: error: ‘LobbyId’ has not been declared
   47 |     void SendLobbyMessage(LobbyId lobbyId,
      |                           ^~~~~~~
source/discord/lobby_manager.h:48:27: error: ‘std::uint8_t’ has not been declared
   48 |                           std::uint8_t* data,
      |                           ^~~
source/discord/lobby_manager.h:49:27: error: ‘std::uint32_t’ has not been declared
   49 |                           std::uint32_t dataLength,
      |                           ^~~
source/discord/lobby_manager.h:53:21: error: ‘std::int32_t’ has not been declared
   53 |     void LobbyCount(std::int32_t* count);
      |                     ^~~
source/discord/lobby_manager.h:54:23: error: ‘std::int32_t’ has not been declared
   54 |     Result GetLobbyId(std::int32_t index, LobbyId* lobbyId);
      |                       ^~~
source/discord/lobby_manager.h:54:43: error: ‘LobbyId’ has not been declared
   54 |     Result GetLobbyId(std::int32_t index, LobbyId* lobbyId);
      |                                           ^~~~~~~
source/discord/lobby_manager.h:55:23: error: ‘LobbyId’ has not been declared
   55 |     void ConnectVoice(LobbyId lobbyId, std::function<void(Result)> callback);
      |                       ^~~~~~~
source/discord/lobby_manager.h:56:26: error: ‘LobbyId’ has not been declared
   56 |     void DisconnectVoice(LobbyId lobbyId, std::function<void(Result)> callback);
      |                          ^~~~~~~
source/discord/lobby_manager.h:57:27: error: ‘LobbyId’ has not been declared
   57 |     Result ConnectNetwork(LobbyId lobbyId);
      |                           ^~~~~~~
source/discord/lobby_manager.h:58:30: error: ‘LobbyId’ has not been declared
   58 |     Result DisconnectNetwork(LobbyId lobbyId);
      |                              ^~~~~~~
source/discord/lobby_manager.h:60:31: error: ‘LobbyId’ has not been declared
   60 |     Result OpenNetworkChannel(LobbyId lobbyId, std::uint8_t channelId, bool reliable);
      |                               ^~~~~~~
source/discord/lobby_manager.h:60:48: error: ‘std::uint8_t’ has not been declared
   60 |     Result OpenNetworkChannel(LobbyId lobbyId, std::uint8_t channelId, bool reliable);
      |                                                ^~~
source/discord/lobby_manager.h:61:31: error: ‘LobbyId’ has not been declared
   61 |     Result SendNetworkMessage(LobbyId lobbyId,
      |                               ^~~~~~~
source/discord/lobby_manager.h:62:31: error: ‘UserId’ has not been declared
   62 |                               UserId userId,
      |                               ^~~~~~
source/discord/lobby_manager.h:63:31: error: ‘std::uint8_t’ has not been declared
   63 |                               std::uint8_t channelId,
      |                               ^~~
source/discord/lobby_manager.h:64:31: error: ‘std::uint8_t’ has not been declared
   64 |                               std::uint8_t* data,
      |                               ^~~
source/discord/lobby_manager.h:65:31: error: ‘std::uint32_t’ has not been declared
   65 |                               std::uint32_t dataLength);
      |                               ^~~
source/discord/lobby_manager.h:67:16: error: ‘int64_t’ is not a member of ‘std’; did you mean ‘int64_t’?
   67 |     Event<std::int64_t> OnLobbyUpdate;
      |                ^~~~~~~
In file included from /usr/include/stdint.h:34,
                 from /usr/lib/gcc/x86_64-linux-gnu/11/include/stdint.h:9,
                 from source/discord/ffi.h:9,
                 from source/discord/types.h:4,
                 from source/discord/overlay_manager.h:4,
                 from source/discord/overlay_manager.cpp:6:
/usr/include/x86_64-linux-gnu/bits/stdint-intn.h:27:19: note: ‘int64_t’ declared here
   27 | typedef __int64_t int64_t;
      |                   ^~~~~~~
In file included from source/discord/core.h:10,
                 from source/discord/overlay_manager.cpp:8:
source/discord/lobby_manager.h:67:23: error: template argument 1 is invalid
   67 |     Event<std::int64_t> OnLobbyUpdate;
      |                       ^
source/discord/lobby_manager.h:68:16: error: ‘int64_t’ is not a member of ‘std’; did you mean ‘int64_t’?
   68 |     Event<std::int64_t, std::uint32_t> OnLobbyDelete;
      |                ^~~~~~~
In file included from /usr/include/stdint.h:34,
                 from /usr/lib/gcc/x86_64-linux-gnu/11/include/stdint.h:9,
                 from source/discord/ffi.h:9,
                 from source/discord/types.h:4,
                 from source/discord/overlay_manager.h:4,
                 from source/discord/overlay_manager.cpp:6:
/usr/include/x86_64-linux-gnu/bits/stdint-intn.h:27:19: note: ‘int64_t’ declared here
   27 | typedef __int64_t int64_t;
      |                   ^~~~~~~
In file included from source/discord/core.h:10,
                 from source/discord/overlay_manager.cpp:8:
source/discord/lobby_manager.h:68:30: error: ‘uint32_t’ is not a member of ‘std’; did you mean ‘uint32_t’?
   68 |     Event<std::int64_t, std::uint32_t> OnLobbyDelete;
      |                              ^~~~~~~~
In file included from /usr/include/stdint.h:37,
                 from /usr/lib/gcc/x86_64-linux-gnu/11/include/stdint.h:9,
                 from source/discord/ffi.h:9,
                 from source/discord/types.h:4,
                 from source/discord/overlay_manager.h:4,
                 from source/discord/overlay_manager.cpp:6:
/usr/include/x86_64-linux-gnu/bits/stdint-uintn.h:26:20: note: ‘uint32_t’ declared here
   26 | typedef __uint32_t uint32_t;
      |                    ^~~~~~~~
In file included from source/discord/core.h:10,
                 from source/discord/overlay_manager.cpp:8:
source/discord/lobby_manager.h:68:38: error: template argument 1 is invalid
   68 |     Event<std::int64_t, std::uint32_t> OnLobbyDelete;
      |                                      ^
source/discord/lobby_manager.h:68:38: error: template argument 2 is invalid
source/discord/lobby_manager.h:69:16: error: ‘int64_t’ is not a member of ‘std’; did you mean ‘int64_t’?
   69 |     Event<std::int64_t, std::int64_t> OnMemberConnect;
      |                ^~~~~~~
In file included from /usr/include/stdint.h:34,
                 from /usr/lib/gcc/x86_64-linux-gnu/11/include/stdint.h:9,
                 from source/discord/ffi.h:9,
                 from source/discord/types.h:4,
                 from source/discord/overlay_manager.h:4,
                 from source/discord/overlay_manager.cpp:6:
/usr/include/x86_64-linux-gnu/bits/stdint-intn.h:27:19: note: ‘int64_t’ declared here
   27 | typedef __int64_t int64_t;
      |                   ^~~~~~~
In file included from source/discord/core.h:10,
                 from source/discord/overlay_manager.cpp:8:
source/discord/lobby_manager.h:69:30: error: ‘int64_t’ is not a member of ‘std’; did you mean ‘int64_t’?
   69 |     Event<std::int64_t, std::int64_t> OnMemberConnect;
      |                              ^~~~~~~
In file included from /usr/include/stdint.h:34,
                 from /usr/lib/gcc/x86_64-linux-gnu/11/include/stdint.h:9,
                 from source/discord/ffi.h:9,
                 from source/discord/types.h:4,
                 from source/discord/overlay_manager.h:4,
                 from source/discord/overlay_manager.cpp:6:
/usr/include/x86_64-linux-gnu/bits/stdint-intn.h:27:19: note: ‘int64_t’ declared here
   27 | typedef __int64_t int64_t;
      |                   ^~~~~~~
In file included from source/discord/core.h:10,
                 from source/discord/overlay_manager.cpp:8:
source/discord/lobby_manager.h:69:37: error: template argument 1 is invalid
   69 |     Event<std::int64_t, std::int64_t> OnMemberConnect;
      |                                     ^
source/discord/lobby_manager.h:69:37: error: template argument 2 is invalid
source/discord/lobby_manager.h:70:16: error: ‘int64_t’ is not a member of ‘std’; did you mean ‘int64_t’?
   70 |     Event<std::int64_t, std::int64_t> OnMemberUpdate;
      |                ^~~~~~~
In file included from /usr/include/stdint.h:34,
                 from /usr/lib/gcc/x86_64-linux-gnu/11/include/stdint.h:9,
                 from source/discord/ffi.h:9,
                 from source/discord/types.h:4,
                 from source/discord/overlay_manager.h:4,
                 from source/discord/overlay_manager.cpp:6:
/usr/include/x86_64-linux-gnu/bits/stdint-intn.h:27:19: note: ‘int64_t’ declared here
   27 | typedef __int64_t int64_t;
      |                   ^~~~~~~
In file included from source/discord/core.h:10,
                 from source/discord/overlay_manager.cpp:8:
source/discord/lobby_manager.h:70:30: error: ‘int64_t’ is not a member of ‘std’; did you mean ‘int64_t’?
   70 |     Event<std::int64_t, std::int64_t> OnMemberUpdate;
      |                              ^~~~~~~
In file included from /usr/include/stdint.h:34,
                 from /usr/lib/gcc/x86_64-linux-gnu/11/include/stdint.h:9,
                 from source/discord/ffi.h:9,
                 from source/discord/types.h:4,
                 from source/discord/overlay_manager.h:4,
                 from source/discord/overlay_manager.cpp:6:
/usr/include/x86_64-linux-gnu/bits/stdint-intn.h:27:19: note: ‘int64_t’ declared here
   27 | typedef __int64_t int64_t;
      |                   ^~~~~~~
In file included from source/discord/core.h:10,
                 from source/discord/overlay_manager.cpp:8:
source/discord/lobby_manager.h:70:37: error: template argument 1 is invalid
   70 |     Event<std::int64_t, std::int64_t> OnMemberUpdate;
      |                                     ^
source/discord/lobby_manager.h:70:37: error: template argument 2 is invalid
source/discord/lobby_manager.h:71:16: error: ‘int64_t’ is not a member of ‘std’; did you mean ‘int64_t’?
   71 |     Event<std::int64_t, std::int64_t> OnMemberDisconnect;
      |                ^~~~~~~
In file included from /usr/include/stdint.h:34,
                 from /usr/lib/gcc/x86_64-linux-gnu/11/include/stdint.h:9,
                 from source/discord/ffi.h:9,
                 from source/discord/types.h:4,
                 from source/discord/overlay_manager.h:4,
                 from source/discord/overlay_manager.cpp:6:
/usr/include/x86_64-linux-gnu/bits/stdint-intn.h:27:19: note: ‘int64_t’ declared here
   27 | typedef __int64_t int64_t;
      |                   ^~~~~~~
In file included from source/discord/core.h:10,
                 from source/discord/overlay_manager.cpp:8:
source/discord/lobby_manager.h:71:30: error: ‘int64_t’ is not a member of ‘std’; did you mean ‘int64_t’?
   71 |     Event<std::int64_t, std::int64_t> OnMemberDisconnect;
      |                              ^~~~~~~
In file included from /usr/include/stdint.h:34,
                 from /usr/lib/gcc/x86_64-linux-gnu/11/include/stdint.h:9,
                 from source/discord/ffi.h:9,
                 from source/discord/types.h:4,
                 from source/discord/overlay_manager.h:4,
                 from source/discord/overlay_manager.cpp:6:
/usr/include/x86_64-linux-gnu/bits/stdint-intn.h:27:19: note: ‘int64_t’ declared here
   27 | typedef __int64_t int64_t;
      |                   ^~~~~~~
In file included from source/discord/core.h:10,
                 from source/discord/overlay_manager.cpp:8:
source/discord/lobby_manager.h:71:37: error: template argument 1 is invalid
   71 |     Event<std::int64_t, std::int64_t> OnMemberDisconnect;
      |                                     ^
source/discord/lobby_manager.h:71:37: error: template argument 2 is invalid
source/discord/lobby_manager.h:72:16: error: ‘int64_t’ is not a member of ‘std’; did you mean ‘int64_t’?
   72 |     Event<std::int64_t, std::int64_t, std::uint8_t*, std::uint32_t> OnLobbyMessage;
      |                ^~~~~~~
In file included from /usr/include/stdint.h:34,
                 from /usr/lib/gcc/x86_64-linux-gnu/11/include/stdint.h:9,
                 from source/discord/ffi.h:9,
                 from source/discord/types.h:4,
                 from source/discord/overlay_manager.h:4,
                 from source/discord/overlay_manager.cpp:6:
/usr/include/x86_64-linux-gnu/bits/stdint-intn.h:27:19: note: ‘int64_t’ declared here
   27 | typedef __int64_t int64_t;
      |                   ^~~~~~~
In file included from source/discord/core.h:10,
                 from source/discord/overlay_manager.cpp:8:
source/discord/lobby_manager.h:72:30: error: ‘int64_t’ is not a member of ‘std’; did you mean ‘int64_t’?
   72 |     Event<std::int64_t, std::int64_t, std::uint8_t*, std::uint32_t> OnLobbyMessage;
      |                              ^~~~~~~
In file included from /usr/include/stdint.h:34,
                 from /usr/lib/gcc/x86_64-linux-gnu/11/include/stdint.h:9,
                 from source/discord/ffi.h:9,
                 from source/discord/types.h:4,
                 from source/discord/overlay_manager.h:4,
                 from source/discord/overlay_manager.cpp:6:
/usr/include/x86_64-linux-gnu/bits/stdint-intn.h:27:19: note: ‘int64_t’ declared here
   27 | typedef __int64_t int64_t;
      |                   ^~~~~~~
In file included from source/discord/core.h:10,
                 from source/discord/overlay_manager.cpp:8:
source/discord/lobby_manager.h:72:44: error: ‘uint8_t’ is not a member of ‘std’; did you mean ‘uint8_t’?
   72 |     Event<std::int64_t, std::int64_t, std::uint8_t*, std::uint32_t> OnLobbyMessage;
      |                                            ^~~~~~~
In file included from /usr/include/stdint.h:37,
                 from /usr/lib/gcc/x86_64-linux-gnu/11/include/stdint.h:9,
                 from source/discord/ffi.h:9,
                 from source/discord/types.h:4,
                 from source/discord/overlay_manager.h:4,
                 from source/discord/overlay_manager.cpp:6:
/usr/include/x86_64-linux-gnu/bits/stdint-uintn.h:24:19: note: ‘uint8_t’ declared here
   24 | typedef __uint8_t uint8_t;
      |                   ^~~~~~~
In file included from source/discord/core.h:10,
                 from source/discord/overlay_manager.cpp:8:
source/discord/lobby_manager.h:72:59: error: ‘uint32_t’ is not a member of ‘std’; did you mean ‘uint32_t’?
   72 |     Event<std::int64_t, std::int64_t, std::uint8_t*, std::uint32_t> OnLobbyMessage;
      |                                                           ^~~~~~~~
In file included from /usr/include/stdint.h:37,
                 from /usr/lib/gcc/x86_64-linux-gnu/11/include/stdint.h:9,
                 from source/discord/ffi.h:9,
                 from source/discord/types.h:4,
                 from source/discord/overlay_manager.h:4,
                 from source/discord/overlay_manager.cpp:6:
/usr/include/x86_64-linux-gnu/bits/stdint-uintn.h:26:20: note: ‘uint32_t’ declared here
   26 | typedef __uint32_t uint32_t;
      |                    ^~~~~~~~
In file included from source/discord/core.h:10,
                 from source/discord/overlay_manager.cpp:8:
source/discord/lobby_manager.h:72:67: error: template argument 1 is invalid
   72 |     Event<std::int64_t, std::int64_t, std::uint8_t*, std::uint32_t> OnLobbyMessage;
      |                                                                   ^
source/discord/lobby_manager.h:72:67: error: template argument 2 is invalid
source/discord/lobby_manager.h:72:67: error: template argument 3 is invalid
source/discord/lobby_manager.h:72:67: error: template argument 4 is invalid
source/discord/lobby_manager.h:73:16: error: ‘int64_t’ is not a member of ‘std’; did you mean ‘int64_t’?
   73 |     Event<std::int64_t, std::int64_t, bool> OnSpeaking;
      |                ^~~~~~~
In file included from /usr/include/stdint.h:34,
                 from /usr/lib/gcc/x86_64-linux-gnu/11/include/stdint.h:9,
                 from source/discord/ffi.h:9,
                 from source/discord/types.h:4,
                 from source/discord/overlay_manager.h:4,
                 from source/discord/overlay_manager.cpp:6:
/usr/include/x86_64-linux-gnu/bits/stdint-intn.h:27:19: note: ‘int64_t’ declared here
   27 | typedef __int64_t int64_t;
      |                   ^~~~~~~
In file included from source/discord/core.h:10,
                 from source/discord/overlay_manager.cpp:8:
source/discord/lobby_manager.h:73:30: error: ‘int64_t’ is not a member of ‘std’; did you mean ‘int64_t’?
   73 |     Event<std::int64_t, std::int64_t, bool> OnSpeaking;
      |                              ^~~~~~~
In file included from /usr/include/stdint.h:34,
                 from /usr/lib/gcc/x86_64-linux-gnu/11/include/stdint.h:9,
                 from source/discord/ffi.h:9,
                 from source/discord/types.h:4,
                 from source/discord/overlay_manager.h:4,
                 from source/discord/overlay_manager.cpp:6:
/usr/include/x86_64-linux-gnu/bits/stdint-intn.h:27:19: note: ‘int64_t’ declared here
   27 | typedef __int64_t int64_t;
      |                   ^~~~~~~
In file included from source/discord/core.h:10,
                 from source/discord/overlay_manager.cpp:8:
source/discord/lobby_manager.h:73:43: error: template argument 1 is invalid
   73 |     Event<std::int64_t, std::int64_t, bool> OnSpeaking;
      |                                           ^
source/discord/lobby_manager.h:73:43: error: template argument 2 is invalid
source/discord/lobby_manager.h:74:16: error: ‘int64_t’ is not a member of ‘std’; did you mean ‘int64_t’?
   74 |     Event<std::int64_t, std::int64_t, std::uint8_t, std::uint8_t*, std::uint32_t> OnNetworkMessage;
      |                ^~~~~~~
In file included from /usr/include/stdint.h:34,
                 from /usr/lib/gcc/x86_64-linux-gnu/11/include/stdint.h:9,
                 from source/discord/ffi.h:9,
                 from source/discord/types.h:4,
                 from source/discord/overlay_manager.h:4,
                 from source/discord/overlay_manager.cpp:6:
/usr/include/x86_64-linux-gnu/bits/stdint-intn.h:27:19: note: ‘int64_t’ declared here
   27 | typedef __int64_t int64_t;
      |                   ^~~~~~~
In file included from source/discord/core.h:10,
                 from source/discord/overlay_manager.cpp:8:
source/discord/lobby_manager.h:74:30: error: ‘int64_t’ is not a member of ‘std’; did you mean ‘int64_t’?
   74 |     Event<std::int64_t, std::int64_t, std::uint8_t, std::uint8_t*, std::uint32_t> OnNetworkMessage;
      |                              ^~~~~~~
In file included from /usr/include/stdint.h:34,
                 from /usr/lib/gcc/x86_64-linux-gnu/11/include/stdint.h:9,
                 from source/discord/ffi.h:9,
                 from source/discord/types.h:4,
                 from source/discord/overlay_manager.h:4,
                 from source/discord/overlay_manager.cpp:6:
/usr/include/x86_64-linux-gnu/bits/stdint-intn.h:27:19: note: ‘int64_t’ declared here
   27 | typedef __int64_t int64_t;
      |                   ^~~~~~~
In file included from source/discord/core.h:10,
                 from source/discord/overlay_manager.cpp:8:
source/discord/lobby_manager.h:74:44: error: ‘uint8_t’ is not a member of ‘std’; did you mean ‘uint8_t’?
   74 |     Event<std::int64_t, std::int64_t, std::uint8_t, std::uint8_t*, std::uint32_t> OnNetworkMessage;
      |                                            ^~~~~~~
In file included from /usr/include/stdint.h:37,
                 from /usr/lib/gcc/x86_64-linux-gnu/11/include/stdint.h:9,
                 from source/discord/ffi.h:9,
                 from source/discord/types.h:4,
                 from source/discord/overlay_manager.h:4,
                 from source/discord/overlay_manager.cpp:6:
/usr/include/x86_64-linux-gnu/bits/stdint-uintn.h:24:19: note: ‘uint8_t’ declared here
   24 | typedef __uint8_t uint8_t;
      |                   ^~~~~~~
In file included from source/discord/core.h:10,
                 from source/discord/overlay_manager.cpp:8:
source/discord/lobby_manager.h:74:58: error: ‘uint8_t’ is not a member of ‘std’; did you mean ‘uint8_t’?
   74 |     Event<std::int64_t, std::int64_t, std::uint8_t, std::uint8_t*, std::uint32_t> OnNetworkMessage;
      |                                                          ^~~~~~~
In file included from /usr/include/stdint.h:37,
                 from /usr/lib/gcc/x86_64-linux-gnu/11/include/stdint.h:9,
                 from source/discord/ffi.h:9,
                 from source/discord/types.h:4,
                 from source/discord/overlay_manager.h:4,
                 from source/discord/overlay_manager.cpp:6:
/usr/include/x86_64-linux-gnu/bits/stdint-uintn.h:24:19: note: ‘uint8_t’ declared here
   24 | typedef __uint8_t uint8_t;
      |                   ^~~~~~~
In file included from source/discord/core.h:10,
                 from source/discord/overlay_manager.cpp:8:
source/discord/lobby_manager.h:74:73: error: ‘uint32_t’ is not a member of ‘std’; did you mean ‘uint32_t’?
   74 |     Event<std::int64_t, std::int64_t, std::uint8_t, std::uint8_t*, std::uint32_t> OnNetworkMessage;
      |                                                                         ^~~~~~~~
In file included from /usr/include/stdint.h:37,
                 from /usr/lib/gcc/x86_64-linux-gnu/11/include/stdint.h:9,
                 from source/discord/ffi.h:9,
                 from source/discord/types.h:4,
                 from source/discord/overlay_manager.h:4,
                 from source/discord/overlay_manager.cpp:6:
/usr/include/x86_64-linux-gnu/bits/stdint-uintn.h:26:20: note: ‘uint32_t’ declared here
   26 | typedef __uint32_t uint32_t;
      |                    ^~~~~~~~
In file included from source/discord/core.h:10,
                 from source/discord/overlay_manager.cpp:8:
source/discord/lobby_manager.h:74:81: error: template argument 1 is invalid
   74 |     Event<std::int64_t, std::int64_t, std::uint8_t, std::uint8_t*, std::uint32_t> OnNetworkMessage;
      |                                                                                 ^
source/discord/lobby_manager.h:74:81: error: template argument 2 is invalid
source/discord/lobby_manager.h:74:81: error: template argument 3 is invalid
source/discord/lobby_manager.h:74:81: error: template argument 4 is invalid
source/discord/lobby_manager.h:74:81: error: template argument 5 is invalid
In file included from source/discord/core.h:11,
                 from source/discord/overlay_manager.cpp:8:
source/discord/network_manager.h:15:20: error: ‘NetworkPeerId’ has not been declared
   15 |     void GetPeerId(NetworkPeerId* peerId);
      |                    ^~~~~~~~~~~~~
source/discord/network_manager.h:23:21: error: ‘NetworkPeerId’ has not been declared
   23 |     Result OpenPeer(NetworkPeerId peerId, char const* routeData);
      |                     ^~~~~~~~~~~~~
source/discord/network_manager.h:27:23: error: ‘NetworkPeerId’ has not been declared
   27 |     Result UpdatePeer(NetworkPeerId peerId, char const* routeData);
      |                       ^~~~~~~~~~~~~
source/discord/network_manager.h:31:22: error: ‘NetworkPeerId’ has not been declared
   31 |     Result ClosePeer(NetworkPeerId peerId);
      |                      ^~~~~~~~~~~~~
source/discord/network_manager.h:35:24: error: ‘NetworkPeerId’ has not been declared
   35 |     Result OpenChannel(NetworkPeerId peerId, NetworkChannelId channelId, bool reliable);
      |                        ^~~~~~~~~~~~~
source/discord/network_manager.h:35:46: error: ‘NetworkChannelId’ has not been declared
   35 |     Result OpenChannel(NetworkPeerId peerId, NetworkChannelId channelId, bool reliable);
      |                                              ^~~~~~~~~~~~~~~~
source/discord/network_manager.h:39:25: error: ‘NetworkPeerId’ has not been declared
   39 |     Result CloseChannel(NetworkPeerId peerId, NetworkChannelId channelId);
      |                         ^~~~~~~~~~~~~
source/discord/network_manager.h:39:47: error: ‘NetworkChannelId’ has not been declared
   39 |     Result CloseChannel(NetworkPeerId peerId, NetworkChannelId channelId);
      |                                               ^~~~~~~~~~~~~~~~
source/discord/network_manager.h:43:24: error: ‘NetworkPeerId’ has not been declared
   43 |     Result SendMessage(NetworkPeerId peerId,
      |                        ^~~~~~~~~~~~~
source/discord/network_manager.h:44:24: error: ‘NetworkChannelId’ has not been declared
   44 |                        NetworkChannelId channelId,
      |                        ^~~~~~~~~~~~~~~~
source/discord/network_manager.h:45:24: error: ‘std::uint8_t’ has not been declared
   45 |                        std::uint8_t* data,
      |                        ^~~
source/discord/network_manager.h:46:24: error: ‘std::uint32_t’ has not been declared
   46 |                        std::uint32_t dataLength);
      |                        ^~~
source/discord/network_manager.h:48:11: error: ‘NetworkPeerId’ was not declared in this scope; did you mean ‘GetPeerId’?
   48 |     Event<NetworkPeerId, NetworkChannelId, std::uint8_t*, std::uint32_t> OnMessage;
      |           ^~~~~~~~~~~~~
      |           GetPeerId
source/discord/network_manager.h:48:26: error: ‘NetworkChannelId’ was not declared in this scope
   48 |     Event<NetworkPeerId, NetworkChannelId, std::uint8_t*, std::uint32_t> OnMessage;
      |                          ^~~~~~~~~~~~~~~~
source/discord/network_manager.h:48:49: error: ‘uint8_t’ is not a member of ‘std’; did you mean ‘uint8_t’?
   48 |     Event<NetworkPeerId, NetworkChannelId, std::uint8_t*, std::uint32_t> OnMessage;
      |                                                 ^~~~~~~
In file included from /usr/include/stdint.h:37,
                 from /usr/lib/gcc/x86_64-linux-gnu/11/include/stdint.h:9,
                 from source/discord/ffi.h:9,
                 from source/discord/types.h:4,
                 from source/discord/overlay_manager.h:4,
                 from source/discord/overlay_manager.cpp:6:
/usr/include/x86_64-linux-gnu/bits/stdint-uintn.h:24:19: note: ‘uint8_t’ declared here
   24 | typedef __uint8_t uint8_t;
      |                   ^~~~~~~
In file included from source/discord/core.h:11,
                 from source/discord/overlay_manager.cpp:8:
source/discord/network_manager.h:48:64: error: ‘uint32_t’ is not a member of ‘std’; did you mean ‘uint32_t’?
   48 |     Event<NetworkPeerId, NetworkChannelId, std::uint8_t*, std::uint32_t> OnMessage;
      |                                                                ^~~~~~~~
In file included from /usr/include/stdint.h:37,
                 from /usr/lib/gcc/x86_64-linux-gnu/11/include/stdint.h:9,
                 from source/discord/ffi.h:9,
                 from source/discord/types.h:4,
                 from source/discord/overlay_manager.h:4,
                 from source/discord/overlay_manager.cpp:6:
/usr/include/x86_64-linux-gnu/bits/stdint-uintn.h:26:20: note: ‘uint32_t’ declared here
   26 | typedef __uint32_t uint32_t;
      |                    ^~~~~~~~
In file included from source/discord/core.h:11,
                 from source/discord/overlay_manager.cpp:8:
source/discord/network_manager.h:48:72: error: template argument 1 is invalid
   48 |     Event<NetworkPeerId, NetworkChannelId, std::uint8_t*, std::uint32_t> OnMessage;
      |                                                                        ^
source/discord/network_manager.h:48:72: error: template argument 2 is invalid
source/discord/network_manager.h:48:72: error: template argument 3 is invalid
source/discord/network_manager.h:48:72: error: template argument 4 is invalid
In file included from source/discord/core.h:13,
                 from source/discord/overlay_manager.cpp:8:
source/discord/storage_manager.h:13:17: error: ‘std::uint8_t’ has not been declared
   13 |                 std::uint8_t* data,
      |                 ^~~
source/discord/storage_manager.h:14:17: error: ‘std::uint32_t’ has not been declared
   14 |                 std::uint32_t dataLength,
      |                 ^~~
source/discord/storage_manager.h:15:17: error: ‘std::uint32_t’ has not been declared
   15 |                 std::uint32_t* read);
      |                 ^~~
source/discord/storage_manager.h:17:52: error: ‘uint8_t’ is not a member of ‘std’; did you mean ‘uint8_t’?
   17 |                    std::function<void(Result, std::uint8_t*, std::uint32_t)> callback);
      |                                                    ^~~~~~~
In file included from /usr/include/stdint.h:37,
                 from /usr/lib/gcc/x86_64-linux-gnu/11/include/stdint.h:9,
                 from source/discord/ffi.h:9,
                 from source/discord/types.h:4,
                 from source/discord/overlay_manager.h:4,
                 from source/discord/overlay_manager.cpp:6:
/usr/include/x86_64-linux-gnu/bits/stdint-uintn.h:24:19: note: ‘uint8_t’ declared here
   24 | typedef __uint8_t uint8_t;
      |                   ^~~~~~~
In file included from source/discord/core.h:13,
                 from source/discord/overlay_manager.cpp:8:
source/discord/storage_manager.h:17:67: error: ‘uint32_t’ is not a member of ‘std’; did you mean ‘uint32_t’?
   17 |                    std::function<void(Result, std::uint8_t*, std::uint32_t)> callback);
      |                                                                   ^~~~~~~~
In file included from /usr/include/stdint.h:37,
                 from /usr/lib/gcc/x86_64-linux-gnu/11/include/stdint.h:9,
                 from source/discord/ffi.h:9,
                 from source/discord/types.h:4,
                 from source/discord/overlay_manager.h:4,
                 from source/discord/overlay_manager.cpp:6:
/usr/include/x86_64-linux-gnu/bits/stdint-uintn.h:26:20: note: ‘uint32_t’ declared here
   26 | typedef __uint32_t uint32_t;
      |                    ^~~~~~~~
In file included from source/discord/core.h:13,
                 from source/discord/overlay_manager.cpp:8:
source/discord/storage_manager.h:17:75: error: expression list treated as compound expression in functional cast [-fpermissive]
   17 |                    std::function<void(Result, std::uint8_t*, std::uint32_t)> callback);
      |                                                                           ^
source/discord/storage_manager.h:17:76: error: template argument 1 is invalid
   17 |                    std::function<void(Result, std::uint8_t*, std::uint32_t)> callback);
      |                                                                            ^
source/discord/storage_manager.h:17:52: error: ‘uint8_t’ is not a member of ‘std’; did you mean ‘uint8_t’?
   17 |                    std::function<void(Result, std::uint8_t*, std::uint32_t)> callback);
      |                                                    ^~~~~~~
In file included from /usr/include/stdint.h:37,
                 from /usr/lib/gcc/x86_64-linux-gnu/11/include/stdint.h:9,
                 from source/discord/ffi.h:9,
                 from source/discord/types.h:4,
                 from source/discord/overlay_manager.h:4,
                 from source/discord/overlay_manager.cpp:6:
/usr/include/x86_64-linux-gnu/bits/stdint-uintn.h:24:19: note: ‘uint8_t’ declared here
   24 | typedef __uint8_t uint8_t;
      |                   ^~~~~~~
In file included from source/discord/core.h:13,
                 from source/discord/overlay_manager.cpp:8:
source/discord/storage_manager.h:17:67: error: ‘uint32_t’ is not a member of ‘std’; did you mean ‘uint32_t’?
   17 |                    std::function<void(Result, std::uint8_t*, std::uint32_t)> callback);
      |                                                                   ^~~~~~~~
In file included from /usr/include/stdint.h:37,
                 from /usr/lib/gcc/x86_64-linux-gnu/11/include/stdint.h:9,
                 from source/discord/ffi.h:9,
                 from source/discord/types.h:4,
                 from source/discord/overlay_manager.h:4,
                 from source/discord/overlay_manager.cpp:6:
/usr/include/x86_64-linux-gnu/bits/stdint-uintn.h:26:20: note: ‘uint32_t’ declared here
   26 | typedef __uint32_t uint32_t;
      |                    ^~~~~~~~
In file included from source/discord/core.h:13,
                 from source/discord/overlay_manager.cpp:8:
source/discord/storage_manager.h:17:75: error: expression list treated as compound expression in functional cast [-fpermissive]
   17 |                    std::function<void(Result, std::uint8_t*, std::uint32_t)> callback);
      |                                                                           ^
source/discord/storage_manager.h:17:76: error: template argument 1 is invalid
   17 |                    std::function<void(Result, std::uint8_t*, std::uint32_t)> callback);
      |                                                                            ^
source/discord/storage_manager.h:17:52: error: ‘uint8_t’ is not a member of ‘std’; did you mean ‘uint8_t’?
   17 |                    std::function<void(Result, std::uint8_t*, std::uint32_t)> callback);
      |                                                    ^~~~~~~
In file included from /usr/include/stdint.h:37,
                 from /usr/lib/gcc/x86_64-linux-gnu/11/include/stdint.h:9,
                 from source/discord/ffi.h:9,
                 from source/discord/types.h:4,
                 from source/discord/overlay_manager.h:4,
                 from source/discord/overlay_manager.cpp:6:
/usr/include/x86_64-linux-gnu/bits/stdint-uintn.h:24:19: note: ‘uint8_t’ declared here
   24 | typedef __uint8_t uint8_t;
      |                   ^~~~~~~
In file included from source/discord/core.h:13,
                 from source/discord/overlay_manager.cpp:8:
source/discord/storage_manager.h:17:67: error: ‘uint32_t’ is not a member of ‘std’; did you mean ‘uint32_t’?
   17 |                    std::function<void(Result, std::uint8_t*, std::uint32_t)> callback);
      |                                                                   ^~~~~~~~
In file included from /usr/include/stdint.h:37,
                 from /usr/lib/gcc/x86_64-linux-gnu/11/include/stdint.h:9,
                 from source/discord/ffi.h:9,
                 from source/discord/types.h:4,
                 from source/discord/overlay_manager.h:4,
                 from source/discord/overlay_manager.cpp:6:
/usr/include/x86_64-linux-gnu/bits/stdint-uintn.h:26:20: note: ‘uint32_t’ declared here
   26 | typedef __uint32_t uint32_t;
      |                    ^~~~~~~~
In file included from source/discord/core.h:13,
                 from source/discord/overlay_manager.cpp:8:
source/discord/storage_manager.h:17:75: error: expression list treated as compound expression in functional cast [-fpermissive]
   17 |                    std::function<void(Result, std::uint8_t*, std::uint32_t)> callback);
      |                                                                           ^
source/discord/storage_manager.h:17:76: error: template argument 1 is invalid
   17 |                    std::function<void(Result, std::uint8_t*, std::uint32_t)> callback);
      |                                                                            ^
source/discord/storage_manager.h:17:20: error: invalid template-id
   17 |                    std::function<void(Result, std::uint8_t*, std::uint32_t)> callback);
      |                    ^~~
source/discord/storage_manager.h:17:52: error: ‘uint8_t’ is not a member of ‘std’; did you mean ‘uint8_t’?
   17 |                    std::function<void(Result, std::uint8_t*, std::uint32_t)> callback);
      |                                                    ^~~~~~~
In file included from /usr/include/stdint.h:37,
                 from /usr/lib/gcc/x86_64-linux-gnu/11/include/stdint.h:9,
                 from source/discord/ffi.h:9,
                 from source/discord/types.h:4,
                 from source/discord/overlay_manager.h:4,
                 from source/discord/overlay_manager.cpp:6:
/usr/include/x86_64-linux-gnu/bits/stdint-uintn.h:24:19: note: ‘uint8_t’ declared here
   24 | typedef __uint8_t uint8_t;
      |                   ^~~~~~~
In file included from source/discord/core.h:13,
                 from source/discord/overlay_manager.cpp:8:
source/discord/storage_manager.h:17:67: error: ‘uint32_t’ is not a member of ‘std’; did you mean ‘uint32_t’?
   17 |                    std::function<void(Result, std::uint8_t*, std::uint32_t)> callback);
      |                                                                   ^~~~~~~~
In file included from /usr/include/stdint.h:37,
                 from /usr/lib/gcc/x86_64-linux-gnu/11/include/stdint.h:9,
                 from source/discord/ffi.h:9,
                 from source/discord/types.h:4,
                 from source/discord/overlay_manager.h:4,
                 from source/discord/overlay_manager.cpp:6:
/usr/include/x86_64-linux-gnu/bits/stdint-uintn.h:26:20: note: ‘uint32_t’ declared here
   26 | typedef __uint32_t uint32_t;
      |                    ^~~~~~~~
In file included from source/discord/core.h:13,
                 from source/discord/overlay_manager.cpp:8:
source/discord/storage_manager.h:17:75: error: expression list treated as compound expression in functional cast [-fpermissive]
   17 |                    std::function<void(Result, std::uint8_t*, std::uint32_t)> callback);
      |                                                                           ^
source/discord/storage_manager.h:17:34: error: expected primary-expression before ‘void’
   17 |                    std::function<void(Result, std::uint8_t*, std::uint32_t)> callback);
      |                                  ^~~~
source/discord/storage_manager.h:17:34: error: expected ‘>’ before ‘void’
source/discord/storage_manager.h:17:20: error: class template placeholder ‘std::function’ not permitted in this context
   17 |                    std::function<void(Result, std::uint8_t*, std::uint32_t)> callback);
      |                    ^~~
source/discord/storage_manager.h:19:27: error: ‘std::uint64_t’ has not been declared
   19 |                           std::uint64_t offset,
      |                           ^~~
source/discord/storage_manager.h:20:27: error: ‘std::uint64_t’ has not been declared
   20 |                           std::uint64_t length,
      |                           ^~~
source/discord/storage_manager.h:21:59: error: ‘uint8_t’ is not a member of ‘std’; did you mean ‘uint8_t’?
   21 |                           std::function<void(Result, std::uint8_t*, std::uint32_t)> callback);
      |                                                           ^~~~~~~
In file included from /usr/include/stdint.h:37,
                 from /usr/lib/gcc/x86_64-linux-gnu/11/include/stdint.h:9,
                 from source/discord/ffi.h:9,
                 from source/discord/types.h:4,
                 from source/discord/overlay_manager.h:4,
                 from source/discord/overlay_manager.cpp:6:
/usr/include/x86_64-linux-gnu/bits/stdint-uintn.h:24:19: note: ‘uint8_t’ declared here
   24 | typedef __uint8_t uint8_t;
      |                   ^~~~~~~
In file included from source/discord/core.h:13,
                 from source/discord/overlay_manager.cpp:8:
source/discord/storage_manager.h:21:74: error: ‘uint32_t’ is not a member of ‘std’; did you mean ‘uint32_t’?
   21 |                           std::function<void(Result, std::uint8_t*, std::uint32_t)> callback);
      |                                                                          ^~~~~~~~
In file included from /usr/include/stdint.h:37,
                 from /usr/lib/gcc/x86_64-linux-gnu/11/include/stdint.h:9,
                 from source/discord/ffi.h:9,
                 from source/discord/types.h:4,
                 from source/discord/overlay_manager.h:4,
                 from source/discord/overlay_manager.cpp:6:
/usr/include/x86_64-linux-gnu/bits/stdint-uintn.h:26:20: note: ‘uint32_t’ declared here
   26 | typedef __uint32_t uint32_t;
      |                    ^~~~~~~~
In file included from source/discord/core.h:13,
                 from source/discord/overlay_manager.cpp:8:
source/discord/storage_manager.h:21:82: error: expression list treated as compound expression in functional cast [-fpermissive]
   21 |                           std::function<void(Result, std::uint8_t*, std::uint32_t)> callback);
      |                                                                                  ^
source/discord/storage_manager.h:21:83: error: template argument 1 is invalid
   21 |                           std::function<void(Result, std::uint8_t*, std::uint32_t)> callback);
      |                                                                                   ^
source/discord/storage_manager.h:21:59: error: ‘uint8_t’ is not a member of ‘std’; did you mean ‘uint8_t’?
   21 |                           std::function<void(Result, std::uint8_t*, std::uint32_t)> callback);
      |                                                           ^~~~~~~
In file included from /usr/include/stdint.h:37,
                 from /usr/lib/gcc/x86_64-linux-gnu/11/include/stdint.h:9,
                 from source/discord/ffi.h:9,
                 from source/discord/types.h:4,
                 from source/discord/overlay_manager.h:4,
                 from source/discord/overlay_manager.cpp:6:
/usr/include/x86_64-linux-gnu/bits/stdint-uintn.h:24:19: note: ‘uint8_t’ declared here
   24 | typedef __uint8_t uint8_t;
      |                   ^~~~~~~
In file included from source/discord/core.h:13,
                 from source/discord/overlay_manager.cpp:8:
source/discord/storage_manager.h:21:74: error: ‘uint32_t’ is not a member of ‘std’; did you mean ‘uint32_t’?
   21 |                           std::function<void(Result, std::uint8_t*, std::uint32_t)> callback);
      |                                                                          ^~~~~~~~
In file included from /usr/include/stdint.h:37,
                 from /usr/lib/gcc/x86_64-linux-gnu/11/include/stdint.h:9,
                 from source/discord/ffi.h:9,
                 from source/discord/types.h:4,
                 from source/discord/overlay_manager.h:4,
                 from source/discord/overlay_manager.cpp:6:
/usr/include/x86_64-linux-gnu/bits/stdint-uintn.h:26:20: note: ‘uint32_t’ declared here
   26 | typedef __uint32_t uint32_t;
      |                    ^~~~~~~~
In file included from source/discord/core.h:13,
                 from source/discord/overlay_manager.cpp:8:
source/discord/storage_manager.h:21:82: error: expression list treated as compound expression in functional cast [-fpermissive]
   21 |                           std::function<void(Result, std::uint8_t*, std::uint32_t)> callback);
      |                                                                                  ^
source/discord/storage_manager.h:21:83: error: template argument 1 is invalid
   21 |                           std::function<void(Result, std::uint8_t*, std::uint32_t)> callback);
      |                                                                                   ^
source/discord/storage_manager.h:21:59: error: ‘uint8_t’ is not a member of ‘std’; did you mean ‘uint8_t’?
   21 |                           std::function<void(Result, std::uint8_t*, std::uint32_t)> callback);
      |                                                           ^~~~~~~
In file included from /usr/include/stdint.h:37,
                 from /usr/lib/gcc/x86_64-linux-gnu/11/include/stdint.h:9,
                 from source/discord/ffi.h:9,
                 from source/discord/types.h:4,
                 from source/discord/overlay_manager.h:4,
                 from source/discord/overlay_manager.cpp:6:
/usr/include/x86_64-linux-gnu/bits/stdint-uintn.h:24:19: note: ‘uint8_t’ declared here
   24 | typedef __uint8_t uint8_t;
      |                   ^~~~~~~
In file included from source/discord/core.h:13,
                 from source/discord/overlay_manager.cpp:8:
source/discord/storage_manager.h:21:74: error: ‘uint32_t’ is not a member of ‘std’; did you mean ‘uint32_t’?
   21 |                           std::function<void(Result, std::uint8_t*, std::uint32_t)> callback);
      |                                                                          ^~~~~~~~
In file included from /usr/include/stdint.h:37,
                 from /usr/lib/gcc/x86_64-linux-gnu/11/include/stdint.h:9,
                 from source/discord/ffi.h:9,
                 from source/discord/types.h:4,
                 from source/discord/overlay_manager.h:4,
                 from source/discord/overlay_manager.cpp:6:
/usr/include/x86_64-linux-gnu/bits/stdint-uintn.h:26:20: note: ‘uint32_t’ declared here
   26 | typedef __uint32_t uint32_t;
      |                    ^~~~~~~~
In file included from source/discord/core.h:13,
                 from source/discord/overlay_manager.cpp:8:
source/discord/storage_manager.h:21:82: error: expression list treated as compound expression in functional cast [-fpermissive]
   21 |                           std::function<void(Result, std::uint8_t*, std::uint32_t)> callback);
      |                                                                                  ^
source/discord/storage_manager.h:21:83: error: template argument 1 is invalid
   21 |                           std::function<void(Result, std::uint8_t*, std::uint32_t)> callback);
      |                                                                                   ^
source/discord/storage_manager.h:21:27: error: invalid template-id
   21 |                           std::function<void(Result, std::uint8_t*, std::uint32_t)> callback);
      |                           ^~~
source/discord/storage_manager.h:21:59: error: ‘uint8_t’ is not a member of ‘std’; did you mean ‘uint8_t’?
   21 |                           std::function<void(Result, std::uint8_t*, std::uint32_t)> callback);
      |                                                           ^~~~~~~
In file included from /usr/include/stdint.h:37,
                 from /usr/lib/gcc/x86_64-linux-gnu/11/include/stdint.h:9,
                 from source/discord/ffi.h:9,
                 from source/discord/types.h:4,
                 from source/discord/overlay_manager.h:4,
                 from source/discord/overlay_manager.cpp:6:
/usr/include/x86_64-linux-gnu/bits/stdint-uintn.h:24:19: note: ‘uint8_t’ declared here
   24 | typedef __uint8_t uint8_t;
      |                   ^~~~~~~
In file included from source/discord/core.h:13,
                 from source/discord/overlay_manager.cpp:8:
source/discord/storage_manager.h:21:74: error: ‘uint32_t’ is not a member of ‘std’; did you mean ‘uint32_t’?
   21 |                           std::function<void(Result, std::uint8_t*, std::uint32_t)> callback);
      |                                                                          ^~~~~~~~
In file included from /usr/include/stdint.h:37,
                 from /usr/lib/gcc/x86_64-linux-gnu/11/include/stdint.h:9,
                 from source/discord/ffi.h:9,
                 from source/discord/types.h:4,
                 from source/discord/overlay_manager.h:4,
                 from source/discord/overlay_manager.cpp:6:
/usr/include/x86_64-linux-gnu/bits/stdint-uintn.h:26:20: note: ‘uint32_t’ declared here
   26 | typedef __uint32_t uint32_t;
      |                    ^~~~~~~~
In file included from source/discord/core.h:13,
                 from source/discord/overlay_manager.cpp:8:
source/discord/storage_manager.h:21:82: error: expression list treated as compound expression in functional cast [-fpermissive]
   21 |                           std::function<void(Result, std::uint8_t*, std::uint32_t)> callback);
      |                                                                                  ^
source/discord/storage_manager.h:21:41: error: expected primary-expression before ‘void’
   21 |                           std::function<void(Result, std::uint8_t*, std::uint32_t)> callback);
      |                                         ^~~~
source/discord/storage_manager.h:21:41: error: expected ‘>’ before ‘void’
source/discord/storage_manager.h:21:27: error: class template placeholder ‘std::function’ not permitted in this context
   21 |                           std::function<void(Result, std::uint8_t*, std::uint32_t)> callback);
      |                           ^~~
source/discord/storage_manager.h:22:36: error: ‘std::uint8_t’ has not been declared
   22 |     Result Write(char const* name, std::uint8_t* data, std::uint32_t dataLength);
      |                                    ^~~
source/discord/storage_manager.h:22:56: error: ‘std::uint32_t’ has not been declared
   22 |     Result Write(char const* name, std::uint8_t* data, std::uint32_t dataLength);
      |                                                        ^~~
source/discord/storage_manager.h:24:21: error: ‘std::uint8_t’ has not been declared
   24 |                     std::uint8_t* data,
      |                     ^~~
source/discord/storage_manager.h:25:21: error: ‘std::uint32_t’ has not been declared
   25 |                     std::uint32_t dataLength,
      |                     ^~~
source/discord/storage_manager.h:29:16: error: ‘std::int32_t’ has not been declared
   29 |     void Count(std::int32_t* count);
      |                ^~~
source/discord/storage_manager.h:31:19: error: ‘std::int32_t’ has not been declared
   31 |     Result StatAt(std::int32_t index, FileStat* stat);
      |                   ^~~
In file included from source/discord/core.h:14,
                 from source/discord/overlay_manager.cpp:8:
source/discord/store_manager.h:13:20: error: ‘std::int32_t’ has not been declared
   13 |     void CountSkus(std::int32_t* count);
      |                    ^~~
source/discord/store_manager.h:14:19: error: ‘Snowflake’ has not been declared
   14 |     Result GetSku(Snowflake skuId, Sku* sku);
      |                   ^~~~~~~~~
source/discord/store_manager.h:15:21: error: ‘std::int32_t’ has not been declared
   15 |     Result GetSkuAt(std::int32_t index, Sku* sku);
      |                     ^~~
source/discord/store_manager.h:17:28: error: ‘std::int32_t’ has not been declared
   17 |     void CountEntitlements(std::int32_t* count);
      |                            ^~~
source/discord/store_manager.h:18:27: error: ‘Snowflake’ has not been declared
   18 |     Result GetEntitlement(Snowflake entitlementId, Entitlement* entitlement);
      |                           ^~~~~~~~~
source/discord/store_manager.h:19:29: error: ‘std::int32_t’ has not been declared
   19 |     Result GetEntitlementAt(std::int32_t index, Entitlement* entitlement);
      |                             ^~~
source/discord/store_manager.h:20:30: error: ‘Snowflake’ has not been declared
   20 |     Result HasSkuEntitlement(Snowflake skuId, bool* hasEntitlement);
      |                              ^~~~~~~~~
source/discord/store_manager.h:21:24: error: ‘Snowflake’ has not been declared
   21 |     void StartPurchase(Snowflake skuId, std::function<void(Result)> callback);
      |                        ^~~~~~~~~
In file included from source/discord/core.h:15,
                 from source/discord/overlay_manager.cpp:8:
source/discord/voice_manager.h:18:24: error: ‘Snowflake’ has not been declared
   18 |     Result IsLocalMute(Snowflake userId, bool* mute);
      |                        ^~~~~~~~~
source/discord/voice_manager.h:19:25: error: ‘Snowflake’ has not been declared
   19 |     Result SetLocalMute(Snowflake userId, bool mute);
      |                         ^~~~~~~~~
source/discord/voice_manager.h:20:27: error: ‘Snowflake’ has not been declared
   20 |     Result GetLocalVolume(Snowflake userId, std::uint8_t* volume);
      |                           ^~~~~~~~~
source/discord/voice_manager.h:20:45: error: ‘std::uint8_t’ has not been declared
   20 |     Result GetLocalVolume(Snowflake userId, std::uint8_t* volume);
      |                                             ^~~
source/discord/voice_manager.h:21:27: error: ‘Snowflake’ has not been declared
   21 |     Result SetLocalVolume(Snowflake userId, std::uint8_t volume);
      |                           ^~~~~~~~~
source/discord/voice_manager.h:21:45: error: ‘std::uint8_t’ has not been declared
   21 |     Result SetLocalVolume(Snowflake userId, std::uint8_t volume);
      |                                             ^~~
In file included from source/discord/core.h:16,
                 from source/discord/overlay_manager.cpp:8:
source/discord/achievement_manager.h:12:29: error: ‘Snowflake’ has not been declared
   12 |     void SetUserAchievement(Snowflake achievementId,
      |                             ^~~~~~~~~
source/discord/achievement_manager.h:13:29: error: ‘std::uint8_t’ has not been declared
   13 |                             std::uint8_t percentComplete,
      |                             ^~~
source/discord/achievement_manager.h:16:32: error: ‘std::int32_t’ has not been declared
   16 |     void CountUserAchievements(std::int32_t* count);
      |                                ^~~
source/discord/achievement_manager.h:17:31: error: ‘Snowflake’ has not been declared
   17 |     Result GetUserAchievement(Snowflake userAchievementId, UserAchievement* userAchievement);
      |                               ^~~~~~~~~
source/discord/achievement_manager.h:18:33: error: ‘std::int32_t’ has not been declared
   18 |     Result GetUserAchievementAt(std::int32_t index, UserAchievement* userAchievement);
      |                                 ^~~
In file included from source/discord/overlay_manager.cpp:8:
source/discord/core.h:22:26: error: ‘ClientId’ has not been declared
   22 |     static Result Create(ClientId clientId, std::uint64_t flags, Core** instance);
      |                          ^~~~~~~~
source/discord/core.h:22:45: error: ‘std::uint64_t’ has not been declared
   22 |     static Result Create(ClientId clientId, std::uint64_t flags, Core** instance);
      |                                             ^~~
In file included from source/discord/relationship_manager.h:4,
                 from source/discord/relationship_manager.cpp:6:
source/discord/types.h:168:23: error: ‘int64_t’ in namespace ‘std’ does not name a type
  168 | using ClientId = std::int64_t;
      |                       ^~~~~~~
source/discord/types.h:169:22: error: ‘int32_t’ in namespace ‘std’ does not name a type
  169 | using Version = std::int32_t;
      |                      ^~~~~~~
source/discord/types.h:170:24: error: ‘int64_t’ in namespace ‘std’ does not name a type
  170 | using Snowflake = std::int64_t;
      |                        ^~~~~~~
source/discord/types.h:171:24: error: ‘int64_t’ in namespace ‘std’ does not name a type
  171 | using Timestamp = std::int64_t;
      |                        ^~~~~~~
source/discord/types.h:172:16: error: ‘Snowflake’ does not name a type
  172 | using UserId = Snowflake;
      |                ^~~~~~~~~
source/discord/types.h:175:17: error: ‘Snowflake’ does not name a type
  175 | using LobbyId = Snowflake;
      |                 ^~~~~~~~~
source/discord/types.h:179:28: error: ‘uint64_t’ in namespace ‘std’ does not name a type
  179 | using NetworkPeerId = std::uint64_t;
      |                            ^~~~~~~~
source/discord/types.h:180:31: error: ‘uint8_t’ in namespace ‘std’ does not name a type
  180 | using NetworkChannelId = std::uint8_t;
      |                               ^~~~~~~
source/discord/types.h:186:16: error: ‘UserId’ has not been declared
  186 |     void SetId(UserId id);
      |                ^~~~~~
source/discord/types.h:187:5: error: ‘UserId’ does not name a type; did you mean ‘User’?
  187 |     UserId GetId() const;
      |     ^~~~~~
      |     User
source/discord/types.h:207:21: error: ‘Timestamp’ has not been declared
  207 |     void SetExpires(Timestamp expires);
      |                     ^~~~~~~~~
source/discord/types.h:208:5: error: ‘Timestamp’ does not name a type
  208 |     Timestamp GetExpires() const;
      |     ^~~~~~~~~
source/discord/types.h:218:16: error: ‘std::int64_t’ has not been declared
  218 |     void SetId(std::int64_t id);
      |                ^~~
source/discord/types.h:219:10: error: ‘int64_t’ in namespace ‘std’ does not name a type
  219 |     std::int64_t GetId() const;
      |          ^~~~~~~
source/discord/types.h:220:18: error: ‘std::uint32_t’ has not been declared
  220 |     void SetSize(std::uint32_t size);
      |                  ^~~
source/discord/types.h:221:10: error: ‘uint32_t’ in namespace ‘std’ does not name a type
  221 |     std::uint32_t GetSize() const;
      |          ^~~~~~~~
source/discord/types.h:229:19: error: ‘std::uint32_t’ has not been declared
  229 |     void SetWidth(std::uint32_t width);
      |                   ^~~
source/discord/types.h:230:10: error: ‘uint32_t’ in namespace ‘std’ does not name a type
  230 |     std::uint32_t GetWidth() const;
      |          ^~~~~~~~
source/discord/types.h:231:20: error: ‘std::uint32_t’ has not been declared
  231 |     void SetHeight(std::uint32_t height);
      |                    ^~~
source/discord/types.h:232:10: error: ‘uint32_t’ in namespace ‘std’ does not name a type
  232 |     std::uint32_t GetHeight() const;
      |          ^~~~~~~~
source/discord/types.h:240:19: error: ‘Timestamp’ has not been declared
  240 |     void SetStart(Timestamp start);
      |                   ^~~~~~~~~
source/discord/types.h:241:5: error: ‘Timestamp’ does not name a type
  241 |     Timestamp GetStart() const;
      |     ^~~~~~~~~
source/discord/types.h:242:17: error: ‘Timestamp’ has not been declared
  242 |     void SetEnd(Timestamp end);
      |                 ^~~~~~~~~
source/discord/types.h:243:5: error: ‘Timestamp’ does not name a type
  243 |     Timestamp GetEnd() const;
      |     ^~~~~~~~~
source/discord/types.h:266:25: error: ‘std::int32_t’ has not been declared
  266 |     void SetCurrentSize(std::int32_t currentSize);
      |                         ^~~
source/discord/types.h:267:10: error: ‘int32_t’ in namespace ‘std’ does not name a type
  267 |     std::int32_t GetCurrentSize() const;
      |          ^~~~~~~
source/discord/types.h:268:21: error: ‘std::int32_t’ has not been declared
  268 |     void SetMaxSize(std::int32_t maxSize);
      |                     ^~~
source/discord/types.h:269:10: error: ‘int32_t’ in namespace ‘std’ does not name a type
  269 |     std::int32_t GetMaxSize() const;
      |          ^~~~~~~
source/discord/types.h:303:27: error: ‘std::int64_t’ has not been declared
  303 |     void SetApplicationId(std::int64_t applicationId);
      |                           ^~~
source/discord/types.h:304:10: error: ‘int64_t’ in namespace ‘std’ does not name a type
  304 |     std::int64_t GetApplicationId() const;
      |          ^~~~~~~
source/discord/types.h:352:16: error: ‘LobbyId’ has not been declared
  352 |     void SetId(LobbyId id);
      |                ^~~~~~~
source/discord/types.h:353:5: error: ‘LobbyId’ does not name a type; did you mean ‘Lobby’?
  353 |     LobbyId GetId() const;
      |     ^~~~~~~
      |     Lobby
source/discord/types.h:356:21: error: ‘UserId’ has not been declared
  356 |     void SetOwnerId(UserId ownerId);
      |                     ^~~~~~
source/discord/types.h:357:5: error: ‘UserId’ does not name a type; did you mean ‘User’?
  357 |     UserId GetOwnerId() const;
      |     ^~~~~~
      |     User
source/discord/types.h:360:22: error: ‘std::uint32_t’ has not been declared
  360 |     void SetCapacity(std::uint32_t capacity);
      |                      ^~~
source/discord/types.h:361:10: error: ‘uint32_t’ in namespace ‘std’ does not name a type
  361 |     std::uint32_t GetCapacity() const;
      |          ^~~~~~~~
source/discord/types.h:373:18: error: ‘std::uint64_t’ has not been declared
  373 |     void SetSize(std::uint64_t size);
      |                  ^~~
source/discord/types.h:374:10: error: ‘uint64_t’ in namespace ‘std’ does not name a type
  374 |     std::uint64_t GetSize() const;
      |          ^~~~~~~~
source/discord/types.h:375:26: error: ‘std::uint64_t’ has not been declared
  375 |     void SetLastModified(std::uint64_t lastModified);
      |                          ^~~
source/discord/types.h:376:10: error: ‘uint64_t’ in namespace ‘std’ does not name a type
  376 |     std::uint64_t GetLastModified() const;
      |          ^~~~~~~~
source/discord/types.h:384:16: error: ‘Snowflake’ has not been declared
  384 |     void SetId(Snowflake id);
      |                ^~~~~~~~~
source/discord/types.h:385:5: error: ‘Snowflake’ does not name a type
  385 |     Snowflake GetId() const;
      |     ^~~~~~~~~
source/discord/types.h:388:19: error: ‘Snowflake’ has not been declared
  388 |     void SetSkuId(Snowflake skuId);
      |                   ^~~~~~~~~
source/discord/types.h:389:5: error: ‘Snowflake’ does not name a type
  389 |     Snowflake GetSkuId() const;
      |     ^~~~~~~~~
source/discord/types.h:397:20: error: ‘std::uint32_t’ has not been declared
  397 |     void SetAmount(std::uint32_t amount);
      |                    ^~~
source/discord/types.h:398:10: error: ‘uint32_t’ in namespace ‘std’ does not name a type
  398 |     std::uint32_t GetAmount() const;
      |          ^~~~~~~~
source/discord/types.h:408:16: error: ‘Snowflake’ has not been declared
  408 |     void SetId(Snowflake id);
      |                ^~~~~~~~~
source/discord/types.h:409:5: error: ‘Snowflake’ does not name a type
  409 |     Snowflake GetId() const;
      |     ^~~~~~~~~
source/discord/types.h:434:20: error: ‘Snowflake’ has not been declared
  434 |     void SetUserId(Snowflake userId);
      |                    ^~~~~~~~~
source/discord/types.h:435:5: error: ‘Snowflake’ does not name a type
  435 |     Snowflake GetUserId() const;
      |     ^~~~~~~~~
source/discord/types.h:436:27: error: ‘Snowflake’ has not been declared
  436 |     void SetAchievementId(Snowflake achievementId);
      |                           ^~~~~~~~~
source/discord/types.h:437:5: error: ‘Snowflake’ does not name a type
  437 |     Snowflake GetAchievementId() const;
      |     ^~~~~~~~~
source/discord/types.h:438:29: error: ‘std::uint8_t’ has not been declared
  438 |     void SetPercentComplete(std::uint8_t percentComplete);
      |                             ^~~
source/discord/types.h:439:10: error: ‘uint8_t’ in namespace ‘std’ does not name a type
  439 |     std::uint8_t GetPercentComplete() const;
      |          ^~~~~~~
source/discord/types.h:450:21: error: ‘UserId’ has not been declared
  450 |     Result SetOwner(UserId ownerId);
      |                     ^~~~~~
source/discord/types.h:451:24: error: ‘std::uint32_t’ has not been declared
  451 |     Result SetCapacity(std::uint32_t capacity);
      |                        ^~~
source/discord/types.h:482:18: error: ‘std::uint32_t’ has not been declared
  482 |     Result Limit(std::uint32_t limit);
      |                  ^~~
In file included from source/discord/relationship_manager.cpp:6:
source/discord/relationship_manager.h:13:18: error: ‘std::int32_t’ has not been declared
   13 |     Result Count(std::int32_t* count);
      |                  ^~~
source/discord/relationship_manager.h:14:16: error: ‘UserId’ has not been declared
   14 |     Result Get(UserId userId, Relationship* relationship);
      |                ^~~~~~
source/discord/relationship_manager.h:15:18: error: ‘std::uint32_t’ has not been declared
   15 |     Result GetAt(std::uint32_t index, Relationship* relationship);
      |                  ^~~
In file included from source/discord/core.h:6,
                 from source/discord/relationship_manager.cpp:8:
source/discord/user_manager.h:13:18: error: ‘UserId’ has not been declared
   13 |     void GetUser(UserId userId, std::function<void(Result, User const&)> callback);
      |                  ^~~~~~
In file included from source/discord/core.h:7,
                 from source/discord/relationship_manager.cpp:8:
source/discord/image_manager.h:14:40: error: ‘std::uint8_t’ has not been declared
   14 |     Result GetData(ImageHandle handle, std::uint8_t* data, std::uint32_t dataLength);
      |                                        ^~~
source/discord/image_manager.h:14:60: error: ‘std::uint32_t’ has not been declared
   14 |     Result GetData(ImageHandle handle, std::uint8_t* data, std::uint32_t dataLength);
      |                                                            ^~~
In file included from source/discord/core.h:8,
                 from source/discord/relationship_manager.cpp:8:
source/discord/activity_manager.h:13:26: error: ‘std::uint32_t’ has not been declared
   13 |     Result RegisterSteam(std::uint32_t steamId);
      |                          ^~~
source/discord/activity_manager.h:16:27: error: ‘UserId’ has not been declared
   16 |     void SendRequestReply(UserId userId,
      |                           ^~~~~~
source/discord/activity_manager.h:19:21: error: ‘UserId’ has not been declared
   19 |     void SendInvite(UserId userId,
      |                     ^~~~~~
source/discord/activity_manager.h:23:23: error: ‘UserId’ has not been declared
   23 |     void AcceptInvite(UserId userId, std::function<void(Result)> callback);
      |                       ^~~~~~
In file included from source/discord/core.h:10,
                 from source/discord/relationship_manager.cpp:8:
source/discord/lobby_manager.h:13:38: error: ‘LobbyId’ has not been declared
   13 |     Result GetLobbyUpdateTransaction(LobbyId lobbyId, LobbyTransaction* transaction);
      |                                      ^~~~~~~
source/discord/lobby_manager.h:14:39: error: ‘LobbyId’ has not been declared
   14 |     Result GetMemberUpdateTransaction(LobbyId lobbyId,
      |                                       ^~~~~~~
source/discord/lobby_manager.h:15:39: error: ‘UserId’ has not been declared
   15 |                                       UserId userId,
      |                                       ^~~~~~
source/discord/lobby_manager.h:19:22: error: ‘LobbyId’ has not been declared
   19 |     void UpdateLobby(LobbyId lobbyId,
      |                      ^~~~~~~
source/discord/lobby_manager.h:22:22: error: ‘LobbyId’ has not been declared
   22 |     void DeleteLobby(LobbyId lobbyId, std::function<void(Result)> callback);
      |                      ^~~~~~~
source/discord/lobby_manager.h:23:23: error: ‘LobbyId’ has not been declared
   23 |     void ConnectLobby(LobbyId lobbyId,
      |                       ^~~~~~~
source/discord/lobby_manager.h:28:26: error: ‘LobbyId’ has not been declared
   28 |     void DisconnectLobby(LobbyId lobbyId, std::function<void(Result)> callback);
      |                          ^~~~~~~
source/discord/lobby_manager.h:29:21: error: ‘LobbyId’ has not been declared
   29 |     Result GetLobby(LobbyId lobbyId, Lobby* lobby);
      |                     ^~~~~~~
source/discord/lobby_manager.h:30:35: error: ‘LobbyId’ has not been declared
   30 |     Result GetLobbyActivitySecret(LobbyId lobbyId, char secret[128]);
      |                                   ^~~~~~~
source/discord/lobby_manager.h:31:34: error: ‘LobbyId’ has not been declared
   31 |     Result GetLobbyMetadataValue(LobbyId lobbyId, MetadataKey key, char value[4096]);
      |                                  ^~~~~~~
source/discord/lobby_manager.h:32:32: error: ‘LobbyId’ has not been declared
   32 |     Result GetLobbyMetadataKey(LobbyId lobbyId, std::int32_t index, char key[256]);
      |                                ^~~~~~~
source/discord/lobby_manager.h:32:49: error: ‘std::int32_t’ has not been declared
   32 |     Result GetLobbyMetadataKey(LobbyId lobbyId, std::int32_t index, char key[256]);
      |                                                 ^~~
source/discord/lobby_manager.h:33:31: error: ‘LobbyId’ has not been declared
   33 |     Result LobbyMetadataCount(LobbyId lobbyId, std::int32_t* count);
      |                               ^~~~~~~
source/discord/lobby_manager.h:33:48: error: ‘std::int32_t’ has not been declared
   33 |     Result LobbyMetadataCount(LobbyId lobbyId, std::int32_t* count);
      |                                                ^~~
source/discord/lobby_manager.h:34:24: error: ‘LobbyId’ has not been declared
   34 |     Result MemberCount(LobbyId lobbyId, std::int32_t* count);
      |                        ^~~~~~~
source/discord/lobby_manager.h:34:41: error: ‘std::int32_t’ has not been declared
   34 |     Result MemberCount(LobbyId lobbyId, std::int32_t* count);
      |                                         ^~~
source/discord/lobby_manager.h:35:28: error: ‘LobbyId’ has not been declared
   35 |     Result GetMemberUserId(LobbyId lobbyId, std::int32_t index, UserId* userId);
      |                            ^~~~~~~
source/discord/lobby_manager.h:35:45: error: ‘std::int32_t’ has not been declared
   35 |     Result GetMemberUserId(LobbyId lobbyId, std::int32_t index, UserId* userId);
      |                                             ^~~
source/discord/lobby_manager.h:35:65: error: ‘UserId’ has not been declared
   35 |     Result GetMemberUserId(LobbyId lobbyId, std::int32_t index, UserId* userId);
      |                                                                 ^~~~~~
source/discord/lobby_manager.h:36:26: error: ‘LobbyId’ has not been declared
   36 |     Result GetMemberUser(LobbyId lobbyId, UserId userId, User* user);
      |                          ^~~~~~~
source/discord/lobby_manager.h:36:43: error: ‘UserId’ has not been declared
   36 |     Result GetMemberUser(LobbyId lobbyId, UserId userId, User* user);
      |                                           ^~~~~~
source/discord/lobby_manager.h:37:35: error: ‘LobbyId’ has not been declared
   37 |     Result GetMemberMetadataValue(LobbyId lobbyId,
      |                                   ^~~~~~~
source/discord/lobby_manager.h:38:35: error: ‘UserId’ has not been declared
   38 |                                   UserId userId,
      |                                   ^~~~~~
source/discord/lobby_manager.h:41:33: error: ‘LobbyId’ has not been declared
   41 |     Result GetMemberMetadataKey(LobbyId lobbyId, UserId userId, std::int32_t index, char key[256]);
      |                                 ^~~~~~~
source/discord/lobby_manager.h:41:50: error: ‘UserId’ has not been declared
   41 |     Result GetMemberMetadataKey(LobbyId lobbyId, UserId userId, std::int32_t index, char key[256]);
      |                                                  ^~~~~~
source/discord/lobby_manager.h:41:65: error: ‘std::int32_t’ has not been declared
   41 |     Result GetMemberMetadataKey(LobbyId lobbyId, UserId userId, std::int32_t index, char key[256]);
      |                                                                 ^~~
source/discord/lobby_manager.h:42:32: error: ‘LobbyId’ has not been declared
   42 |     Result MemberMetadataCount(LobbyId lobbyId, UserId userId, std::int32_t* count);
      |                                ^~~~~~~
source/discord/lobby_manager.h:42:49: error: ‘UserId’ has not been declared
   42 |     Result MemberMetadataCount(LobbyId lobbyId, UserId userId, std::int32_t* count);
      |                                                 ^~~~~~
source/discord/lobby_manager.h:42:64: error: ‘std::int32_t’ has not been declared
   42 |     Result MemberMetadataCount(LobbyId lobbyId, UserId userId, std::int32_t* count);
      |                                                                ^~~
source/discord/lobby_manager.h:43:23: error: ‘LobbyId’ has not been declared
   43 |     void UpdateMember(LobbyId lobbyId,
      |                       ^~~~~~~
source/discord/lobby_manager.h:44:23: error: ‘UserId’ has not been declared
   44 |                       UserId userId,
      |                       ^~~~~~
source/discord/lobby_manager.h:47:27: error: ‘LobbyId’ has not been declared
   47 |     void SendLobbyMessage(LobbyId lobbyId,
      |                           ^~~~~~~
source/discord/lobby_manager.h:48:27: error: ‘std::uint8_t’ has not been declared
   48 |                           std::uint8_t* data,
      |                           ^~~
source/discord/lobby_manager.h:49:27: error: ‘std::uint32_t’ has not been declared
   49 |                           std::uint32_t dataLength,
      |                           ^~~
source/discord/lobby_manager.h:53:21: error: ‘std::int32_t’ has not been declared
   53 |     void LobbyCount(std::int32_t* count);
      |                     ^~~
source/discord/lobby_manager.h:54:23: error: ‘std::int32_t’ has not been declared
   54 |     Result GetLobbyId(std::int32_t index, LobbyId* lobbyId);
      |                       ^~~
source/discord/lobby_manager.h:54:43: error: ‘LobbyId’ has not been declared
   54 |     Result GetLobbyId(std::int32_t index, LobbyId* lobbyId);
      |                                           ^~~~~~~
source/discord/lobby_manager.h:55:23: error: ‘LobbyId’ has not been declared
   55 |     void ConnectVoice(LobbyId lobbyId, std::function<void(Result)> callback);
      |                       ^~~~~~~
source/discord/lobby_manager.h:56:26: error: ‘LobbyId’ has not been declared
   56 |     void DisconnectVoice(LobbyId lobbyId, std::function<void(Result)> callback);
      |                          ^~~~~~~
source/discord/lobby_manager.h:57:27: error: ‘LobbyId’ has not been declared
   57 |     Result ConnectNetwork(LobbyId lobbyId);
      |                           ^~~~~~~
source/discord/lobby_manager.h:58:30: error: ‘LobbyId’ has not been declared
   58 |     Result DisconnectNetwork(LobbyId lobbyId);
      |                              ^~~~~~~
source/discord/lobby_manager.h:60:31: error: ‘LobbyId’ has not been declared
   60 |     Result OpenNetworkChannel(LobbyId lobbyId, std::uint8_t channelId, bool reliable);
      |                               ^~~~~~~
source/discord/lobby_manager.h:60:48: error: ‘std::uint8_t’ has not been declared
   60 |     Result OpenNetworkChannel(LobbyId lobbyId, std::uint8_t channelId, bool reliable);
      |                                                ^~~
source/discord/lobby_manager.h:61:31: error: ‘LobbyId’ has not been declared
   61 |     Result SendNetworkMessage(LobbyId lobbyId,
      |                               ^~~~~~~
source/discord/lobby_manager.h:62:31: error: ‘UserId’ has not been declared
   62 |                               UserId userId,
      |                               ^~~~~~
source/discord/lobby_manager.h:63:31: error: ‘std::uint8_t’ has not been declared
   63 |                               std::uint8_t channelId,
      |                               ^~~
source/discord/lobby_manager.h:64:31: error: ‘std::uint8_t’ has not been declared
   64 |                               std::uint8_t* data,
      |                               ^~~
source/discord/lobby_manager.h:65:31: error: ‘std::uint32_t’ has not been declared
   65 |                               std::uint32_t dataLength);
      |                               ^~~
source/discord/lobby_manager.h:67:16: error: ‘int64_t’ is not a member of ‘std’; did you mean ‘int64_t’?
   67 |     Event<std::int64_t> OnLobbyUpdate;
      |                ^~~~~~~
In file included from /usr/include/stdint.h:34,
                 from /usr/lib/gcc/x86_64-linux-gnu/11/include/stdint.h:9,
                 from source/discord/ffi.h:9,
                 from source/discord/types.h:4,
                 from source/discord/relationship_manager.h:4,
                 from source/discord/relationship_manager.cpp:6:
/usr/include/x86_64-linux-gnu/bits/stdint-intn.h:27:19: note: ‘int64_t’ declared here
   27 | typedef __int64_t int64_t;
      |                   ^~~~~~~
In file included from source/discord/core.h:10,
                 from source/discord/relationship_manager.cpp:8:
source/discord/lobby_manager.h:67:23: error: template argument 1 is invalid
   67 |     Event<std::int64_t> OnLobbyUpdate;
      |                       ^
source/discord/lobby_manager.h:68:16: error: ‘int64_t’ is not a member of ‘std’; did you mean ‘int64_t’?
   68 |     Event<std::int64_t, std::uint32_t> OnLobbyDelete;
      |                ^~~~~~~
In file included from /usr/include/stdint.h:34,
                 from /usr/lib/gcc/x86_64-linux-gnu/11/include/stdint.h:9,
                 from source/discord/ffi.h:9,
                 from source/discord/types.h:4,
                 from source/discord/relationship_manager.h:4,
                 from source/discord/relationship_manager.cpp:6:
/usr/include/x86_64-linux-gnu/bits/stdint-intn.h:27:19: note: ‘int64_t’ declared here
   27 | typedef __int64_t int64_t;
      |                   ^~~~~~~
In file included from source/discord/core.h:10,
                 from source/discord/relationship_manager.cpp:8:
source/discord/lobby_manager.h:68:30: error: ‘uint32_t’ is not a member of ‘std’; did you mean ‘uint32_t’?
   68 |     Event<std::int64_t, std::uint32_t> OnLobbyDelete;
      |                              ^~~~~~~~
In file included from /usr/include/stdint.h:37,
                 from /usr/lib/gcc/x86_64-linux-gnu/11/include/stdint.h:9,
                 from source/discord/ffi.h:9,
                 from source/discord/types.h:4,
                 from source/discord/relationship_manager.h:4,
                 from source/discord/relationship_manager.cpp:6:
/usr/include/x86_64-linux-gnu/bits/stdint-uintn.h:26:20: note: ‘uint32_t’ declared here
   26 | typedef __uint32_t uint32_t;
      |                    ^~~~~~~~
In file included from source/discord/core.h:10,
                 from source/discord/relationship_manager.cpp:8:
source/discord/lobby_manager.h:68:38: error: template argument 1 is invalid
   68 |     Event<std::int64_t, std::uint32_t> OnLobbyDelete;
      |                                      ^
source/discord/lobby_manager.h:68:38: error: template argument 2 is invalid
source/discord/lobby_manager.h:69:16: error: ‘int64_t’ is not a member of ‘std’; did you mean ‘int64_t’?
   69 |     Event<std::int64_t, std::int64_t> OnMemberConnect;
      |                ^~~~~~~
In file included from /usr/include/stdint.h:34,
                 from /usr/lib/gcc/x86_64-linux-gnu/11/include/stdint.h:9,
                 from source/discord/ffi.h:9,
                 from source/discord/types.h:4,
                 from source/discord/relationship_manager.h:4,
                 from source/discord/relationship_manager.cpp:6:
/usr/include/x86_64-linux-gnu/bits/stdint-intn.h:27:19: note: ‘int64_t’ declared here
   27 | typedef __int64_t int64_t;
      |                   ^~~~~~~
In file included from source/discord/core.h:10,
                 from source/discord/relationship_manager.cpp:8:
source/discord/lobby_manager.h:69:30: error: ‘int64_t’ is not a member of ‘std’; did you mean ‘int64_t’?
   69 |     Event<std::int64_t, std::int64_t> OnMemberConnect;
      |                              ^~~~~~~
In file included from /usr/include/stdint.h:34,
                 from /usr/lib/gcc/x86_64-linux-gnu/11/include/stdint.h:9,
                 from source/discord/ffi.h:9,
                 from source/discord/types.h:4,
                 from source/discord/relationship_manager.h:4,
                 from source/discord/relationship_manager.cpp:6:
/usr/include/x86_64-linux-gnu/bits/stdint-intn.h:27:19: note: ‘int64_t’ declared here
   27 | typedef __int64_t int64_t;
      |                   ^~~~~~~
In file included from source/discord/core.h:10,
                 from source/discord/relationship_manager.cpp:8:
source/discord/lobby_manager.h:69:37: error: template argument 1 is invalid
   69 |     Event<std::int64_t, std::int64_t> OnMemberConnect;
      |                                     ^
source/discord/lobby_manager.h:69:37: error: template argument 2 is invalid
source/discord/lobby_manager.h:70:16: error: ‘int64_t’ is not a member of ‘std’; did you mean ‘int64_t’?
   70 |     Event<std::int64_t, std::int64_t> OnMemberUpdate;
      |                ^~~~~~~
In file included from /usr/include/stdint.h:34,
                 from /usr/lib/gcc/x86_64-linux-gnu/11/include/stdint.h:9,
                 from source/discord/ffi.h:9,
                 from source/discord/types.h:4,
                 from source/discord/relationship_manager.h:4,
                 from source/discord/relationship_manager.cpp:6:
/usr/include/x86_64-linux-gnu/bits/stdint-intn.h:27:19: note: ‘int64_t’ declared here
   27 | typedef __int64_t int64_t;
      |                   ^~~~~~~
In file included from source/discord/core.h:10,
                 from source/discord/relationship_manager.cpp:8:
source/discord/lobby_manager.h:70:30: error: ‘int64_t’ is not a member of ‘std’; did you mean ‘int64_t’?
   70 |     Event<std::int64_t, std::int64_t> OnMemberUpdate;
      |                              ^~~~~~~
In file included from /usr/include/stdint.h:34,
                 from /usr/lib/gcc/x86_64-linux-gnu/11/include/stdint.h:9,
                 from source/discord/ffi.h:9,
                 from source/discord/types.h:4,
                 from source/discord/relationship_manager.h:4,
                 from source/discord/relationship_manager.cpp:6:
/usr/include/x86_64-linux-gnu/bits/stdint-intn.h:27:19: note: ‘int64_t’ declared here
   27 | typedef __int64_t int64_t;
      |                   ^~~~~~~
In file included from source/discord/core.h:10,
                 from source/discord/relationship_manager.cpp:8:
source/discord/lobby_manager.h:70:37: error: template argument 1 is invalid
   70 |     Event<std::int64_t, std::int64_t> OnMemberUpdate;
      |                                     ^
source/discord/lobby_manager.h:70:37: error: template argument 2 is invalid
source/discord/lobby_manager.h:71:16: error: ‘int64_t’ is not a member of ‘std’; did you mean ‘int64_t’?
   71 |     Event<std::int64_t, std::int64_t> OnMemberDisconnect;
      |                ^~~~~~~
In file included from /usr/include/stdint.h:34,
                 from /usr/lib/gcc/x86_64-linux-gnu/11/include/stdint.h:9,
                 from source/discord/ffi.h:9,
                 from source/discord/types.h:4,
                 from source/discord/relationship_manager.h:4,
                 from source/discord/relationship_manager.cpp:6:
/usr/include/x86_64-linux-gnu/bits/stdint-intn.h:27:19: note: ‘int64_t’ declared here
   27 | typedef __int64_t int64_t;
      |                   ^~~~~~~
In file included from source/discord/core.h:10,
                 from source/discord/relationship_manager.cpp:8:
source/discord/lobby_manager.h:71:30: error: ‘int64_t’ is not a member of ‘std’; did you mean ‘int64_t’?
   71 |     Event<std::int64_t, std::int64_t> OnMemberDisconnect;
      |                              ^~~~~~~
In file included from /usr/include/stdint.h:34,
                 from /usr/lib/gcc/x86_64-linux-gnu/11/include/stdint.h:9,
                 from source/discord/ffi.h:9,
                 from source/discord/types.h:4,
                 from source/discord/relationship_manager.h:4,
                 from source/discord/relationship_manager.cpp:6:
/usr/include/x86_64-linux-gnu/bits/stdint-intn.h:27:19: note: ‘int64_t’ declared here
   27 | typedef __int64_t int64_t;
      |                   ^~~~~~~
In file included from source/discord/core.h:10,
                 from source/discord/relationship_manager.cpp:8:
source/discord/lobby_manager.h:71:37: error: template argument 1 is invalid
   71 |     Event<std::int64_t, std::int64_t> OnMemberDisconnect;
      |                                     ^
source/discord/lobby_manager.h:71:37: error: template argument 2 is invalid
source/discord/lobby_manager.h:72:16: error: ‘int64_t’ is not a member of ‘std’; did you mean ‘int64_t’?
   72 |     Event<std::int64_t, std::int64_t, std::uint8_t*, std::uint32_t> OnLobbyMessage;
      |                ^~~~~~~
In file included from /usr/include/stdint.h:34,
                 from /usr/lib/gcc/x86_64-linux-gnu/11/include/stdint.h:9,
                 from source/discord/ffi.h:9,
                 from source/discord/types.h:4,
                 from source/discord/relationship_manager.h:4,
                 from source/discord/relationship_manager.cpp:6:
/usr/include/x86_64-linux-gnu/bits/stdint-intn.h:27:19: note: ‘int64_t’ declared here
   27 | typedef __int64_t int64_t;
      |                   ^~~~~~~
In file included from source/discord/core.h:10,
                 from source/discord/relationship_manager.cpp:8:
source/discord/lobby_manager.h:72:30: error: ‘int64_t’ is not a member of ‘std’; did you mean ‘int64_t’?
   72 |     Event<std::int64_t, std::int64_t, std::uint8_t*, std::uint32_t> OnLobbyMessage;
      |                              ^~~~~~~
In file included from /usr/include/stdint.h:34,
                 from /usr/lib/gcc/x86_64-linux-gnu/11/include/stdint.h:9,
                 from source/discord/ffi.h:9,
                 from source/discord/types.h:4,
                 from source/discord/relationship_manager.h:4,
                 from source/discord/relationship_manager.cpp:6:
/usr/include/x86_64-linux-gnu/bits/stdint-intn.h:27:19: note: ‘int64_t’ declared here
   27 | typedef __int64_t int64_t;
      |                   ^~~~~~~
In file included from source/discord/core.h:10,
                 from source/discord/relationship_manager.cpp:8:
source/discord/lobby_manager.h:72:44: error: ‘uint8_t’ is not a member of ‘std’; did you mean ‘uint8_t’?
   72 |     Event<std::int64_t, std::int64_t, std::uint8_t*, std::uint32_t> OnLobbyMessage;
      |                                            ^~~~~~~
In file included from /usr/include/stdint.h:37,
                 from /usr/lib/gcc/x86_64-linux-gnu/11/include/stdint.h:9,
                 from source/discord/ffi.h:9,
                 from source/discord/types.h:4,
                 from source/discord/relationship_manager.h:4,
                 from source/discord/relationship_manager.cpp:6:
/usr/include/x86_64-linux-gnu/bits/stdint-uintn.h:24:19: note: ‘uint8_t’ declared here
   24 | typedef __uint8_t uint8_t;
      |                   ^~~~~~~
In file included from source/discord/core.h:10,
                 from source/discord/relationship_manager.cpp:8:
source/discord/lobby_manager.h:72:59: error: ‘uint32_t’ is not a member of ‘std’; did you mean ‘uint32_t’?
   72 |     Event<std::int64_t, std::int64_t, std::uint8_t*, std::uint32_t> OnLobbyMessage;
      |                                                           ^~~~~~~~
In file included from /usr/include/stdint.h:37,
                 from /usr/lib/gcc/x86_64-linux-gnu/11/include/stdint.h:9,
                 from source/discord/ffi.h:9,
                 from source/discord/types.h:4,
                 from source/discord/relationship_manager.h:4,
                 from source/discord/relationship_manager.cpp:6:
/usr/include/x86_64-linux-gnu/bits/stdint-uintn.h:26:20: note: ‘uint32_t’ declared here
   26 | typedef __uint32_t uint32_t;
      |                    ^~~~~~~~
In file included from source/discord/core.h:10,
                 from source/discord/relationship_manager.cpp:8:
source/discord/lobby_manager.h:72:67: error: template argument 1 is invalid
   72 |     Event<std::int64_t, std::int64_t, std::uint8_t*, std::uint32_t> OnLobbyMessage;
      |                                                                   ^
source/discord/lobby_manager.h:72:67: error: template argument 2 is invalid
source/discord/lobby_manager.h:72:67: error: template argument 3 is invalid
source/discord/lobby_manager.h:72:67: error: template argument 4 is invalid
source/discord/lobby_manager.h:73:16: error: ‘int64_t’ is not a member of ‘std’; did you mean ‘int64_t’?
   73 |     Event<std::int64_t, std::int64_t, bool> OnSpeaking;
      |                ^~~~~~~
In file included from /usr/include/stdint.h:34,
                 from /usr/lib/gcc/x86_64-linux-gnu/11/include/stdint.h:9,
                 from source/discord/ffi.h:9,
                 from source/discord/types.h:4,
                 from source/discord/relationship_manager.h:4,
                 from source/discord/relationship_manager.cpp:6:
/usr/include/x86_64-linux-gnu/bits/stdint-intn.h:27:19: note: ‘int64_t’ declared here
   27 | typedef __int64_t int64_t;
      |                   ^~~~~~~
In file included from source/discord/core.h:10,
                 from source/discord/relationship_manager.cpp:8:
source/discord/lobby_manager.h:73:30: error: ‘int64_t’ is not a member of ‘std’; did you mean ‘int64_t’?
   73 |     Event<std::int64_t, std::int64_t, bool> OnSpeaking;
      |                              ^~~~~~~
In file included from /usr/include/stdint.h:34,
                 from /usr/lib/gcc/x86_64-linux-gnu/11/include/stdint.h:9,
                 from source/discord/ffi.h:9,
                 from source/discord/types.h:4,
                 from source/discord/relationship_manager.h:4,
                 from source/discord/relationship_manager.cpp:6:
/usr/include/x86_64-linux-gnu/bits/stdint-intn.h:27:19: note: ‘int64_t’ declared here
   27 | typedef __int64_t int64_t;
      |                   ^~~~~~~
In file included from source/discord/core.h:10,
                 from source/discord/relationship_manager.cpp:8:
source/discord/lobby_manager.h:73:43: error: template argument 1 is invalid
   73 |     Event<std::int64_t, std::int64_t, bool> OnSpeaking;
      |                                           ^
source/discord/lobby_manager.h:73:43: error: template argument 2 is invalid
source/discord/lobby_manager.h:74:16: error: ‘int64_t’ is not a member of ‘std’; did you mean ‘int64_t’?
   74 |     Event<std::int64_t, std::int64_t, std::uint8_t, std::uint8_t*, std::uint32_t> OnNetworkMessage;
      |                ^~~~~~~
In file included from /usr/include/stdint.h:34,
                 from /usr/lib/gcc/x86_64-linux-gnu/11/include/stdint.h:9,
                 from source/discord/ffi.h:9,
                 from source/discord/types.h:4,
                 from source/discord/relationship_manager.h:4,
                 from source/discord/relationship_manager.cpp:6:
/usr/include/x86_64-linux-gnu/bits/stdint-intn.h:27:19: note: ‘int64_t’ declared here
   27 | typedef __int64_t int64_t;
      |                   ^~~~~~~
In file included from source/discord/core.h:10,
                 from source/discord/relationship_manager.cpp:8:
source/discord/lobby_manager.h:74:30: error: ‘int64_t’ is not a member of ‘std’; did you mean ‘int64_t’?
   74 |     Event<std::int64_t, std::int64_t, std::uint8_t, std::uint8_t*, std::uint32_t> OnNetworkMessage;
      |                              ^~~~~~~
In file included from /usr/include/stdint.h:34,
                 from /usr/lib/gcc/x86_64-linux-gnu/11/include/stdint.h:9,
                 from source/discord/ffi.h:9,
                 from source/discord/types.h:4,
                 from source/discord/relationship_manager.h:4,
                 from source/discord/relationship_manager.cpp:6:
/usr/include/x86_64-linux-gnu/bits/stdint-intn.h:27:19: note: ‘int64_t’ declared here
   27 | typedef __int64_t int64_t;
      |                   ^~~~~~~
In file included from source/discord/core.h:10,
                 from source/discord/relationship_manager.cpp:8:
source/discord/lobby_manager.h:74:44: error: ‘uint8_t’ is not a member of ‘std’; did you mean ‘uint8_t’?
   74 |     Event<std::int64_t, std::int64_t, std::uint8_t, std::uint8_t*, std::uint32_t> OnNetworkMessage;
      |                                            ^~~~~~~
In file included from /usr/include/stdint.h:37,
                 from /usr/lib/gcc/x86_64-linux-gnu/11/include/stdint.h:9,
                 from source/discord/ffi.h:9,
                 from source/discord/types.h:4,
                 from source/discord/relationship_manager.h:4,
                 from source/discord/relationship_manager.cpp:6:
/usr/include/x86_64-linux-gnu/bits/stdint-uintn.h:24:19: note: ‘uint8_t’ declared here
   24 | typedef __uint8_t uint8_t;
      |                   ^~~~~~~
In file included from source/discord/core.h:10,
                 from source/discord/relationship_manager.cpp:8:
source/discord/lobby_manager.h:74:58: error: ‘uint8_t’ is not a member of ‘std’; did you mean ‘uint8_t’?
   74 |     Event<std::int64_t, std::int64_t, std::uint8_t, std::uint8_t*, std::uint32_t> OnNetworkMessage;
      |                                                          ^~~~~~~
In file included from /usr/include/stdint.h:37,
                 from /usr/lib/gcc/x86_64-linux-gnu/11/include/stdint.h:9,
                 from source/discord/ffi.h:9,
                 from source/discord/types.h:4,
                 from source/discord/relationship_manager.h:4,
                 from source/discord/relationship_manager.cpp:6:
/usr/include/x86_64-linux-gnu/bits/stdint-uintn.h:24:19: note: ‘uint8_t’ declared here
   24 | typedef __uint8_t uint8_t;
      |                   ^~~~~~~
In file included from source/discord/core.h:10,
                 from source/discord/relationship_manager.cpp:8:
source/discord/lobby_manager.h:74:73: error: ‘uint32_t’ is not a member of ‘std’; did you mean ‘uint32_t’?
   74 |     Event<std::int64_t, std::int64_t, std::uint8_t, std::uint8_t*, std::uint32_t> OnNetworkMessage;
      |                                                                         ^~~~~~~~
In file included from /usr/include/stdint.h:37,
                 from /usr/lib/gcc/x86_64-linux-gnu/11/include/stdint.h:9,
                 from source/discord/ffi.h:9,
                 from source/discord/types.h:4,
                 from source/discord/relationship_manager.h:4,
                 from source/discord/relationship_manager.cpp:6:
/usr/include/x86_64-linux-gnu/bits/stdint-uintn.h:26:20: note: ‘uint32_t’ declared here
   26 | typedef __uint32_t uint32_t;
      |                    ^~~~~~~~
In file included from source/discord/core.h:10,
                 from source/discord/relationship_manager.cpp:8:
source/discord/lobby_manager.h:74:81: error: template argument 1 is invalid
   74 |     Event<std::int64_t, std::int64_t, std::uint8_t, std::uint8_t*, std::uint32_t> OnNetworkMessage;
      |                                                                                 ^
source/discord/lobby_manager.h:74:81: error: template argument 2 is invalid
source/discord/lobby_manager.h:74:81: error: template argument 3 is invalid
source/discord/lobby_manager.h:74:81: error: template argument 4 is invalid
source/discord/lobby_manager.h:74:81: error: template argument 5 is invalid
In file included from source/discord/core.h:11,
                 from source/discord/relationship_manager.cpp:8:
source/discord/network_manager.h:15:20: error: ‘NetworkPeerId’ has not been declared
   15 |     void GetPeerId(NetworkPeerId* peerId);
      |                    ^~~~~~~~~~~~~
source/discord/network_manager.h:23:21: error: ‘NetworkPeerId’ has not been declared
   23 |     Result OpenPeer(NetworkPeerId peerId, char const* routeData);
      |                     ^~~~~~~~~~~~~
source/discord/network_manager.h:27:23: error: ‘NetworkPeerId’ has not been declared
   27 |     Result UpdatePeer(NetworkPeerId peerId, char const* routeData);
      |                       ^~~~~~~~~~~~~
source/discord/network_manager.h:31:22: error: ‘NetworkPeerId’ has not been declared
   31 |     Result ClosePeer(NetworkPeerId peerId);
      |                      ^~~~~~~~~~~~~
source/discord/network_manager.h:35:24: error: ‘NetworkPeerId’ has not been declared
   35 |     Result OpenChannel(NetworkPeerId peerId, NetworkChannelId channelId, bool reliable);
      |                        ^~~~~~~~~~~~~
source/discord/network_manager.h:35:46: error: ‘NetworkChannelId’ has not been declared
   35 |     Result OpenChannel(NetworkPeerId peerId, NetworkChannelId channelId, bool reliable);
      |                                              ^~~~~~~~~~~~~~~~
source/discord/network_manager.h:39:25: error: ‘NetworkPeerId’ has not been declared
   39 |     Result CloseChannel(NetworkPeerId peerId, NetworkChannelId channelId);
      |                         ^~~~~~~~~~~~~
source/discord/network_manager.h:39:47: error: ‘NetworkChannelId’ has not been declared
   39 |     Result CloseChannel(NetworkPeerId peerId, NetworkChannelId channelId);
      |                                               ^~~~~~~~~~~~~~~~
source/discord/network_manager.h:43:24: error: ‘NetworkPeerId’ has not been declared
   43 |     Result SendMessage(NetworkPeerId peerId,
      |                        ^~~~~~~~~~~~~
source/discord/network_manager.h:44:24: error: ‘NetworkChannelId’ has not been declared
   44 |                        NetworkChannelId channelId,
      |                        ^~~~~~~~~~~~~~~~
source/discord/network_manager.h:45:24: error: ‘std::uint8_t’ has not been declared
   45 |                        std::uint8_t* data,
      |                        ^~~
source/discord/network_manager.h:46:24: error: ‘std::uint32_t’ has not been declared
   46 |                        std::uint32_t dataLength);
      |                        ^~~
source/discord/network_manager.h:48:11: error: ‘NetworkPeerId’ was not declared in this scope; did you mean ‘GetPeerId’?
   48 |     Event<NetworkPeerId, NetworkChannelId, std::uint8_t*, std::uint32_t> OnMessage;
      |           ^~~~~~~~~~~~~
      |           GetPeerId
source/discord/network_manager.h:48:26: error: ‘NetworkChannelId’ was not declared in this scope
   48 |     Event<NetworkPeerId, NetworkChannelId, std::uint8_t*, std::uint32_t> OnMessage;
      |                          ^~~~~~~~~~~~~~~~
source/discord/network_manager.h:48:49: error: ‘uint8_t’ is not a member of ‘std’; did you mean ‘uint8_t’?
   48 |     Event<NetworkPeerId, NetworkChannelId, std::uint8_t*, std::uint32_t> OnMessage;
      |                                                 ^~~~~~~
In file included from /usr/include/stdint.h:37,
                 from /usr/lib/gcc/x86_64-linux-gnu/11/include/stdint.h:9,
                 from source/discord/ffi.h:9,
                 from source/discord/types.h:4,
                 from source/discord/relationship_manager.h:4,
                 from source/discord/relationship_manager.cpp:6:
/usr/include/x86_64-linux-gnu/bits/stdint-uintn.h:24:19: note: ‘uint8_t’ declared here
   24 | typedef __uint8_t uint8_t;
      |                   ^~~~~~~
In file included from source/discord/core.h:11,
                 from source/discord/relationship_manager.cpp:8:
source/discord/network_manager.h:48:64: error: ‘uint32_t’ is not a member of ‘std’; did you mean ‘uint32_t’?
   48 |     Event<NetworkPeerId, NetworkChannelId, std::uint8_t*, std::uint32_t> OnMessage;
      |                                                                ^~~~~~~~
In file included from /usr/include/stdint.h:37,
                 from /usr/lib/gcc/x86_64-linux-gnu/11/include/stdint.h:9,
                 from source/discord/ffi.h:9,
                 from source/discord/types.h:4,
                 from source/discord/relationship_manager.h:4,
                 from source/discord/relationship_manager.cpp:6:
/usr/include/x86_64-linux-gnu/bits/stdint-uintn.h:26:20: note: ‘uint32_t’ declared here
   26 | typedef __uint32_t uint32_t;
      |                    ^~~~~~~~
In file included from source/discord/core.h:11,
                 from source/discord/relationship_manager.cpp:8:
source/discord/network_manager.h:48:72: error: template argument 1 is invalid
   48 |     Event<NetworkPeerId, NetworkChannelId, std::uint8_t*, std::uint32_t> OnMessage;
      |                                                                        ^
source/discord/network_manager.h:48:72: error: template argument 2 is invalid
source/discord/network_manager.h:48:72: error: template argument 3 is invalid
source/discord/network_manager.h:48:72: error: template argument 4 is invalid
In file included from source/discord/core.h:13,
                 from source/discord/relationship_manager.cpp:8:
source/discord/storage_manager.h:13:17: error: ‘std::uint8_t’ has not been declared
   13 |                 std::uint8_t* data,
      |                 ^~~
source/discord/storage_manager.h:14:17: error: ‘std::uint32_t’ has not been declared
   14 |                 std::uint32_t dataLength,
      |                 ^~~
source/discord/storage_manager.h:15:17: error: ‘std::uint32_t’ has not been declared
   15 |                 std::uint32_t* read);
      |                 ^~~
source/discord/storage_manager.h:17:52: error: ‘uint8_t’ is not a member of ‘std’; did you mean ‘uint8_t’?
   17 |                    std::function<void(Result, std::uint8_t*, std::uint32_t)> callback);
      |                                                    ^~~~~~~
In file included from /usr/include/stdint.h:37,
                 from /usr/lib/gcc/x86_64-linux-gnu/11/include/stdint.h:9,
                 from source/discord/ffi.h:9,
                 from source/discord/types.h:4,
                 from source/discord/relationship_manager.h:4,
                 from source/discord/relationship_manager.cpp:6:
/usr/include/x86_64-linux-gnu/bits/stdint-uintn.h:24:19: note: ‘uint8_t’ declared here
   24 | typedef __uint8_t uint8_t;
      |                   ^~~~~~~
In file included from source/discord/core.h:13,
                 from source/discord/relationship_manager.cpp:8:
source/discord/storage_manager.h:17:67: error: ‘uint32_t’ is not a member of ‘std’; did you mean ‘uint32_t’?
   17 |                    std::function<void(Result, std::uint8_t*, std::uint32_t)> callback);
      |                                                                   ^~~~~~~~
In file included from /usr/include/stdint.h:37,
                 from /usr/lib/gcc/x86_64-linux-gnu/11/include/stdint.h:9,
                 from source/discord/ffi.h:9,
                 from source/discord/types.h:4,
                 from source/discord/relationship_manager.h:4,
                 from source/discord/relationship_manager.cpp:6:
/usr/include/x86_64-linux-gnu/bits/stdint-uintn.h:26:20: note: ‘uint32_t’ declared here
   26 | typedef __uint32_t uint32_t;
      |                    ^~~~~~~~
In file included from source/discord/core.h:13,
                 from source/discord/relationship_manager.cpp:8:
source/discord/storage_manager.h:17:75: error: expression list treated as compound expression in functional cast [-fpermissive]
   17 |                    std::function<void(Result, std::uint8_t*, std::uint32_t)> callback);
      |                                                                           ^
source/discord/storage_manager.h:17:76: error: template argument 1 is invalid
   17 |                    std::function<void(Result, std::uint8_t*, std::uint32_t)> callback);
      |                                                                            ^
source/discord/storage_manager.h:17:52: error: ‘uint8_t’ is not a member of ‘std’; did you mean ‘uint8_t’?
   17 |                    std::function<void(Result, std::uint8_t*, std::uint32_t)> callback);
      |                                                    ^~~~~~~
In file included from /usr/include/stdint.h:37,
                 from /usr/lib/gcc/x86_64-linux-gnu/11/include/stdint.h:9,
                 from source/discord/ffi.h:9,
                 from source/discord/types.h:4,
                 from source/discord/relationship_manager.h:4,
                 from source/discord/relationship_manager.cpp:6:
/usr/include/x86_64-linux-gnu/bits/stdint-uintn.h:24:19: note: ‘uint8_t’ declared here
   24 | typedef __uint8_t uint8_t;
      |                   ^~~~~~~
In file included from source/discord/core.h:13,
                 from source/discord/relationship_manager.cpp:8:
source/discord/storage_manager.h:17:67: error: ‘uint32_t’ is not a member of ‘std’; did you mean ‘uint32_t’?
   17 |                    std::function<void(Result, std::uint8_t*, std::uint32_t)> callback);
      |                                                                   ^~~~~~~~
In file included from /usr/include/stdint.h:37,
                 from /usr/lib/gcc/x86_64-linux-gnu/11/include/stdint.h:9,
                 from source/discord/ffi.h:9,
                 from source/discord/types.h:4,
                 from source/discord/relationship_manager.h:4,
                 from source/discord/relationship_manager.cpp:6:
/usr/include/x86_64-linux-gnu/bits/stdint-uintn.h:26:20: note: ‘uint32_t’ declared here
   26 | typedef __uint32_t uint32_t;
      |                    ^~~~~~~~
In file included from source/discord/core.h:13,
                 from source/discord/relationship_manager.cpp:8:
source/discord/storage_manager.h:17:75: error: expression list treated as compound expression in functional cast [-fpermissive]
   17 |                    std::function<void(Result, std::uint8_t*, std::uint32_t)> callback);
      |                                                                           ^
source/discord/storage_manager.h:17:76: error: template argument 1 is invalid
   17 |                    std::function<void(Result, std::uint8_t*, std::uint32_t)> callback);
      |                                                                            ^
source/discord/storage_manager.h:17:52: error: ‘uint8_t’ is not a member of ‘std’; did you mean ‘uint8_t’?
   17 |                    std::function<void(Result, std::uint8_t*, std::uint32_t)> callback);
      |                                                    ^~~~~~~
In file included from /usr/include/stdint.h:37,
                 from /usr/lib/gcc/x86_64-linux-gnu/11/include/stdint.h:9,
                 from source/discord/ffi.h:9,
                 from source/discord/types.h:4,
                 from source/discord/relationship_manager.h:4,
                 from source/discord/relationship_manager.cpp:6:
/usr/include/x86_64-linux-gnu/bits/stdint-uintn.h:24:19: note: ‘uint8_t’ declared here
   24 | typedef __uint8_t uint8_t;
      |                   ^~~~~~~
In file included from source/discord/core.h:13,
                 from source/discord/relationship_manager.cpp:8:
source/discord/storage_manager.h:17:67: error: ‘uint32_t’ is not a member of ‘std’; did you mean ‘uint32_t’?
   17 |                    std::function<void(Result, std::uint8_t*, std::uint32_t)> callback);
      |                                                                   ^~~~~~~~
In file included from /usr/include/stdint.h:37,
                 from /usr/lib/gcc/x86_64-linux-gnu/11/include/stdint.h:9,
                 from source/discord/ffi.h:9,
                 from source/discord/types.h:4,
                 from source/discord/relationship_manager.h:4,
                 from source/discord/relationship_manager.cpp:6:
/usr/include/x86_64-linux-gnu/bits/stdint-uintn.h:26:20: note: ‘uint32_t’ declared here
   26 | typedef __uint32_t uint32_t;
      |                    ^~~~~~~~
In file included from source/discord/core.h:13,
                 from source/discord/relationship_manager.cpp:8:
source/discord/storage_manager.h:17:75: error: expression list treated as compound expression in functional cast [-fpermissive]
   17 |                    std::function<void(Result, std::uint8_t*, std::uint32_t)> callback);
      |                                                                           ^
source/discord/storage_manager.h:17:76: error: template argument 1 is invalid
   17 |                    std::function<void(Result, std::uint8_t*, std::uint32_t)> callback);
      |                                                                            ^
source/discord/storage_manager.h:17:20: error: invalid template-id
   17 |                    std::function<void(Result, std::uint8_t*, std::uint32_t)> callback);
      |                    ^~~
source/discord/storage_manager.h:17:52: error: ‘uint8_t’ is not a member of ‘std’; did you mean ‘uint8_t’?
   17 |                    std::function<void(Result, std::uint8_t*, std::uint32_t)> callback);
      |                                                    ^~~~~~~
In file included from /usr/include/stdint.h:37,
                 from /usr/lib/gcc/x86_64-linux-gnu/11/include/stdint.h:9,
                 from source/discord/ffi.h:9,
                 from source/discord/types.h:4,
                 from source/discord/relationship_manager.h:4,
                 from source/discord/relationship_manager.cpp:6:
/usr/include/x86_64-linux-gnu/bits/stdint-uintn.h:24:19: note: ‘uint8_t’ declared here
   24 | typedef __uint8_t uint8_t;
      |                   ^~~~~~~
In file included from source/discord/core.h:13,
                 from source/discord/relationship_manager.cpp:8:
source/discord/storage_manager.h:17:67: error: ‘uint32_t’ is not a member of ‘std’; did you mean ‘uint32_t’?
   17 |                    std::function<void(Result, std::uint8_t*, std::uint32_t)> callback);
      |                                                                   ^~~~~~~~
In file included from /usr/include/stdint.h:37,
                 from /usr/lib/gcc/x86_64-linux-gnu/11/include/stdint.h:9,
                 from source/discord/ffi.h:9,
                 from source/discord/types.h:4,
                 from source/discord/relationship_manager.h:4,
                 from source/discord/relationship_manager.cpp:6:
/usr/include/x86_64-linux-gnu/bits/stdint-uintn.h:26:20: note: ‘uint32_t’ declared here
   26 | typedef __uint32_t uint32_t;
      |                    ^~~~~~~~
In file included from source/discord/core.h:13,
                 from source/discord/relationship_manager.cpp:8:
source/discord/storage_manager.h:17:75: error: expression list treated as compound expression in functional cast [-fpermissive]
   17 |                    std::function<void(Result, std::uint8_t*, std::uint32_t)> callback);
      |                                                                           ^
source/discord/storage_manager.h:17:34: error: expected primary-expression before ‘void’
   17 |                    std::function<void(Result, std::uint8_t*, std::uint32_t)> callback);
      |                                  ^~~~
source/discord/storage_manager.h:17:34: error: expected ‘>’ before ‘void’
source/discord/storage_manager.h:17:20: error: class template placeholder ‘std::function’ not permitted in this context
   17 |                    std::function<void(Result, std::uint8_t*, std::uint32_t)> callback);
      |                    ^~~
source/discord/storage_manager.h:19:27: error: ‘std::uint64_t’ has not been declared
   19 |                           std::uint64_t offset,
      |                           ^~~
source/discord/storage_manager.h:20:27: error: ‘std::uint64_t’ has not been declared
   20 |                           std::uint64_t length,
      |                           ^~~
source/discord/storage_manager.h:21:59: error: ‘uint8_t’ is not a member of ‘std’; did you mean ‘uint8_t’?
   21 |                           std::function<void(Result, std::uint8_t*, std::uint32_t)> callback);
      |                                                           ^~~~~~~
In file included from /usr/include/stdint.h:37,
                 from /usr/lib/gcc/x86_64-linux-gnu/11/include/stdint.h:9,
                 from source/discord/ffi.h:9,
                 from source/discord/types.h:4,
                 from source/discord/relationship_manager.h:4,
                 from source/discord/relationship_manager.cpp:6:
/usr/include/x86_64-linux-gnu/bits/stdint-uintn.h:24:19: note: ‘uint8_t’ declared here
   24 | typedef __uint8_t uint8_t;
      |                   ^~~~~~~
In file included from source/discord/core.h:13,
                 from source/discord/relationship_manager.cpp:8:
source/discord/storage_manager.h:21:74: error: ‘uint32_t’ is not a member of ‘std’; did you mean ‘uint32_t’?
   21 |                           std::function<void(Result, std::uint8_t*, std::uint32_t)> callback);
      |                                                                          ^~~~~~~~
In file included from /usr/include/stdint.h:37,
                 from /usr/lib/gcc/x86_64-linux-gnu/11/include/stdint.h:9,
                 from source/discord/ffi.h:9,
                 from source/discord/types.h:4,
                 from source/discord/relationship_manager.h:4,
                 from source/discord/relationship_manager.cpp:6:
/usr/include/x86_64-linux-gnu/bits/stdint-uintn.h:26:20: note: ‘uint32_t’ declared here
   26 | typedef __uint32_t uint32_t;
      |                    ^~~~~~~~
In file included from source/discord/core.h:13,
                 from source/discord/relationship_manager.cpp:8:
source/discord/storage_manager.h:21:82: error: expression list treated as compound expression in functional cast [-fpermissive]
   21 |                           std::function<void(Result, std::uint8_t*, std::uint32_t)> callback);
      |                                                                                  ^
source/discord/storage_manager.h:21:83: error: template argument 1 is invalid
   21 |                           std::function<void(Result, std::uint8_t*, std::uint32_t)> callback);
      |                                                                                   ^
source/discord/storage_manager.h:21:59: error: ‘uint8_t’ is not a member of ‘std’; did you mean ‘uint8_t’?
   21 |                           std::function<void(Result, std::uint8_t*, std::uint32_t)> callback);
      |                                                           ^~~~~~~
In file included from /usr/include/stdint.h:37,
                 from /usr/lib/gcc/x86_64-linux-gnu/11/include/stdint.h:9,
                 from source/discord/ffi.h:9,
                 from source/discord/types.h:4,
                 from source/discord/relationship_manager.h:4,
                 from source/discord/relationship_manager.cpp:6:
/usr/include/x86_64-linux-gnu/bits/stdint-uintn.h:24:19: note: ‘uint8_t’ declared here
   24 | typedef __uint8_t uint8_t;
      |                   ^~~~~~~
In file included from source/discord/core.h:13,
                 from source/discord/relationship_manager.cpp:8:
source/discord/storage_manager.h:21:74: error: ‘uint32_t’ is not a member of ‘std’; did you mean ‘uint32_t’?
   21 |                           std::function<void(Result, std::uint8_t*, std::uint32_t)> callback);
      |                                                                          ^~~~~~~~
In file included from /usr/include/stdint.h:37,
                 from /usr/lib/gcc/x86_64-linux-gnu/11/include/stdint.h:9,
                 from source/discord/ffi.h:9,
                 from source/discord/types.h:4,
                 from source/discord/relationship_manager.h:4,
                 from source/discord/relationship_manager.cpp:6:
/usr/include/x86_64-linux-gnu/bits/stdint-uintn.h:26:20: note: ‘uint32_t’ declared here
   26 | typedef __uint32_t uint32_t;
      |                    ^~~~~~~~
In file included from source/discord/core.h:13,
                 from source/discord/relationship_manager.cpp:8:
source/discord/storage_manager.h:21:82: error: expression list treated as compound expression in functional cast [-fpermissive]
   21 |                           std::function<void(Result, std::uint8_t*, std::uint32_t)> callback);
      |                                                                                  ^
source/discord/storage_manager.h:21:83: error: template argument 1 is invalid
   21 |                           std::function<void(Result, std::uint8_t*, std::uint32_t)> callback);
      |                                                                                   ^
source/discord/storage_manager.h:21:59: error: ‘uint8_t’ is not a member of ‘std’; did you mean ‘uint8_t’?
   21 |                           std::function<void(Result, std::uint8_t*, std::uint32_t)> callback);
      |                                                           ^~~~~~~
In file included from /usr/include/stdint.h:37,
                 from /usr/lib/gcc/x86_64-linux-gnu/11/include/stdint.h:9,
                 from source/discord/ffi.h:9,
                 from source/discord/types.h:4,
                 from source/discord/relationship_manager.h:4,
                 from source/discord/relationship_manager.cpp:6:
/usr/include/x86_64-linux-gnu/bits/stdint-uintn.h:24:19: note: ‘uint8_t’ declared here
   24 | typedef __uint8_t uint8_t;
      |                   ^~~~~~~
In file included from source/discord/core.h:13,
                 from source/discord/relationship_manager.cpp:8:
source/discord/storage_manager.h:21:74: error: ‘uint32_t’ is not a member of ‘std’; did you mean ‘uint32_t’?
   21 |                           std::function<void(Result, std::uint8_t*, std::uint32_t)> callback);
      |                                                                          ^~~~~~~~
In file included from /usr/include/stdint.h:37,
                 from /usr/lib/gcc/x86_64-linux-gnu/11/include/stdint.h:9,
                 from source/discord/ffi.h:9,
                 from source/discord/types.h:4,
                 from source/discord/relationship_manager.h:4,
                 from source/discord/relationship_manager.cpp:6:
/usr/include/x86_64-linux-gnu/bits/stdint-uintn.h:26:20: note: ‘uint32_t’ declared here
   26 | typedef __uint32_t uint32_t;
      |                    ^~~~~~~~
In file included from source/discord/core.h:13,
                 from source/discord/relationship_manager.cpp:8:
source/discord/storage_manager.h:21:82: error: expression list treated as compound expression in functional cast [-fpermissive]
   21 |                           std::function<void(Result, std::uint8_t*, std::uint32_t)> callback);
      |                                                                                  ^
source/discord/storage_manager.h:21:83: error: template argument 1 is invalid
   21 |                           std::function<void(Result, std::uint8_t*, std::uint32_t)> callback);
      |                                                                                   ^
source/discord/storage_manager.h:21:27: error: invalid template-id
   21 |                           std::function<void(Result, std::uint8_t*, std::uint32_t)> callback);
      |                           ^~~
source/discord/storage_manager.h:21:59: error: ‘uint8_t’ is not a member of ‘std’; did you mean ‘uint8_t’?
   21 |                           std::function<void(Result, std::uint8_t*, std::uint32_t)> callback);
      |                                                           ^~~~~~~
In file included from /usr/include/stdint.h:37,
                 from /usr/lib/gcc/x86_64-linux-gnu/11/include/stdint.h:9,
                 from source/discord/ffi.h:9,
                 from source/discord/types.h:4,
                 from source/discord/relationship_manager.h:4,
                 from source/discord/relationship_manager.cpp:6:
/usr/include/x86_64-linux-gnu/bits/stdint-uintn.h:24:19: note: ‘uint8_t’ declared here
   24 | typedef __uint8_t uint8_t;
      |                   ^~~~~~~
In file included from source/discord/core.h:13,
                 from source/discord/relationship_manager.cpp:8:
source/discord/storage_manager.h:21:74: error: ‘uint32_t’ is not a member of ‘std’; did you mean ‘uint32_t’?
   21 |                           std::function<void(Result, std::uint8_t*, std::uint32_t)> callback);
      |                                                                          ^~~~~~~~
In file included from /usr/include/stdint.h:37,
                 from /usr/lib/gcc/x86_64-linux-gnu/11/include/stdint.h:9,
                 from source/discord/ffi.h:9,
                 from source/discord/types.h:4,
                 from source/discord/relationship_manager.h:4,
                 from source/discord/relationship_manager.cpp:6:
/usr/include/x86_64-linux-gnu/bits/stdint-uintn.h:26:20: note: ‘uint32_t’ declared here
   26 | typedef __uint32_t uint32_t;
      |                    ^~~~~~~~
In file included from source/discord/core.h:13,
                 from source/discord/relationship_manager.cpp:8:
source/discord/storage_manager.h:21:82: error: expression list treated as compound expression in functional cast [-fpermissive]
   21 |                           std::function<void(Result, std::uint8_t*, std::uint32_t)> callback);
      |                                                                                  ^
source/discord/storage_manager.h:21:41: error: expected primary-expression before ‘void’
   21 |                           std::function<void(Result, std::uint8_t*, std::uint32_t)> callback);
      |                                         ^~~~
source/discord/storage_manager.h:21:41: error: expected ‘>’ before ‘void’
source/discord/storage_manager.h:21:27: error: class template placeholder ‘std::function’ not permitted in this context
   21 |                           std::function<void(Result, std::uint8_t*, std::uint32_t)> callback);
      |                           ^~~
source/discord/storage_manager.h:22:36: error: ‘std::uint8_t’ has not been declared
   22 |     Result Write(char const* name, std::uint8_t* data, std::uint32_t dataLength);
      |                                    ^~~
source/discord/storage_manager.h:22:56: error: ‘std::uint32_t’ has not been declared
   22 |     Result Write(char const* name, std::uint8_t* data, std::uint32_t dataLength);
      |                                                        ^~~
source/discord/storage_manager.h:24:21: error: ‘std::uint8_t’ has not been declared
   24 |                     std::uint8_t* data,
      |                     ^~~
source/discord/storage_manager.h:25:21: error: ‘std::uint32_t’ has not been declared
   25 |                     std::uint32_t dataLength,
      |                     ^~~
source/discord/storage_manager.h:29:16: error: ‘std::int32_t’ has not been declared
   29 |     void Count(std::int32_t* count);
      |                ^~~
source/discord/storage_manager.h:31:19: error: ‘std::int32_t’ has not been declared
   31 |     Result StatAt(std::int32_t index, FileStat* stat);
      |                   ^~~
In file included from source/discord/core.h:14,
                 from source/discord/relationship_manager.cpp:8:
source/discord/store_manager.h:13:20: error: ‘std::int32_t’ has not been declared
   13 |     void CountSkus(std::int32_t* count);
      |                    ^~~
source/discord/store_manager.h:14:19: error: ‘Snowflake’ has not been declared
   14 |     Result GetSku(Snowflake skuId, Sku* sku);
      |                   ^~~~~~~~~
source/discord/store_manager.h:15:21: error: ‘std::int32_t’ has not been declared
   15 |     Result GetSkuAt(std::int32_t index, Sku* sku);
      |                     ^~~
source/discord/store_manager.h:17:28: error: ‘std::int32_t’ has not been declared
   17 |     void CountEntitlements(std::int32_t* count);
      |                            ^~~
source/discord/store_manager.h:18:27: error: ‘Snowflake’ has not been declared
   18 |     Result GetEntitlement(Snowflake entitlementId, Entitlement* entitlement);
      |                           ^~~~~~~~~
source/discord/store_manager.h:19:29: error: ‘std::int32_t’ has not been declared
   19 |     Result GetEntitlementAt(std::int32_t index, Entitlement* entitlement);
      |                             ^~~
source/discord/store_manager.h:20:30: error: ‘Snowflake’ has not been declared
   20 |     Result HasSkuEntitlement(Snowflake skuId, bool* hasEntitlement);
      |                              ^~~~~~~~~
source/discord/store_manager.h:21:24: error: ‘Snowflake’ has not been declared
   21 |     void StartPurchase(Snowflake skuId, std::function<void(Result)> callback);
      |                        ^~~~~~~~~
In file included from source/discord/core.h:15,
                 from source/discord/relationship_manager.cpp:8:
source/discord/voice_manager.h:18:24: error: ‘Snowflake’ has not been declared
   18 |     Result IsLocalMute(Snowflake userId, bool* mute);
      |                        ^~~~~~~~~
source/discord/voice_manager.h:19:25: error: ‘Snowflake’ has not been declared
   19 |     Result SetLocalMute(Snowflake userId, bool mute);
      |                         ^~~~~~~~~
source/discord/voice_manager.h:20:27: error: ‘Snowflake’ has not been declared
   20 |     Result GetLocalVolume(Snowflake userId, std::uint8_t* volume);
      |                           ^~~~~~~~~
source/discord/voice_manager.h:20:45: error: ‘std::uint8_t’ has not been declared
   20 |     Result GetLocalVolume(Snowflake userId, std::uint8_t* volume);
      |                                             ^~~
source/discord/voice_manager.h:21:27: error: ‘Snowflake’ has not been declared
   21 |     Result SetLocalVolume(Snowflake userId, std::uint8_t volume);
      |                           ^~~~~~~~~
source/discord/voice_manager.h:21:45: error: ‘std::uint8_t’ has not been declared
   21 |     Result SetLocalVolume(Snowflake userId, std::uint8_t volume);
      |                                             ^~~
In file included from source/discord/core.h:16,
                 from source/discord/relationship_manager.cpp:8:
source/discord/achievement_manager.h:12:29: error: ‘Snowflake’ has not been declared
   12 |     void SetUserAchievement(Snowflake achievementId,
      |                             ^~~~~~~~~
source/discord/achievement_manager.h:13:29: error: ‘std::uint8_t’ has not been declared
   13 |                             std::uint8_t percentComplete,
      |                             ^~~
source/discord/achievement_manager.h:16:32: error: ‘std::int32_t’ has not been declared
   16 |     void CountUserAchievements(std::int32_t* count);
      |                                ^~~
source/discord/achievement_manager.h:17:31: error: ‘Snowflake’ has not been declared
   17 |     Result GetUserAchievement(Snowflake userAchievementId, UserAchievement* userAchievement);
      |                               ^~~~~~~~~
source/discord/achievement_manager.h:18:33: error: ‘std::int32_t’ has not been declared
   18 |     Result GetUserAchievementAt(std::int32_t index, UserAchievement* userAchievement);
      |                                 ^~~
In file included from source/discord/relationship_manager.cpp:8:
source/discord/core.h:22:26: error: ‘ClientId’ has not been declared
   22 |     static Result Create(ClientId clientId, std::uint64_t flags, Core** instance);
      |                          ^~~~~~~~
source/discord/core.h:22:45: error: ‘std::uint64_t’ has not been declared
   22 |     static Result Create(ClientId clientId, std::uint64_t flags, Core** instance);
      |                                             ^~~
source/discord/relationship_manager.cpp:59:8: error: ‘discord::Result discord::RelationshipManager::Count’ is not a static data member of ‘class discord::RelationshipManager’
   59 | Result RelationshipManager::Count(std::int32_t* count)
      |        ^~~~~~~~~~~~~~~~~~~
source/discord/relationship_manager.cpp:59:40: error: ‘int32_t’ is not a member of ‘std’; did you mean ‘int32_t’?
   59 | Result RelationshipManager::Count(std::int32_t* count)
      |                                        ^~~~~~~
In file included from /usr/include/stdint.h:34,
                 from /usr/lib/gcc/x86_64-linux-gnu/11/include/stdint.h:9,
                 from source/discord/ffi.h:9,
                 from source/discord/types.h:4,
                 from source/discord/relationship_manager.h:4,
                 from source/discord/relationship_manager.cpp:6:
/usr/include/x86_64-linux-gnu/bits/stdint-intn.h:26:19: note: ‘int32_t’ declared here
   26 | typedef __int32_t int32_t;
      |                   ^~~~~~~
source/discord/relationship_manager.cpp:59:49: error: ‘count’ was not declared in this scope; did you mean ‘std::count’?
   59 | Result RelationshipManager::Count(std::int32_t* count)
      |                                                 ^~~~~
      |                                                 std::count
In file included from /usr/include/c++/11/functional:65,
                 from source/discord/event.h:4,
                 from source/discord/types.h:5,
                 from source/discord/relationship_manager.h:4,
                 from source/discord/relationship_manager.cpp:6:
/usr/include/c++/11/bits/stl_algo.h:4059:5: note: ‘std::count’ declared here
 4059 |     count(_InputIterator __first, _InputIterator __last, const _Tp& __value)
      |     ^~~~~
source/discord/relationship_manager.cpp:69:8: error: ‘discord::Result discord::RelationshipManager::Get’ is not a static data member of ‘class discord::RelationshipManager’
   69 | Result RelationshipManager::Get(UserId userId, Relationship* relationship)
      |        ^~~~~~~~~~~~~~~~~~~
source/discord/relationship_manager.cpp:69:33: error: ‘UserId’ was not declared in this scope; did you mean ‘User’?
   69 | Result RelationshipManager::Get(UserId userId, Relationship* relationship)
      |                                 ^~~~~~
      |                                 User
source/discord/relationship_manager.cpp:69:60: error: expected primary-expression before ‘*’ token
   69 | Result RelationshipManager::Get(UserId userId, Relationship* relationship)
      |                                                            ^
source/discord/relationship_manager.cpp:69:62: error: ‘relationship’ was not declared in this scope; did you mean ‘Relationship’?
   69 | Result RelationshipManager::Get(UserId userId, Relationship* relationship)
      |                                                              ^~~~~~~~~~~~
      |                                                              Relationship
source/discord/relationship_manager.cpp:69:74: error: expression list treated as compound expression in initializer [-fpermissive]
   69 | Result RelationshipManager::Get(UserId userId, Relationship* relationship)
      |                                                                          ^
source/discord/relationship_manager.cpp:80:8: error: ‘discord::Result discord::RelationshipManager::GetAt’ is not a static data member of ‘class discord::RelationshipManager’
   80 | Result RelationshipManager::GetAt(std::uint32_t index, Relationship* relationship)
      |        ^~~~~~~~~~~~~~~~~~~
source/discord/relationship_manager.cpp:80:40: error: ‘uint32_t’ is not a member of ‘std’; did you mean ‘wint_t’?
   80 | Result RelationshipManager::GetAt(std::uint32_t index, Relationship* relationship)
      |                                        ^~~~~~~~
      |                                        wint_t
source/discord/relationship_manager.cpp:80:68: error: expected primary-expression before ‘*’ token
   80 | Result RelationshipManager::GetAt(std::uint32_t index, Relationship* relationship)
      |                                                                    ^
source/discord/relationship_manager.cpp:80:70: error: ‘relationship’ was not declared in this scope; did you mean ‘Relationship’?
   80 | Result RelationshipManager::GetAt(std::uint32_t index, Relationship* relationship)
      |                                                                      ^~~~~~~~~~~~
      |                                                                      Relationship
source/discord/relationship_manager.cpp:80:82: error: expression list treated as compound expression in initializer [-fpermissive]
   80 | Result RelationshipManager::GetAt(std::uint32_t index, Relationship* relationship)
      |                                                                                  ^
In file included from source/discord/storage_manager.h:4,
                 from source/discord/storage_manager.cpp:7:
source/discord/types.h:168:23: error: ‘int64_t’ in namespace ‘std’ does not name a type
  168 | using ClientId = std::int64_t;
      |                       ^~~~~~~
source/discord/types.h:169:22: error: ‘int32_t’ in namespace ‘std’ does not name a type
  169 | using Version = std::int32_t;
      |                      ^~~~~~~
source/discord/types.h:170:24: error: ‘int64_t’ in namespace ‘std’ does not name a type
  170 | using Snowflake = std::int64_t;
      |                        ^~~~~~~
source/discord/types.h:171:24: error: ‘int64_t’ in namespace ‘std’ does not name a type
  171 | using Timestamp = std::int64_t;
      |                        ^~~~~~~
source/discord/types.h:172:16: error: ‘Snowflake’ does not name a type
  172 | using UserId = Snowflake;
      |                ^~~~~~~~~
source/discord/types.h:175:17: error: ‘Snowflake’ does not name a type
  175 | using LobbyId = Snowflake;
      |                 ^~~~~~~~~
source/discord/types.h:179:28: error: ‘uint64_t’ in namespace ‘std’ does not name a type
  179 | using NetworkPeerId = std::uint64_t;
      |                            ^~~~~~~~
source/discord/types.h:180:31: error: ‘uint8_t’ in namespace ‘std’ does not name a type
  180 | using NetworkChannelId = std::uint8_t;
      |                               ^~~~~~~
source/discord/types.h:186:16: error: ‘UserId’ has not been declared
  186 |     void SetId(UserId id);
      |                ^~~~~~
source/discord/types.h:187:5: error: ‘UserId’ does not name a type; did you mean ‘User’?
  187 |     UserId GetId() const;
      |     ^~~~~~
      |     User
source/discord/types.h:207:21: error: ‘Timestamp’ has not been declared
  207 |     void SetExpires(Timestamp expires);
      |                     ^~~~~~~~~
source/discord/types.h:208:5: error: ‘Timestamp’ does not name a type
  208 |     Timestamp GetExpires() const;
      |     ^~~~~~~~~
source/discord/types.h:218:16: error: ‘std::int64_t’ has not been declared
  218 |     void SetId(std::int64_t id);
      |                ^~~
source/discord/types.h:219:10: error: ‘int64_t’ in namespace ‘std’ does not name a type
  219 |     std::int64_t GetId() const;
      |          ^~~~~~~
source/discord/types.h:220:18: error: ‘std::uint32_t’ has not been declared
  220 |     void SetSize(std::uint32_t size);
      |                  ^~~
source/discord/types.h:221:10: error: ‘uint32_t’ in namespace ‘std’ does not name a type
  221 |     std::uint32_t GetSize() const;
      |          ^~~~~~~~
source/discord/types.h:229:19: error: ‘std::uint32_t’ has not been declared
  229 |     void SetWidth(std::uint32_t width);
      |                   ^~~
source/discord/types.h:230:10: error: ‘uint32_t’ in namespace ‘std’ does not name a type
  230 |     std::uint32_t GetWidth() const;
      |          ^~~~~~~~
source/discord/types.h:231:20: error: ‘std::uint32_t’ has not been declared
  231 |     void SetHeight(std::uint32_t height);
      |                    ^~~
source/discord/types.h:232:10: error: ‘uint32_t’ in namespace ‘std’ does not name a type
  232 |     std::uint32_t GetHeight() const;
      |          ^~~~~~~~
source/discord/types.h:240:19: error: ‘Timestamp’ has not been declared
  240 |     void SetStart(Timestamp start);
      |                   ^~~~~~~~~
source/discord/types.h:241:5: error: ‘Timestamp’ does not name a type
  241 |     Timestamp GetStart() const;
      |     ^~~~~~~~~
source/discord/types.h:242:17: error: ‘Timestamp’ has not been declared
  242 |     void SetEnd(Timestamp end);
      |                 ^~~~~~~~~
source/discord/types.h:243:5: error: ‘Timestamp’ does not name a type
  243 |     Timestamp GetEnd() const;
      |     ^~~~~~~~~
source/discord/types.h:266:25: error: ‘std::int32_t’ has not been declared
  266 |     void SetCurrentSize(std::int32_t currentSize);
      |                         ^~~
source/discord/types.h:267:10: error: ‘int32_t’ in namespace ‘std’ does not name a type
  267 |     std::int32_t GetCurrentSize() const;
      |          ^~~~~~~
source/discord/types.h:268:21: error: ‘std::int32_t’ has not been declared
  268 |     void SetMaxSize(std::int32_t maxSize);
      |                     ^~~
source/discord/types.h:269:10: error: ‘int32_t’ in namespace ‘std’ does not name a type
  269 |     std::int32_t GetMaxSize() const;
      |          ^~~~~~~
source/discord/types.h:303:27: error: ‘std::int64_t’ has not been declared
  303 |     void SetApplicationId(std::int64_t applicationId);
      |                           ^~~
source/discord/types.h:304:10: error: ‘int64_t’ in namespace ‘std’ does not name a type
  304 |     std::int64_t GetApplicationId() const;
      |          ^~~~~~~
source/discord/types.h:352:16: error: ‘LobbyId’ has not been declared
  352 |     void SetId(LobbyId id);
      |                ^~~~~~~
source/discord/types.h:353:5: error: ‘LobbyId’ does not name a type; did you mean ‘Lobby’?
  353 |     LobbyId GetId() const;
      |     ^~~~~~~
      |     Lobby
source/discord/types.h:356:21: error: ‘UserId’ has not been declared
  356 |     void SetOwnerId(UserId ownerId);
      |                     ^~~~~~
source/discord/types.h:357:5: error: ‘UserId’ does not name a type; did you mean ‘User’?
  357 |     UserId GetOwnerId() const;
      |     ^~~~~~
      |     User
source/discord/types.h:360:22: error: ‘std::uint32_t’ has not been declared
  360 |     void SetCapacity(std::uint32_t capacity);
      |                      ^~~
source/discord/types.h:361:10: error: ‘uint32_t’ in namespace ‘std’ does not name a type
  361 |     std::uint32_t GetCapacity() const;
      |          ^~~~~~~~
source/discord/types.h:373:18: error: ‘std::uint64_t’ has not been declared
  373 |     void SetSize(std::uint64_t size);
      |                  ^~~
source/discord/types.h:374:10: error: ‘uint64_t’ in namespace ‘std’ does not name a type
  374 |     std::uint64_t GetSize() const;
      |          ^~~~~~~~
source/discord/types.h:375:26: error: ‘std::uint64_t’ has not been declared
  375 |     void SetLastModified(std::uint64_t lastModified);
      |                          ^~~
source/discord/types.h:376:10: error: ‘uint64_t’ in namespace ‘std’ does not name a type
  376 |     std::uint64_t GetLastModified() const;
      |          ^~~~~~~~
source/discord/types.h:384:16: error: ‘Snowflake’ has not been declared
  384 |     void SetId(Snowflake id);
      |                ^~~~~~~~~
source/discord/types.h:385:5: error: ‘Snowflake’ does not name a type
  385 |     Snowflake GetId() const;
      |     ^~~~~~~~~
source/discord/types.h:388:19: error: ‘Snowflake’ has not been declared
  388 |     void SetSkuId(Snowflake skuId);
      |                   ^~~~~~~~~
source/discord/types.h:389:5: error: ‘Snowflake’ does not name a type
  389 |     Snowflake GetSkuId() const;
      |     ^~~~~~~~~
source/discord/types.h:397:20: error: ‘std::uint32_t’ has not been declared
  397 |     void SetAmount(std::uint32_t amount);
      |                    ^~~
source/discord/types.h:398:10: error: ‘uint32_t’ in namespace ‘std’ does not name a type
  398 |     std::uint32_t GetAmount() const;
      |          ^~~~~~~~
source/discord/types.h:408:16: error: ‘Snowflake’ has not been declared
  408 |     void SetId(Snowflake id);
      |                ^~~~~~~~~
source/discord/types.h:409:5: error: ‘Snowflake’ does not name a type
  409 |     Snowflake GetId() const;
      |     ^~~~~~~~~
source/discord/types.h:434:20: error: ‘Snowflake’ has not been declared
  434 |     void SetUserId(Snowflake userId);
      |                    ^~~~~~~~~
source/discord/types.h:435:5: error: ‘Snowflake’ does not name a type
  435 |     Snowflake GetUserId() const;
      |     ^~~~~~~~~
source/discord/types.h:436:27: error: ‘Snowflake’ has not been declared
  436 |     void SetAchievementId(Snowflake achievementId);
      |                           ^~~~~~~~~
source/discord/types.h:437:5: error: ‘Snowflake’ does not name a type
  437 |     Snowflake GetAchievementId() const;
      |     ^~~~~~~~~
source/discord/types.h:438:29: error: ‘std::uint8_t’ has not been declared
  438 |     void SetPercentComplete(std::uint8_t percentComplete);
      |                             ^~~
source/discord/types.h:439:10: error: ‘uint8_t’ in namespace ‘std’ does not name a type
  439 |     std::uint8_t GetPercentComplete() const;
      |          ^~~~~~~
source/discord/types.h:450:21: error: ‘UserId’ has not been declared
  450 |     Result SetOwner(UserId ownerId);
      |                     ^~~~~~
source/discord/types.h:451:24: error: ‘std::uint32_t’ has not been declared
  451 |     Result SetCapacity(std::uint32_t capacity);
      |                        ^~~
source/discord/types.h:482:18: error: ‘std::uint32_t’ has not been declared
  482 |     Result Limit(std::uint32_t limit);
      |                  ^~~
In file included from source/discord/storage_manager.cpp:7:
source/discord/storage_manager.h:13:17: error: ‘std::uint8_t’ has not been declared
   13 |                 std::uint8_t* data,
      |                 ^~~
source/discord/storage_manager.h:14:17: error: ‘std::uint32_t’ has not been declared
   14 |                 std::uint32_t dataLength,
      |                 ^~~
source/discord/storage_manager.h:15:17: error: ‘std::uint32_t’ has not been declared
   15 |                 std::uint32_t* read);
      |                 ^~~
source/discord/storage_manager.h:17:52: error: ‘uint8_t’ is not a member of ‘std’; did you mean ‘uint8_t’?
   17 |                    std::function<void(Result, std::uint8_t*, std::uint32_t)> callback);
      |                                                    ^~~~~~~
In file included from /usr/include/stdint.h:37,
                 from /usr/lib/gcc/x86_64-linux-gnu/11/include/stdint.h:9,
                 from source/discord/ffi.h:9,
                 from source/discord/types.h:4,
                 from source/discord/storage_manager.h:4,
                 from source/discord/storage_manager.cpp:7:
/usr/include/x86_64-linux-gnu/bits/stdint-uintn.h:24:19: note: ‘uint8_t’ declared here
   24 | typedef __uint8_t uint8_t;
      |                   ^~~~~~~
In file included from source/discord/storage_manager.cpp:7:
source/discord/storage_manager.h:17:67: error: ‘uint32_t’ is not a member of ‘std’; did you mean ‘uint32_t’?
   17 |                    std::function<void(Result, std::uint8_t*, std::uint32_t)> callback);
      |                                                                   ^~~~~~~~
In file included from /usr/include/stdint.h:37,
                 from /usr/lib/gcc/x86_64-linux-gnu/11/include/stdint.h:9,
                 from source/discord/ffi.h:9,
                 from source/discord/types.h:4,
                 from source/discord/storage_manager.h:4,
                 from source/discord/storage_manager.cpp:7:
/usr/include/x86_64-linux-gnu/bits/stdint-uintn.h:26:20: note: ‘uint32_t’ declared here
   26 | typedef __uint32_t uint32_t;
      |                    ^~~~~~~~
In file included from source/discord/storage_manager.cpp:7:
source/discord/storage_manager.h:17:75: error: expression list treated as compound expression in functional cast [-fpermissive]
   17 |                    std::function<void(Result, std::uint8_t*, std::uint32_t)> callback);
      |                                                                           ^
source/discord/storage_manager.h:17:76: error: template argument 1 is invalid
   17 |                    std::function<void(Result, std::uint8_t*, std::uint32_t)> callback);
      |                                                                            ^
source/discord/storage_manager.h:17:52: error: ‘uint8_t’ is not a member of ‘std’; did you mean ‘uint8_t’?
   17 |                    std::function<void(Result, std::uint8_t*, std::uint32_t)> callback);
      |                                                    ^~~~~~~
In file included from /usr/include/stdint.h:37,
                 from /usr/lib/gcc/x86_64-linux-gnu/11/include/stdint.h:9,
                 from source/discord/ffi.h:9,
                 from source/discord/types.h:4,
                 from source/discord/storage_manager.h:4,
                 from source/discord/storage_manager.cpp:7:
/usr/include/x86_64-linux-gnu/bits/stdint-uintn.h:24:19: note: ‘uint8_t’ declared here
   24 | typedef __uint8_t uint8_t;
      |                   ^~~~~~~
In file included from source/discord/storage_manager.cpp:7:
source/discord/storage_manager.h:17:67: error: ‘uint32_t’ is not a member of ‘std’; did you mean ‘uint32_t’?
   17 |                    std::function<void(Result, std::uint8_t*, std::uint32_t)> callback);
      |                                                                   ^~~~~~~~
In file included from /usr/include/stdint.h:37,
                 from /usr/lib/gcc/x86_64-linux-gnu/11/include/stdint.h:9,
                 from source/discord/ffi.h:9,
                 from source/discord/types.h:4,
                 from source/discord/storage_manager.h:4,
                 from source/discord/storage_manager.cpp:7:
/usr/include/x86_64-linux-gnu/bits/stdint-uintn.h:26:20: note: ‘uint32_t’ declared here
   26 | typedef __uint32_t uint32_t;
      |                    ^~~~~~~~
In file included from source/discord/storage_manager.cpp:7:
source/discord/storage_manager.h:17:75: error: expression list treated as compound expression in functional cast [-fpermissive]
   17 |                    std::function<void(Result, std::uint8_t*, std::uint32_t)> callback);
      |                                                                           ^
source/discord/storage_manager.h:17:76: error: template argument 1 is invalid
   17 |                    std::function<void(Result, std::uint8_t*, std::uint32_t)> callback);
      |                                                                            ^
source/discord/storage_manager.h:17:52: error: ‘uint8_t’ is not a member of ‘std’; did you mean ‘uint8_t’?
   17 |                    std::function<void(Result, std::uint8_t*, std::uint32_t)> callback);
      |                                                    ^~~~~~~
In file included from /usr/include/stdint.h:37,
                 from /usr/lib/gcc/x86_64-linux-gnu/11/include/stdint.h:9,
                 from source/discord/ffi.h:9,
                 from source/discord/types.h:4,
                 from source/discord/storage_manager.h:4,
                 from source/discord/storage_manager.cpp:7:
/usr/include/x86_64-linux-gnu/bits/stdint-uintn.h:24:19: note: ‘uint8_t’ declared here
   24 | typedef __uint8_t uint8_t;
      |                   ^~~~~~~
In file included from source/discord/storage_manager.cpp:7:
source/discord/storage_manager.h:17:67: error: ‘uint32_t’ is not a member of ‘std’; did you mean ‘uint32_t’?
   17 |                    std::function<void(Result, std::uint8_t*, std::uint32_t)> callback);
      |                                                                   ^~~~~~~~
In file included from /usr/include/stdint.h:37,
                 from /usr/lib/gcc/x86_64-linux-gnu/11/include/stdint.h:9,
                 from source/discord/ffi.h:9,
                 from source/discord/types.h:4,
                 from source/discord/storage_manager.h:4,
                 from source/discord/storage_manager.cpp:7:
/usr/include/x86_64-linux-gnu/bits/stdint-uintn.h:26:20: note: ‘uint32_t’ declared here
   26 | typedef __uint32_t uint32_t;
      |                    ^~~~~~~~
In file included from source/discord/storage_manager.cpp:7:
source/discord/storage_manager.h:17:75: error: expression list treated as compound expression in functional cast [-fpermissive]
   17 |                    std::function<void(Result, std::uint8_t*, std::uint32_t)> callback);
      |                                                                           ^
source/discord/storage_manager.h:17:76: error: template argument 1 is invalid
   17 |                    std::function<void(Result, std::uint8_t*, std::uint32_t)> callback);
      |                                                                            ^
source/discord/storage_manager.h:17:20: error: invalid template-id
   17 |                    std::function<void(Result, std::uint8_t*, std::uint32_t)> callback);
      |                    ^~~
source/discord/storage_manager.h:17:52: error: ‘uint8_t’ is not a member of ‘std’; did you mean ‘uint8_t’?
   17 |                    std::function<void(Result, std::uint8_t*, std::uint32_t)> callback);
      |                                                    ^~~~~~~
In file included from /usr/include/stdint.h:37,
                 from /usr/lib/gcc/x86_64-linux-gnu/11/include/stdint.h:9,
                 from source/discord/ffi.h:9,
                 from source/discord/types.h:4,
                 from source/discord/storage_manager.h:4,
                 from source/discord/storage_manager.cpp:7:
/usr/include/x86_64-linux-gnu/bits/stdint-uintn.h:24:19: note: ‘uint8_t’ declared here
   24 | typedef __uint8_t uint8_t;
      |                   ^~~~~~~
In file included from source/discord/storage_manager.cpp:7:
source/discord/storage_manager.h:17:67: error: ‘uint32_t’ is not a member of ‘std’; did you mean ‘uint32_t’?
   17 |                    std::function<void(Result, std::uint8_t*, std::uint32_t)> callback);
      |                                                                   ^~~~~~~~
In file included from /usr/include/stdint.h:37,
                 from /usr/lib/gcc/x86_64-linux-gnu/11/include/stdint.h:9,
                 from source/discord/ffi.h:9,
                 from source/discord/types.h:4,
                 from source/discord/storage_manager.h:4,
                 from source/discord/storage_manager.cpp:7:
/usr/include/x86_64-linux-gnu/bits/stdint-uintn.h:26:20: note: ‘uint32_t’ declared here
   26 | typedef __uint32_t uint32_t;
      |                    ^~~~~~~~
In file included from source/discord/storage_manager.cpp:7:
source/discord/storage_manager.h:17:75: error: expression list treated as compound expression in functional cast [-fpermissive]
   17 |                    std::function<void(Result, std::uint8_t*, std::uint32_t)> callback);
      |                                                                           ^
source/discord/storage_manager.h:17:34: error: expected primary-expression before ‘void’
   17 |                    std::function<void(Result, std::uint8_t*, std::uint32_t)> callback);
      |                                  ^~~~
source/discord/storage_manager.h:17:34: error: expected ‘>’ before ‘void’
source/discord/storage_manager.h:17:20: error: class template placeholder ‘std::function’ not permitted in this context
   17 |                    std::function<void(Result, std::uint8_t*, std::uint32_t)> callback);
      |                    ^~~
source/discord/storage_manager.h:19:27: error: ‘std::uint64_t’ has not been declared
   19 |                           std::uint64_t offset,
      |                           ^~~
source/discord/storage_manager.h:20:27: error: ‘std::uint64_t’ has not been declared
   20 |                           std::uint64_t length,
      |                           ^~~
source/discord/storage_manager.h:21:59: error: ‘uint8_t’ is not a member of ‘std’; did you mean ‘uint8_t’?
   21 |                           std::function<void(Result, std::uint8_t*, std::uint32_t)> callback);
      |                                                           ^~~~~~~
In file included from /usr/include/stdint.h:37,
                 from /usr/lib/gcc/x86_64-linux-gnu/11/include/stdint.h:9,
                 from source/discord/ffi.h:9,
                 from source/discord/types.h:4,
                 from source/discord/storage_manager.h:4,
                 from source/discord/storage_manager.cpp:7:
/usr/include/x86_64-linux-gnu/bits/stdint-uintn.h:24:19: note: ‘uint8_t’ declared here
   24 | typedef __uint8_t uint8_t;
      |                   ^~~~~~~
In file included from source/discord/storage_manager.cpp:7:
source/discord/storage_manager.h:21:74: error: ‘uint32_t’ is not a member of ‘std’; did you mean ‘uint32_t’?
   21 |                           std::function<void(Result, std::uint8_t*, std::uint32_t)> callback);
      |                                                                          ^~~~~~~~
In file included from /usr/include/stdint.h:37,
                 from /usr/lib/gcc/x86_64-linux-gnu/11/include/stdint.h:9,
                 from source/discord/ffi.h:9,
                 from source/discord/types.h:4,
                 from source/discord/storage_manager.h:4,
                 from source/discord/storage_manager.cpp:7:
/usr/include/x86_64-linux-gnu/bits/stdint-uintn.h:26:20: note: ‘uint32_t’ declared here
   26 | typedef __uint32_t uint32_t;
      |                    ^~~~~~~~
In file included from source/discord/storage_manager.cpp:7:
source/discord/storage_manager.h:21:82: error: expression list treated as compound expression in functional cast [-fpermissive]
   21 |                           std::function<void(Result, std::uint8_t*, std::uint32_t)> callback);
      |                                                                                  ^
source/discord/storage_manager.h:21:83: error: template argument 1 is invalid
   21 |                           std::function<void(Result, std::uint8_t*, std::uint32_t)> callback);
      |                                                                                   ^
source/discord/storage_manager.h:21:59: error: ‘uint8_t’ is not a member of ‘std’; did you mean ‘uint8_t’?
   21 |                           std::function<void(Result, std::uint8_t*, std::uint32_t)> callback);
      |                                                           ^~~~~~~
In file included from /usr/include/stdint.h:37,
                 from /usr/lib/gcc/x86_64-linux-gnu/11/include/stdint.h:9,
                 from source/discord/ffi.h:9,
                 from source/discord/types.h:4,
                 from source/discord/storage_manager.h:4,
                 from source/discord/storage_manager.cpp:7:
/usr/include/x86_64-linux-gnu/bits/stdint-uintn.h:24:19: note: ‘uint8_t’ declared here
   24 | typedef __uint8_t uint8_t;
      |                   ^~~~~~~
In file included from source/discord/storage_manager.cpp:7:
source/discord/storage_manager.h:21:74: error: ‘uint32_t’ is not a member of ‘std’; did you mean ‘uint32_t’?
   21 |                           std::function<void(Result, std::uint8_t*, std::uint32_t)> callback);
      |                                                                          ^~~~~~~~
In file included from /usr/include/stdint.h:37,
                 from /usr/lib/gcc/x86_64-linux-gnu/11/include/stdint.h:9,
                 from source/discord/ffi.h:9,
                 from source/discord/types.h:4,
                 from source/discord/storage_manager.h:4,
                 from source/discord/storage_manager.cpp:7:
/usr/include/x86_64-linux-gnu/bits/stdint-uintn.h:26:20: note: ‘uint32_t’ declared here
   26 | typedef __uint32_t uint32_t;
      |                    ^~~~~~~~
In file included from source/discord/storage_manager.cpp:7:
source/discord/storage_manager.h:21:82: error: expression list treated as compound expression in functional cast [-fpermissive]
   21 |                           std::function<void(Result, std::uint8_t*, std::uint32_t)> callback);
      |                                                                                  ^
source/discord/storage_manager.h:21:83: error: template argument 1 is invalid
   21 |                           std::function<void(Result, std::uint8_t*, std::uint32_t)> callback);
      |                                                                                   ^
source/discord/storage_manager.h:21:59: error: ‘uint8_t’ is not a member of ‘std’; did you mean ‘uint8_t’?
   21 |                           std::function<void(Result, std::uint8_t*, std::uint32_t)> callback);
      |                                                           ^~~~~~~
In file included from /usr/include/stdint.h:37,
                 from /usr/lib/gcc/x86_64-linux-gnu/11/include/stdint.h:9,
                 from source/discord/ffi.h:9,
                 from source/discord/types.h:4,
                 from source/discord/storage_manager.h:4,
                 from source/discord/storage_manager.cpp:7:
/usr/include/x86_64-linux-gnu/bits/stdint-uintn.h:24:19: note: ‘uint8_t’ declared here
   24 | typedef __uint8_t uint8_t;
      |                   ^~~~~~~
In file included from source/discord/storage_manager.cpp:7:
source/discord/storage_manager.h:21:74: error: ‘uint32_t’ is not a member of ‘std’; did you mean ‘uint32_t’?
   21 |                           std::function<void(Result, std::uint8_t*, std::uint32_t)> callback);
      |                                                                          ^~~~~~~~
In file included from /usr/include/stdint.h:37,
                 from /usr/lib/gcc/x86_64-linux-gnu/11/include/stdint.h:9,
                 from source/discord/ffi.h:9,
                 from source/discord/types.h:4,
                 from source/discord/storage_manager.h:4,
                 from source/discord/storage_manager.cpp:7:
/usr/include/x86_64-linux-gnu/bits/stdint-uintn.h:26:20: note: ‘uint32_t’ declared here
   26 | typedef __uint32_t uint32_t;
      |                    ^~~~~~~~
In file included from source/discord/storage_manager.cpp:7:
source/discord/storage_manager.h:21:82: error: expression list treated as compound expression in functional cast [-fpermissive]
   21 |                           std::function<void(Result, std::uint8_t*, std::uint32_t)> callback);
      |                                                                                  ^
source/discord/storage_manager.h:21:83: error: template argument 1 is invalid
   21 |                           std::function<void(Result, std::uint8_t*, std::uint32_t)> callback);
      |                                                                                   ^
source/discord/storage_manager.h:21:27: error: invalid template-id
   21 |                           std::function<void(Result, std::uint8_t*, std::uint32_t)> callback);
      |                           ^~~
source/discord/storage_manager.h:21:59: error: ‘uint8_t’ is not a member of ‘std’; did you mean ‘uint8_t’?
   21 |                           std::function<void(Result, std::uint8_t*, std::uint32_t)> callback);
      |                                                           ^~~~~~~
In file included from /usr/include/stdint.h:37,
                 from /usr/lib/gcc/x86_64-linux-gnu/11/include/stdint.h:9,
                 from source/discord/ffi.h:9,
                 from source/discord/types.h:4,
                 from source/discord/storage_manager.h:4,
                 from source/discord/storage_manager.cpp:7:
/usr/include/x86_64-linux-gnu/bits/stdint-uintn.h:24:19: note: ‘uint8_t’ declared here
   24 | typedef __uint8_t uint8_t;
      |                   ^~~~~~~
In file included from source/discord/storage_manager.cpp:7:
source/discord/storage_manager.h:21:74: error: ‘uint32_t’ is not a member of ‘std’; did you mean ‘uint32_t’?
   21 |                           std::function<void(Result, std::uint8_t*, std::uint32_t)> callback);
      |                                                                          ^~~~~~~~
In file included from /usr/include/stdint.h:37,
                 from /usr/lib/gcc/x86_64-linux-gnu/11/include/stdint.h:9,
                 from source/discord/ffi.h:9,
                 from source/discord/types.h:4,
                 from source/discord/storage_manager.h:4,
                 from source/discord/storage_manager.cpp:7:
/usr/include/x86_64-linux-gnu/bits/stdint-uintn.h:26:20: note: ‘uint32_t’ declared here
   26 | typedef __uint32_t uint32_t;
      |                    ^~~~~~~~
In file included from source/discord/storage_manager.cpp:7:
source/discord/storage_manager.h:21:82: error: expression list treated as compound expression in functional cast [-fpermissive]
   21 |                           std::function<void(Result, std::uint8_t*, std::uint32_t)> callback);
      |                                                                                  ^
source/discord/storage_manager.h:21:41: error: expected primary-expression before ‘void’
   21 |                           std::function<void(Result, std::uint8_t*, std::uint32_t)> callback);
      |                                         ^~~~
source/discord/storage_manager.h:21:41: error: expected ‘>’ before ‘void’
source/discord/storage_manager.h:21:27: error: class template placeholder ‘std::function’ not permitted in this context
   21 |                           std::function<void(Result, std::uint8_t*, std::uint32_t)> callback);
      |                           ^~~
source/discord/storage_manager.h:22:36: error: ‘std::uint8_t’ has not been declared
   22 |     Result Write(char const* name, std::uint8_t* data, std::uint32_t dataLength);
      |                                    ^~~
source/discord/storage_manager.h:22:56: error: ‘std::uint32_t’ has not been declared
   22 |     Result Write(char const* name, std::uint8_t* data, std::uint32_t dataLength);
      |                                                        ^~~
source/discord/storage_manager.h:24:21: error: ‘std::uint8_t’ has not been declared
   24 |                     std::uint8_t* data,
      |                     ^~~
source/discord/storage_manager.h:25:21: error: ‘std::uint32_t’ has not been declared
   25 |                     std::uint32_t dataLength,
      |                     ^~~
source/discord/storage_manager.h:29:16: error: ‘std::int32_t’ has not been declared
   29 |     void Count(std::int32_t* count);
      |                ^~~
source/discord/storage_manager.h:31:19: error: ‘std::int32_t’ has not been declared
   31 |     Result StatAt(std::int32_t index, FileStat* stat);
      |                   ^~~
In file included from source/discord/core.h:6,
                 from source/discord/storage_manager.cpp:9:
source/discord/user_manager.h:13:18: error: ‘UserId’ has not been declared
   13 |     void GetUser(UserId userId, std::function<void(Result, User const&)> callback);
      |                  ^~~~~~
In file included from source/discord/core.h:7,
                 from source/discord/storage_manager.cpp:9:
source/discord/image_manager.h:14:40: error: ‘std::uint8_t’ has not been declared
   14 |     Result GetData(ImageHandle handle, std::uint8_t* data, std::uint32_t dataLength);
      |                                        ^~~
source/discord/image_manager.h:14:60: error: ‘std::uint32_t’ has not been declared
   14 |     Result GetData(ImageHandle handle, std::uint8_t* data, std::uint32_t dataLength);
      |                                                            ^~~
In file included from source/discord/core.h:8,
                 from source/discord/storage_manager.cpp:9:
source/discord/activity_manager.h:13:26: error: ‘std::uint32_t’ has not been declared
   13 |     Result RegisterSteam(std::uint32_t steamId);
      |                          ^~~
source/discord/activity_manager.h:16:27: error: ‘UserId’ has not been declared
   16 |     void SendRequestReply(UserId userId,
      |                           ^~~~~~
source/discord/activity_manager.h:19:21: error: ‘UserId’ has not been declared
   19 |     void SendInvite(UserId userId,
      |                     ^~~~~~
source/discord/activity_manager.h:23:23: error: ‘UserId’ has not been declared
   23 |     void AcceptInvite(UserId userId, std::function<void(Result)> callback);
      |                       ^~~~~~
In file included from source/discord/core.h:9,
                 from source/discord/storage_manager.cpp:9:
source/discord/relationship_manager.h:13:18: error: ‘std::int32_t’ has not been declared
   13 |     Result Count(std::int32_t* count);
      |                  ^~~
source/discord/relationship_manager.h:14:16: error: ‘UserId’ has not been declared
   14 |     Result Get(UserId userId, Relationship* relationship);
      |                ^~~~~~
source/discord/relationship_manager.h:15:18: error: ‘std::uint32_t’ has not been declared
   15 |     Result GetAt(std::uint32_t index, Relationship* relationship);
      |                  ^~~
In file included from source/discord/core.h:10,
                 from source/discord/storage_manager.cpp:9:
source/discord/lobby_manager.h:13:38: error: ‘LobbyId’ has not been declared
   13 |     Result GetLobbyUpdateTransaction(LobbyId lobbyId, LobbyTransaction* transaction);
      |                                      ^~~~~~~
source/discord/lobby_manager.h:14:39: error: ‘LobbyId’ has not been declared
   14 |     Result GetMemberUpdateTransaction(LobbyId lobbyId,
      |                                       ^~~~~~~
source/discord/lobby_manager.h:15:39: error: ‘UserId’ has not been declared
   15 |                                       UserId userId,
      |                                       ^~~~~~
source/discord/lobby_manager.h:19:22: error: ‘LobbyId’ has not been declared
   19 |     void UpdateLobby(LobbyId lobbyId,
      |                      ^~~~~~~
source/discord/lobby_manager.h:22:22: error: ‘LobbyId’ has not been declared
   22 |     void DeleteLobby(LobbyId lobbyId, std::function<void(Result)> callback);
      |                      ^~~~~~~
source/discord/lobby_manager.h:23:23: error: ‘LobbyId’ has not been declared
   23 |     void ConnectLobby(LobbyId lobbyId,
      |                       ^~~~~~~
source/discord/lobby_manager.h:28:26: error: ‘LobbyId’ has not been declared
   28 |     void DisconnectLobby(LobbyId lobbyId, std::function<void(Result)> callback);
      |                          ^~~~~~~
source/discord/lobby_manager.h:29:21: error: ‘LobbyId’ has not been declared
   29 |     Result GetLobby(LobbyId lobbyId, Lobby* lobby);
      |                     ^~~~~~~
source/discord/lobby_manager.h:30:35: error: ‘LobbyId’ has not been declared
   30 |     Result GetLobbyActivitySecret(LobbyId lobbyId, char secret[128]);
      |                                   ^~~~~~~
source/discord/lobby_manager.h:31:34: error: ‘LobbyId’ has not been declared
   31 |     Result GetLobbyMetadataValue(LobbyId lobbyId, MetadataKey key, char value[4096]);
      |                                  ^~~~~~~
source/discord/lobby_manager.h:32:32: error: ‘LobbyId’ has not been declared
   32 |     Result GetLobbyMetadataKey(LobbyId lobbyId, std::int32_t index, char key[256]);
      |                                ^~~~~~~
source/discord/lobby_manager.h:32:49: error: ‘std::int32_t’ has not been declared
   32 |     Result GetLobbyMetadataKey(LobbyId lobbyId, std::int32_t index, char key[256]);
      |                                                 ^~~
source/discord/lobby_manager.h:33:31: error: ‘LobbyId’ has not been declared
   33 |     Result LobbyMetadataCount(LobbyId lobbyId, std::int32_t* count);
      |                               ^~~~~~~
source/discord/lobby_manager.h:33:48: error: ‘std::int32_t’ has not been declared
   33 |     Result LobbyMetadataCount(LobbyId lobbyId, std::int32_t* count);
      |                                                ^~~
source/discord/lobby_manager.h:34:24: error: ‘LobbyId’ has not been declared
   34 |     Result MemberCount(LobbyId lobbyId, std::int32_t* count);
      |                        ^~~~~~~
source/discord/lobby_manager.h:34:41: error: ‘std::int32_t’ has not been declared
   34 |     Result MemberCount(LobbyId lobbyId, std::int32_t* count);
      |                                         ^~~
source/discord/lobby_manager.h:35:28: error: ‘LobbyId’ has not been declared
   35 |     Result GetMemberUserId(LobbyId lobbyId, std::int32_t index, UserId* userId);
      |                            ^~~~~~~
source/discord/lobby_manager.h:35:45: error: ‘std::int32_t’ has not been declared
   35 |     Result GetMemberUserId(LobbyId lobbyId, std::int32_t index, UserId* userId);
      |                                             ^~~
source/discord/lobby_manager.h:35:65: error: ‘UserId’ has not been declared
   35 |     Result GetMemberUserId(LobbyId lobbyId, std::int32_t index, UserId* userId);
      |                                                                 ^~~~~~
source/discord/lobby_manager.h:36:26: error: ‘LobbyId’ has not been declared
   36 |     Result GetMemberUser(LobbyId lobbyId, UserId userId, User* user);
      |                          ^~~~~~~
source/discord/lobby_manager.h:36:43: error: ‘UserId’ has not been declared
   36 |     Result GetMemberUser(LobbyId lobbyId, UserId userId, User* user);
      |                                           ^~~~~~
source/discord/lobby_manager.h:37:35: error: ‘LobbyId’ has not been declared
   37 |     Result GetMemberMetadataValue(LobbyId lobbyId,
      |                                   ^~~~~~~
source/discord/lobby_manager.h:38:35: error: ‘UserId’ has not been declared
   38 |                                   UserId userId,
      |                                   ^~~~~~
source/discord/lobby_manager.h:41:33: error: ‘LobbyId’ has not been declared
   41 |     Result GetMemberMetadataKey(LobbyId lobbyId, UserId userId, std::int32_t index, char key[256]);
      |                                 ^~~~~~~
source/discord/lobby_manager.h:41:50: error: ‘UserId’ has not been declared
   41 |     Result GetMemberMetadataKey(LobbyId lobbyId, UserId userId, std::int32_t index, char key[256]);
      |                                                  ^~~~~~
source/discord/lobby_manager.h:41:65: error: ‘std::int32_t’ has not been declared
   41 |     Result GetMemberMetadataKey(LobbyId lobbyId, UserId userId, std::int32_t index, char key[256]);
      |                                                                 ^~~
source/discord/lobby_manager.h:42:32: error: ‘LobbyId’ has not been declared
   42 |     Result MemberMetadataCount(LobbyId lobbyId, UserId userId, std::int32_t* count);
      |                                ^~~~~~~
source/discord/lobby_manager.h:42:49: error: ‘UserId’ has not been declared
   42 |     Result MemberMetadataCount(LobbyId lobbyId, UserId userId, std::int32_t* count);
      |                                                 ^~~~~~
source/discord/lobby_manager.h:42:64: error: ‘std::int32_t’ has not been declared
   42 |     Result MemberMetadataCount(LobbyId lobbyId, UserId userId, std::int32_t* count);
      |                                                                ^~~
source/discord/lobby_manager.h:43:23: error: ‘LobbyId’ has not been declared
   43 |     void UpdateMember(LobbyId lobbyId,
      |                       ^~~~~~~
source/discord/lobby_manager.h:44:23: error: ‘UserId’ has not been declared
   44 |                       UserId userId,
      |                       ^~~~~~
source/discord/lobby_manager.h:47:27: error: ‘LobbyId’ has not been declared
   47 |     void SendLobbyMessage(LobbyId lobbyId,
      |                           ^~~~~~~
source/discord/lobby_manager.h:48:27: error: ‘std::uint8_t’ has not been declared
   48 |                           std::uint8_t* data,
      |                           ^~~
source/discord/lobby_manager.h:49:27: error: ‘std::uint32_t’ has not been declared
   49 |                           std::uint32_t dataLength,
      |                           ^~~
source/discord/lobby_manager.h:53:21: error: ‘std::int32_t’ has not been declared
   53 |     void LobbyCount(std::int32_t* count);
      |                     ^~~
source/discord/lobby_manager.h:54:23: error: ‘std::int32_t’ has not been declared
   54 |     Result GetLobbyId(std::int32_t index, LobbyId* lobbyId);
      |                       ^~~
source/discord/lobby_manager.h:54:43: error: ‘LobbyId’ has not been declared
   54 |     Result GetLobbyId(std::int32_t index, LobbyId* lobbyId);
      |                                           ^~~~~~~
source/discord/lobby_manager.h:55:23: error: ‘LobbyId’ has not been declared
   55 |     void ConnectVoice(LobbyId lobbyId, std::function<void(Result)> callback);
      |                       ^~~~~~~
source/discord/lobby_manager.h:56:26: error: ‘LobbyId’ has not been declared
   56 |     void DisconnectVoice(LobbyId lobbyId, std::function<void(Result)> callback);
      |                          ^~~~~~~
source/discord/lobby_manager.h:57:27: error: ‘LobbyId’ has not been declared
   57 |     Result ConnectNetwork(LobbyId lobbyId);
      |                           ^~~~~~~
source/discord/lobby_manager.h:58:30: error: ‘LobbyId’ has not been declared
   58 |     Result DisconnectNetwork(LobbyId lobbyId);
      |                              ^~~~~~~
source/discord/lobby_manager.h:60:31: error: ‘LobbyId’ has not been declared
   60 |     Result OpenNetworkChannel(LobbyId lobbyId, std::uint8_t channelId, bool reliable);
      |                               ^~~~~~~
source/discord/lobby_manager.h:60:48: error: ‘std::uint8_t’ has not been declared
   60 |     Result OpenNetworkChannel(LobbyId lobbyId, std::uint8_t channelId, bool reliable);
      |                                                ^~~
source/discord/lobby_manager.h:61:31: error: ‘LobbyId’ has not been declared
   61 |     Result SendNetworkMessage(LobbyId lobbyId,
      |                               ^~~~~~~
source/discord/lobby_manager.h:62:31: error: ‘UserId’ has not been declared
   62 |                               UserId userId,
      |                               ^~~~~~
source/discord/lobby_manager.h:63:31: error: ‘std::uint8_t’ has not been declared
   63 |                               std::uint8_t channelId,
      |                               ^~~
source/discord/lobby_manager.h:64:31: error: ‘std::uint8_t’ has not been declared
   64 |                               std::uint8_t* data,
      |                               ^~~
source/discord/lobby_manager.h:65:31: error: ‘std::uint32_t’ has not been declared
   65 |                               std::uint32_t dataLength);
      |                               ^~~
source/discord/lobby_manager.h:67:16: error: ‘int64_t’ is not a member of ‘std’; did you mean ‘int64_t’?
   67 |     Event<std::int64_t> OnLobbyUpdate;
      |                ^~~~~~~
In file included from /usr/include/stdint.h:34,
                 from /usr/lib/gcc/x86_64-linux-gnu/11/include/stdint.h:9,
                 from source/discord/ffi.h:9,
                 from source/discord/types.h:4,
                 from source/discord/storage_manager.h:4,
                 from source/discord/storage_manager.cpp:7:
/usr/include/x86_64-linux-gnu/bits/stdint-intn.h:27:19: note: ‘int64_t’ declared here
   27 | typedef __int64_t int64_t;
      |                   ^~~~~~~
In file included from source/discord/core.h:10,
                 from source/discord/storage_manager.cpp:9:
source/discord/lobby_manager.h:67:23: error: template argument 1 is invalid
   67 |     Event<std::int64_t> OnLobbyUpdate;
      |                       ^
source/discord/lobby_manager.h:68:16: error: ‘int64_t’ is not a member of ‘std’; did you mean ‘int64_t’?
   68 |     Event<std::int64_t, std::uint32_t> OnLobbyDelete;
      |                ^~~~~~~
In file included from /usr/include/stdint.h:34,
                 from /usr/lib/gcc/x86_64-linux-gnu/11/include/stdint.h:9,
                 from source/discord/ffi.h:9,
                 from source/discord/types.h:4,
                 from source/discord/storage_manager.h:4,
                 from source/discord/storage_manager.cpp:7:
/usr/include/x86_64-linux-gnu/bits/stdint-intn.h:27:19: note: ‘int64_t’ declared here
   27 | typedef __int64_t int64_t;
      |                   ^~~~~~~
In file included from source/discord/core.h:10,
                 from source/discord/storage_manager.cpp:9:
source/discord/lobby_manager.h:68:30: error: ‘uint32_t’ is not a member of ‘std’; did you mean ‘uint32_t’?
   68 |     Event<std::int64_t, std::uint32_t> OnLobbyDelete;
      |                              ^~~~~~~~
In file included from /usr/include/stdint.h:37,
                 from /usr/lib/gcc/x86_64-linux-gnu/11/include/stdint.h:9,
                 from source/discord/ffi.h:9,
                 from source/discord/types.h:4,
                 from source/discord/storage_manager.h:4,
                 from source/discord/storage_manager.cpp:7:
/usr/include/x86_64-linux-gnu/bits/stdint-uintn.h:26:20: note: ‘uint32_t’ declared here
   26 | typedef __uint32_t uint32_t;
      |                    ^~~~~~~~
In file included from source/discord/core.h:10,
                 from source/discord/storage_manager.cpp:9:
source/discord/lobby_manager.h:68:38: error: template argument 1 is invalid
   68 |     Event<std::int64_t, std::uint32_t> OnLobbyDelete;
      |                                      ^
source/discord/lobby_manager.h:68:38: error: template argument 2 is invalid
source/discord/lobby_manager.h:69:16: error: ‘int64_t’ is not a member of ‘std’; did you mean ‘int64_t’?
   69 |     Event<std::int64_t, std::int64_t> OnMemberConnect;
      |                ^~~~~~~
In file included from /usr/include/stdint.h:34,
                 from /usr/lib/gcc/x86_64-linux-gnu/11/include/stdint.h:9,
                 from source/discord/ffi.h:9,
                 from source/discord/types.h:4,
                 from source/discord/storage_manager.h:4,
                 from source/discord/storage_manager.cpp:7:
/usr/include/x86_64-linux-gnu/bits/stdint-intn.h:27:19: note: ‘int64_t’ declared here
   27 | typedef __int64_t int64_t;
      |                   ^~~~~~~
In file included from source/discord/core.h:10,
                 from source/discord/storage_manager.cpp:9:
source/discord/lobby_manager.h:69:30: error: ‘int64_t’ is not a member of ‘std’; did you mean ‘int64_t’?
   69 |     Event<std::int64_t, std::int64_t> OnMemberConnect;
      |                              ^~~~~~~
In file included from /usr/include/stdint.h:34,
                 from /usr/lib/gcc/x86_64-linux-gnu/11/include/stdint.h:9,
                 from source/discord/ffi.h:9,
                 from source/discord/types.h:4,
                 from source/discord/storage_manager.h:4,
                 from source/discord/storage_manager.cpp:7:
/usr/include/x86_64-linux-gnu/bits/stdint-intn.h:27:19: note: ‘int64_t’ declared here
   27 | typedef __int64_t int64_t;
      |                   ^~~~~~~
In file included from source/discord/core.h:10,
                 from source/discord/storage_manager.cpp:9:
source/discord/lobby_manager.h:69:37: error: template argument 1 is invalid
   69 |     Event<std::int64_t, std::int64_t> OnMemberConnect;
      |                                     ^
source/discord/lobby_manager.h:69:37: error: template argument 2 is invalid
source/discord/lobby_manager.h:70:16: error: ‘int64_t’ is not a member of ‘std’; did you mean ‘int64_t’?
   70 |     Event<std::int64_t, std::int64_t> OnMemberUpdate;
      |                ^~~~~~~
In file included from /usr/include/stdint.h:34,
                 from /usr/lib/gcc/x86_64-linux-gnu/11/include/stdint.h:9,
                 from source/discord/ffi.h:9,
                 from source/discord/types.h:4,
                 from source/discord/storage_manager.h:4,
                 from source/discord/storage_manager.cpp:7:
/usr/include/x86_64-linux-gnu/bits/stdint-intn.h:27:19: note: ‘int64_t’ declared here
   27 | typedef __int64_t int64_t;
      |                   ^~~~~~~
In file included from source/discord/core.h:10,
                 from source/discord/storage_manager.cpp:9:
source/discord/lobby_manager.h:70:30: error: ‘int64_t’ is not a member of ‘std’; did you mean ‘int64_t’?
   70 |     Event<std::int64_t, std::int64_t> OnMemberUpdate;
      |                              ^~~~~~~
In file included from /usr/include/stdint.h:34,
                 from /usr/lib/gcc/x86_64-linux-gnu/11/include/stdint.h:9,
                 from source/discord/ffi.h:9,
                 from source/discord/types.h:4,
                 from source/discord/storage_manager.h:4,
                 from source/discord/storage_manager.cpp:7:
/usr/include/x86_64-linux-gnu/bits/stdint-intn.h:27:19: note: ‘int64_t’ declared here
   27 | typedef __int64_t int64_t;
      |                   ^~~~~~~
In file included from source/discord/core.h:10,
                 from source/discord/storage_manager.cpp:9:
source/discord/lobby_manager.h:70:37: error: template argument 1 is invalid
   70 |     Event<std::int64_t, std::int64_t> OnMemberUpdate;
      |                                     ^
source/discord/lobby_manager.h:70:37: error: template argument 2 is invalid
source/discord/lobby_manager.h:71:16: error: ‘int64_t’ is not a member of ‘std’; did you mean ‘int64_t’?
   71 |     Event<std::int64_t, std::int64_t> OnMemberDisconnect;
      |                ^~~~~~~
In file included from /usr/include/stdint.h:34,
                 from /usr/lib/gcc/x86_64-linux-gnu/11/include/stdint.h:9,
                 from source/discord/ffi.h:9,
                 from source/discord/types.h:4,
                 from source/discord/storage_manager.h:4,
                 from source/discord/storage_manager.cpp:7:
/usr/include/x86_64-linux-gnu/bits/stdint-intn.h:27:19: note: ‘int64_t’ declared here
   27 | typedef __int64_t int64_t;
      |                   ^~~~~~~
In file included from source/discord/core.h:10,
                 from source/discord/storage_manager.cpp:9:
source/discord/lobby_manager.h:71:30: error: ‘int64_t’ is not a member of ‘std’; did you mean ‘int64_t’?
   71 |     Event<std::int64_t, std::int64_t> OnMemberDisconnect;
      |                              ^~~~~~~
In file included from /usr/include/stdint.h:34,
                 from /usr/lib/gcc/x86_64-linux-gnu/11/include/stdint.h:9,
                 from source/discord/ffi.h:9,
                 from source/discord/types.h:4,
                 from source/discord/storage_manager.h:4,
                 from source/discord/storage_manager.cpp:7:
/usr/include/x86_64-linux-gnu/bits/stdint-intn.h:27:19: note: ‘int64_t’ declared here
   27 | typedef __int64_t int64_t;
      |                   ^~~~~~~
In file included from source/discord/core.h:10,
                 from source/discord/storage_manager.cpp:9:
source/discord/lobby_manager.h:71:37: error: template argument 1 is invalid
   71 |     Event<std::int64_t, std::int64_t> OnMemberDisconnect;
      |                                     ^
source/discord/lobby_manager.h:71:37: error: template argument 2 is invalid
source/discord/lobby_manager.h:72:16: error: ‘int64_t’ is not a member of ‘std’; did you mean ‘int64_t’?
   72 |     Event<std::int64_t, std::int64_t, std::uint8_t*, std::uint32_t> OnLobbyMessage;
      |                ^~~~~~~
In file included from /usr/include/stdint.h:34,
                 from /usr/lib/gcc/x86_64-linux-gnu/11/include/stdint.h:9,
                 from source/discord/ffi.h:9,
                 from source/discord/types.h:4,
                 from source/discord/storage_manager.h:4,
                 from source/discord/storage_manager.cpp:7:
/usr/include/x86_64-linux-gnu/bits/stdint-intn.h:27:19: note: ‘int64_t’ declared here
   27 | typedef __int64_t int64_t;
      |                   ^~~~~~~
In file included from source/discord/core.h:10,
                 from source/discord/storage_manager.cpp:9:
source/discord/lobby_manager.h:72:30: error: ‘int64_t’ is not a member of ‘std’; did you mean ‘int64_t’?
   72 |     Event<std::int64_t, std::int64_t, std::uint8_t*, std::uint32_t> OnLobbyMessage;
      |                              ^~~~~~~
In file included from /usr/include/stdint.h:34,
                 from /usr/lib/gcc/x86_64-linux-gnu/11/include/stdint.h:9,
                 from source/discord/ffi.h:9,
                 from source/discord/types.h:4,
                 from source/discord/storage_manager.h:4,
                 from source/discord/storage_manager.cpp:7:
/usr/include/x86_64-linux-gnu/bits/stdint-intn.h:27:19: note: ‘int64_t’ declared here
   27 | typedef __int64_t int64_t;
      |                   ^~~~~~~
In file included from source/discord/core.h:10,
                 from source/discord/storage_manager.cpp:9:
source/discord/lobby_manager.h:72:44: error: ‘uint8_t’ is not a member of ‘std’; did you mean ‘uint8_t’?
   72 |     Event<std::int64_t, std::int64_t, std::uint8_t*, std::uint32_t> OnLobbyMessage;
      |                                            ^~~~~~~
In file included from /usr/include/stdint.h:37,
                 from /usr/lib/gcc/x86_64-linux-gnu/11/include/stdint.h:9,
                 from source/discord/ffi.h:9,
                 from source/discord/types.h:4,
                 from source/discord/storage_manager.h:4,
                 from source/discord/storage_manager.cpp:7:
/usr/include/x86_64-linux-gnu/bits/stdint-uintn.h:24:19: note: ‘uint8_t’ declared here
   24 | typedef __uint8_t uint8_t;
      |                   ^~~~~~~
In file included from source/discord/core.h:10,
                 from source/discord/storage_manager.cpp:9:
source/discord/lobby_manager.h:72:59: error: ‘uint32_t’ is not a member of ‘std’; did you mean ‘uint32_t’?
   72 |     Event<std::int64_t, std::int64_t, std::uint8_t*, std::uint32_t> OnLobbyMessage;
      |                                                           ^~~~~~~~
In file included from /usr/include/stdint.h:37,
                 from /usr/lib/gcc/x86_64-linux-gnu/11/include/stdint.h:9,
                 from source/discord/ffi.h:9,
                 from source/discord/types.h:4,
                 from source/discord/storage_manager.h:4,
                 from source/discord/storage_manager.cpp:7:
/usr/include/x86_64-linux-gnu/bits/stdint-uintn.h:26:20: note: ‘uint32_t’ declared here
   26 | typedef __uint32_t uint32_t;
      |                    ^~~~~~~~
In file included from source/discord/core.h:10,
                 from source/discord/storage_manager.cpp:9:
source/discord/lobby_manager.h:72:67: error: template argument 1 is invalid
   72 |     Event<std::int64_t, std::int64_t, std::uint8_t*, std::uint32_t> OnLobbyMessage;
      |                                                                   ^
source/discord/lobby_manager.h:72:67: error: template argument 2 is invalid
source/discord/lobby_manager.h:72:67: error: template argument 3 is invalid
source/discord/lobby_manager.h:72:67: error: template argument 4 is invalid
source/discord/lobby_manager.h:73:16: error: ‘int64_t’ is not a member of ‘std’; did you mean ‘int64_t’?
   73 |     Event<std::int64_t, std::int64_t, bool> OnSpeaking;
      |                ^~~~~~~
In file included from /usr/include/stdint.h:34,
                 from /usr/lib/gcc/x86_64-linux-gnu/11/include/stdint.h:9,
                 from source/discord/ffi.h:9,
                 from source/discord/types.h:4,
                 from source/discord/storage_manager.h:4,
                 from source/discord/storage_manager.cpp:7:
/usr/include/x86_64-linux-gnu/bits/stdint-intn.h:27:19: note: ‘int64_t’ declared here
   27 | typedef __int64_t int64_t;
      |                   ^~~~~~~
In file included from source/discord/core.h:10,
                 from source/discord/storage_manager.cpp:9:
source/discord/lobby_manager.h:73:30: error: ‘int64_t’ is not a member of ‘std’; did you mean ‘int64_t’?
   73 |     Event<std::int64_t, std::int64_t, bool> OnSpeaking;
      |                              ^~~~~~~
In file included from /usr/include/stdint.h:34,
                 from /usr/lib/gcc/x86_64-linux-gnu/11/include/stdint.h:9,
                 from source/discord/ffi.h:9,
                 from source/discord/types.h:4,
                 from source/discord/storage_manager.h:4,
                 from source/discord/storage_manager.cpp:7:
/usr/include/x86_64-linux-gnu/bits/stdint-intn.h:27:19: note: ‘int64_t’ declared here
   27 | typedef __int64_t int64_t;
      |                   ^~~~~~~
In file included from source/discord/core.h:10,
                 from source/discord/storage_manager.cpp:9:
source/discord/lobby_manager.h:73:43: error: template argument 1 is invalid
   73 |     Event<std::int64_t, std::int64_t, bool> OnSpeaking;
      |                                           ^
source/discord/lobby_manager.h:73:43: error: template argument 2 is invalid
source/discord/lobby_manager.h:74:16: error: ‘int64_t’ is not a member of ‘std’; did you mean ‘int64_t’?
   74 |     Event<std::int64_t, std::int64_t, std::uint8_t, std::uint8_t*, std::uint32_t> OnNetworkMessage;
      |                ^~~~~~~
In file included from /usr/include/stdint.h:34,
                 from /usr/lib/gcc/x86_64-linux-gnu/11/include/stdint.h:9,
                 from source/discord/ffi.h:9,
                 from source/discord/types.h:4,
                 from source/discord/storage_manager.h:4,
                 from source/discord/storage_manager.cpp:7:
/usr/include/x86_64-linux-gnu/bits/stdint-intn.h:27:19: note: ‘int64_t’ declared here
   27 | typedef __int64_t int64_t;
      |                   ^~~~~~~
In file included from source/discord/core.h:10,
                 from source/discord/storage_manager.cpp:9:
source/discord/lobby_manager.h:74:30: error: ‘int64_t’ is not a member of ‘std’; did you mean ‘int64_t’?
   74 |     Event<std::int64_t, std::int64_t, std::uint8_t, std::uint8_t*, std::uint32_t> OnNetworkMessage;
      |                              ^~~~~~~
In file included from /usr/include/stdint.h:34,
                 from /usr/lib/gcc/x86_64-linux-gnu/11/include/stdint.h:9,
                 from source/discord/ffi.h:9,
                 from source/discord/types.h:4,
                 from source/discord/storage_manager.h:4,
                 from source/discord/storage_manager.cpp:7:
/usr/include/x86_64-linux-gnu/bits/stdint-intn.h:27:19: note: ‘int64_t’ declared here
   27 | typedef __int64_t int64_t;
      |                   ^~~~~~~
In file included from source/discord/core.h:10,
                 from source/discord/storage_manager.cpp:9:
source/discord/lobby_manager.h:74:44: error: ‘uint8_t’ is not a member of ‘std’; did you mean ‘uint8_t’?
   74 |     Event<std::int64_t, std::int64_t, std::uint8_t, std::uint8_t*, std::uint32_t> OnNetworkMessage;
      |                                            ^~~~~~~
In file included from /usr/include/stdint.h:37,
                 from /usr/lib/gcc/x86_64-linux-gnu/11/include/stdint.h:9,
                 from source/discord/ffi.h:9,
                 from source/discord/types.h:4,
                 from source/discord/storage_manager.h:4,
                 from source/discord/storage_manager.cpp:7:
/usr/include/x86_64-linux-gnu/bits/stdint-uintn.h:24:19: note: ‘uint8_t’ declared here
   24 | typedef __uint8_t uint8_t;
      |                   ^~~~~~~
In file included from source/discord/core.h:10,
                 from source/discord/storage_manager.cpp:9:
source/discord/lobby_manager.h:74:58: error: ‘uint8_t’ is not a member of ‘std’; did you mean ‘uint8_t’?
   74 |     Event<std::int64_t, std::int64_t, std::uint8_t, std::uint8_t*, std::uint32_t> OnNetworkMessage;
      |                                                          ^~~~~~~
In file included from /usr/include/stdint.h:37,
                 from /usr/lib/gcc/x86_64-linux-gnu/11/include/stdint.h:9,
                 from source/discord/ffi.h:9,
                 from source/discord/types.h:4,
                 from source/discord/storage_manager.h:4,
                 from source/discord/storage_manager.cpp:7:
/usr/include/x86_64-linux-gnu/bits/stdint-uintn.h:24:19: note: ‘uint8_t’ declared here
   24 | typedef __uint8_t uint8_t;
      |                   ^~~~~~~
In file included from source/discord/core.h:10,
                 from source/discord/storage_manager.cpp:9:
source/discord/lobby_manager.h:74:73: error: ‘uint32_t’ is not a member of ‘std’; did you mean ‘uint32_t’?
   74 |     Event<std::int64_t, std::int64_t, std::uint8_t, std::uint8_t*, std::uint32_t> OnNetworkMessage;
      |                                                                         ^~~~~~~~
In file included from /usr/include/stdint.h:37,
                 from /usr/lib/gcc/x86_64-linux-gnu/11/include/stdint.h:9,
                 from source/discord/ffi.h:9,
                 from source/discord/types.h:4,
                 from source/discord/storage_manager.h:4,
                 from source/discord/storage_manager.cpp:7:
/usr/include/x86_64-linux-gnu/bits/stdint-uintn.h:26:20: note: ‘uint32_t’ declared here
   26 | typedef __uint32_t uint32_t;
      |                    ^~~~~~~~
In file included from source/discord/core.h:10,
                 from source/discord/storage_manager.cpp:9:
source/discord/lobby_manager.h:74:81: error: template argument 1 is invalid
   74 |     Event<std::int64_t, std::int64_t, std::uint8_t, std::uint8_t*, std::uint32_t> OnNetworkMessage;
      |                                                                                 ^
source/discord/lobby_manager.h:74:81: error: template argument 2 is invalid
source/discord/lobby_manager.h:74:81: error: template argument 3 is invalid
source/discord/lobby_manager.h:74:81: error: template argument 4 is invalid
source/discord/lobby_manager.h:74:81: error: template argument 5 is invalid
In file included from source/discord/core.h:11,
                 from source/discord/storage_manager.cpp:9:
source/discord/network_manager.h:15:20: error: ‘NetworkPeerId’ has not been declared
   15 |     void GetPeerId(NetworkPeerId* peerId);
      |                    ^~~~~~~~~~~~~
source/discord/network_manager.h:23:21: error: ‘NetworkPeerId’ has not been declared
   23 |     Result OpenPeer(NetworkPeerId peerId, char const* routeData);
      |                     ^~~~~~~~~~~~~
source/discord/network_manager.h:27:23: error: ‘NetworkPeerId’ has not been declared
   27 |     Result UpdatePeer(NetworkPeerId peerId, char const* routeData);
      |                       ^~~~~~~~~~~~~
source/discord/network_manager.h:31:22: error: ‘NetworkPeerId’ has not been declared
   31 |     Result ClosePeer(NetworkPeerId peerId);
      |                      ^~~~~~~~~~~~~
source/discord/network_manager.h:35:24: error: ‘NetworkPeerId’ has not been declared
   35 |     Result OpenChannel(NetworkPeerId peerId, NetworkChannelId channelId, bool reliable);
      |                        ^~~~~~~~~~~~~
source/discord/network_manager.h:35:46: error: ‘NetworkChannelId’ has not been declared
   35 |     Result OpenChannel(NetworkPeerId peerId, NetworkChannelId channelId, bool reliable);
      |                                              ^~~~~~~~~~~~~~~~
source/discord/network_manager.h:39:25: error: ‘NetworkPeerId’ has not been declared
   39 |     Result CloseChannel(NetworkPeerId peerId, NetworkChannelId channelId);
      |                         ^~~~~~~~~~~~~
source/discord/network_manager.h:39:47: error: ‘NetworkChannelId’ has not been declared
   39 |     Result CloseChannel(NetworkPeerId peerId, NetworkChannelId channelId);
      |                                               ^~~~~~~~~~~~~~~~
source/discord/network_manager.h:43:24: error: ‘NetworkPeerId’ has not been declared
   43 |     Result SendMessage(NetworkPeerId peerId,
      |                        ^~~~~~~~~~~~~
source/discord/network_manager.h:44:24: error: ‘NetworkChannelId’ has not been declared
   44 |                        NetworkChannelId channelId,
      |                        ^~~~~~~~~~~~~~~~
source/discord/network_manager.h:45:24: error: ‘std::uint8_t’ has not been declared
   45 |                        std::uint8_t* data,
      |                        ^~~
source/discord/network_manager.h:46:24: error: ‘std::uint32_t’ has not been declared
   46 |                        std::uint32_t dataLength);
      |                        ^~~
source/discord/network_manager.h:48:11: error: ‘NetworkPeerId’ was not declared in this scope; did you mean ‘GetPeerId’?
   48 |     Event<NetworkPeerId, NetworkChannelId, std::uint8_t*, std::uint32_t> OnMessage;
      |           ^~~~~~~~~~~~~
      |           GetPeerId
source/discord/network_manager.h:48:26: error: ‘NetworkChannelId’ was not declared in this scope
   48 |     Event<NetworkPeerId, NetworkChannelId, std::uint8_t*, std::uint32_t> OnMessage;
      |                          ^~~~~~~~~~~~~~~~
source/discord/network_manager.h:48:49: error: ‘uint8_t’ is not a member of ‘std’; did you mean ‘uint8_t’?
   48 |     Event<NetworkPeerId, NetworkChannelId, std::uint8_t*, std::uint32_t> OnMessage;
      |                                                 ^~~~~~~
In file included from /usr/include/stdint.h:37,
                 from /usr/lib/gcc/x86_64-linux-gnu/11/include/stdint.h:9,
                 from source/discord/ffi.h:9,
                 from source/discord/types.h:4,
                 from source/discord/storage_manager.h:4,
                 from source/discord/storage_manager.cpp:7:
/usr/include/x86_64-linux-gnu/bits/stdint-uintn.h:24:19: note: ‘uint8_t’ declared here
   24 | typedef __uint8_t uint8_t;
      |                   ^~~~~~~
In file included from source/discord/core.h:11,
                 from source/discord/storage_manager.cpp:9:
source/discord/network_manager.h:48:64: error: ‘uint32_t’ is not a member of ‘std’; did you mean ‘uint32_t’?
   48 |     Event<NetworkPeerId, NetworkChannelId, std::uint8_t*, std::uint32_t> OnMessage;
      |                                                                ^~~~~~~~
In file included from /usr/include/stdint.h:37,
                 from /usr/lib/gcc/x86_64-linux-gnu/11/include/stdint.h:9,
                 from source/discord/ffi.h:9,
                 from source/discord/types.h:4,
                 from source/discord/storage_manager.h:4,
                 from source/discord/storage_manager.cpp:7:
/usr/include/x86_64-linux-gnu/bits/stdint-uintn.h:26:20: note: ‘uint32_t’ declared here
   26 | typedef __uint32_t uint32_t;
      |                    ^~~~~~~~
In file included from source/discord/core.h:11,
                 from source/discord/storage_manager.cpp:9:
source/discord/network_manager.h:48:72: error: template argument 1 is invalid
   48 |     Event<NetworkPeerId, NetworkChannelId, std::uint8_t*, std::uint32_t> OnMessage;
      |                                                                        ^
source/discord/network_manager.h:48:72: error: template argument 2 is invalid
source/discord/network_manager.h:48:72: error: template argument 3 is invalid
source/discord/network_manager.h:48:72: error: template argument 4 is invalid
In file included from source/discord/core.h:14,
                 from source/discord/storage_manager.cpp:9:
source/discord/store_manager.h:13:20: error: ‘std::int32_t’ has not been declared
   13 |     void CountSkus(std::int32_t* count);
      |                    ^~~
source/discord/store_manager.h:14:19: error: ‘Snowflake’ has not been declared
   14 |     Result GetSku(Snowflake skuId, Sku* sku);
      |                   ^~~~~~~~~
source/discord/store_manager.h:15:21: error: ‘std::int32_t’ has not been declared
   15 |     Result GetSkuAt(std::int32_t index, Sku* sku);
      |                     ^~~
source/discord/store_manager.h:17:28: error: ‘std::int32_t’ has not been declared
   17 |     void CountEntitlements(std::int32_t* count);
      |                            ^~~
source/discord/store_manager.h:18:27: error: ‘Snowflake’ has not been declared
   18 |     Result GetEntitlement(Snowflake entitlementId, Entitlement* entitlement);
      |                           ^~~~~~~~~
source/discord/store_manager.h:19:29: error: ‘std::int32_t’ has not been declared
   19 |     Result GetEntitlementAt(std::int32_t index, Entitlement* entitlement);
      |                             ^~~
source/discord/store_manager.h:20:30: error: ‘Snowflake’ has not been declared
   20 |     Result HasSkuEntitlement(Snowflake skuId, bool* hasEntitlement);
      |                              ^~~~~~~~~
source/discord/store_manager.h:21:24: error: ‘Snowflake’ has not been declared
   21 |     void StartPurchase(Snowflake skuId, std::function<void(Result)> callback);
      |                        ^~~~~~~~~
In file included from source/discord/core.h:15,
                 from source/discord/storage_manager.cpp:9:
source/discord/voice_manager.h:18:24: error: ‘Snowflake’ has not been declared
   18 |     Result IsLocalMute(Snowflake userId, bool* mute);
      |                        ^~~~~~~~~
source/discord/voice_manager.h:19:25: error: ‘Snowflake’ has not been declared
   19 |     Result SetLocalMute(Snowflake userId, bool mute);
      |                         ^~~~~~~~~
source/discord/voice_manager.h:20:27: error: ‘Snowflake’ has not been declared
   20 |     Result GetLocalVolume(Snowflake userId, std::uint8_t* volume);
      |                           ^~~~~~~~~
source/discord/voice_manager.h:20:45: error: ‘std::uint8_t’ has not been declared
   20 |     Result GetLocalVolume(Snowflake userId, std::uint8_t* volume);
      |                                             ^~~
source/discord/voice_manager.h:21:27: error: ‘Snowflake’ has not been declared
   21 |     Result SetLocalVolume(Snowflake userId, std::uint8_t volume);
      |                           ^~~~~~~~~
source/discord/voice_manager.h:21:45: error: ‘std::uint8_t’ has not been declared
   21 |     Result SetLocalVolume(Snowflake userId, std::uint8_t volume);
      |                                             ^~~
In file included from source/discord/core.h:16,
                 from source/discord/storage_manager.cpp:9:
source/discord/achievement_manager.h:12:29: error: ‘Snowflake’ has not been declared
   12 |     void SetUserAchievement(Snowflake achievementId,
      |                             ^~~~~~~~~
source/discord/achievement_manager.h:13:29: error: ‘std::uint8_t’ has not been declared
   13 |                             std::uint8_t percentComplete,
      |                             ^~~
source/discord/achievement_manager.h:16:32: error: ‘std::int32_t’ has not been declared
   16 |     void CountUserAchievements(std::int32_t* count);
      |                                ^~~
source/discord/achievement_manager.h:17:31: error: ‘Snowflake’ has not been declared
   17 |     Result GetUserAchievement(Snowflake userAchievementId, UserAchievement* userAchievement);
      |                               ^~~~~~~~~
source/discord/achievement_manager.h:18:33: error: ‘std::int32_t’ has not been declared
   18 |     Result GetUserAchievementAt(std::int32_t index, UserAchievement* userAchievement);
      |                                 ^~~
In file included from source/discord/storage_manager.cpp:9:
source/discord/core.h:22:26: error: ‘ClientId’ has not been declared
   22 |     static Result Create(ClientId clientId, std::uint64_t flags, Core** instance);
      |                          ^~~~~~~~
source/discord/core.h:22:45: error: ‘std::uint64_t’ has not been declared
   22 |     static Result Create(ClientId clientId, std::uint64_t flags, Core** instance);
      |                                             ^~~
source/discord/storage_manager.cpp:17:29: error: ‘std::uint8_t’ has not been declared
   17 |                             std::uint8_t* data,
      |                             ^~~
source/discord/storage_manager.cpp:18:29: error: ‘std::uint32_t’ has not been declared
   18 |                             std::uint32_t dataLength,
      |                             ^~~
source/discord/storage_manager.cpp:19:29: error: ‘std::uint32_t’ has not been declared
   19 |                             std::uint32_t* read)
      |                             ^~~
source/discord/storage_manager.cpp:34:64: error: ‘uint8_t’ is not a member of ‘std’; did you mean ‘wint_t’?
   34 |                                std::function<void(Result, std::uint8_t*, std::uint32_t)> callback)
      |                                                                ^~~~~~~
      |                                                                wint_t
source/discord/storage_manager.cpp:34:79: error: ‘uint32_t’ is not a member of ‘std’; did you mean ‘wint_t’?
   34 |                                std::function<void(Result, std::uint8_t*, std::uint32_t)> callback)
      |                                                                               ^~~~~~~~
      |                                                                               wint_t
source/discord/storage_manager.cpp:34:87: error: expression list treated as compound expression in functional cast [-fpermissive]
   34 |                                std::function<void(Result, std::uint8_t*, std::uint32_t)> callback)
      |                                                                                       ^
source/discord/storage_manager.cpp:34:88: error: template argument 1 is invalid
   34 |                                std::function<void(Result, std::uint8_t*, std::uint32_t)> callback)
      |                                                                                        ^
source/discord/storage_manager.cpp:34:64: error: ‘uint8_t’ is not a member of ‘std’; did you mean ‘wint_t’?
   34 |                                std::function<void(Result, std::uint8_t*, std::uint32_t)> callback)
      |                                                                ^~~~~~~
      |                                                                wint_t
source/discord/storage_manager.cpp:34:79: error: ‘uint32_t’ is not a member of ‘std’; did you mean ‘wint_t’?
   34 |                                std::function<void(Result, std::uint8_t*, std::uint32_t)> callback)
      |                                                                               ^~~~~~~~
      |                                                                               wint_t
source/discord/storage_manager.cpp:34:87: error: expression list treated as compound expression in functional cast [-fpermissive]
   34 |                                std::function<void(Result, std::uint8_t*, std::uint32_t)> callback)
      |                                                                                       ^
source/discord/storage_manager.cpp:34:88: error: template argument 1 is invalid
   34 |                                std::function<void(Result, std::uint8_t*, std::uint32_t)> callback)
      |                                                                                        ^
source/discord/storage_manager.cpp:34:64: error: ‘uint8_t’ is not a member of ‘std’; did you mean ‘wint_t’?
   34 |                                std::function<void(Result, std::uint8_t*, std::uint32_t)> callback)
      |                                                                ^~~~~~~
      |                                                                wint_t
source/discord/storage_manager.cpp:34:79: error: ‘uint32_t’ is not a member of ‘std’; did you mean ‘wint_t’?
   34 |                                std::function<void(Result, std::uint8_t*, std::uint32_t)> callback)
      |                                                                               ^~~~~~~~
      |                                                                               wint_t
source/discord/storage_manager.cpp:34:87: error: expression list treated as compound expression in functional cast [-fpermissive]
   34 |                                std::function<void(Result, std::uint8_t*, std::uint32_t)> callback)
      |                                                                                       ^
source/discord/storage_manager.cpp:34:88: error: template argument 1 is invalid
   34 |                                std::function<void(Result, std::uint8_t*, std::uint32_t)> callback)
      |                                                                                        ^
source/discord/storage_manager.cpp:34:32: error: invalid template-id
   34 |                                std::function<void(Result, std::uint8_t*, std::uint32_t)> callback)
      |                                ^~~
source/discord/storage_manager.cpp:34:64: error: ‘uint8_t’ is not a member of ‘std’; did you mean ‘wint_t’?
   34 |                                std::function<void(Result, std::uint8_t*, std::uint32_t)> callback)
      |                                                                ^~~~~~~
      |                                                                wint_t
source/discord/storage_manager.cpp:34:79: error: ‘uint32_t’ is not a member of ‘std’; did you mean ‘wint_t’?
   34 |                                std::function<void(Result, std::uint8_t*, std::uint32_t)> callback)
      |                                                                               ^~~~~~~~
      |                                                                               wint_t
source/discord/storage_manager.cpp:34:87: error: expression list treated as compound expression in functional cast [-fpermissive]
   34 |                                std::function<void(Result, std::uint8_t*, std::uint32_t)> callback)
      |                                                                                       ^
source/discord/storage_manager.cpp:34:46: error: expected primary-expression before ‘void’
   34 |                                std::function<void(Result, std::uint8_t*, std::uint32_t)> callback)
      |                                              ^~~~
source/discord/storage_manager.cpp:34:46: error: expected ‘>’ before ‘void’
source/discord/storage_manager.cpp:34:32: error: class template placeholder ‘std::function’ not permitted in this context
   34 |                                std::function<void(Result, std::uint8_t*, std::uint32_t)> callback)
      |                                ^~~
source/discord/storage_manager.cpp: In lambda function:
source/discord/storage_manager.cpp:38:57: error: ‘uint8_t’ is not a member of ‘std’; did you mean ‘wint_t’?
   38 |         std::unique_ptr<std::function<void(Result, std::uint8_t*, std::uint32_t)>> cb(
      |                                                         ^~~~~~~
      |                                                         wint_t
source/discord/storage_manager.cpp:38:72: error: ‘uint32_t’ is not a member of ‘std’; did you mean ‘wint_t’?
   38 |         std::unique_ptr<std::function<void(Result, std::uint8_t*, std::uint32_t)>> cb(
      |                                                                        ^~~~~~~~
      |                                                                        wint_t
source/discord/storage_manager.cpp:38:80: error: expression list treated as compound expression in functional cast [-fpermissive]
   38 |         std::unique_ptr<std::function<void(Result, std::uint8_t*, std::uint32_t)>> cb(
      |                                                                                ^
source/discord/storage_manager.cpp:38:81: error: template argument 1 is invalid
   38 |         std::unique_ptr<std::function<void(Result, std::uint8_t*, std::uint32_t)>> cb(
      |                                                                                 ^~
source/discord/storage_manager.cpp:40:26: error: template argument 1 is invalid
   40 |             callbackData));
      |                          ^
source/discord/storage_manager.cpp:40:26: error: template argument 2 is invalid
source/discord/storage_manager.cpp:41:14: error: ‘cb’ was not declared in this scope
   41 |         if (!cb || !(*cb)) {
      |              ^~
source/discord/storage_manager.cpp:44:11: error: ‘cb’ was not declared in this scope
   44 |         (*cb)(static_cast<Result>(result), data, dataLength);
      |           ^~
source/discord/storage_manager.cpp: In member function ‘void discord::StorageManager::ReadAsync(...)’:
source/discord/storage_manager.cpp:46:53: error: ‘uint8_t’ is not a member of ‘std’; did you mean ‘wint_t’?
   46 |     std::unique_ptr<std::function<void(Result, std::uint8_t*, std::uint32_t)>> cb{};
      |                                                     ^~~~~~~
      |                                                     wint_t
source/discord/storage_manager.cpp:46:68: error: ‘uint32_t’ is not a member of ‘std’; did you mean ‘wint_t’?
   46 |     std::unique_ptr<std::function<void(Result, std::uint8_t*, std::uint32_t)>> cb{};
      |                                                                    ^~~~~~~~
      |                                                                    wint_t
source/discord/storage_manager.cpp:46:76: error: expression list treated as compound expression in functional cast [-fpermissive]
   46 |     std::unique_ptr<std::function<void(Result, std::uint8_t*, std::uint32_t)>> cb{};
      |                                                                            ^
source/discord/storage_manager.cpp:46:77: error: template argument 1 is invalid
   46 |     std::unique_ptr<std::function<void(Result, std::uint8_t*, std::uint32_t)>> cb{};
      |                                                                             ^~
source/discord/storage_manager.cpp:46:80: error: template argument 1 is invalid
   46 |     std::unique_ptr<std::function<void(Result, std::uint8_t*, std::uint32_t)>> cb{};
      |                                                                                ^~
source/discord/storage_manager.cpp:46:80: error: template argument 2 is invalid
source/discord/storage_manager.cpp:47:5: error: ‘cb’ was not declared in this scope
   47 |     cb.reset(new std::function<void(Result, std::uint8_t*, std::uint32_t)>(std::move(callback)));
      |     ^~
source/discord/storage_manager.cpp:47:50: error: ‘uint8_t’ is not a member of ‘std’; did you mean ‘wint_t’?
   47 |     cb.reset(new std::function<void(Result, std::uint8_t*, std::uint32_t)>(std::move(callback)));
      |                                                  ^~~~~~~
      |                                                  wint_t
source/discord/storage_manager.cpp:47:65: error: ‘uint32_t’ is not a member of ‘std’; did you mean ‘wint_t’?
   47 |     cb.reset(new std::function<void(Result, std::uint8_t*, std::uint32_t)>(std::move(callback)));
      |                                                                 ^~~~~~~~
      |                                                                 wint_t
source/discord/storage_manager.cpp:47:73: error: expression list treated as compound expression in functional cast [-fpermissive]
   47 |     cb.reset(new std::function<void(Result, std::uint8_t*, std::uint32_t)>(std::move(callback)));
      |                                                                         ^
source/discord/storage_manager.cpp:47:74: error: template argument 1 is invalid
   47 |     cb.reset(new std::function<void(Result, std::uint8_t*, std::uint32_t)>(std::move(callback)));
      |                                                                          ^
source/discord/storage_manager.cpp:47:86: error: ‘callback’ was not declared in this scope; did you mean ‘calloc’?
   47 |     cb.reset(new std::function<void(Result, std::uint8_t*, std::uint32_t)>(std::move(callback)));
      |                                                                                      ^~~~~~~~
      |                                                                                      calloc
source/discord/storage_manager.cpp: At global scope:
source/discord/storage_manager.cpp:53:3: error: ‘std::uint64_t’ has not been declared
   53 |   std::uint64_t offset,
      |   ^~~
source/discord/storage_manager.cpp:54:3: error: ‘std::uint64_t’ has not been declared
   54 |   std::uint64_t length,
      |   ^~~
source/discord/storage_manager.cpp:55:35: error: ‘uint8_t’ is not a member of ‘std’; did you mean ‘wint_t’?
   55 |   std::function<void(Result, std::uint8_t*, std::uint32_t)> callback)
      |                                   ^~~~~~~
      |                                   wint_t
source/discord/storage_manager.cpp:55:50: error: ‘uint32_t’ is not a member of ‘std’; did you mean ‘wint_t’?
   55 |   std::function<void(Result, std::uint8_t*, std::uint32_t)> callback)
      |                                                  ^~~~~~~~
      |                                                  wint_t
source/discord/storage_manager.cpp:55:58: error: expression list treated as compound expression in functional cast [-fpermissive]
   55 |   std::function<void(Result, std::uint8_t*, std::uint32_t)> callback)
      |                                                          ^
source/discord/storage_manager.cpp:55:59: error: template argument 1 is invalid
   55 |   std::function<void(Result, std::uint8_t*, std::uint32_t)> callback)
      |                                                           ^
source/discord/storage_manager.cpp:55:35: error: ‘uint8_t’ is not a member of ‘std’; did you mean ‘wint_t’?
   55 |   std::function<void(Result, std::uint8_t*, std::uint32_t)> callback)
      |                                   ^~~~~~~
      |                                   wint_t
source/discord/storage_manager.cpp:55:50: error: ‘uint32_t’ is not a member of ‘std’; did you mean ‘wint_t’?
   55 |   std::function<void(Result, std::uint8_t*, std::uint32_t)> callback)
      |                                                  ^~~~~~~~
      |                                                  wint_t
source/discord/storage_manager.cpp:55:58: error: expression list treated as compound expression in functional cast [-fpermissive]
   55 |   std::function<void(Result, std::uint8_t*, std::uint32_t)> callback)
      |                                                          ^
source/discord/storage_manager.cpp:55:59: error: template argument 1 is invalid
   55 |   std::function<void(Result, std::uint8_t*, std::uint32_t)> callback)
      |                                                           ^
source/discord/storage_manager.cpp:55:35: error: ‘uint8_t’ is not a member of ‘std’; did you mean ‘wint_t’?
   55 |   std::function<void(Result, std::uint8_t*, std::uint32_t)> callback)
      |                                   ^~~~~~~
      |                                   wint_t
source/discord/storage_manager.cpp:55:50: error: ‘uint32_t’ is not a member of ‘std’; did you mean ‘wint_t’?
   55 |   std::function<void(Result, std::uint8_t*, std::uint32_t)> callback)
      |                                                  ^~~~~~~~
      |                                                  wint_t
source/discord/storage_manager.cpp:55:58: error: expression list treated as compound expression in functional cast [-fpermissive]
   55 |   std::function<void(Result, std::uint8_t*, std::uint32_t)> callback)
      |                                                          ^
source/discord/storage_manager.cpp:55:59: error: template argument 1 is invalid
   55 |   std::function<void(Result, std::uint8_t*, std::uint32_t)> callback)
      |                                                           ^
source/discord/storage_manager.cpp:55:3: error: invalid template-id
   55 |   std::function<void(Result, std::uint8_t*, std::uint32_t)> callback)
      |   ^~~
source/discord/storage_manager.cpp:55:35: error: ‘uint8_t’ is not a member of ‘std’; did you mean ‘wint_t’?
   55 |   std::function<void(Result, std::uint8_t*, std::uint32_t)> callback)
      |                                   ^~~~~~~
      |                                   wint_t
source/discord/storage_manager.cpp:55:50: error: ‘uint32_t’ is not a member of ‘std’; did you mean ‘wint_t’?
   55 |   std::function<void(Result, std::uint8_t*, std::uint32_t)> callback)
      |                                                  ^~~~~~~~
      |                                                  wint_t
source/discord/storage_manager.cpp:55:58: error: expression list treated as compound expression in functional cast [-fpermissive]
   55 |   std::function<void(Result, std::uint8_t*, std::uint32_t)> callback)
      |                                                          ^
source/discord/storage_manager.cpp:55:17: error: expected primary-expression before ‘void’
   55 |   std::function<void(Result, std::uint8_t*, std::uint32_t)> callback)
      |                 ^~~~
source/discord/storage_manager.cpp:55:17: error: expected ‘>’ before ‘void’
source/discord/storage_manager.cpp:55:3: error: class template placeholder ‘std::function’ not permitted in this context
   55 |   std::function<void(Result, std::uint8_t*, std::uint32_t)> callback)
      |   ^~~
source/discord/storage_manager.cpp: In lambda function:
source/discord/storage_manager.cpp:59:57: error: ‘uint8_t’ is not a member of ‘std’; did you mean ‘wint_t’?
   59 |         std::unique_ptr<std::function<void(Result, std::uint8_t*, std::uint32_t)>> cb(
      |                                                         ^~~~~~~
      |                                                         wint_t
source/discord/storage_manager.cpp:59:72: error: ‘uint32_t’ is not a member of ‘std’; did you mean ‘wint_t’?
   59 |         std::unique_ptr<std::function<void(Result, std::uint8_t*, std::uint32_t)>> cb(
      |                                                                        ^~~~~~~~
      |                                                                        wint_t
source/discord/storage_manager.cpp:59:80: error: expression list treated as compound expression in functional cast [-fpermissive]
   59 |         std::unique_ptr<std::function<void(Result, std::uint8_t*, std::uint32_t)>> cb(
      |                                                                                ^
source/discord/storage_manager.cpp:59:81: error: template argument 1 is invalid
   59 |         std::unique_ptr<std::function<void(Result, std::uint8_t*, std::uint32_t)>> cb(
      |                                                                                 ^~
source/discord/storage_manager.cpp:61:26: error: template argument 1 is invalid
   61 |             callbackData));
      |                          ^
source/discord/storage_manager.cpp:61:26: error: template argument 2 is invalid
source/discord/storage_manager.cpp:62:14: error: ‘cb’ was not declared in this scope
   62 |         if (!cb || !(*cb)) {
      |              ^~
source/discord/storage_manager.cpp:65:11: error: ‘cb’ was not declared in this scope
   65 |         (*cb)(static_cast<Result>(result), data, dataLength);
      |           ^~
source/discord/storage_manager.cpp: In member function ‘void discord::StorageManager::ReadAsyncPartial(...)’:
source/discord/storage_manager.cpp:67:53: error: ‘uint8_t’ is not a member of ‘std’; did you mean ‘wint_t’?
   67 |     std::unique_ptr<std::function<void(Result, std::uint8_t*, std::uint32_t)>> cb{};
      |                                                     ^~~~~~~
      |                                                     wint_t
source/discord/storage_manager.cpp:67:68: error: ‘uint32_t’ is not a member of ‘std’; did you mean ‘wint_t’?
   67 |     std::unique_ptr<std::function<void(Result, std::uint8_t*, std::uint32_t)>> cb{};
      |                                                                    ^~~~~~~~
      |                                                                    wint_t
source/discord/storage_manager.cpp:67:76: error: expression list treated as compound expression in functional cast [-fpermissive]
   67 |     std::unique_ptr<std::function<void(Result, std::uint8_t*, std::uint32_t)>> cb{};
      |                                                                            ^
source/discord/storage_manager.cpp:67:77: error: template argument 1 is invalid
   67 |     std::unique_ptr<std::function<void(Result, std::uint8_t*, std::uint32_t)>> cb{};
      |                                                                             ^~
source/discord/storage_manager.cpp:67:80: error: template argument 1 is invalid
   67 |     std::unique_ptr<std::function<void(Result, std::uint8_t*, std::uint32_t)>> cb{};
      |                                                                                ^~
source/discord/storage_manager.cpp:67:80: error: template argument 2 is invalid
source/discord/storage_manager.cpp:68:5: error: ‘cb’ was not declared in this scope
   68 |     cb.reset(new std::function<void(Result, std::uint8_t*, std::uint32_t)>(std::move(callback)));
      |     ^~
source/discord/storage_manager.cpp:68:50: error: ‘uint8_t’ is not a member of ‘std’; did you mean ‘wint_t’?
   68 |     cb.reset(new std::function<void(Result, std::uint8_t*, std::uint32_t)>(std::move(callback)));
      |                                                  ^~~~~~~
      |                                                  wint_t
source/discord/storage_manager.cpp:68:65: error: ‘uint32_t’ is not a member of ‘std’; did you mean ‘wint_t’?
   68 |     cb.reset(new std::function<void(Result, std::uint8_t*, std::uint32_t)>(std::move(callback)));
      |                                                                 ^~~~~~~~
      |                                                                 wint_t
source/discord/storage_manager.cpp:68:73: error: expression list treated as compound expression in functional cast [-fpermissive]
   68 |     cb.reset(new std::function<void(Result, std::uint8_t*, std::uint32_t)>(std::move(callback)));
      |                                                                         ^
source/discord/storage_manager.cpp:68:74: error: template argument 1 is invalid
   68 |     cb.reset(new std::function<void(Result, std::uint8_t*, std::uint32_t)>(std::move(callback)));
      |                                                                          ^
source/discord/storage_manager.cpp:68:86: error: ‘callback’ was not declared in this scope; did you mean ‘calloc’?
   68 |     cb.reset(new std::function<void(Result, std::uint8_t*, std::uint32_t)>(std::move(callback)));
      |                                                                                      ^~~~~~~~
      |                                                                                      calloc
source/discord/storage_manager.cpp: At global scope:
source/discord/storage_manager.cpp:73:48: error: ‘std::uint8_t’ has not been declared
   73 | Result StorageManager::Write(char const* name, std::uint8_t* data, std::uint32_t dataLength)
      |                                                ^~~
source/discord/storage_manager.cpp:73:68: error: ‘std::uint32_t’ has not been declared
   73 | Result StorageManager::Write(char const* name, std::uint8_t* data, std::uint32_t dataLength)
      |                                                                    ^~~
source/discord/storage_manager.cpp:81:33: error: ‘std::uint8_t’ has not been declared
   81 |                                 std::uint8_t* data,
      |                                 ^~~
source/discord/storage_manager.cpp:82:33: error: ‘std::uint32_t’ has not been declared
   82 |                                 std::uint32_t dataLength,
      |                                 ^~~
source/discord/storage_manager.cpp:120:6: error: variable or field ‘Count’ declared void
  120 | void StorageManager::Count(std::int32_t* count)
      |      ^~~~~~~~~~~~~~
source/discord/storage_manager.cpp:120:33: error: ‘int32_t’ is not a member of ‘std’; did you mean ‘int32_t’?
  120 | void StorageManager::Count(std::int32_t* count)
      |                                 ^~~~~~~
In file included from /usr/include/stdint.h:34,
                 from /usr/lib/gcc/x86_64-linux-gnu/11/include/stdint.h:9,
                 from source/discord/ffi.h:9,
                 from source/discord/types.h:4,
                 from source/discord/storage_manager.h:4,
                 from source/discord/storage_manager.cpp:7:
/usr/include/x86_64-linux-gnu/bits/stdint-intn.h:26:19: note: ‘int32_t’ declared here
   26 | typedef __int32_t int32_t;
      |                   ^~~~~~~
source/discord/storage_manager.cpp:120:42: error: ‘count’ was not declared in this scope; did you mean ‘std::count’?
  120 | void StorageManager::Count(std::int32_t* count)
      |                                          ^~~~~
      |                                          std::count
In file included from /usr/include/c++/11/functional:65,
                 from source/discord/event.h:4,
                 from source/discord/types.h:5,
                 from source/discord/storage_manager.h:4,
                 from source/discord/storage_manager.cpp:7:
/usr/include/c++/11/bits/stl_algo.h:4059:5: note: ‘std::count’ declared here
 4059 |     count(_InputIterator __first, _InputIterator __last, const _Tp& __value)
      |     ^~~~~
source/discord/storage_manager.cpp:140:8: error: ‘discord::Result discord::StorageManager::StatAt’ is not a static data member of ‘class discord::StorageManager’
  140 | Result StorageManager::StatAt(std::int32_t index, FileStat* stat)
      |        ^~~~~~~~~~~~~~
source/discord/storage_manager.cpp:140:36: error: ‘int32_t’ is not a member of ‘std’; did you mean ‘int32_t’?
  140 | Result StorageManager::StatAt(std::int32_t index, FileStat* stat)
      |                                    ^~~~~~~
In file included from /usr/include/stdint.h:34,
                 from /usr/lib/gcc/x86_64-linux-gnu/11/include/stdint.h:9,
                 from source/discord/ffi.h:9,
                 from source/discord/types.h:4,
                 from source/discord/storage_manager.h:4,
                 from source/discord/storage_manager.cpp:7:
/usr/include/x86_64-linux-gnu/bits/stdint-intn.h:26:19: note: ‘int32_t’ declared here
   26 | typedef __int32_t int32_t;
      |                   ^~~~~~~
source/discord/storage_manager.cpp:140:59: error: expected primary-expression before ‘*’ token
  140 | Result StorageManager::StatAt(std::int32_t index, FileStat* stat)
      |                                                           ^
source/discord/storage_manager.cpp:140:61: error: ‘stat’ was not declared in this scope; did you mean ‘Stat’?
  140 | Result StorageManager::StatAt(std::int32_t index, FileStat* stat)
      |                                                             ^~~~
      |                                                             Stat
source/discord/storage_manager.cpp:140:65: error: expression list treated as compound expression in initializer [-fpermissive]
  140 | Result StorageManager::StatAt(std::int32_t index, FileStat* stat)
      |                                                                 ^
In file included from source/discord/store_manager.h:4,
                 from source/discord/store_manager.cpp:7:
source/discord/types.h:168:23: error: ‘int64_t’ in namespace ‘std’ does not name a type
  168 | using ClientId = std::int64_t;
      |                       ^~~~~~~
source/discord/types.h:169:22: error: ‘int32_t’ in namespace ‘std’ does not name a type
  169 | using Version = std::int32_t;
      |                      ^~~~~~~
source/discord/types.h:170:24: error: ‘int64_t’ in namespace ‘std’ does not name a type
  170 | using Snowflake = std::int64_t;
      |                        ^~~~~~~
source/discord/types.h:171:24: error: ‘int64_t’ in namespace ‘std’ does not name a type
  171 | using Timestamp = std::int64_t;
      |                        ^~~~~~~
source/discord/types.h:172:16: error: ‘Snowflake’ does not name a type
  172 | using UserId = Snowflake;
      |                ^~~~~~~~~
source/discord/types.h:175:17: error: ‘Snowflake’ does not name a type
  175 | using LobbyId = Snowflake;
      |                 ^~~~~~~~~
source/discord/types.h:179:28: error: ‘uint64_t’ in namespace ‘std’ does not name a type
  179 | using NetworkPeerId = std::uint64_t;
      |                            ^~~~~~~~
source/discord/types.h:180:31: error: ‘uint8_t’ in namespace ‘std’ does not name a type
  180 | using NetworkChannelId = std::uint8_t;
      |                               ^~~~~~~
source/discord/types.h:186:16: error: ‘UserId’ has not been declared
  186 |     void SetId(UserId id);
      |                ^~~~~~
source/discord/types.h:187:5: error: ‘UserId’ does not name a type; did you mean ‘User’?
  187 |     UserId GetId() const;
      |     ^~~~~~
      |     User
source/discord/types.h:207:21: error: ‘Timestamp’ has not been declared
  207 |     void SetExpires(Timestamp expires);
      |                     ^~~~~~~~~
source/discord/types.h:208:5: error: ‘Timestamp’ does not name a type
  208 |     Timestamp GetExpires() const;
      |     ^~~~~~~~~
source/discord/types.h:218:16: error: ‘std::int64_t’ has not been declared
  218 |     void SetId(std::int64_t id);
      |                ^~~
source/discord/types.h:219:10: error: ‘int64_t’ in namespace ‘std’ does not name a type
  219 |     std::int64_t GetId() const;
      |          ^~~~~~~
source/discord/types.h:220:18: error: ‘std::uint32_t’ has not been declared
  220 |     void SetSize(std::uint32_t size);
      |                  ^~~
source/discord/types.h:221:10: error: ‘uint32_t’ in namespace ‘std’ does not name a type
  221 |     std::uint32_t GetSize() const;
      |          ^~~~~~~~
source/discord/types.h:229:19: error: ‘std::uint32_t’ has not been declared
  229 |     void SetWidth(std::uint32_t width);
      |                   ^~~
source/discord/types.h:230:10: error: ‘uint32_t’ in namespace ‘std’ does not name a type
  230 |     std::uint32_t GetWidth() const;
      |          ^~~~~~~~
source/discord/types.h:231:20: error: ‘std::uint32_t’ has not been declared
  231 |     void SetHeight(std::uint32_t height);
      |                    ^~~
source/discord/types.h:232:10: error: ‘uint32_t’ in namespace ‘std’ does not name a type
  232 |     std::uint32_t GetHeight() const;
      |          ^~~~~~~~
source/discord/types.h:240:19: error: ‘Timestamp’ has not been declared
  240 |     void SetStart(Timestamp start);
      |                   ^~~~~~~~~
source/discord/types.h:241:5: error: ‘Timestamp’ does not name a type
  241 |     Timestamp GetStart() const;
      |     ^~~~~~~~~
source/discord/types.h:242:17: error: ‘Timestamp’ has not been declared
  242 |     void SetEnd(Timestamp end);
      |                 ^~~~~~~~~
source/discord/types.h:243:5: error: ‘Timestamp’ does not name a type
  243 |     Timestamp GetEnd() const;
      |     ^~~~~~~~~
source/discord/types.h:266:25: error: ‘std::int32_t’ has not been declared
  266 |     void SetCurrentSize(std::int32_t currentSize);
      |                         ^~~
source/discord/types.h:267:10: error: ‘int32_t’ in namespace ‘std’ does not name a type
  267 |     std::int32_t GetCurrentSize() const;
      |          ^~~~~~~
source/discord/types.h:268:21: error: ‘std::int32_t’ has not been declared
  268 |     void SetMaxSize(std::int32_t maxSize);
      |                     ^~~
source/discord/types.h:269:10: error: ‘int32_t’ in namespace ‘std’ does not name a type
  269 |     std::int32_t GetMaxSize() const;
      |          ^~~~~~~
source/discord/types.h:303:27: error: ‘std::int64_t’ has not been declared
  303 |     void SetApplicationId(std::int64_t applicationId);
      |                           ^~~
source/discord/types.h:304:10: error: ‘int64_t’ in namespace ‘std’ does not name a type
  304 |     std::int64_t GetApplicationId() const;
      |          ^~~~~~~
source/discord/types.h:352:16: error: ‘LobbyId’ has not been declared
  352 |     void SetId(LobbyId id);
      |                ^~~~~~~
source/discord/types.h:353:5: error: ‘LobbyId’ does not name a type; did you mean ‘Lobby’?
  353 |     LobbyId GetId() const;
      |     ^~~~~~~
      |     Lobby
source/discord/types.h:356:21: error: ‘UserId’ has not been declared
  356 |     void SetOwnerId(UserId ownerId);
      |                     ^~~~~~
source/discord/types.h:357:5: error: ‘UserId’ does not name a type; did you mean ‘User’?
  357 |     UserId GetOwnerId() const;
      |     ^~~~~~
      |     User
source/discord/types.h:360:22: error: ‘std::uint32_t’ has not been declared
  360 |     void SetCapacity(std::uint32_t capacity);
      |                      ^~~
source/discord/types.h:361:10: error: ‘uint32_t’ in namespace ‘std’ does not name a type
  361 |     std::uint32_t GetCapacity() const;
      |          ^~~~~~~~
source/discord/types.h:373:18: error: ‘std::uint64_t’ has not been declared
  373 |     void SetSize(std::uint64_t size);
      |                  ^~~
source/discord/types.h:374:10: error: ‘uint64_t’ in namespace ‘std’ does not name a type
  374 |     std::uint64_t GetSize() const;
      |          ^~~~~~~~
source/discord/types.h:375:26: error: ‘std::uint64_t’ has not been declared
  375 |     void SetLastModified(std::uint64_t lastModified);
      |                          ^~~
source/discord/types.h:376:10: error: ‘uint64_t’ in namespace ‘std’ does not name a type
  376 |     std::uint64_t GetLastModified() const;
      |          ^~~~~~~~
source/discord/types.h:384:16: error: ‘Snowflake’ has not been declared
  384 |     void SetId(Snowflake id);
      |                ^~~~~~~~~
source/discord/types.h:385:5: error: ‘Snowflake’ does not name a type
  385 |     Snowflake GetId() const;
      |     ^~~~~~~~~
source/discord/types.h:388:19: error: ‘Snowflake’ has not been declared
  388 |     void SetSkuId(Snowflake skuId);
      |                   ^~~~~~~~~
source/discord/types.h:389:5: error: ‘Snowflake’ does not name a type
  389 |     Snowflake GetSkuId() const;
      |     ^~~~~~~~~
source/discord/types.h:397:20: error: ‘std::uint32_t’ has not been declared
  397 |     void SetAmount(std::uint32_t amount);
      |                    ^~~
source/discord/types.h:398:10: error: ‘uint32_t’ in namespace ‘std’ does not name a type
  398 |     std::uint32_t GetAmount() const;
      |          ^~~~~~~~
source/discord/types.h:408:16: error: ‘Snowflake’ has not been declared
  408 |     void SetId(Snowflake id);
      |                ^~~~~~~~~
source/discord/types.h:409:5: error: ‘Snowflake’ does not name a type
  409 |     Snowflake GetId() const;
      |     ^~~~~~~~~
source/discord/types.h:434:20: error: ‘Snowflake’ has not been declared
  434 |     void SetUserId(Snowflake userId);
      |                    ^~~~~~~~~
source/discord/types.h:435:5: error: ‘Snowflake’ does not name a type
  435 |     Snowflake GetUserId() const;
      |     ^~~~~~~~~
source/discord/types.h:436:27: error: ‘Snowflake’ has not been declared
  436 |     void SetAchievementId(Snowflake achievementId);
      |                           ^~~~~~~~~
source/discord/types.h:437:5: error: ‘Snowflake’ does not name a type
  437 |     Snowflake GetAchievementId() const;
      |     ^~~~~~~~~
source/discord/types.h:438:29: error: ‘std::uint8_t’ has not been declared
  438 |     void SetPercentComplete(std::uint8_t percentComplete);
      |                             ^~~
source/discord/types.h:439:10: error: ‘uint8_t’ in namespace ‘std’ does not name a type
  439 |     std::uint8_t GetPercentComplete() const;
      |          ^~~~~~~
source/discord/types.h:450:21: error: ‘UserId’ has not been declared
  450 |     Result SetOwner(UserId ownerId);
      |                     ^~~~~~
source/discord/types.h:451:24: error: ‘std::uint32_t’ has not been declared
  451 |     Result SetCapacity(std::uint32_t capacity);
      |                        ^~~
source/discord/types.h:482:18: error: ‘std::uint32_t’ has not been declared
  482 |     Result Limit(std::uint32_t limit);
      |                  ^~~
In file included from source/discord/store_manager.cpp:7:
source/discord/store_manager.h:13:20: error: ‘std::int32_t’ has not been declared
   13 |     void CountSkus(std::int32_t* count);
      |                    ^~~
source/discord/store_manager.h:14:19: error: ‘Snowflake’ has not been declared
   14 |     Result GetSku(Snowflake skuId, Sku* sku);
      |                   ^~~~~~~~~
source/discord/store_manager.h:15:21: error: ‘std::int32_t’ has not been declared
   15 |     Result GetSkuAt(std::int32_t index, Sku* sku);
      |                     ^~~
source/discord/store_manager.h:17:28: error: ‘std::int32_t’ has not been declared
   17 |     void CountEntitlements(std::int32_t* count);
      |                            ^~~
source/discord/store_manager.h:18:27: error: ‘Snowflake’ has not been declared
   18 |     Result GetEntitlement(Snowflake entitlementId, Entitlement* entitlement);
      |                           ^~~~~~~~~
source/discord/store_manager.h:19:29: error: ‘std::int32_t’ has not been declared
   19 |     Result GetEntitlementAt(std::int32_t index, Entitlement* entitlement);
      |                             ^~~
source/discord/store_manager.h:20:30: error: ‘Snowflake’ has not been declared
   20 |     Result HasSkuEntitlement(Snowflake skuId, bool* hasEntitlement);
      |                              ^~~~~~~~~
source/discord/store_manager.h:21:24: error: ‘Snowflake’ has not been declared
   21 |     void StartPurchase(Snowflake skuId, std::function<void(Result)> callback);
      |                        ^~~~~~~~~
In file included from source/discord/core.h:6,
                 from source/discord/store_manager.cpp:9:
source/discord/user_manager.h:13:18: error: ‘UserId’ has not been declared
   13 |     void GetUser(UserId userId, std::function<void(Result, User const&)> callback);
      |                  ^~~~~~
In file included from source/discord/core.h:7,
                 from source/discord/store_manager.cpp:9:
source/discord/image_manager.h:14:40: error: ‘std::uint8_t’ has not been declared
   14 |     Result GetData(ImageHandle handle, std::uint8_t* data, std::uint32_t dataLength);
      |                                        ^~~
source/discord/image_manager.h:14:60: error: ‘std::uint32_t’ has not been declared
   14 |     Result GetData(ImageHandle handle, std::uint8_t* data, std::uint32_t dataLength);
      |                                                            ^~~
In file included from source/discord/core.h:8,
                 from source/discord/store_manager.cpp:9:
source/discord/activity_manager.h:13:26: error: ‘std::uint32_t’ has not been declared
   13 |     Result RegisterSteam(std::uint32_t steamId);
      |                          ^~~
source/discord/activity_manager.h:16:27: error: ‘UserId’ has not been declared
   16 |     void SendRequestReply(UserId userId,
      |                           ^~~~~~
source/discord/activity_manager.h:19:21: error: ‘UserId’ has not been declared
   19 |     void SendInvite(UserId userId,
      |                     ^~~~~~
source/discord/activity_manager.h:23:23: error: ‘UserId’ has not been declared
   23 |     void AcceptInvite(UserId userId, std::function<void(Result)> callback);
      |                       ^~~~~~
In file included from source/discord/core.h:9,
                 from source/discord/store_manager.cpp:9:
source/discord/relationship_manager.h:13:18: error: ‘std::int32_t’ has not been declared
   13 |     Result Count(std::int32_t* count);
      |                  ^~~
source/discord/relationship_manager.h:14:16: error: ‘UserId’ has not been declared
   14 |     Result Get(UserId userId, Relationship* relationship);
      |                ^~~~~~
source/discord/relationship_manager.h:15:18: error: ‘std::uint32_t’ has not been declared
   15 |     Result GetAt(std::uint32_t index, Relationship* relationship);
      |                  ^~~
In file included from source/discord/core.h:10,
                 from source/discord/store_manager.cpp:9:
source/discord/lobby_manager.h:13:38: error: ‘LobbyId’ has not been declared
   13 |     Result GetLobbyUpdateTransaction(LobbyId lobbyId, LobbyTransaction* transaction);
      |                                      ^~~~~~~
source/discord/lobby_manager.h:14:39: error: ‘LobbyId’ has not been declared
   14 |     Result GetMemberUpdateTransaction(LobbyId lobbyId,
      |                                       ^~~~~~~
source/discord/lobby_manager.h:15:39: error: ‘UserId’ has not been declared
   15 |                                       UserId userId,
      |                                       ^~~~~~
source/discord/lobby_manager.h:19:22: error: ‘LobbyId’ has not been declared
   19 |     void UpdateLobby(LobbyId lobbyId,
      |                      ^~~~~~~
source/discord/lobby_manager.h:22:22: error: ‘LobbyId’ has not been declared
   22 |     void DeleteLobby(LobbyId lobbyId, std::function<void(Result)> callback);
      |                      ^~~~~~~
source/discord/lobby_manager.h:23:23: error: ‘LobbyId’ has not been declared
   23 |     void ConnectLobby(LobbyId lobbyId,
      |                       ^~~~~~~
source/discord/lobby_manager.h:28:26: error: ‘LobbyId’ has not been declared
   28 |     void DisconnectLobby(LobbyId lobbyId, std::function<void(Result)> callback);
      |                          ^~~~~~~
source/discord/lobby_manager.h:29:21: error: ‘LobbyId’ has not been declared
   29 |     Result GetLobby(LobbyId lobbyId, Lobby* lobby);
      |                     ^~~~~~~
source/discord/lobby_manager.h:30:35: error: ‘LobbyId’ has not been declared
   30 |     Result GetLobbyActivitySecret(LobbyId lobbyId, char secret[128]);
      |                                   ^~~~~~~
source/discord/lobby_manager.h:31:34: error: ‘LobbyId’ has not been declared
   31 |     Result GetLobbyMetadataValue(LobbyId lobbyId, MetadataKey key, char value[4096]);
      |                                  ^~~~~~~
source/discord/lobby_manager.h:32:32: error: ‘LobbyId’ has not been declared
   32 |     Result GetLobbyMetadataKey(LobbyId lobbyId, std::int32_t index, char key[256]);
      |                                ^~~~~~~
source/discord/lobby_manager.h:32:49: error: ‘std::int32_t’ has not been declared
   32 |     Result GetLobbyMetadataKey(LobbyId lobbyId, std::int32_t index, char key[256]);
      |                                                 ^~~
source/discord/lobby_manager.h:33:31: error: ‘LobbyId’ has not been declared
   33 |     Result LobbyMetadataCount(LobbyId lobbyId, std::int32_t* count);
      |                               ^~~~~~~
source/discord/lobby_manager.h:33:48: error: ‘std::int32_t’ has not been declared
   33 |     Result LobbyMetadataCount(LobbyId lobbyId, std::int32_t* count);
      |                                                ^~~
source/discord/lobby_manager.h:34:24: error: ‘LobbyId’ has not been declared
   34 |     Result MemberCount(LobbyId lobbyId, std::int32_t* count);
      |                        ^~~~~~~
source/discord/lobby_manager.h:34:41: error: ‘std::int32_t’ has not been declared
   34 |     Result MemberCount(LobbyId lobbyId, std::int32_t* count);
      |                                         ^~~
source/discord/lobby_manager.h:35:28: error: ‘LobbyId’ has not been declared
   35 |     Result GetMemberUserId(LobbyId lobbyId, std::int32_t index, UserId* userId);
      |                            ^~~~~~~
source/discord/lobby_manager.h:35:45: error: ‘std::int32_t’ has not been declared
   35 |     Result GetMemberUserId(LobbyId lobbyId, std::int32_t index, UserId* userId);
      |                                             ^~~
source/discord/lobby_manager.h:35:65: error: ‘UserId’ has not been declared
   35 |     Result GetMemberUserId(LobbyId lobbyId, std::int32_t index, UserId* userId);
      |                                                                 ^~~~~~
source/discord/lobby_manager.h:36:26: error: ‘LobbyId’ has not been declared
   36 |     Result GetMemberUser(LobbyId lobbyId, UserId userId, User* user);
      |                          ^~~~~~~
source/discord/lobby_manager.h:36:43: error: ‘UserId’ has not been declared
   36 |     Result GetMemberUser(LobbyId lobbyId, UserId userId, User* user);
      |                                           ^~~~~~
source/discord/lobby_manager.h:37:35: error: ‘LobbyId’ has not been declared
   37 |     Result GetMemberMetadataValue(LobbyId lobbyId,
      |                                   ^~~~~~~
source/discord/lobby_manager.h:38:35: error: ‘UserId’ has not been declared
   38 |                                   UserId userId,
      |                                   ^~~~~~
source/discord/lobby_manager.h:41:33: error: ‘LobbyId’ has not been declared
   41 |     Result GetMemberMetadataKey(LobbyId lobbyId, UserId userId, std::int32_t index, char key[256]);
      |                                 ^~~~~~~
source/discord/lobby_manager.h:41:50: error: ‘UserId’ has not been declared
   41 |     Result GetMemberMetadataKey(LobbyId lobbyId, UserId userId, std::int32_t index, char key[256]);
      |                                                  ^~~~~~
source/discord/lobby_manager.h:41:65: error: ‘std::int32_t’ has not been declared
   41 |     Result GetMemberMetadataKey(LobbyId lobbyId, UserId userId, std::int32_t index, char key[256]);
      |                                                                 ^~~
source/discord/lobby_manager.h:42:32: error: ‘LobbyId’ has not been declared
   42 |     Result MemberMetadataCount(LobbyId lobbyId, UserId userId, std::int32_t* count);
      |                                ^~~~~~~
source/discord/lobby_manager.h:42:49: error: ‘UserId’ has not been declared
   42 |     Result MemberMetadataCount(LobbyId lobbyId, UserId userId, std::int32_t* count);
      |                                                 ^~~~~~
source/discord/lobby_manager.h:42:64: error: ‘std::int32_t’ has not been declared
   42 |     Result MemberMetadataCount(LobbyId lobbyId, UserId userId, std::int32_t* count);
      |                                                                ^~~
source/discord/lobby_manager.h:43:23: error: ‘LobbyId’ has not been declared
   43 |     void UpdateMember(LobbyId lobbyId,
      |                       ^~~~~~~
source/discord/lobby_manager.h:44:23: error: ‘UserId’ has not been declared
   44 |                       UserId userId,
      |                       ^~~~~~
source/discord/lobby_manager.h:47:27: error: ‘LobbyId’ has not been declared
   47 |     void SendLobbyMessage(LobbyId lobbyId,
      |                           ^~~~~~~
source/discord/lobby_manager.h:48:27: error: ‘std::uint8_t’ has not been declared
   48 |                           std::uint8_t* data,
      |                           ^~~
source/discord/lobby_manager.h:49:27: error: ‘std::uint32_t’ has not been declared
   49 |                           std::uint32_t dataLength,
      |                           ^~~
source/discord/lobby_manager.h:53:21: error: ‘std::int32_t’ has not been declared
   53 |     void LobbyCount(std::int32_t* count);
      |                     ^~~
source/discord/lobby_manager.h:54:23: error: ‘std::int32_t’ has not been declared
   54 |     Result GetLobbyId(std::int32_t index, LobbyId* lobbyId);
      |                       ^~~
source/discord/lobby_manager.h:54:43: error: ‘LobbyId’ has not been declared
   54 |     Result GetLobbyId(std::int32_t index, LobbyId* lobbyId);
      |                                           ^~~~~~~
source/discord/lobby_manager.h:55:23: error: ‘LobbyId’ has not been declared
   55 |     void ConnectVoice(LobbyId lobbyId, std::function<void(Result)> callback);
      |                       ^~~~~~~
source/discord/lobby_manager.h:56:26: error: ‘LobbyId’ has not been declared
   56 |     void DisconnectVoice(LobbyId lobbyId, std::function<void(Result)> callback);
      |                          ^~~~~~~
source/discord/lobby_manager.h:57:27: error: ‘LobbyId’ has not been declared
   57 |     Result ConnectNetwork(LobbyId lobbyId);
      |                           ^~~~~~~
source/discord/lobby_manager.h:58:30: error: ‘LobbyId’ has not been declared
   58 |     Result DisconnectNetwork(LobbyId lobbyId);
      |                              ^~~~~~~
source/discord/lobby_manager.h:60:31: error: ‘LobbyId’ has not been declared
   60 |     Result OpenNetworkChannel(LobbyId lobbyId, std::uint8_t channelId, bool reliable);
      |                               ^~~~~~~
source/discord/lobby_manager.h:60:48: error: ‘std::uint8_t’ has not been declared
   60 |     Result OpenNetworkChannel(LobbyId lobbyId, std::uint8_t channelId, bool reliable);
      |                                                ^~~
source/discord/lobby_manager.h:61:31: error: ‘LobbyId’ has not been declared
   61 |     Result SendNetworkMessage(LobbyId lobbyId,
      |                               ^~~~~~~
source/discord/lobby_manager.h:62:31: error: ‘UserId’ has not been declared
   62 |                               UserId userId,
      |                               ^~~~~~
source/discord/lobby_manager.h:63:31: error: ‘std::uint8_t’ has not been declared
   63 |                               std::uint8_t channelId,
      |                               ^~~
source/discord/lobby_manager.h:64:31: error: ‘std::uint8_t’ has not been declared
   64 |                               std::uint8_t* data,
      |                               ^~~
source/discord/lobby_manager.h:65:31: error: ‘std::uint32_t’ has not been declared
   65 |                               std::uint32_t dataLength);
      |                               ^~~
source/discord/lobby_manager.h:67:16: error: ‘int64_t’ is not a member of ‘std’; did you mean ‘int64_t’?
   67 |     Event<std::int64_t> OnLobbyUpdate;
      |                ^~~~~~~
In file included from /usr/include/stdint.h:34,
                 from /usr/lib/gcc/x86_64-linux-gnu/11/include/stdint.h:9,
                 from source/discord/ffi.h:9,
                 from source/discord/types.h:4,
                 from source/discord/store_manager.h:4,
                 from source/discord/store_manager.cpp:7:
/usr/include/x86_64-linux-gnu/bits/stdint-intn.h:27:19: note: ‘int64_t’ declared here
   27 | typedef __int64_t int64_t;
      |                   ^~~~~~~
In file included from source/discord/core.h:10,
                 from source/discord/store_manager.cpp:9:
source/discord/lobby_manager.h:67:23: error: template argument 1 is invalid
   67 |     Event<std::int64_t> OnLobbyUpdate;
      |                       ^
source/discord/lobby_manager.h:68:16: error: ‘int64_t’ is not a member of ‘std’; did you mean ‘int64_t’?
   68 |     Event<std::int64_t, std::uint32_t> OnLobbyDelete;
      |                ^~~~~~~
In file included from /usr/include/stdint.h:34,
                 from /usr/lib/gcc/x86_64-linux-gnu/11/include/stdint.h:9,
                 from source/discord/ffi.h:9,
                 from source/discord/types.h:4,
                 from source/discord/store_manager.h:4,
                 from source/discord/store_manager.cpp:7:
/usr/include/x86_64-linux-gnu/bits/stdint-intn.h:27:19: note: ‘int64_t’ declared here
   27 | typedef __int64_t int64_t;
      |                   ^~~~~~~
In file included from source/discord/core.h:10,
                 from source/discord/store_manager.cpp:9:
source/discord/lobby_manager.h:68:30: error: ‘uint32_t’ is not a member of ‘std’; did you mean ‘uint32_t’?
   68 |     Event<std::int64_t, std::uint32_t> OnLobbyDelete;
      |                              ^~~~~~~~
In file included from /usr/include/stdint.h:37,
                 from /usr/lib/gcc/x86_64-linux-gnu/11/include/stdint.h:9,
                 from source/discord/ffi.h:9,
                 from source/discord/types.h:4,
                 from source/discord/store_manager.h:4,
                 from source/discord/store_manager.cpp:7:
/usr/include/x86_64-linux-gnu/bits/stdint-uintn.h:26:20: note: ‘uint32_t’ declared here
   26 | typedef __uint32_t uint32_t;
      |                    ^~~~~~~~
In file included from source/discord/core.h:10,
                 from source/discord/store_manager.cpp:9:
source/discord/lobby_manager.h:68:38: error: template argument 1 is invalid
   68 |     Event<std::int64_t, std::uint32_t> OnLobbyDelete;
      |                                      ^
source/discord/lobby_manager.h:68:38: error: template argument 2 is invalid
source/discord/lobby_manager.h:69:16: error: ‘int64_t’ is not a member of ‘std’; did you mean ‘int64_t’?
   69 |     Event<std::int64_t, std::int64_t> OnMemberConnect;
      |                ^~~~~~~
In file included from /usr/include/stdint.h:34,
                 from /usr/lib/gcc/x86_64-linux-gnu/11/include/stdint.h:9,
                 from source/discord/ffi.h:9,
                 from source/discord/types.h:4,
                 from source/discord/store_manager.h:4,
                 from source/discord/store_manager.cpp:7:
/usr/include/x86_64-linux-gnu/bits/stdint-intn.h:27:19: note: ‘int64_t’ declared here
   27 | typedef __int64_t int64_t;
      |                   ^~~~~~~
In file included from source/discord/core.h:10,
                 from source/discord/store_manager.cpp:9:
source/discord/lobby_manager.h:69:30: error: ‘int64_t’ is not a member of ‘std’; did you mean ‘int64_t’?
   69 |     Event<std::int64_t, std::int64_t> OnMemberConnect;
      |                              ^~~~~~~
In file included from /usr/include/stdint.h:34,
                 from /usr/lib/gcc/x86_64-linux-gnu/11/include/stdint.h:9,
                 from source/discord/ffi.h:9,
                 from source/discord/types.h:4,
                 from source/discord/store_manager.h:4,
                 from source/discord/store_manager.cpp:7:
/usr/include/x86_64-linux-gnu/bits/stdint-intn.h:27:19: note: ‘int64_t’ declared here
   27 | typedef __int64_t int64_t;
      |                   ^~~~~~~
In file included from source/discord/core.h:10,
                 from source/discord/store_manager.cpp:9:
source/discord/lobby_manager.h:69:37: error: template argument 1 is invalid
   69 |     Event<std::int64_t, std::int64_t> OnMemberConnect;
      |                                     ^
source/discord/lobby_manager.h:69:37: error: template argument 2 is invalid
source/discord/lobby_manager.h:70:16: error: ‘int64_t’ is not a member of ‘std’; did you mean ‘int64_t’?
   70 |     Event<std::int64_t, std::int64_t> OnMemberUpdate;
      |                ^~~~~~~
In file included from /usr/include/stdint.h:34,
                 from /usr/lib/gcc/x86_64-linux-gnu/11/include/stdint.h:9,
                 from source/discord/ffi.h:9,
                 from source/discord/types.h:4,
                 from source/discord/store_manager.h:4,
                 from source/discord/store_manager.cpp:7:
/usr/include/x86_64-linux-gnu/bits/stdint-intn.h:27:19: note: ‘int64_t’ declared here
   27 | typedef __int64_t int64_t;
      |                   ^~~~~~~
In file included from source/discord/core.h:10,
                 from source/discord/store_manager.cpp:9:
source/discord/lobby_manager.h:70:30: error: ‘int64_t’ is not a member of ‘std’; did you mean ‘int64_t’?
   70 |     Event<std::int64_t, std::int64_t> OnMemberUpdate;
      |                              ^~~~~~~
In file included from /usr/include/stdint.h:34,
                 from /usr/lib/gcc/x86_64-linux-gnu/11/include/stdint.h:9,
                 from source/discord/ffi.h:9,
                 from source/discord/types.h:4,
                 from source/discord/store_manager.h:4,
                 from source/discord/store_manager.cpp:7:
/usr/include/x86_64-linux-gnu/bits/stdint-intn.h:27:19: note: ‘int64_t’ declared here
   27 | typedef __int64_t int64_t;
      |                   ^~~~~~~
In file included from source/discord/core.h:10,
                 from source/discord/store_manager.cpp:9:
source/discord/lobby_manager.h:70:37: error: template argument 1 is invalid
   70 |     Event<std::int64_t, std::int64_t> OnMemberUpdate;
      |                                     ^
source/discord/lobby_manager.h:70:37: error: template argument 2 is invalid
source/discord/lobby_manager.h:71:16: error: ‘int64_t’ is not a member of ‘std’; did you mean ‘int64_t’?
   71 |     Event<std::int64_t, std::int64_t> OnMemberDisconnect;
      |                ^~~~~~~
In file included from /usr/include/stdint.h:34,
                 from /usr/lib/gcc/x86_64-linux-gnu/11/include/stdint.h:9,
                 from source/discord/ffi.h:9,
                 from source/discord/types.h:4,
                 from source/discord/store_manager.h:4,
                 from source/discord/store_manager.cpp:7:
/usr/include/x86_64-linux-gnu/bits/stdint-intn.h:27:19: note: ‘int64_t’ declared here
   27 | typedef __int64_t int64_t;
      |                   ^~~~~~~
In file included from source/discord/core.h:10,
                 from source/discord/store_manager.cpp:9:
source/discord/lobby_manager.h:71:30: error: ‘int64_t’ is not a member of ‘std’; did you mean ‘int64_t’?
   71 |     Event<std::int64_t, std::int64_t> OnMemberDisconnect;
      |                              ^~~~~~~
In file included from /usr/include/stdint.h:34,
                 from /usr/lib/gcc/x86_64-linux-gnu/11/include/stdint.h:9,
                 from source/discord/ffi.h:9,
                 from source/discord/types.h:4,
                 from source/discord/store_manager.h:4,
                 from source/discord/store_manager.cpp:7:
/usr/include/x86_64-linux-gnu/bits/stdint-intn.h:27:19: note: ‘int64_t’ declared here
   27 | typedef __int64_t int64_t;
      |                   ^~~~~~~
In file included from source/discord/core.h:10,
                 from source/discord/store_manager.cpp:9:
source/discord/lobby_manager.h:71:37: error: template argument 1 is invalid
   71 |     Event<std::int64_t, std::int64_t> OnMemberDisconnect;
      |                                     ^
source/discord/lobby_manager.h:71:37: error: template argument 2 is invalid
source/discord/lobby_manager.h:72:16: error: ‘int64_t’ is not a member of ‘std’; did you mean ‘int64_t’?
   72 |     Event<std::int64_t, std::int64_t, std::uint8_t*, std::uint32_t> OnLobbyMessage;
      |                ^~~~~~~
In file included from /usr/include/stdint.h:34,
                 from /usr/lib/gcc/x86_64-linux-gnu/11/include/stdint.h:9,
                 from source/discord/ffi.h:9,
                 from source/discord/types.h:4,
                 from source/discord/store_manager.h:4,
                 from source/discord/store_manager.cpp:7:
/usr/include/x86_64-linux-gnu/bits/stdint-intn.h:27:19: note: ‘int64_t’ declared here
   27 | typedef __int64_t int64_t;
      |                   ^~~~~~~
In file included from source/discord/core.h:10,
                 from source/discord/store_manager.cpp:9:
source/discord/lobby_manager.h:72:30: error: ‘int64_t’ is not a member of ‘std’; did you mean ‘int64_t’?
   72 |     Event<std::int64_t, std::int64_t, std::uint8_t*, std::uint32_t> OnLobbyMessage;
      |                              ^~~~~~~
In file included from /usr/include/stdint.h:34,
                 from /usr/lib/gcc/x86_64-linux-gnu/11/include/stdint.h:9,
                 from source/discord/ffi.h:9,
                 from source/discord/types.h:4,
                 from source/discord/store_manager.h:4,
                 from source/discord/store_manager.cpp:7:
/usr/include/x86_64-linux-gnu/bits/stdint-intn.h:27:19: note: ‘int64_t’ declared here
   27 | typedef __int64_t int64_t;
      |                   ^~~~~~~
In file included from source/discord/core.h:10,
                 from source/discord/store_manager.cpp:9:
source/discord/lobby_manager.h:72:44: error: ‘uint8_t’ is not a member of ‘std’; did you mean ‘uint8_t’?
   72 |     Event<std::int64_t, std::int64_t, std::uint8_t*, std::uint32_t> OnLobbyMessage;
      |                                            ^~~~~~~
In file included from /usr/include/stdint.h:37,
                 from /usr/lib/gcc/x86_64-linux-gnu/11/include/stdint.h:9,
                 from source/discord/ffi.h:9,
                 from source/discord/types.h:4,
                 from source/discord/store_manager.h:4,
                 from source/discord/store_manager.cpp:7:
/usr/include/x86_64-linux-gnu/bits/stdint-uintn.h:24:19: note: ‘uint8_t’ declared here
   24 | typedef __uint8_t uint8_t;
      |                   ^~~~~~~
In file included from source/discord/core.h:10,
                 from source/discord/store_manager.cpp:9:
source/discord/lobby_manager.h:72:59: error: ‘uint32_t’ is not a member of ‘std’; did you mean ‘uint32_t’?
   72 |     Event<std::int64_t, std::int64_t, std::uint8_t*, std::uint32_t> OnLobbyMessage;
      |                                                           ^~~~~~~~
In file included from /usr/include/stdint.h:37,
                 from /usr/lib/gcc/x86_64-linux-gnu/11/include/stdint.h:9,
                 from source/discord/ffi.h:9,
                 from source/discord/types.h:4,
                 from source/discord/store_manager.h:4,
                 from source/discord/store_manager.cpp:7:
/usr/include/x86_64-linux-gnu/bits/stdint-uintn.h:26:20: note: ‘uint32_t’ declared here
   26 | typedef __uint32_t uint32_t;
      |                    ^~~~~~~~
In file included from source/discord/core.h:10,
                 from source/discord/store_manager.cpp:9:
source/discord/lobby_manager.h:72:67: error: template argument 1 is invalid
   72 |     Event<std::int64_t, std::int64_t, std::uint8_t*, std::uint32_t> OnLobbyMessage;
      |                                                                   ^
source/discord/lobby_manager.h:72:67: error: template argument 2 is invalid
source/discord/lobby_manager.h:72:67: error: template argument 3 is invalid
source/discord/lobby_manager.h:72:67: error: template argument 4 is invalid
source/discord/lobby_manager.h:73:16: error: ‘int64_t’ is not a member of ‘std’; did you mean ‘int64_t’?
   73 |     Event<std::int64_t, std::int64_t, bool> OnSpeaking;
      |                ^~~~~~~
In file included from /usr/include/stdint.h:34,
                 from /usr/lib/gcc/x86_64-linux-gnu/11/include/stdint.h:9,
                 from source/discord/ffi.h:9,
                 from source/discord/types.h:4,
                 from source/discord/store_manager.h:4,
                 from source/discord/store_manager.cpp:7:
/usr/include/x86_64-linux-gnu/bits/stdint-intn.h:27:19: note: ‘int64_t’ declared here
   27 | typedef __int64_t int64_t;
      |                   ^~~~~~~
In file included from source/discord/core.h:10,
                 from source/discord/store_manager.cpp:9:
source/discord/lobby_manager.h:73:30: error: ‘int64_t’ is not a member of ‘std’; did you mean ‘int64_t’?
   73 |     Event<std::int64_t, std::int64_t, bool> OnSpeaking;
      |                              ^~~~~~~
In file included from /usr/include/stdint.h:34,
                 from /usr/lib/gcc/x86_64-linux-gnu/11/include/stdint.h:9,
                 from source/discord/ffi.h:9,
                 from source/discord/types.h:4,
                 from source/discord/store_manager.h:4,
                 from source/discord/store_manager.cpp:7:
/usr/include/x86_64-linux-gnu/bits/stdint-intn.h:27:19: note: ‘int64_t’ declared here
   27 | typedef __int64_t int64_t;
      |                   ^~~~~~~
In file included from source/discord/core.h:10,
                 from source/discord/store_manager.cpp:9:
source/discord/lobby_manager.h:73:43: error: template argument 1 is invalid
   73 |     Event<std::int64_t, std::int64_t, bool> OnSpeaking;
      |                                           ^
source/discord/lobby_manager.h:73:43: error: template argument 2 is invalid
source/discord/lobby_manager.h:74:16: error: ‘int64_t’ is not a member of ‘std’; did you mean ‘int64_t’?
   74 |     Event<std::int64_t, std::int64_t, std::uint8_t, std::uint8_t*, std::uint32_t> OnNetworkMessage;
      |                ^~~~~~~
In file included from /usr/include/stdint.h:34,
                 from /usr/lib/gcc/x86_64-linux-gnu/11/include/stdint.h:9,
                 from source/discord/ffi.h:9,
                 from source/discord/types.h:4,
                 from source/discord/store_manager.h:4,
                 from source/discord/store_manager.cpp:7:
/usr/include/x86_64-linux-gnu/bits/stdint-intn.h:27:19: note: ‘int64_t’ declared here
   27 | typedef __int64_t int64_t;
      |                   ^~~~~~~
In file included from source/discord/core.h:10,
                 from source/discord/store_manager.cpp:9:
source/discord/lobby_manager.h:74:30: error: ‘int64_t’ is not a member of ‘std’; did you mean ‘int64_t’?
   74 |     Event<std::int64_t, std::int64_t, std::uint8_t, std::uint8_t*, std::uint32_t> OnNetworkMessage;
      |                              ^~~~~~~
In file included from /usr/include/stdint.h:34,
                 from /usr/lib/gcc/x86_64-linux-gnu/11/include/stdint.h:9,
                 from source/discord/ffi.h:9,
                 from source/discord/types.h:4,
                 from source/discord/store_manager.h:4,
                 from source/discord/store_manager.cpp:7:
/usr/include/x86_64-linux-gnu/bits/stdint-intn.h:27:19: note: ‘int64_t’ declared here
   27 | typedef __int64_t int64_t;
      |                   ^~~~~~~
In file included from source/discord/core.h:10,
                 from source/discord/store_manager.cpp:9:
source/discord/lobby_manager.h:74:44: error: ‘uint8_t’ is not a member of ‘std’; did you mean ‘uint8_t’?
   74 |     Event<std::int64_t, std::int64_t, std::uint8_t, std::uint8_t*, std::uint32_t> OnNetworkMessage;
      |                                            ^~~~~~~
In file included from /usr/include/stdint.h:37,
                 from /usr/lib/gcc/x86_64-linux-gnu/11/include/stdint.h:9,
                 from source/discord/ffi.h:9,
                 from source/discord/types.h:4,
                 from source/discord/store_manager.h:4,
                 from source/discord/store_manager.cpp:7:
/usr/include/x86_64-linux-gnu/bits/stdint-uintn.h:24:19: note: ‘uint8_t’ declared here
   24 | typedef __uint8_t uint8_t;
      |                   ^~~~~~~
In file included from source/discord/core.h:10,
                 from source/discord/store_manager.cpp:9:
source/discord/lobby_manager.h:74:58: error: ‘uint8_t’ is not a member of ‘std’; did you mean ‘uint8_t’?
   74 |     Event<std::int64_t, std::int64_t, std::uint8_t, std::uint8_t*, std::uint32_t> OnNetworkMessage;
      |                                                          ^~~~~~~
In file included from /usr/include/stdint.h:37,
                 from /usr/lib/gcc/x86_64-linux-gnu/11/include/stdint.h:9,
                 from source/discord/ffi.h:9,
                 from source/discord/types.h:4,
                 from source/discord/store_manager.h:4,
                 from source/discord/store_manager.cpp:7:
/usr/include/x86_64-linux-gnu/bits/stdint-uintn.h:24:19: note: ‘uint8_t’ declared here
   24 | typedef __uint8_t uint8_t;
      |                   ^~~~~~~
In file included from source/discord/core.h:10,
                 from source/discord/store_manager.cpp:9:
source/discord/lobby_manager.h:74:73: error: ‘uint32_t’ is not a member of ‘std’; did you mean ‘uint32_t’?
   74 |     Event<std::int64_t, std::int64_t, std::uint8_t, std::uint8_t*, std::uint32_t> OnNetworkMessage;
      |                                                                         ^~~~~~~~
In file included from /usr/include/stdint.h:37,
                 from /usr/lib/gcc/x86_64-linux-gnu/11/include/stdint.h:9,
                 from source/discord/ffi.h:9,
                 from source/discord/types.h:4,
                 from source/discord/store_manager.h:4,
                 from source/discord/store_manager.cpp:7:
/usr/include/x86_64-linux-gnu/bits/stdint-uintn.h:26:20: note: ‘uint32_t’ declared here
   26 | typedef __uint32_t uint32_t;
      |                    ^~~~~~~~
In file included from source/discord/core.h:10,
                 from source/discord/store_manager.cpp:9:
source/discord/lobby_manager.h:74:81: error: template argument 1 is invalid
   74 |     Event<std::int64_t, std::int64_t, std::uint8_t, std::uint8_t*, std::uint32_t> OnNetworkMessage;
      |                                                                                 ^
source/discord/lobby_manager.h:74:81: error: template argument 2 is invalid
source/discord/lobby_manager.h:74:81: error: template argument 3 is invalid
source/discord/lobby_manager.h:74:81: error: template argument 4 is invalid
source/discord/lobby_manager.h:74:81: error: template argument 5 is invalid
In file included from source/discord/core.h:11,
                 from source/discord/store_manager.cpp:9:
source/discord/network_manager.h:15:20: error: ‘NetworkPeerId’ has not been declared
   15 |     void GetPeerId(NetworkPeerId* peerId);
      |                    ^~~~~~~~~~~~~
source/discord/network_manager.h:23:21: error: ‘NetworkPeerId’ has not been declared
   23 |     Result OpenPeer(NetworkPeerId peerId, char const* routeData);
      |                     ^~~~~~~~~~~~~
source/discord/network_manager.h:27:23: error: ‘NetworkPeerId’ has not been declared
   27 |     Result UpdatePeer(NetworkPeerId peerId, char const* routeData);
      |                       ^~~~~~~~~~~~~
source/discord/network_manager.h:31:22: error: ‘NetworkPeerId’ has not been declared
   31 |     Result ClosePeer(NetworkPeerId peerId);
      |                      ^~~~~~~~~~~~~
source/discord/network_manager.h:35:24: error: ‘NetworkPeerId’ has not been declared
   35 |     Result OpenChannel(NetworkPeerId peerId, NetworkChannelId channelId, bool reliable);
      |                        ^~~~~~~~~~~~~
source/discord/network_manager.h:35:46: error: ‘NetworkChannelId’ has not been declared
   35 |     Result OpenChannel(NetworkPeerId peerId, NetworkChannelId channelId, bool reliable);
      |                                              ^~~~~~~~~~~~~~~~
source/discord/network_manager.h:39:25: error: ‘NetworkPeerId’ has not been declared
   39 |     Result CloseChannel(NetworkPeerId peerId, NetworkChannelId channelId);
      |                         ^~~~~~~~~~~~~
source/discord/network_manager.h:39:47: error: ‘NetworkChannelId’ has not been declared
   39 |     Result CloseChannel(NetworkPeerId peerId, NetworkChannelId channelId);
      |                                               ^~~~~~~~~~~~~~~~
source/discord/network_manager.h:43:24: error: ‘NetworkPeerId’ has not been declared
   43 |     Result SendMessage(NetworkPeerId peerId,
      |                        ^~~~~~~~~~~~~
source/discord/network_manager.h:44:24: error: ‘NetworkChannelId’ has not been declared
   44 |                        NetworkChannelId channelId,
      |                        ^~~~~~~~~~~~~~~~
source/discord/network_manager.h:45:24: error: ‘std::uint8_t’ has not been declared
   45 |                        std::uint8_t* data,
      |                        ^~~
source/discord/network_manager.h:46:24: error: ‘std::uint32_t’ has not been declared
   46 |                        std::uint32_t dataLength);
      |                        ^~~
source/discord/network_manager.h:48:11: error: ‘NetworkPeerId’ was not declared in this scope; did you mean ‘GetPeerId’?
   48 |     Event<NetworkPeerId, NetworkChannelId, std::uint8_t*, std::uint32_t> OnMessage;
      |           ^~~~~~~~~~~~~
      |           GetPeerId
source/discord/network_manager.h:48:26: error: ‘NetworkChannelId’ was not declared in this scope
   48 |     Event<NetworkPeerId, NetworkChannelId, std::uint8_t*, std::uint32_t> OnMessage;
      |                          ^~~~~~~~~~~~~~~~
source/discord/network_manager.h:48:49: error: ‘uint8_t’ is not a member of ‘std’; did you mean ‘uint8_t’?
   48 |     Event<NetworkPeerId, NetworkChannelId, std::uint8_t*, std::uint32_t> OnMessage;
      |                                                 ^~~~~~~
In file included from /usr/include/stdint.h:37,
                 from /usr/lib/gcc/x86_64-linux-gnu/11/include/stdint.h:9,
                 from source/discord/ffi.h:9,
                 from source/discord/types.h:4,
                 from source/discord/store_manager.h:4,
                 from source/discord/store_manager.cpp:7:
/usr/include/x86_64-linux-gnu/bits/stdint-uintn.h:24:19: note: ‘uint8_t’ declared here
   24 | typedef __uint8_t uint8_t;
      |                   ^~~~~~~
In file included from source/discord/core.h:11,
                 from source/discord/store_manager.cpp:9:
source/discord/network_manager.h:48:64: error: ‘uint32_t’ is not a member of ‘std’; did you mean ‘uint32_t’?
   48 |     Event<NetworkPeerId, NetworkChannelId, std::uint8_t*, std::uint32_t> OnMessage;
      |                                                                ^~~~~~~~
In file included from /usr/include/stdint.h:37,
                 from /usr/lib/gcc/x86_64-linux-gnu/11/include/stdint.h:9,
                 from source/discord/ffi.h:9,
                 from source/discord/types.h:4,
                 from source/discord/store_manager.h:4,
                 from source/discord/store_manager.cpp:7:
/usr/include/x86_64-linux-gnu/bits/stdint-uintn.h:26:20: note: ‘uint32_t’ declared here
   26 | typedef __uint32_t uint32_t;
      |                    ^~~~~~~~
In file included from source/discord/core.h:11,
                 from source/discord/store_manager.cpp:9:
source/discord/network_manager.h:48:72: error: template argument 1 is invalid
   48 |     Event<NetworkPeerId, NetworkChannelId, std::uint8_t*, std::uint32_t> OnMessage;
      |                                                                        ^
source/discord/network_manager.h:48:72: error: template argument 2 is invalid
source/discord/network_manager.h:48:72: error: template argument 3 is invalid
source/discord/network_manager.h:48:72: error: template argument 4 is invalid
In file included from source/discord/core.h:13,
                 from source/discord/store_manager.cpp:9:
source/discord/storage_manager.h:13:17: error: ‘std::uint8_t’ has not been declared
   13 |                 std::uint8_t* data,
      |                 ^~~
source/discord/storage_manager.h:14:17: error: ‘std::uint32_t’ has not been declared
   14 |                 std::uint32_t dataLength,
      |                 ^~~
source/discord/storage_manager.h:15:17: error: ‘std::uint32_t’ has not been declared
   15 |                 std::uint32_t* read);
      |                 ^~~
source/discord/storage_manager.h:17:52: error: ‘uint8_t’ is not a member of ‘std’; did you mean ‘uint8_t’?
   17 |                    std::function<void(Result, std::uint8_t*, std::uint32_t)> callback);
      |                                                    ^~~~~~~
In file included from /usr/include/stdint.h:37,
                 from /usr/lib/gcc/x86_64-linux-gnu/11/include/stdint.h:9,
                 from source/discord/ffi.h:9,
                 from source/discord/types.h:4,
                 from source/discord/store_manager.h:4,
                 from source/discord/store_manager.cpp:7:
/usr/include/x86_64-linux-gnu/bits/stdint-uintn.h:24:19: note: ‘uint8_t’ declared here
   24 | typedef __uint8_t uint8_t;
      |                   ^~~~~~~
In file included from source/discord/core.h:13,
                 from source/discord/store_manager.cpp:9:
source/discord/storage_manager.h:17:67: error: ‘uint32_t’ is not a member of ‘std’; did you mean ‘uint32_t’?
   17 |                    std::function<void(Result, std::uint8_t*, std::uint32_t)> callback);
      |                                                                   ^~~~~~~~
In file included from /usr/include/stdint.h:37,
                 from /usr/lib/gcc/x86_64-linux-gnu/11/include/stdint.h:9,
                 from source/discord/ffi.h:9,
                 from source/discord/types.h:4,
                 from source/discord/store_manager.h:4,
                 from source/discord/store_manager.cpp:7:
/usr/include/x86_64-linux-gnu/bits/stdint-uintn.h:26:20: note: ‘uint32_t’ declared here
   26 | typedef __uint32_t uint32_t;
      |                    ^~~~~~~~
In file included from source/discord/core.h:13,
                 from source/discord/store_manager.cpp:9:
source/discord/storage_manager.h:17:75: error: expression list treated as compound expression in functional cast [-fpermissive]
   17 |                    std::function<void(Result, std::uint8_t*, std::uint32_t)> callback);
      |                                                                           ^
source/discord/storage_manager.h:17:76: error: template argument 1 is invalid
   17 |                    std::function<void(Result, std::uint8_t*, std::uint32_t)> callback);
      |                                                                            ^
source/discord/storage_manager.h:17:52: error: ‘uint8_t’ is not a member of ‘std’; did you mean ‘uint8_t’?
   17 |                    std::function<void(Result, std::uint8_t*, std::uint32_t)> callback);
      |                                                    ^~~~~~~
In file included from /usr/include/stdint.h:37,
                 from /usr/lib/gcc/x86_64-linux-gnu/11/include/stdint.h:9,
                 from source/discord/ffi.h:9,
                 from source/discord/types.h:4,
                 from source/discord/store_manager.h:4,
                 from source/discord/store_manager.cpp:7:
/usr/include/x86_64-linux-gnu/bits/stdint-uintn.h:24:19: note: ‘uint8_t’ declared here
   24 | typedef __uint8_t uint8_t;
      |                   ^~~~~~~
In file included from source/discord/core.h:13,
                 from source/discord/store_manager.cpp:9:
source/discord/storage_manager.h:17:67: error: ‘uint32_t’ is not a member of ‘std’; did you mean ‘uint32_t’?
   17 |                    std::function<void(Result, std::uint8_t*, std::uint32_t)> callback);
      |                                                                   ^~~~~~~~
In file included from /usr/include/stdint.h:37,
                 from /usr/lib/gcc/x86_64-linux-gnu/11/include/stdint.h:9,
                 from source/discord/ffi.h:9,
                 from source/discord/types.h:4,
                 from source/discord/store_manager.h:4,
                 from source/discord/store_manager.cpp:7:
/usr/include/x86_64-linux-gnu/bits/stdint-uintn.h:26:20: note: ‘uint32_t’ declared here
   26 | typedef __uint32_t uint32_t;
      |                    ^~~~~~~~
In file included from source/discord/core.h:13,
                 from source/discord/store_manager.cpp:9:
source/discord/storage_manager.h:17:75: error: expression list treated as compound expression in functional cast [-fpermissive]
   17 |                    std::function<void(Result, std::uint8_t*, std::uint32_t)> callback);
      |                                                                           ^
source/discord/storage_manager.h:17:76: error: template argument 1 is invalid
   17 |                    std::function<void(Result, std::uint8_t*, std::uint32_t)> callback);
      |                                                                            ^
source/discord/storage_manager.h:17:52: error: ‘uint8_t’ is not a member of ‘std’; did you mean ‘uint8_t’?
   17 |                    std::function<void(Result, std::uint8_t*, std::uint32_t)> callback);
      |                                                    ^~~~~~~
In file included from /usr/include/stdint.h:37,
                 from /usr/lib/gcc/x86_64-linux-gnu/11/include/stdint.h:9,
                 from source/discord/ffi.h:9,
                 from source/discord/types.h:4,
                 from source/discord/store_manager.h:4,
                 from source/discord/store_manager.cpp:7:
/usr/include/x86_64-linux-gnu/bits/stdint-uintn.h:24:19: note: ‘uint8_t’ declared here
   24 | typedef __uint8_t uint8_t;
      |                   ^~~~~~~
In file included from source/discord/core.h:13,
                 from source/discord/store_manager.cpp:9:
source/discord/storage_manager.h:17:67: error: ‘uint32_t’ is not a member of ‘std’; did you mean ‘uint32_t’?
   17 |                    std::function<void(Result, std::uint8_t*, std::uint32_t)> callback);
      |                                                                   ^~~~~~~~
In file included from /usr/include/stdint.h:37,
                 from /usr/lib/gcc/x86_64-linux-gnu/11/include/stdint.h:9,
                 from source/discord/ffi.h:9,
                 from source/discord/types.h:4,
                 from source/discord/store_manager.h:4,
                 from source/discord/store_manager.cpp:7:
/usr/include/x86_64-linux-gnu/bits/stdint-uintn.h:26:20: note: ‘uint32_t’ declared here
   26 | typedef __uint32_t uint32_t;
      |                    ^~~~~~~~
In file included from source/discord/core.h:13,
                 from source/discord/store_manager.cpp:9:
source/discord/storage_manager.h:17:75: error: expression list treated as compound expression in functional cast [-fpermissive]
   17 |                    std::function<void(Result, std::uint8_t*, std::uint32_t)> callback);
      |                                                                           ^
source/discord/storage_manager.h:17:76: error: template argument 1 is invalid
   17 |                    std::function<void(Result, std::uint8_t*, std::uint32_t)> callback);
      |                                                                            ^
source/discord/storage_manager.h:17:20: error: invalid template-id
   17 |                    std::function<void(Result, std::uint8_t*, std::uint32_t)> callback);
      |                    ^~~
source/discord/storage_manager.h:17:52: error: ‘uint8_t’ is not a member of ‘std’; did you mean ‘uint8_t’?
   17 |                    std::function<void(Result, std::uint8_t*, std::uint32_t)> callback);
      |                                                    ^~~~~~~
In file included from /usr/include/stdint.h:37,
                 from /usr/lib/gcc/x86_64-linux-gnu/11/include/stdint.h:9,
                 from source/discord/ffi.h:9,
                 from source/discord/types.h:4,
                 from source/discord/store_manager.h:4,
                 from source/discord/store_manager.cpp:7:
/usr/include/x86_64-linux-gnu/bits/stdint-uintn.h:24:19: note: ‘uint8_t’ declared here
   24 | typedef __uint8_t uint8_t;
      |                   ^~~~~~~
In file included from source/discord/core.h:13,
                 from source/discord/store_manager.cpp:9:
source/discord/storage_manager.h:17:67: error: ‘uint32_t’ is not a member of ‘std’; did you mean ‘uint32_t’?
   17 |                    std::function<void(Result, std::uint8_t*, std::uint32_t)> callback);
      |                                                                   ^~~~~~~~
In file included from /usr/include/stdint.h:37,
                 from /usr/lib/gcc/x86_64-linux-gnu/11/include/stdint.h:9,
                 from source/discord/ffi.h:9,
                 from source/discord/types.h:4,
                 from source/discord/store_manager.h:4,
                 from source/discord/store_manager.cpp:7:
/usr/include/x86_64-linux-gnu/bits/stdint-uintn.h:26:20: note: ‘uint32_t’ declared here
   26 | typedef __uint32_t uint32_t;
      |                    ^~~~~~~~
In file included from source/discord/core.h:13,
                 from source/discord/store_manager.cpp:9:
source/discord/storage_manager.h:17:75: error: expression list treated as compound expression in functional cast [-fpermissive]
   17 |                    std::function<void(Result, std::uint8_t*, std::uint32_t)> callback);
      |                                                                           ^
source/discord/storage_manager.h:17:34: error: expected primary-expression before ‘void’
   17 |                    std::function<void(Result, std::uint8_t*, std::uint32_t)> callback);
      |                                  ^~~~
source/discord/storage_manager.h:17:34: error: expected ‘>’ before ‘void’
source/discord/storage_manager.h:17:20: error: class template placeholder ‘std::function’ not permitted in this context
   17 |                    std::function<void(Result, std::uint8_t*, std::uint32_t)> callback);
      |                    ^~~
source/discord/storage_manager.h:19:27: error: ‘std::uint64_t’ has not been declared
   19 |                           std::uint64_t offset,
      |                           ^~~
source/discord/storage_manager.h:20:27: error: ‘std::uint64_t’ has not been declared
   20 |                           std::uint64_t length,
      |                           ^~~
source/discord/storage_manager.h:21:59: error: ‘uint8_t’ is not a member of ‘std’; did you mean ‘uint8_t’?
   21 |                           std::function<void(Result, std::uint8_t*, std::uint32_t)> callback);
      |                                                           ^~~~~~~
In file included from /usr/include/stdint.h:37,
                 from /usr/lib/gcc/x86_64-linux-gnu/11/include/stdint.h:9,
                 from source/discord/ffi.h:9,
                 from source/discord/types.h:4,
                 from source/discord/store_manager.h:4,
                 from source/discord/store_manager.cpp:7:
/usr/include/x86_64-linux-gnu/bits/stdint-uintn.h:24:19: note: ‘uint8_t’ declared here
   24 | typedef __uint8_t uint8_t;
      |                   ^~~~~~~
In file included from source/discord/core.h:13,
                 from source/discord/store_manager.cpp:9:
source/discord/storage_manager.h:21:74: error: ‘uint32_t’ is not a member of ‘std’; did you mean ‘uint32_t’?
   21 |                           std::function<void(Result, std::uint8_t*, std::uint32_t)> callback);
      |                                                                          ^~~~~~~~
In file included from /usr/include/stdint.h:37,
                 from /usr/lib/gcc/x86_64-linux-gnu/11/include/stdint.h:9,
                 from source/discord/ffi.h:9,
                 from source/discord/types.h:4,
                 from source/discord/store_manager.h:4,
                 from source/discord/store_manager.cpp:7:
/usr/include/x86_64-linux-gnu/bits/stdint-uintn.h:26:20: note: ‘uint32_t’ declared here
   26 | typedef __uint32_t uint32_t;
      |                    ^~~~~~~~
In file included from source/discord/core.h:13,
                 from source/discord/store_manager.cpp:9:
source/discord/storage_manager.h:21:82: error: expression list treated as compound expression in functional cast [-fpermissive]
   21 |                           std::function<void(Result, std::uint8_t*, std::uint32_t)> callback);
      |                                                                                  ^
source/discord/storage_manager.h:21:83: error: template argument 1 is invalid
   21 |                           std::function<void(Result, std::uint8_t*, std::uint32_t)> callback);
      |                                                                                   ^
source/discord/storage_manager.h:21:59: error: ‘uint8_t’ is not a member of ‘std’; did you mean ‘uint8_t’?
   21 |                           std::function<void(Result, std::uint8_t*, std::uint32_t)> callback);
      |                                                           ^~~~~~~
In file included from /usr/include/stdint.h:37,
                 from /usr/lib/gcc/x86_64-linux-gnu/11/include/stdint.h:9,
                 from source/discord/ffi.h:9,
                 from source/discord/types.h:4,
                 from source/discord/store_manager.h:4,
                 from source/discord/store_manager.cpp:7:
/usr/include/x86_64-linux-gnu/bits/stdint-uintn.h:24:19: note: ‘uint8_t’ declared here
   24 | typedef __uint8_t uint8_t;
      |                   ^~~~~~~
In file included from source/discord/core.h:13,
                 from source/discord/store_manager.cpp:9:
source/discord/storage_manager.h:21:74: error: ‘uint32_t’ is not a member of ‘std’; did you mean ‘uint32_t’?
   21 |                           std::function<void(Result, std::uint8_t*, std::uint32_t)> callback);
      |                                                                          ^~~~~~~~
In file included from /usr/include/stdint.h:37,
                 from /usr/lib/gcc/x86_64-linux-gnu/11/include/stdint.h:9,
                 from source/discord/ffi.h:9,
                 from source/discord/types.h:4,
                 from source/discord/store_manager.h:4,
                 from source/discord/store_manager.cpp:7:
/usr/include/x86_64-linux-gnu/bits/stdint-uintn.h:26:20: note: ‘uint32_t’ declared here
   26 | typedef __uint32_t uint32_t;
      |                    ^~~~~~~~
In file included from source/discord/core.h:13,
                 from source/discord/store_manager.cpp:9:
source/discord/storage_manager.h:21:82: error: expression list treated as compound expression in functional cast [-fpermissive]
   21 |                           std::function<void(Result, std::uint8_t*, std::uint32_t)> callback);
      |                                                                                  ^
source/discord/storage_manager.h:21:83: error: template argument 1 is invalid
   21 |                           std::function<void(Result, std::uint8_t*, std::uint32_t)> callback);
      |                                                                                   ^
source/discord/storage_manager.h:21:59: error: ‘uint8_t’ is not a member of ‘std’; did you mean ‘uint8_t’?
   21 |                           std::function<void(Result, std::uint8_t*, std::uint32_t)> callback);
      |                                                           ^~~~~~~
In file included from /usr/include/stdint.h:37,
                 from /usr/lib/gcc/x86_64-linux-gnu/11/include/stdint.h:9,
                 from source/discord/ffi.h:9,
                 from source/discord/types.h:4,
                 from source/discord/store_manager.h:4,
                 from source/discord/store_manager.cpp:7:
/usr/include/x86_64-linux-gnu/bits/stdint-uintn.h:24:19: note: ‘uint8_t’ declared here
   24 | typedef __uint8_t uint8_t;
      |                   ^~~~~~~
In file included from source/discord/core.h:13,
                 from source/discord/store_manager.cpp:9:
source/discord/storage_manager.h:21:74: error: ‘uint32_t’ is not a member of ‘std’; did you mean ‘uint32_t’?
   21 |                           std::function<void(Result, std::uint8_t*, std::uint32_t)> callback);
      |                                                                          ^~~~~~~~
In file included from /usr/include/stdint.h:37,
                 from /usr/lib/gcc/x86_64-linux-gnu/11/include/stdint.h:9,
                 from source/discord/ffi.h:9,
                 from source/discord/types.h:4,
                 from source/discord/store_manager.h:4,
                 from source/discord/store_manager.cpp:7:
/usr/include/x86_64-linux-gnu/bits/stdint-uintn.h:26:20: note: ‘uint32_t’ declared here
   26 | typedef __uint32_t uint32_t;
      |                    ^~~~~~~~
In file included from source/discord/core.h:13,
                 from source/discord/store_manager.cpp:9:
source/discord/storage_manager.h:21:82: error: expression list treated as compound expression in functional cast [-fpermissive]
   21 |                           std::function<void(Result, std::uint8_t*, std::uint32_t)> callback);
      |                                                                                  ^
source/discord/storage_manager.h:21:83: error: template argument 1 is invalid
   21 |                           std::function<void(Result, std::uint8_t*, std::uint32_t)> callback);
      |                                                                                   ^
source/discord/storage_manager.h:21:27: error: invalid template-id
   21 |                           std::function<void(Result, std::uint8_t*, std::uint32_t)> callback);
      |                           ^~~
source/discord/storage_manager.h:21:59: error: ‘uint8_t’ is not a member of ‘std’; did you mean ‘uint8_t’?
   21 |                           std::function<void(Result, std::uint8_t*, std::uint32_t)> callback);
      |                                                           ^~~~~~~
In file included from /usr/include/stdint.h:37,
                 from /usr/lib/gcc/x86_64-linux-gnu/11/include/stdint.h:9,
                 from source/discord/ffi.h:9,
                 from source/discord/types.h:4,
                 from source/discord/store_manager.h:4,
                 from source/discord/store_manager.cpp:7:
/usr/include/x86_64-linux-gnu/bits/stdint-uintn.h:24:19: note: ‘uint8_t’ declared here
   24 | typedef __uint8_t uint8_t;
      |                   ^~~~~~~
In file included from source/discord/core.h:13,
                 from source/discord/store_manager.cpp:9:
source/discord/storage_manager.h:21:74: error: ‘uint32_t’ is not a member of ‘std’; did you mean ‘uint32_t’?
   21 |                           std::function<void(Result, std::uint8_t*, std::uint32_t)> callback);
      |                                                                          ^~~~~~~~
In file included from /usr/include/stdint.h:37,
                 from /usr/lib/gcc/x86_64-linux-gnu/11/include/stdint.h:9,
                 from source/discord/ffi.h:9,
                 from source/discord/types.h:4,
                 from source/discord/store_manager.h:4,
                 from source/discord/store_manager.cpp:7:
/usr/include/x86_64-linux-gnu/bits/stdint-uintn.h:26:20: note: ‘uint32_t’ declared here
   26 | typedef __uint32_t uint32_t;
      |                    ^~~~~~~~
In file included from source/discord/core.h:13,
                 from source/discord/store_manager.cpp:9:
source/discord/storage_manager.h:21:82: error: expression list treated as compound expression in functional cast [-fpermissive]
   21 |                           std::function<void(Result, std::uint8_t*, std::uint32_t)> callback);
      |                                                                                  ^
source/discord/storage_manager.h:21:41: error: expected primary-expression before ‘void’
   21 |                           std::function<void(Result, std::uint8_t*, std::uint32_t)> callback);
      |                                         ^~~~
source/discord/storage_manager.h:21:41: error: expected ‘>’ before ‘void’
source/discord/storage_manager.h:21:27: error: class template placeholder ‘std::function’ not permitted in this context
   21 |                           std::function<void(Result, std::uint8_t*, std::uint32_t)> callback);
      |                           ^~~
source/discord/storage_manager.h:22:36: error: ‘std::uint8_t’ has not been declared
   22 |     Result Write(char const* name, std::uint8_t* data, std::uint32_t dataLength);
      |                                    ^~~
source/discord/storage_manager.h:22:56: error: ‘std::uint32_t’ has not been declared
   22 |     Result Write(char const* name, std::uint8_t* data, std::uint32_t dataLength);
      |                                                        ^~~
source/discord/storage_manager.h:24:21: error: ‘std::uint8_t’ has not been declared
   24 |                     std::uint8_t* data,
      |                     ^~~
source/discord/storage_manager.h:25:21: error: ‘std::uint32_t’ has not been declared
   25 |                     std::uint32_t dataLength,
      |                     ^~~
source/discord/storage_manager.h:29:16: error: ‘std::int32_t’ has not been declared
   29 |     void Count(std::int32_t* count);
      |                ^~~
source/discord/storage_manager.h:31:19: error: ‘std::int32_t’ has not been declared
   31 |     Result StatAt(std::int32_t index, FileStat* stat);
      |                   ^~~
In file included from source/discord/core.h:15,
                 from source/discord/store_manager.cpp:9:
source/discord/voice_manager.h:18:24: error: ‘Snowflake’ has not been declared
   18 |     Result IsLocalMute(Snowflake userId, bool* mute);
      |                        ^~~~~~~~~
source/discord/voice_manager.h:19:25: error: ‘Snowflake’ has not been declared
   19 |     Result SetLocalMute(Snowflake userId, bool mute);
      |                         ^~~~~~~~~
source/discord/voice_manager.h:20:27: error: ‘Snowflake’ has not been declared
   20 |     Result GetLocalVolume(Snowflake userId, std::uint8_t* volume);
      |                           ^~~~~~~~~
source/discord/voice_manager.h:20:45: error: ‘std::uint8_t’ has not been declared
   20 |     Result GetLocalVolume(Snowflake userId, std::uint8_t* volume);
      |                                             ^~~
source/discord/voice_manager.h:21:27: error: ‘Snowflake’ has not been declared
   21 |     Result SetLocalVolume(Snowflake userId, std::uint8_t volume);
      |                           ^~~~~~~~~
source/discord/voice_manager.h:21:45: error: ‘std::uint8_t’ has not been declared
   21 |     Result SetLocalVolume(Snowflake userId, std::uint8_t volume);
      |                                             ^~~
In file included from source/discord/core.h:16,
                 from source/discord/store_manager.cpp:9:
source/discord/achievement_manager.h:12:29: error: ‘Snowflake’ has not been declared
   12 |     void SetUserAchievement(Snowflake achievementId,
      |                             ^~~~~~~~~
source/discord/achievement_manager.h:13:29: error: ‘std::uint8_t’ has not been declared
   13 |                             std::uint8_t percentComplete,
      |                             ^~~
source/discord/achievement_manager.h:16:32: error: ‘std::int32_t’ has not been declared
   16 |     void CountUserAchievements(std::int32_t* count);
      |                                ^~~
source/discord/achievement_manager.h:17:31: error: ‘Snowflake’ has not been declared
   17 |     Result GetUserAchievement(Snowflake userAchievementId, UserAchievement* userAchievement);
      |                               ^~~~~~~~~
source/discord/achievement_manager.h:18:33: error: ‘std::int32_t’ has not been declared
   18 |     Result GetUserAchievementAt(std::int32_t index, UserAchievement* userAchievement);
      |                                 ^~~
In file included from source/discord/store_manager.cpp:9:
source/discord/core.h:22:26: error: ‘ClientId’ has not been declared
   22 |     static Result Create(ClientId clientId, std::uint64_t flags, Core** instance);
      |                          ^~~~~~~~
source/discord/core.h:22:45: error: ‘std::uint64_t’ has not been declared
   22 |     static Result Create(ClientId clientId, std::uint64_t flags, Core** instance);
      |                                             ^~~
source/discord/store_manager.cpp:61:6: error: variable or field ‘CountSkus’ declared void
   61 | void StoreManager::CountSkus(std::int32_t* count)
      |      ^~~~~~~~~~~~
source/discord/store_manager.cpp:61:35: error: ‘int32_t’ is not a member of ‘std’; did you mean ‘int32_t’?
   61 | void StoreManager::CountSkus(std::int32_t* count)
      |                                   ^~~~~~~
In file included from /usr/include/stdint.h:34,
                 from /usr/lib/gcc/x86_64-linux-gnu/11/include/stdint.h:9,
                 from source/discord/ffi.h:9,
                 from source/discord/types.h:4,
                 from source/discord/store_manager.h:4,
                 from source/discord/store_manager.cpp:7:
/usr/include/x86_64-linux-gnu/bits/stdint-intn.h:26:19: note: ‘int32_t’ declared here
   26 | typedef __int32_t int32_t;
      |                   ^~~~~~~
source/discord/store_manager.cpp:61:44: error: ‘count’ was not declared in this scope; did you mean ‘std::count’?
   61 | void StoreManager::CountSkus(std::int32_t* count)
      |                                            ^~~~~
      |                                            std::count
In file included from /usr/include/c++/11/functional:65,
                 from source/discord/event.h:4,
                 from source/discord/types.h:5,
                 from source/discord/store_manager.h:4,
                 from source/discord/store_manager.cpp:7:
/usr/include/c++/11/bits/stl_algo.h:4059:5: note: ‘std::count’ declared here
 4059 |     count(_InputIterator __first, _InputIterator __last, const _Tp& __value)
      |     ^~~~~
source/discord/store_manager.cpp:70:8: error: ‘discord::Result discord::StoreManager::GetSku’ is not a static data member of ‘class discord::StoreManager’
   70 | Result StoreManager::GetSku(Snowflake skuId, Sku* sku)
      |        ^~~~~~~~~~~~
source/discord/store_manager.cpp:70:29: error: ‘Snowflake’ was not declared in this scope
   70 | Result StoreManager::GetSku(Snowflake skuId, Sku* sku)
      |                             ^~~~~~~~~
source/discord/store_manager.cpp:70:49: error: expected primary-expression before ‘*’ token
   70 | Result StoreManager::GetSku(Snowflake skuId, Sku* sku)
      |                                                 ^
source/discord/store_manager.cpp:70:51: error: ‘sku’ was not declared in this scope; did you mean ‘Sku’?
   70 | Result StoreManager::GetSku(Snowflake skuId, Sku* sku)
      |                                                   ^~~
      |                                                   Sku
source/discord/store_manager.cpp:70:54: error: expression list treated as compound expression in initializer [-fpermissive]
   70 | Result StoreManager::GetSku(Snowflake skuId, Sku* sku)
      |                                                      ^
source/discord/store_manager.cpp:80:8: error: ‘discord::Result discord::StoreManager::GetSkuAt’ is not a static data member of ‘class discord::StoreManager’
   80 | Result StoreManager::GetSkuAt(std::int32_t index, Sku* sku)
      |        ^~~~~~~~~~~~
source/discord/store_manager.cpp:80:36: error: ‘int32_t’ is not a member of ‘std’; did you mean ‘int32_t’?
   80 | Result StoreManager::GetSkuAt(std::int32_t index, Sku* sku)
      |                                    ^~~~~~~
In file included from /usr/include/stdint.h:34,
                 from /usr/lib/gcc/x86_64-linux-gnu/11/include/stdint.h:9,
                 from source/discord/ffi.h:9,
                 from source/discord/types.h:4,
                 from source/discord/store_manager.h:4,
                 from source/discord/store_manager.cpp:7:
/usr/include/x86_64-linux-gnu/bits/stdint-intn.h:26:19: note: ‘int32_t’ declared here
   26 | typedef __int32_t int32_t;
      |                   ^~~~~~~
source/discord/store_manager.cpp:80:54: error: expected primary-expression before ‘*’ token
   80 | Result StoreManager::GetSkuAt(std::int32_t index, Sku* sku)
      |                                                      ^
source/discord/store_manager.cpp:80:56: error: ‘sku’ was not declared in this scope; did you mean ‘Sku’?
   80 | Result StoreManager::GetSkuAt(std::int32_t index, Sku* sku)
      |                                                        ^~~
      |                                                        Sku
source/discord/store_manager.cpp:80:59: error: expression list treated as compound expression in initializer [-fpermissive]
   80 | Result StoreManager::GetSkuAt(std::int32_t index, Sku* sku)
      |                                                           ^
source/discord/store_manager.cpp:105:6: error: variable or field ‘CountEntitlements’ declared void
  105 | void StoreManager::CountEntitlements(std::int32_t* count)
      |      ^~~~~~~~~~~~
source/discord/store_manager.cpp:105:43: error: ‘int32_t’ is not a member of ‘std’; did you mean ‘int32_t’?
  105 | void StoreManager::CountEntitlements(std::int32_t* count)
      |                                           ^~~~~~~
In file included from /usr/include/stdint.h:34,
                 from /usr/lib/gcc/x86_64-linux-gnu/11/include/stdint.h:9,
                 from source/discord/ffi.h:9,
                 from source/discord/types.h:4,
                 from source/discord/store_manager.h:4,
                 from source/discord/store_manager.cpp:7:
/usr/include/x86_64-linux-gnu/bits/stdint-intn.h:26:19: note: ‘int32_t’ declared here
   26 | typedef __int32_t int32_t;
      |                   ^~~~~~~
source/discord/store_manager.cpp:105:52: error: ‘count’ was not declared in this scope; did you mean ‘std::count’?
  105 | void StoreManager::CountEntitlements(std::int32_t* count)
      |                                                    ^~~~~
      |                                                    std::count
In file included from /usr/include/c++/11/functional:65,
                 from source/discord/event.h:4,
                 from source/discord/types.h:5,
                 from source/discord/store_manager.h:4,
                 from source/discord/store_manager.cpp:7:
/usr/include/c++/11/bits/stl_algo.h:4059:5: note: ‘std::count’ declared here
 4059 |     count(_InputIterator __first, _InputIterator __last, const _Tp& __value)
      |     ^~~~~
source/discord/store_manager.cpp:114:8: error: ‘discord::Result discord::StoreManager::GetEntitlement’ is not a static data member of ‘class discord::StoreManager’
  114 | Result StoreManager::GetEntitlement(Snowflake entitlementId, Entitlement* entitlement)
      |        ^~~~~~~~~~~~
source/discord/store_manager.cpp:114:37: error: ‘Snowflake’ was not declared in this scope
  114 | Result StoreManager::GetEntitlement(Snowflake entitlementId, Entitlement* entitlement)
      |                                     ^~~~~~~~~
source/discord/store_manager.cpp:114:73: error: expected primary-expression before ‘*’ token
  114 | Result StoreManager::GetEntitlement(Snowflake entitlementId, Entitlement* entitlement)
      |                                                                         ^
source/discord/store_manager.cpp:114:75: error: ‘entitlement’ was not declared in this scope; did you mean ‘Entitlement’?
  114 | Result StoreManager::GetEntitlement(Snowflake entitlementId, Entitlement* entitlement)
      |                                                                           ^~~~~~~~~~~
      |                                                                           Entitlement
source/discord/store_manager.cpp:114:86: error: expression list treated as compound expression in initializer [-fpermissive]
  114 | Result StoreManager::GetEntitlement(Snowflake entitlementId, Entitlement* entitlement)
      |                                                                                      ^
source/discord/store_manager.cpp:125:8: error: ‘discord::Result discord::StoreManager::GetEntitlementAt’ is not a static data member of ‘class discord::StoreManager’
  125 | Result StoreManager::GetEntitlementAt(std::int32_t index, Entitlement* entitlement)
      |        ^~~~~~~~~~~~
source/discord/store_manager.cpp:125:44: error: ‘int32_t’ is not a member of ‘std’; did you mean ‘int32_t’?
  125 | Result StoreManager::GetEntitlementAt(std::int32_t index, Entitlement* entitlement)
      |                                            ^~~~~~~
In file included from /usr/include/stdint.h:34,
                 from /usr/lib/gcc/x86_64-linux-gnu/11/include/stdint.h:9,
                 from source/discord/ffi.h:9,
                 from source/discord/types.h:4,
                 from source/discord/store_manager.h:4,
                 from source/discord/store_manager.cpp:7:
/usr/include/x86_64-linux-gnu/bits/stdint-intn.h:26:19: note: ‘int32_t’ declared here
   26 | typedef __int32_t int32_t;
      |                   ^~~~~~~
source/discord/store_manager.cpp:125:70: error: expected primary-expression before ‘*’ token
  125 | Result StoreManager::GetEntitlementAt(std::int32_t index, Entitlement* entitlement)
      |                                                                      ^
source/discord/store_manager.cpp:125:72: error: ‘entitlement’ was not declared in this scope; did you mean ‘Entitlement’?
  125 | Result StoreManager::GetEntitlementAt(std::int32_t index, Entitlement* entitlement)
      |                                                                        ^~~~~~~~~~~
      |                                                                        Entitlement
source/discord/store_manager.cpp:125:83: error: expression list treated as compound expression in initializer [-fpermissive]
  125 | Result StoreManager::GetEntitlementAt(std::int32_t index, Entitlement* entitlement)
      |                                                                                   ^
source/discord/store_manager.cpp:136:8: error: ‘discord::Result discord::StoreManager::HasSkuEntitlement’ is not a static data member of ‘class discord::StoreManager’
  136 | Result StoreManager::HasSkuEntitlement(Snowflake skuId, bool* hasEntitlement)
      |        ^~~~~~~~~~~~
source/discord/store_manager.cpp:136:40: error: ‘Snowflake’ was not declared in this scope
  136 | Result StoreManager::HasSkuEntitlement(Snowflake skuId, bool* hasEntitlement)
      |                                        ^~~~~~~~~
source/discord/store_manager.cpp:136:57: error: expected primary-expression before ‘bool’
  136 | Result StoreManager::HasSkuEntitlement(Snowflake skuId, bool* hasEntitlement)
      |                                                         ^~~~
source/discord/store_manager.cpp:136:77: error: expression list treated as compound expression in initializer [-fpermissive]
  136 | Result StoreManager::HasSkuEntitlement(Snowflake skuId, bool* hasEntitlement)
      |                                                                             ^
source/discord/store_manager.cpp:147:6: error: variable or field ‘StartPurchase’ declared void
  147 | void StoreManager::StartPurchase(Snowflake skuId, std::function<void(Result)> callback)
      |      ^~~~~~~~~~~~
source/discord/store_manager.cpp:147:34: error: ‘Snowflake’ was not declared in this scope
  147 | void StoreManager::StartPurchase(Snowflake skuId, std::function<void(Result)> callback)
      |                                  ^~~~~~~~~
source/discord/store_manager.cpp:147:79: error: expected primary-expression before ‘callback’
  147 | void StoreManager::StartPurchase(Snowflake skuId, std::function<void(Result)> callback)
      |                                                                               ^~~~~~~~
In file included from source/discord/types.cpp:7:
source/discord/types.h:168:23: error: ‘int64_t’ in namespace ‘std’ does not name a type
  168 | using ClientId = std::int64_t;
      |                       ^~~~~~~
source/discord/types.h:169:22: error: ‘int32_t’ in namespace ‘std’ does not name a type
  169 | using Version = std::int32_t;
      |                      ^~~~~~~
source/discord/types.h:170:24: error: ‘int64_t’ in namespace ‘std’ does not name a type
  170 | using Snowflake = std::int64_t;
      |                        ^~~~~~~
source/discord/types.h:171:24: error: ‘int64_t’ in namespace ‘std’ does not name a type
  171 | using Timestamp = std::int64_t;
      |                        ^~~~~~~
source/discord/types.h:172:16: error: ‘Snowflake’ does not name a type
  172 | using UserId = Snowflake;
      |                ^~~~~~~~~
source/discord/types.h:175:17: error: ‘Snowflake’ does not name a type
  175 | using LobbyId = Snowflake;
      |                 ^~~~~~~~~
source/discord/types.h:179:28: error: ‘uint64_t’ in namespace ‘std’ does not name a type
  179 | using NetworkPeerId = std::uint64_t;
      |                            ^~~~~~~~
source/discord/types.h:180:31: error: ‘uint8_t’ in namespace ‘std’ does not name a type
  180 | using NetworkChannelId = std::uint8_t;
      |                               ^~~~~~~
source/discord/types.h:186:16: error: ‘UserId’ has not been declared
  186 |     void SetId(UserId id);
      |                ^~~~~~
source/discord/types.h:187:5: error: ‘UserId’ does not name a type; did you mean ‘User’?
  187 |     UserId GetId() const;
      |     ^~~~~~
      |     User
source/discord/types.h:207:21: error: ‘Timestamp’ has not been declared
  207 |     void SetExpires(Timestamp expires);
      |                     ^~~~~~~~~
source/discord/types.h:208:5: error: ‘Timestamp’ does not name a type
  208 |     Timestamp GetExpires() const;
      |     ^~~~~~~~~
source/discord/types.h:218:16: error: ‘std::int64_t’ has not been declared
  218 |     void SetId(std::int64_t id);
      |                ^~~
source/discord/types.h:219:10: error: ‘int64_t’ in namespace ‘std’ does not name a type
  219 |     std::int64_t GetId() const;
      |          ^~~~~~~
source/discord/types.h:220:18: error: ‘std::uint32_t’ has not been declared
  220 |     void SetSize(std::uint32_t size);
      |                  ^~~
source/discord/types.h:221:10: error: ‘uint32_t’ in namespace ‘std’ does not name a type
  221 |     std::uint32_t GetSize() const;
      |          ^~~~~~~~
source/discord/types.h:229:19: error: ‘std::uint32_t’ has not been declared
  229 |     void SetWidth(std::uint32_t width);
      |                   ^~~
source/discord/types.h:230:10: error: ‘uint32_t’ in namespace ‘std’ does not name a type
  230 |     std::uint32_t GetWidth() const;
      |          ^~~~~~~~
source/discord/types.h:231:20: error: ‘std::uint32_t’ has not been declared
  231 |     void SetHeight(std::uint32_t height);
      |                    ^~~
source/discord/types.h:232:10: error: ‘uint32_t’ in namespace ‘std’ does not name a type
  232 |     std::uint32_t GetHeight() const;
      |          ^~~~~~~~
source/discord/types.h:240:19: error: ‘Timestamp’ has not been declared
  240 |     void SetStart(Timestamp start);
      |                   ^~~~~~~~~
source/discord/types.h:241:5: error: ‘Timestamp’ does not name a type
  241 |     Timestamp GetStart() const;
      |     ^~~~~~~~~
source/discord/types.h:242:17: error: ‘Timestamp’ has not been declared
  242 |     void SetEnd(Timestamp end);
      |                 ^~~~~~~~~
source/discord/types.h:243:5: error: ‘Timestamp’ does not name a type
  243 |     Timestamp GetEnd() const;
      |     ^~~~~~~~~
source/discord/types.h:266:25: error: ‘std::int32_t’ has not been declared
  266 |     void SetCurrentSize(std::int32_t currentSize);
      |                         ^~~
source/discord/types.h:267:10: error: ‘int32_t’ in namespace ‘std’ does not name a type
  267 |     std::int32_t GetCurrentSize() const;
      |          ^~~~~~~
source/discord/types.h:268:21: error: ‘std::int32_t’ has not been declared
  268 |     void SetMaxSize(std::int32_t maxSize);
      |                     ^~~
source/discord/types.h:269:10: error: ‘int32_t’ in namespace ‘std’ does not name a type
  269 |     std::int32_t GetMaxSize() const;
      |          ^~~~~~~
source/discord/types.h:303:27: error: ‘std::int64_t’ has not been declared
  303 |     void SetApplicationId(std::int64_t applicationId);
      |                           ^~~
source/discord/types.h:304:10: error: ‘int64_t’ in namespace ‘std’ does not name a type
  304 |     std::int64_t GetApplicationId() const;
      |          ^~~~~~~
source/discord/types.h:352:16: error: ‘LobbyId’ has not been declared
  352 |     void SetId(LobbyId id);
      |                ^~~~~~~
source/discord/types.h:353:5: error: ‘LobbyId’ does not name a type; did you mean ‘Lobby’?
  353 |     LobbyId GetId() const;
      |     ^~~~~~~
      |     Lobby
source/discord/types.h:356:21: error: ‘UserId’ has not been declared
  356 |     void SetOwnerId(UserId ownerId);
      |                     ^~~~~~
source/discord/types.h:357:5: error: ‘UserId’ does not name a type; did you mean ‘User’?
  357 |     UserId GetOwnerId() const;
      |     ^~~~~~
      |     User
source/discord/types.h:360:22: error: ‘std::uint32_t’ has not been declared
  360 |     void SetCapacity(std::uint32_t capacity);
      |                      ^~~
source/discord/types.h:361:10: error: ‘uint32_t’ in namespace ‘std’ does not name a type
  361 |     std::uint32_t GetCapacity() const;
      |          ^~~~~~~~
source/discord/types.h:373:18: error: ‘std::uint64_t’ has not been declared
  373 |     void SetSize(std::uint64_t size);
      |                  ^~~
source/discord/types.h:374:10: error: ‘uint64_t’ in namespace ‘std’ does not name a type
  374 |     std::uint64_t GetSize() const;
      |          ^~~~~~~~
source/discord/types.h:375:26: error: ‘std::uint64_t’ has not been declared
  375 |     void SetLastModified(std::uint64_t lastModified);
      |                          ^~~
source/discord/types.h:376:10: error: ‘uint64_t’ in namespace ‘std’ does not name a type
  376 |     std::uint64_t GetLastModified() const;
      |          ^~~~~~~~
source/discord/types.h:384:16: error: ‘Snowflake’ has not been declared
  384 |     void SetId(Snowflake id);
      |                ^~~~~~~~~
source/discord/types.h:385:5: error: ‘Snowflake’ does not name a type
  385 |     Snowflake GetId() const;
      |     ^~~~~~~~~
source/discord/types.h:388:19: error: ‘Snowflake’ has not been declared
  388 |     void SetSkuId(Snowflake skuId);
      |                   ^~~~~~~~~
source/discord/types.h:389:5: error: ‘Snowflake’ does not name a type
  389 |     Snowflake GetSkuId() const;
      |     ^~~~~~~~~
source/discord/types.h:397:20: error: ‘std::uint32_t’ has not been declared
  397 |     void SetAmount(std::uint32_t amount);
      |                    ^~~
source/discord/types.h:398:10: error: ‘uint32_t’ in namespace ‘std’ does not name a type
  398 |     std::uint32_t GetAmount() const;
      |          ^~~~~~~~
source/discord/types.h:408:16: error: ‘Snowflake’ has not been declared
  408 |     void SetId(Snowflake id);
      |                ^~~~~~~~~
source/discord/types.h:409:5: error: ‘Snowflake’ does not name a type
  409 |     Snowflake GetId() const;
      |     ^~~~~~~~~
source/discord/types.h:434:20: error: ‘Snowflake’ has not been declared
  434 |     void SetUserId(Snowflake userId);
      |                    ^~~~~~~~~
source/discord/types.h:435:5: error: ‘Snowflake’ does not name a type
  435 |     Snowflake GetUserId() const;
      |     ^~~~~~~~~
source/discord/types.h:436:27: error: ‘Snowflake’ has not been declared
  436 |     void SetAchievementId(Snowflake achievementId);
      |                           ^~~~~~~~~
source/discord/types.h:437:5: error: ‘Snowflake’ does not name a type
  437 |     Snowflake GetAchievementId() const;
      |     ^~~~~~~~~
source/discord/types.h:438:29: error: ‘std::uint8_t’ has not been declared
  438 |     void SetPercentComplete(std::uint8_t percentComplete);
      |                             ^~~
source/discord/types.h:439:10: error: ‘uint8_t’ in namespace ‘std’ does not name a type
  439 |     std::uint8_t GetPercentComplete() const;
      |          ^~~~~~~
source/discord/types.h:450:21: error: ‘UserId’ has not been declared
  450 |     Result SetOwner(UserId ownerId);
      |                     ^~~~~~
source/discord/types.h:451:24: error: ‘std::uint32_t’ has not been declared
  451 |     Result SetCapacity(std::uint32_t capacity);
      |                        ^~~
source/discord/types.h:482:18: error: ‘std::uint32_t’ has not been declared
  482 |     Result Limit(std::uint32_t limit);
      |                  ^~~
source/discord/types.cpp:14:6: error: variable or field ‘SetId’ declared void
   14 | void User::SetId(UserId id)
      |      ^~~~
source/discord/types.cpp:14:18: error: ‘UserId’ was not declared in this scope; did you mean ‘User’?
   14 | void User::SetId(UserId id)
      |                  ^~~~~~
      |                  User
source/discord/types.cpp:19:1: error: ‘UserId’ does not name a type; did you mean ‘User’?
   19 | UserId User::GetId() const
      | ^~~~~~
      | User
source/discord/types.cpp:89:6: error: variable or field ‘SetExpires’ declared void
   89 | void OAuth2Token::SetExpires(Timestamp expires)
      |      ^~~~~~~~~~~
source/discord/types.cpp:89:30: error: ‘Timestamp’ was not declared in this scope
   89 | void OAuth2Token::SetExpires(Timestamp expires)
      |                              ^~~~~~~~~
source/discord/types.cpp:94:1: error: ‘Timestamp’ does not name a type
   94 | Timestamp OAuth2Token::GetExpires() const
      | ^~~~~~~~~
source/discord/types.cpp:109:6: error: variable or field ‘SetId’ declared void
  109 | void ImageHandle::SetId(std::int64_t id)
      |      ^~~~~~~~~~~
source/discord/types.cpp:109:30: error: ‘int64_t’ is not a member of ‘std’; did you mean ‘int64_t’?
  109 | void ImageHandle::SetId(std::int64_t id)
      |                              ^~~~~~~
In file included from /usr/include/stdint.h:34,
                 from /usr/lib/gcc/x86_64-linux-gnu/11/include/stdint.h:9,
                 from source/discord/ffi.h:9,
                 from source/discord/types.h:4,
                 from source/discord/types.cpp:7:
/usr/include/x86_64-linux-gnu/bits/stdint-intn.h:27:19: note: ‘int64_t’ declared here
   27 | typedef __int64_t int64_t;
      |                   ^~~~~~~
source/discord/types.cpp:114:6: error: ‘int64_t’ in namespace ‘std’ does not name a type
  114 | std::int64_t ImageHandle::GetId() const
      |      ^~~~~~~
source/discord/types.cpp:119:6: error: variable or field ‘SetSize’ declared void
  119 | void ImageHandle::SetSize(std::uint32_t size)
      |      ^~~~~~~~~~~
source/discord/types.cpp:119:32: error: ‘uint32_t’ is not a member of ‘std’; did you mean ‘wint_t’?
  119 | void ImageHandle::SetSize(std::uint32_t size)
      |                                ^~~~~~~~
      |                                wint_t
source/discord/types.cpp:124:6: error: ‘uint32_t’ in namespace ‘std’ does not name a type; did you mean ‘wint_t’?
  124 | std::uint32_t ImageHandle::GetSize() const
      |      ^~~~~~~~
      |      wint_t
source/discord/types.cpp:129:6: error: variable or field ‘SetWidth’ declared void
  129 | void ImageDimensions::SetWidth(std::uint32_t width)
      |      ^~~~~~~~~~~~~~~
source/discord/types.cpp:129:37: error: ‘uint32_t’ is not a member of ‘std’; did you mean ‘wint_t’?
  129 | void ImageDimensions::SetWidth(std::uint32_t width)
      |                                     ^~~~~~~~
      |                                     wint_t
source/discord/types.cpp:134:6: error: ‘uint32_t’ in namespace ‘std’ does not name a type; did you mean ‘wint_t’?
  134 | std::uint32_t ImageDimensions::GetWidth() const
      |      ^~~~~~~~
      |      wint_t
source/discord/types.cpp:139:6: error: variable or field ‘SetHeight’ declared void
  139 | void ImageDimensions::SetHeight(std::uint32_t height)
      |      ^~~~~~~~~~~~~~~
source/discord/types.cpp:139:38: error: ‘uint32_t’ is not a member of ‘std’; did you mean ‘wint_t’?
  139 | void ImageDimensions::SetHeight(std::uint32_t height)
      |                                      ^~~~~~~~
      |                                      wint_t
source/discord/types.cpp:144:6: error: ‘uint32_t’ in namespace ‘std’ does not name a type; did you mean ‘wint_t’?
  144 | std::uint32_t ImageDimensions::GetHeight() const
      |      ^~~~~~~~
      |      wint_t
source/discord/types.cpp:149:6: error: variable or field ‘SetStart’ declared void
  149 | void ActivityTimestamps::SetStart(Timestamp start)
      |      ^~~~~~~~~~~~~~~~~~
source/discord/types.cpp:149:35: error: ‘Timestamp’ was not declared in this scope
  149 | void ActivityTimestamps::SetStart(Timestamp start)
      |                                   ^~~~~~~~~
source/discord/types.cpp:154:1: error: ‘Timestamp’ does not name a type
  154 | Timestamp ActivityTimestamps::GetStart() const
      | ^~~~~~~~~
source/discord/types.cpp:159:6: error: variable or field ‘SetEnd’ declared void
  159 | void ActivityTimestamps::SetEnd(Timestamp end)
      |      ^~~~~~~~~~~~~~~~~~
source/discord/types.cpp:159:33: error: ‘Timestamp’ was not declared in this scope
  159 | void ActivityTimestamps::SetEnd(Timestamp end)
      |                                 ^~~~~~~~~
source/discord/types.cpp:164:1: error: ‘Timestamp’ does not name a type
  164 | Timestamp ActivityTimestamps::GetEnd() const
      | ^~~~~~~~~
source/discord/types.cpp:213:6: error: variable or field ‘SetCurrentSize’ declared void
  213 | void PartySize::SetCurrentSize(std::int32_t currentSize)
      |      ^~~~~~~~~
source/discord/types.cpp:213:37: error: ‘int32_t’ is not a member of ‘std’; did you mean ‘int32_t’?
  213 | void PartySize::SetCurrentSize(std::int32_t currentSize)
      |                                     ^~~~~~~
In file included from /usr/include/stdint.h:34,
                 from /usr/lib/gcc/x86_64-linux-gnu/11/include/stdint.h:9,
                 from source/discord/ffi.h:9,
                 from source/discord/types.h:4,
                 from source/discord/types.cpp:7:
/usr/include/x86_64-linux-gnu/bits/stdint-intn.h:26:19: note: ‘int32_t’ declared here
   26 | typedef __int32_t int32_t;
      |                   ^~~~~~~
source/discord/types.cpp:218:6: error: ‘int32_t’ in namespace ‘std’ does not name a type
  218 | std::int32_t PartySize::GetCurrentSize() const
      |      ^~~~~~~
source/discord/types.cpp:223:6: error: variable or field ‘SetMaxSize’ declared void
  223 | void PartySize::SetMaxSize(std::int32_t maxSize)
      |      ^~~~~~~~~
source/discord/types.cpp:223:33: error: ‘int32_t’ is not a member of ‘std’; did you mean ‘int32_t’?
  223 | void PartySize::SetMaxSize(std::int32_t maxSize)
      |                                 ^~~~~~~
In file included from /usr/include/stdint.h:34,
                 from /usr/lib/gcc/x86_64-linux-gnu/11/include/stdint.h:9,
                 from source/discord/ffi.h:9,
                 from source/discord/types.h:4,
                 from source/discord/types.cpp:7:
/usr/include/x86_64-linux-gnu/bits/stdint-intn.h:26:19: note: ‘int32_t’ declared here
   26 | typedef __int32_t int32_t;
      |                   ^~~~~~~
source/discord/types.cpp:228:6: error: ‘int32_t’ in namespace ‘std’ does not name a type
  228 | std::int32_t PartySize::GetMaxSize() const
      |      ^~~~~~~
source/discord/types.cpp:297:6: error: variable or field ‘SetApplicationId’ declared void
  297 | void Activity::SetApplicationId(std::int64_t applicationId)
      |      ^~~~~~~~
source/discord/types.cpp:297:38: error: ‘int64_t’ is not a member of ‘std’; did you mean ‘int64_t’?
  297 | void Activity::SetApplicationId(std::int64_t applicationId)
      |                                      ^~~~~~~
In file included from /usr/include/stdint.h:34,
                 from /usr/lib/gcc/x86_64-linux-gnu/11/include/stdint.h:9,
                 from source/discord/ffi.h:9,
                 from source/discord/types.h:4,
                 from source/discord/types.cpp:7:
/usr/include/x86_64-linux-gnu/bits/stdint-intn.h:27:19: note: ‘int64_t’ declared here
   27 | typedef __int64_t int64_t;
      |                   ^~~~~~~
source/discord/types.cpp:302:6: error: ‘int64_t’ in namespace ‘std’ does not name a type
  302 | std::int64_t Activity::GetApplicationId() const
      |      ^~~~~~~
source/discord/types.cpp:440:6: error: variable or field ‘SetId’ declared void
  440 | void Lobby::SetId(LobbyId id)
      |      ^~~~~
source/discord/types.cpp:440:19: error: ‘LobbyId’ was not declared in this scope; did you mean ‘Lobby’?
  440 | void Lobby::SetId(LobbyId id)
      |                   ^~~~~~~
      |                   Lobby
source/discord/types.cpp:445:1: error: ‘LobbyId’ does not name a type; did you mean ‘Lobby’?
  445 | LobbyId Lobby::GetId() const
      | ^~~~~~~
      | Lobby
source/discord/types.cpp:460:6: error: variable or field ‘SetOwnerId’ declared void
  460 | void Lobby::SetOwnerId(UserId ownerId)
      |      ^~~~~
source/discord/types.cpp:460:24: error: ‘UserId’ was not declared in this scope; did you mean ‘User’?
  460 | void Lobby::SetOwnerId(UserId ownerId)
      |                        ^~~~~~
      |                        User
source/discord/types.cpp:465:1: error: ‘UserId’ does not name a type; did you mean ‘User’?
  465 | UserId Lobby::GetOwnerId() const
      | ^~~~~~
      | User
source/discord/types.cpp:481:6: error: variable or field ‘SetCapacity’ declared void
  481 | void Lobby::SetCapacity(std::uint32_t capacity)
      |      ^~~~~
source/discord/types.cpp:481:30: error: ‘uint32_t’ is not a member of ‘std’; did you mean ‘wint_t’?
  481 | void Lobby::SetCapacity(std::uint32_t capacity)
      |                              ^~~~~~~~
      |                              wint_t
source/discord/types.cpp:486:6: error: ‘uint32_t’ in namespace ‘std’ does not name a type; did you mean ‘wint_t’?
  486 | std::uint32_t Lobby::GetCapacity() const
      |      ^~~~~~~~
      |      wint_t
source/discord/types.cpp:512:6: error: variable or field ‘SetSize’ declared void
  512 | void FileStat::SetSize(std::uint64_t size)
      |      ^~~~~~~~
source/discord/types.cpp:512:29: error: ‘uint64_t’ is not a member of ‘std’; did you mean ‘wint_t’?
  512 | void FileStat::SetSize(std::uint64_t size)
      |                             ^~~~~~~~
      |                             wint_t
source/discord/types.cpp:517:6: error: ‘uint64_t’ in namespace ‘std’ does not name a type; did you mean ‘wint_t’?
  517 | std::uint64_t FileStat::GetSize() const
      |      ^~~~~~~~
      |      wint_t
source/discord/types.cpp:522:6: error: variable or field ‘SetLastModified’ declared void
  522 | void FileStat::SetLastModified(std::uint64_t lastModified)
      |      ^~~~~~~~
source/discord/types.cpp:522:37: error: ‘uint64_t’ is not a member of ‘std’; did you mean ‘wint_t’?
  522 | void FileStat::SetLastModified(std::uint64_t lastModified)
      |                                     ^~~~~~~~
      |                                     wint_t
source/discord/types.cpp:527:6: error: ‘uint64_t’ in namespace ‘std’ does not name a type; did you mean ‘wint_t’?
  527 | std::uint64_t FileStat::GetLastModified() const
      |      ^~~~~~~~
      |      wint_t
source/discord/types.cpp:532:6: error: variable or field ‘SetId’ declared void
  532 | void Entitlement::SetId(Snowflake id)
      |      ^~~~~~~~~~~
source/discord/types.cpp:532:25: error: ‘Snowflake’ was not declared in this scope
  532 | void Entitlement::SetId(Snowflake id)
      |                         ^~~~~~~~~
source/discord/types.cpp:537:1: error: ‘Snowflake’ does not name a type
  537 | Snowflake Entitlement::GetId() const
      | ^~~~~~~~~
source/discord/types.cpp:552:6: error: variable or field ‘SetSkuId’ declared void
  552 | void Entitlement::SetSkuId(Snowflake skuId)
      |      ^~~~~~~~~~~
source/discord/types.cpp:552:28: error: ‘Snowflake’ was not declared in this scope
  552 | void Entitlement::SetSkuId(Snowflake skuId)
      |                            ^~~~~~~~~
source/discord/types.cpp:557:1: error: ‘Snowflake’ does not name a type
  557 | Snowflake Entitlement::GetSkuId() const
      | ^~~~~~~~~
source/discord/types.cpp:562:6: error: variable or field ‘SetAmount’ declared void
  562 | void SkuPrice::SetAmount(std::uint32_t amount)
      |      ^~~~~~~~
source/discord/types.cpp:562:31: error: ‘uint32_t’ is not a member of ‘std’; did you mean ‘wint_t’?
  562 | void SkuPrice::SetAmount(std::uint32_t amount)
      |                               ^~~~~~~~
      |                               wint_t
source/discord/types.cpp:567:6: error: ‘uint32_t’ in namespace ‘std’ does not name a type; did you mean ‘wint_t’?
  567 | std::uint32_t SkuPrice::GetAmount() const
      |      ^~~~~~~~
      |      wint_t
source/discord/types.cpp:583:6: error: variable or field ‘SetId’ declared void
  583 | void Sku::SetId(Snowflake id)
      |      ^~~
source/discord/types.cpp:583:17: error: ‘Snowflake’ was not declared in this scope
  583 | void Sku::SetId(Snowflake id)
      |                 ^~~~~~~~~
source/discord/types.cpp:588:1: error: ‘Snowflake’ does not name a type
  588 | Snowflake Sku::GetId() const
      | ^~~~~~~~~
source/discord/types.cpp:645:6: error: variable or field ‘SetUserId’ declared void
  645 | void UserAchievement::SetUserId(Snowflake userId)
      |      ^~~~~~~~~~~~~~~
source/discord/types.cpp:645:33: error: ‘Snowflake’ was not declared in this scope
  645 | void UserAchievement::SetUserId(Snowflake userId)
      |                                 ^~~~~~~~~
source/discord/types.cpp:650:1: error: ‘Snowflake’ does not name a type
  650 | Snowflake UserAchievement::GetUserId() const
      | ^~~~~~~~~
source/discord/types.cpp:655:6: error: variable or field ‘SetAchievementId’ declared void
  655 | void UserAchievement::SetAchievementId(Snowflake achievementId)
      |      ^~~~~~~~~~~~~~~
source/discord/types.cpp:655:40: error: ‘Snowflake’ was not declared in this scope
  655 | void UserAchievement::SetAchievementId(Snowflake achievementId)
      |                                        ^~~~~~~~~
source/discord/types.cpp:660:1: error: ‘Snowflake’ does not name a type
  660 | Snowflake UserAchievement::GetAchievementId() const
      | ^~~~~~~~~
source/discord/types.cpp:665:6: error: variable or field ‘SetPercentComplete’ declared void
  665 | void UserAchievement::SetPercentComplete(std::uint8_t percentComplete)
      |      ^~~~~~~~~~~~~~~
source/discord/types.cpp:665:47: error: ‘uint8_t’ is not a member of ‘std’; did you mean ‘wint_t’?
  665 | void UserAchievement::SetPercentComplete(std::uint8_t percentComplete)
      |                                               ^~~~~~~
      |                                               wint_t
source/discord/types.cpp:670:6: error: ‘uint8_t’ in namespace ‘std’ does not name a type; did you mean ‘wint_t’?
  670 | std::uint8_t UserAchievement::GetPercentComplete() const
      |      ^~~~~~~
      |      wint_t
source/discord/types.cpp:692:8: error: ‘discord::Result discord::LobbyTransaction::SetOwner’ is not a static data member of ‘class discord::LobbyTransaction’
  692 | Result LobbyTransaction::SetOwner(UserId ownerId)
      |        ^~~~~~~~~~~~~~~~
source/discord/types.cpp:692:35: error: ‘UserId’ was not declared in this scope; did you mean ‘User’?
  692 | Result LobbyTransaction::SetOwner(UserId ownerId)
      |                                   ^~~~~~
      |                                   User
source/discord/types.cpp:698:8: error: ‘discord::Result discord::LobbyTransaction::SetCapacity’ is not a static data member of ‘class discord::LobbyTransaction’
  698 | Result LobbyTransaction::SetCapacity(std::uint32_t capacity)
      |        ^~~~~~~~~~~~~~~~
source/discord/types.cpp:698:43: error: ‘uint32_t’ is not a member of ‘std’; did you mean ‘wint_t’?
  698 | Result LobbyTransaction::SetCapacity(std::uint32_t capacity)
      |                                           ^~~~~~~~
      |                                           wint_t
source/discord/types.cpp:758:8: error: ‘discord::Result discord::LobbySearchQuery::Limit’ is not a static data member of ‘class discord::LobbySearchQuery’
  758 | Result LobbySearchQuery::Limit(std::uint32_t limit)
      |        ^~~~~~~~~~~~~~~~
source/discord/types.cpp:758:37: error: ‘uint32_t’ is not a member of ‘std’; did you mean ‘wint_t’?
  758 | Result LobbySearchQuery::Limit(std::uint32_t limit)
      |                                     ^~~~~~~~
      |                                     wint_t
In file included from source/discord/user_manager.h:4,
                 from source/discord/user_manager.cpp:7:
source/discord/types.h:168:23: error: ‘int64_t’ in namespace ‘std’ does not name a type
  168 | using ClientId = std::int64_t;
      |                       ^~~~~~~
source/discord/types.h:169:22: error: ‘int32_t’ in namespace ‘std’ does not name a type
  169 | using Version = std::int32_t;
      |                      ^~~~~~~
source/discord/types.h:170:24: error: ‘int64_t’ in namespace ‘std’ does not name a type
  170 | using Snowflake = std::int64_t;
      |                        ^~~~~~~
source/discord/types.h:171:24: error: ‘int64_t’ in namespace ‘std’ does not name a type
  171 | using Timestamp = std::int64_t;
      |                        ^~~~~~~
source/discord/types.h:172:16: error: ‘Snowflake’ does not name a type
  172 | using UserId = Snowflake;
      |                ^~~~~~~~~
source/discord/types.h:175:17: error: ‘Snowflake’ does not name a type
  175 | using LobbyId = Snowflake;
      |                 ^~~~~~~~~
source/discord/types.h:179:28: error: ‘uint64_t’ in namespace ‘std’ does not name a type
  179 | using NetworkPeerId = std::uint64_t;
      |                            ^~~~~~~~
source/discord/types.h:180:31: error: ‘uint8_t’ in namespace ‘std’ does not name a type
  180 | using NetworkChannelId = std::uint8_t;
      |                               ^~~~~~~
source/discord/types.h:186:16: error: ‘UserId’ has not been declared
  186 |     void SetId(UserId id);
      |                ^~~~~~
source/discord/types.h:187:5: error: ‘UserId’ does not name a type; did you mean ‘User’?
  187 |     UserId GetId() const;
      |     ^~~~~~
      |     User
source/discord/types.h:207:21: error: ‘Timestamp’ has not been declared
  207 |     void SetExpires(Timestamp expires);
      |                     ^~~~~~~~~
source/discord/types.h:208:5: error: ‘Timestamp’ does not name a type
  208 |     Timestamp GetExpires() const;
      |     ^~~~~~~~~
source/discord/types.h:218:16: error: ‘std::int64_t’ has not been declared
  218 |     void SetId(std::int64_t id);
      |                ^~~
source/discord/types.h:219:10: error: ‘int64_t’ in namespace ‘std’ does not name a type
  219 |     std::int64_t GetId() const;
      |          ^~~~~~~
source/discord/types.h:220:18: error: ‘std::uint32_t’ has not been declared
  220 |     void SetSize(std::uint32_t size);
      |                  ^~~
source/discord/types.h:221:10: error: ‘uint32_t’ in namespace ‘std’ does not name a type
  221 |     std::uint32_t GetSize() const;
      |          ^~~~~~~~
source/discord/types.h:229:19: error: ‘std::uint32_t’ has not been declared
  229 |     void SetWidth(std::uint32_t width);
      |                   ^~~
source/discord/types.h:230:10: error: ‘uint32_t’ in namespace ‘std’ does not name a type
  230 |     std::uint32_t GetWidth() const;
      |          ^~~~~~~~
source/discord/types.h:231:20: error: ‘std::uint32_t’ has not been declared
  231 |     void SetHeight(std::uint32_t height);
      |                    ^~~
source/discord/types.h:232:10: error: ‘uint32_t’ in namespace ‘std’ does not name a type
  232 |     std::uint32_t GetHeight() const;
      |          ^~~~~~~~
source/discord/types.h:240:19: error: ‘Timestamp’ has not been declared
  240 |     void SetStart(Timestamp start);
      |                   ^~~~~~~~~
source/discord/types.h:241:5: error: ‘Timestamp’ does not name a type
  241 |     Timestamp GetStart() const;
      |     ^~~~~~~~~
source/discord/types.h:242:17: error: ‘Timestamp’ has not been declared
  242 |     void SetEnd(Timestamp end);
      |                 ^~~~~~~~~
source/discord/types.h:243:5: error: ‘Timestamp’ does not name a type
  243 |     Timestamp GetEnd() const;
      |     ^~~~~~~~~
source/discord/types.h:266:25: error: ‘std::int32_t’ has not been declared
  266 |     void SetCurrentSize(std::int32_t currentSize);
      |                         ^~~
source/discord/types.h:267:10: error: ‘int32_t’ in namespace ‘std’ does not name a type
  267 |     std::int32_t GetCurrentSize() const;
      |          ^~~~~~~
source/discord/types.h:268:21: error: ‘std::int32_t’ has not been declared
  268 |     void SetMaxSize(std::int32_t maxSize);
      |                     ^~~
source/discord/types.h:269:10: error: ‘int32_t’ in namespace ‘std’ does not name a type
  269 |     std::int32_t GetMaxSize() const;
      |          ^~~~~~~
source/discord/types.h:303:27: error: ‘std::int64_t’ has not been declared
  303 |     void SetApplicationId(std::int64_t applicationId);
      |                           ^~~
source/discord/types.h:304:10: error: ‘int64_t’ in namespace ‘std’ does not name a type
  304 |     std::int64_t GetApplicationId() const;
      |          ^~~~~~~
source/discord/types.h:352:16: error: ‘LobbyId’ has not been declared
  352 |     void SetId(LobbyId id);
      |                ^~~~~~~
source/discord/types.h:353:5: error: ‘LobbyId’ does not name a type; did you mean ‘Lobby’?
  353 |     LobbyId GetId() const;
      |     ^~~~~~~
      |     Lobby
source/discord/types.h:356:21: error: ‘UserId’ has not been declared
  356 |     void SetOwnerId(UserId ownerId);
      |                     ^~~~~~
source/discord/types.h:357:5: error: ‘UserId’ does not name a type; did you mean ‘User’?
  357 |     UserId GetOwnerId() const;
      |     ^~~~~~
      |     User
source/discord/types.h:360:22: error: ‘std::uint32_t’ has not been declared
  360 |     void SetCapacity(std::uint32_t capacity);
      |                      ^~~
source/discord/types.h:361:10: error: ‘uint32_t’ in namespace ‘std’ does not name a type
  361 |     std::uint32_t GetCapacity() const;
      |          ^~~~~~~~
source/discord/types.h:373:18: error: ‘std::uint64_t’ has not been declared
  373 |     void SetSize(std::uint64_t size);
      |                  ^~~
source/discord/types.h:374:10: error: ‘uint64_t’ in namespace ‘std’ does not name a type
  374 |     std::uint64_t GetSize() const;
      |          ^~~~~~~~
source/discord/types.h:375:26: error: ‘std::uint64_t’ has not been declared
  375 |     void SetLastModified(std::uint64_t lastModified);
      |                          ^~~
source/discord/types.h:376:10: error: ‘uint64_t’ in namespace ‘std’ does not name a type
  376 |     std::uint64_t GetLastModified() const;
      |          ^~~~~~~~
source/discord/types.h:384:16: error: ‘Snowflake’ has not been declared
  384 |     void SetId(Snowflake id);
      |                ^~~~~~~~~
source/discord/types.h:385:5: error: ‘Snowflake’ does not name a type
  385 |     Snowflake GetId() const;
      |     ^~~~~~~~~
source/discord/types.h:388:19: error: ‘Snowflake’ has not been declared
  388 |     void SetSkuId(Snowflake skuId);
      |                   ^~~~~~~~~
source/discord/types.h:389:5: error: ‘Snowflake’ does not name a type
  389 |     Snowflake GetSkuId() const;
      |     ^~~~~~~~~
source/discord/types.h:397:20: error: ‘std::uint32_t’ has not been declared
  397 |     void SetAmount(std::uint32_t amount);
      |                    ^~~
source/discord/types.h:398:10: error: ‘uint32_t’ in namespace ‘std’ does not name a type
  398 |     std::uint32_t GetAmount() const;
      |          ^~~~~~~~
source/discord/types.h:408:16: error: ‘Snowflake’ has not been declared
  408 |     void SetId(Snowflake id);
      |                ^~~~~~~~~
source/discord/types.h:409:5: error: ‘Snowflake’ does not name a type
  409 |     Snowflake GetId() const;
      |     ^~~~~~~~~
source/discord/types.h:434:20: error: ‘Snowflake’ has not been declared
  434 |     void SetUserId(Snowflake userId);
      |                    ^~~~~~~~~
source/discord/types.h:435:5: error: ‘Snowflake’ does not name a type
  435 |     Snowflake GetUserId() const;
      |     ^~~~~~~~~
source/discord/types.h:436:27: error: ‘Snowflake’ has not been declared
  436 |     void SetAchievementId(Snowflake achievementId);
      |                           ^~~~~~~~~
source/discord/types.h:437:5: error: ‘Snowflake’ does not name a type
  437 |     Snowflake GetAchievementId() const;
      |     ^~~~~~~~~
source/discord/types.h:438:29: error: ‘std::uint8_t’ has not been declared
  438 |     void SetPercentComplete(std::uint8_t percentComplete);
      |                             ^~~
source/discord/types.h:439:10: error: ‘uint8_t’ in namespace ‘std’ does not name a type
  439 |     std::uint8_t GetPercentComplete() const;
      |          ^~~~~~~
source/discord/types.h:450:21: error: ‘UserId’ has not been declared
  450 |     Result SetOwner(UserId ownerId);
      |                     ^~~~~~
source/discord/types.h:451:24: error: ‘std::uint32_t’ has not been declared
  451 |     Result SetCapacity(std::uint32_t capacity);
      |                        ^~~
source/discord/types.h:482:18: error: ‘std::uint32_t’ has not been declared
  482 |     Result Limit(std::uint32_t limit);
      |                  ^~~
In file included from source/discord/user_manager.cpp:7:
source/discord/user_manager.h:13:18: error: ‘UserId’ has not been declared
   13 |     void GetUser(UserId userId, std::function<void(Result, User const&)> callback);
      |                  ^~~~~~
In file included from source/discord/core.h:7,
                 from source/discord/user_manager.cpp:9:
source/discord/image_manager.h:14:40: error: ‘std::uint8_t’ has not been declared
   14 |     Result GetData(ImageHandle handle, std::uint8_t* data, std::uint32_t dataLength);
      |                                        ^~~
source/discord/image_manager.h:14:60: error: ‘std::uint32_t’ has not been declared
   14 |     Result GetData(ImageHandle handle, std::uint8_t* data, std::uint32_t dataLength);
      |                                                            ^~~
In file included from source/discord/core.h:8,
                 from source/discord/user_manager.cpp:9:
source/discord/activity_manager.h:13:26: error: ‘std::uint32_t’ has not been declared
   13 |     Result RegisterSteam(std::uint32_t steamId);
      |                          ^~~
source/discord/activity_manager.h:16:27: error: ‘UserId’ has not been declared
   16 |     void SendRequestReply(UserId userId,
      |                           ^~~~~~
source/discord/activity_manager.h:19:21: error: ‘UserId’ has not been declared
   19 |     void SendInvite(UserId userId,
      |                     ^~~~~~
source/discord/activity_manager.h:23:23: error: ‘UserId’ has not been declared
   23 |     void AcceptInvite(UserId userId, std::function<void(Result)> callback);
      |                       ^~~~~~
In file included from source/discord/core.h:9,
                 from source/discord/user_manager.cpp:9:
source/discord/relationship_manager.h:13:18: error: ‘std::int32_t’ has not been declared
   13 |     Result Count(std::int32_t* count);
      |                  ^~~
source/discord/relationship_manager.h:14:16: error: ‘UserId’ has not been declared
   14 |     Result Get(UserId userId, Relationship* relationship);
      |                ^~~~~~
source/discord/relationship_manager.h:15:18: error: ‘std::uint32_t’ has not been declared
   15 |     Result GetAt(std::uint32_t index, Relationship* relationship);
      |                  ^~~
In file included from source/discord/core.h:10,
                 from source/discord/user_manager.cpp:9:
source/discord/lobby_manager.h:13:38: error: ‘LobbyId’ has not been declared
   13 |     Result GetLobbyUpdateTransaction(LobbyId lobbyId, LobbyTransaction* transaction);
      |                                      ^~~~~~~
source/discord/lobby_manager.h:14:39: error: ‘LobbyId’ has not been declared
   14 |     Result GetMemberUpdateTransaction(LobbyId lobbyId,
      |                                       ^~~~~~~
source/discord/lobby_manager.h:15:39: error: ‘UserId’ has not been declared
   15 |                                       UserId userId,
      |                                       ^~~~~~
source/discord/lobby_manager.h:19:22: error: ‘LobbyId’ has not been declared
   19 |     void UpdateLobby(LobbyId lobbyId,
      |                      ^~~~~~~
source/discord/lobby_manager.h:22:22: error: ‘LobbyId’ has not been declared
   22 |     void DeleteLobby(LobbyId lobbyId, std::function<void(Result)> callback);
      |                      ^~~~~~~
source/discord/lobby_manager.h:23:23: error: ‘LobbyId’ has not been declared
   23 |     void ConnectLobby(LobbyId lobbyId,
      |                       ^~~~~~~
source/discord/lobby_manager.h:28:26: error: ‘LobbyId’ has not been declared
   28 |     void DisconnectLobby(LobbyId lobbyId, std::function<void(Result)> callback);
      |                          ^~~~~~~
source/discord/lobby_manager.h:29:21: error: ‘LobbyId’ has not been declared
   29 |     Result GetLobby(LobbyId lobbyId, Lobby* lobby);
      |                     ^~~~~~~
source/discord/lobby_manager.h:30:35: error: ‘LobbyId’ has not been declared
   30 |     Result GetLobbyActivitySecret(LobbyId lobbyId, char secret[128]);
      |                                   ^~~~~~~
source/discord/lobby_manager.h:31:34: error: ‘LobbyId’ has not been declared
   31 |     Result GetLobbyMetadataValue(LobbyId lobbyId, MetadataKey key, char value[4096]);
      |                                  ^~~~~~~
source/discord/lobby_manager.h:32:32: error: ‘LobbyId’ has not been declared
   32 |     Result GetLobbyMetadataKey(LobbyId lobbyId, std::int32_t index, char key[256]);
      |                                ^~~~~~~
source/discord/lobby_manager.h:32:49: error: ‘std::int32_t’ has not been declared
   32 |     Result GetLobbyMetadataKey(LobbyId lobbyId, std::int32_t index, char key[256]);
      |                                                 ^~~
source/discord/lobby_manager.h:33:31: error: ‘LobbyId’ has not been declared
   33 |     Result LobbyMetadataCount(LobbyId lobbyId, std::int32_t* count);
      |                               ^~~~~~~
source/discord/lobby_manager.h:33:48: error: ‘std::int32_t’ has not been declared
   33 |     Result LobbyMetadataCount(LobbyId lobbyId, std::int32_t* count);
      |                                                ^~~
source/discord/lobby_manager.h:34:24: error: ‘LobbyId’ has not been declared
   34 |     Result MemberCount(LobbyId lobbyId, std::int32_t* count);
      |                        ^~~~~~~
source/discord/lobby_manager.h:34:41: error: ‘std::int32_t’ has not been declared
   34 |     Result MemberCount(LobbyId lobbyId, std::int32_t* count);
      |                                         ^~~
source/discord/lobby_manager.h:35:28: error: ‘LobbyId’ has not been declared
   35 |     Result GetMemberUserId(LobbyId lobbyId, std::int32_t index, UserId* userId);
      |                            ^~~~~~~
source/discord/lobby_manager.h:35:45: error: ‘std::int32_t’ has not been declared
   35 |     Result GetMemberUserId(LobbyId lobbyId, std::int32_t index, UserId* userId);
      |                                             ^~~
source/discord/lobby_manager.h:35:65: error: ‘UserId’ has not been declared
   35 |     Result GetMemberUserId(LobbyId lobbyId, std::int32_t index, UserId* userId);
      |                                                                 ^~~~~~
source/discord/lobby_manager.h:36:26: error: ‘LobbyId’ has not been declared
   36 |     Result GetMemberUser(LobbyId lobbyId, UserId userId, User* user);
      |                          ^~~~~~~
source/discord/lobby_manager.h:36:43: error: ‘UserId’ has not been declared
   36 |     Result GetMemberUser(LobbyId lobbyId, UserId userId, User* user);
      |                                           ^~~~~~
source/discord/lobby_manager.h:37:35: error: ‘LobbyId’ has not been declared
   37 |     Result GetMemberMetadataValue(LobbyId lobbyId,
      |                                   ^~~~~~~
source/discord/lobby_manager.h:38:35: error: ‘UserId’ has not been declared
   38 |                                   UserId userId,
      |                                   ^~~~~~
source/discord/lobby_manager.h:41:33: error: ‘LobbyId’ has not been declared
   41 |     Result GetMemberMetadataKey(LobbyId lobbyId, UserId userId, std::int32_t index, char key[256]);
      |                                 ^~~~~~~
source/discord/lobby_manager.h:41:50: error: ‘UserId’ has not been declared
   41 |     Result GetMemberMetadataKey(LobbyId lobbyId, UserId userId, std::int32_t index, char key[256]);
      |                                                  ^~~~~~
source/discord/lobby_manager.h:41:65: error: ‘std::int32_t’ has not been declared
   41 |     Result GetMemberMetadataKey(LobbyId lobbyId, UserId userId, std::int32_t index, char key[256]);
      |                                                                 ^~~
source/discord/lobby_manager.h:42:32: error: ‘LobbyId’ has not been declared
   42 |     Result MemberMetadataCount(LobbyId lobbyId, UserId userId, std::int32_t* count);
      |                                ^~~~~~~
source/discord/lobby_manager.h:42:49: error: ‘UserId’ has not been declared
   42 |     Result MemberMetadataCount(LobbyId lobbyId, UserId userId, std::int32_t* count);
      |                                                 ^~~~~~
source/discord/lobby_manager.h:42:64: error: ‘std::int32_t’ has not been declared
   42 |     Result MemberMetadataCount(LobbyId lobbyId, UserId userId, std::int32_t* count);
      |                                                                ^~~
source/discord/lobby_manager.h:43:23: error: ‘LobbyId’ has not been declared
   43 |     void UpdateMember(LobbyId lobbyId,
      |                       ^~~~~~~
source/discord/lobby_manager.h:44:23: error: ‘UserId’ has not been declared
   44 |                       UserId userId,
      |                       ^~~~~~
source/discord/lobby_manager.h:47:27: error: ‘LobbyId’ has not been declared
   47 |     void SendLobbyMessage(LobbyId lobbyId,
      |                           ^~~~~~~
source/discord/lobby_manager.h:48:27: error: ‘std::uint8_t’ has not been declared
   48 |                           std::uint8_t* data,
      |                           ^~~
source/discord/lobby_manager.h:49:27: error: ‘std::uint32_t’ has not been declared
   49 |                           std::uint32_t dataLength,
      |                           ^~~
source/discord/lobby_manager.h:53:21: error: ‘std::int32_t’ has not been declared
   53 |     void LobbyCount(std::int32_t* count);
      |                     ^~~
source/discord/lobby_manager.h:54:23: error: ‘std::int32_t’ has not been declared
   54 |     Result GetLobbyId(std::int32_t index, LobbyId* lobbyId);
      |                       ^~~
source/discord/lobby_manager.h:54:43: error: ‘LobbyId’ has not been declared
   54 |     Result GetLobbyId(std::int32_t index, LobbyId* lobbyId);
      |                                           ^~~~~~~
source/discord/lobby_manager.h:55:23: error: ‘LobbyId’ has not been declared
   55 |     void ConnectVoice(LobbyId lobbyId, std::function<void(Result)> callback);
      |                       ^~~~~~~
source/discord/lobby_manager.h:56:26: error: ‘LobbyId’ has not been declared
   56 |     void DisconnectVoice(LobbyId lobbyId, std::function<void(Result)> callback);
      |                          ^~~~~~~
source/discord/lobby_manager.h:57:27: error: ‘LobbyId’ has not been declared
   57 |     Result ConnectNetwork(LobbyId lobbyId);
      |                           ^~~~~~~
source/discord/lobby_manager.h:58:30: error: ‘LobbyId’ has not been declared
   58 |     Result DisconnectNetwork(LobbyId lobbyId);
      |                              ^~~~~~~
source/discord/lobby_manager.h:60:31: error: ‘LobbyId’ has not been declared
   60 |     Result OpenNetworkChannel(LobbyId lobbyId, std::uint8_t channelId, bool reliable);
      |                               ^~~~~~~
source/discord/lobby_manager.h:60:48: error: ‘std::uint8_t’ has not been declared
   60 |     Result OpenNetworkChannel(LobbyId lobbyId, std::uint8_t channelId, bool reliable);
      |                                                ^~~
source/discord/lobby_manager.h:61:31: error: ‘LobbyId’ has not been declared
   61 |     Result SendNetworkMessage(LobbyId lobbyId,
      |                               ^~~~~~~
source/discord/lobby_manager.h:62:31: error: ‘UserId’ has not been declared
   62 |                               UserId userId,
      |                               ^~~~~~
source/discord/lobby_manager.h:63:31: error: ‘std::uint8_t’ has not been declared
   63 |                               std::uint8_t channelId,
      |                               ^~~
source/discord/lobby_manager.h:64:31: error: ‘std::uint8_t’ has not been declared
   64 |                               std::uint8_t* data,
      |                               ^~~
source/discord/lobby_manager.h:65:31: error: ‘std::uint32_t’ has not been declared
   65 |                               std::uint32_t dataLength);
      |                               ^~~
source/discord/lobby_manager.h:67:16: error: ‘int64_t’ is not a member of ‘std’; did you mean ‘int64_t’?
   67 |     Event<std::int64_t> OnLobbyUpdate;
      |                ^~~~~~~
In file included from /usr/include/stdint.h:34,
                 from /usr/lib/gcc/x86_64-linux-gnu/11/include/stdint.h:9,
                 from source/discord/ffi.h:9,
                 from source/discord/types.h:4,
                 from source/discord/user_manager.h:4,
                 from source/discord/user_manager.cpp:7:
/usr/include/x86_64-linux-gnu/bits/stdint-intn.h:27:19: note: ‘int64_t’ declared here
   27 | typedef __int64_t int64_t;
      |                   ^~~~~~~
In file included from source/discord/core.h:10,
                 from source/discord/user_manager.cpp:9:
source/discord/lobby_manager.h:67:23: error: template argument 1 is invalid
   67 |     Event<std::int64_t> OnLobbyUpdate;
      |                       ^
source/discord/lobby_manager.h:68:16: error: ‘int64_t’ is not a member of ‘std’; did you mean ‘int64_t’?
   68 |     Event<std::int64_t, std::uint32_t> OnLobbyDelete;
      |                ^~~~~~~
In file included from /usr/include/stdint.h:34,
                 from /usr/lib/gcc/x86_64-linux-gnu/11/include/stdint.h:9,
                 from source/discord/ffi.h:9,
                 from source/discord/types.h:4,
                 from source/discord/user_manager.h:4,
                 from source/discord/user_manager.cpp:7:
/usr/include/x86_64-linux-gnu/bits/stdint-intn.h:27:19: note: ‘int64_t’ declared here
   27 | typedef __int64_t int64_t;
      |                   ^~~~~~~
In file included from source/discord/core.h:10,
                 from source/discord/user_manager.cpp:9:
source/discord/lobby_manager.h:68:30: error: ‘uint32_t’ is not a member of ‘std’; did you mean ‘uint32_t’?
   68 |     Event<std::int64_t, std::uint32_t> OnLobbyDelete;
      |                              ^~~~~~~~
In file included from /usr/include/stdint.h:37,
                 from /usr/lib/gcc/x86_64-linux-gnu/11/include/stdint.h:9,
                 from source/discord/ffi.h:9,
                 from source/discord/types.h:4,
                 from source/discord/user_manager.h:4,
                 from source/discord/user_manager.cpp:7:
/usr/include/x86_64-linux-gnu/bits/stdint-uintn.h:26:20: note: ‘uint32_t’ declared here
   26 | typedef __uint32_t uint32_t;
      |                    ^~~~~~~~
In file included from source/discord/core.h:10,
                 from source/discord/user_manager.cpp:9:
source/discord/lobby_manager.h:68:38: error: template argument 1 is invalid
   68 |     Event<std::int64_t, std::uint32_t> OnLobbyDelete;
      |                                      ^
source/discord/lobby_manager.h:68:38: error: template argument 2 is invalid
source/discord/lobby_manager.h:69:16: error: ‘int64_t’ is not a member of ‘std’; did you mean ‘int64_t’?
   69 |     Event<std::int64_t, std::int64_t> OnMemberConnect;
      |                ^~~~~~~
In file included from /usr/include/stdint.h:34,
                 from /usr/lib/gcc/x86_64-linux-gnu/11/include/stdint.h:9,
                 from source/discord/ffi.h:9,
                 from source/discord/types.h:4,
                 from source/discord/user_manager.h:4,
                 from source/discord/user_manager.cpp:7:
/usr/include/x86_64-linux-gnu/bits/stdint-intn.h:27:19: note: ‘int64_t’ declared here
   27 | typedef __int64_t int64_t;
      |                   ^~~~~~~
In file included from source/discord/core.h:10,
                 from source/discord/user_manager.cpp:9:
source/discord/lobby_manager.h:69:30: error: ‘int64_t’ is not a member of ‘std’; did you mean ‘int64_t’?
   69 |     Event<std::int64_t, std::int64_t> OnMemberConnect;
      |                              ^~~~~~~
In file included from /usr/include/stdint.h:34,
                 from /usr/lib/gcc/x86_64-linux-gnu/11/include/stdint.h:9,
                 from source/discord/ffi.h:9,
                 from source/discord/types.h:4,
                 from source/discord/user_manager.h:4,
                 from source/discord/user_manager.cpp:7:
/usr/include/x86_64-linux-gnu/bits/stdint-intn.h:27:19: note: ‘int64_t’ declared here
   27 | typedef __int64_t int64_t;
      |                   ^~~~~~~
In file included from source/discord/core.h:10,
                 from source/discord/user_manager.cpp:9:
source/discord/lobby_manager.h:69:37: error: template argument 1 is invalid
   69 |     Event<std::int64_t, std::int64_t> OnMemberConnect;
      |                                     ^
source/discord/lobby_manager.h:69:37: error: template argument 2 is invalid
source/discord/lobby_manager.h:70:16: error: ‘int64_t’ is not a member of ‘std’; did you mean ‘int64_t’?
   70 |     Event<std::int64_t, std::int64_t> OnMemberUpdate;
      |                ^~~~~~~
In file included from /usr/include/stdint.h:34,
                 from /usr/lib/gcc/x86_64-linux-gnu/11/include/stdint.h:9,
                 from source/discord/ffi.h:9,
                 from source/discord/types.h:4,
                 from source/discord/user_manager.h:4,
                 from source/discord/user_manager.cpp:7:
/usr/include/x86_64-linux-gnu/bits/stdint-intn.h:27:19: note: ‘int64_t’ declared here
   27 | typedef __int64_t int64_t;
      |                   ^~~~~~~
In file included from source/discord/core.h:10,
                 from source/discord/user_manager.cpp:9:
source/discord/lobby_manager.h:70:30: error: ‘int64_t’ is not a member of ‘std’; did you mean ‘int64_t’?
   70 |     Event<std::int64_t, std::int64_t> OnMemberUpdate;
      |                              ^~~~~~~
In file included from /usr/include/stdint.h:34,
                 from /usr/lib/gcc/x86_64-linux-gnu/11/include/stdint.h:9,
                 from source/discord/ffi.h:9,
                 from source/discord/types.h:4,
                 from source/discord/user_manager.h:4,
                 from source/discord/user_manager.cpp:7:
/usr/include/x86_64-linux-gnu/bits/stdint-intn.h:27:19: note: ‘int64_t’ declared here
   27 | typedef __int64_t int64_t;
      |                   ^~~~~~~
In file included from source/discord/core.h:10,
                 from source/discord/user_manager.cpp:9:
source/discord/lobby_manager.h:70:37: error: template argument 1 is invalid
   70 |     Event<std::int64_t, std::int64_t> OnMemberUpdate;
      |                                     ^
source/discord/lobby_manager.h:70:37: error: template argument 2 is invalid
source/discord/lobby_manager.h:71:16: error: ‘int64_t’ is not a member of ‘std’; did you mean ‘int64_t’?
   71 |     Event<std::int64_t, std::int64_t> OnMemberDisconnect;
      |                ^~~~~~~
In file included from /usr/include/stdint.h:34,
                 from /usr/lib/gcc/x86_64-linux-gnu/11/include/stdint.h:9,
                 from source/discord/ffi.h:9,
                 from source/discord/types.h:4,
                 from source/discord/user_manager.h:4,
                 from source/discord/user_manager.cpp:7:
/usr/include/x86_64-linux-gnu/bits/stdint-intn.h:27:19: note: ‘int64_t’ declared here
   27 | typedef __int64_t int64_t;
      |                   ^~~~~~~
In file included from source/discord/core.h:10,
                 from source/discord/user_manager.cpp:9:
source/discord/lobby_manager.h:71:30: error: ‘int64_t’ is not a member of ‘std’; did you mean ‘int64_t’?
   71 |     Event<std::int64_t, std::int64_t> OnMemberDisconnect;
      |                              ^~~~~~~
In file included from /usr/include/stdint.h:34,
                 from /usr/lib/gcc/x86_64-linux-gnu/11/include/stdint.h:9,
                 from source/discord/ffi.h:9,
                 from source/discord/types.h:4,
                 from source/discord/user_manager.h:4,
                 from source/discord/user_manager.cpp:7:
/usr/include/x86_64-linux-gnu/bits/stdint-intn.h:27:19: note: ‘int64_t’ declared here
   27 | typedef __int64_t int64_t;
      |                   ^~~~~~~
In file included from source/discord/core.h:10,
                 from source/discord/user_manager.cpp:9:
source/discord/lobby_manager.h:71:37: error: template argument 1 is invalid
   71 |     Event<std::int64_t, std::int64_t> OnMemberDisconnect;
      |                                     ^
source/discord/lobby_manager.h:71:37: error: template argument 2 is invalid
source/discord/lobby_manager.h:72:16: error: ‘int64_t’ is not a member of ‘std’; did you mean ‘int64_t’?
   72 |     Event<std::int64_t, std::int64_t, std::uint8_t*, std::uint32_t> OnLobbyMessage;
      |                ^~~~~~~
In file included from /usr/include/stdint.h:34,
                 from /usr/lib/gcc/x86_64-linux-gnu/11/include/stdint.h:9,
                 from source/discord/ffi.h:9,
                 from source/discord/types.h:4,
                 from source/discord/user_manager.h:4,
                 from source/discord/user_manager.cpp:7:
/usr/include/x86_64-linux-gnu/bits/stdint-intn.h:27:19: note: ‘int64_t’ declared here
   27 | typedef __int64_t int64_t;
      |                   ^~~~~~~
In file included from source/discord/core.h:10,
                 from source/discord/user_manager.cpp:9:
source/discord/lobby_manager.h:72:30: error: ‘int64_t’ is not a member of ‘std’; did you mean ‘int64_t’?
   72 |     Event<std::int64_t, std::int64_t, std::uint8_t*, std::uint32_t> OnLobbyMessage;
      |                              ^~~~~~~
In file included from /usr/include/stdint.h:34,
                 from /usr/lib/gcc/x86_64-linux-gnu/11/include/stdint.h:9,
                 from source/discord/ffi.h:9,
                 from source/discord/types.h:4,
                 from source/discord/user_manager.h:4,
                 from source/discord/user_manager.cpp:7:
/usr/include/x86_64-linux-gnu/bits/stdint-intn.h:27:19: note: ‘int64_t’ declared here
   27 | typedef __int64_t int64_t;
      |                   ^~~~~~~
In file included from source/discord/core.h:10,
                 from source/discord/user_manager.cpp:9:
source/discord/lobby_manager.h:72:44: error: ‘uint8_t’ is not a member of ‘std’; did you mean ‘uint8_t’?
   72 |     Event<std::int64_t, std::int64_t, std::uint8_t*, std::uint32_t> OnLobbyMessage;
      |                                            ^~~~~~~
In file included from /usr/include/stdint.h:37,
                 from /usr/lib/gcc/x86_64-linux-gnu/11/include/stdint.h:9,
                 from source/discord/ffi.h:9,
                 from source/discord/types.h:4,
                 from source/discord/user_manager.h:4,
                 from source/discord/user_manager.cpp:7:
/usr/include/x86_64-linux-gnu/bits/stdint-uintn.h:24:19: note: ‘uint8_t’ declared here
   24 | typedef __uint8_t uint8_t;
      |                   ^~~~~~~
In file included from source/discord/core.h:10,
                 from source/discord/user_manager.cpp:9:
source/discord/lobby_manager.h:72:59: error: ‘uint32_t’ is not a member of ‘std’; did you mean ‘uint32_t’?
   72 |     Event<std::int64_t, std::int64_t, std::uint8_t*, std::uint32_t> OnLobbyMessage;
      |                                                           ^~~~~~~~
In file included from /usr/include/stdint.h:37,
                 from /usr/lib/gcc/x86_64-linux-gnu/11/include/stdint.h:9,
                 from source/discord/ffi.h:9,
                 from source/discord/types.h:4,
                 from source/discord/user_manager.h:4,
                 from source/discord/user_manager.cpp:7:
/usr/include/x86_64-linux-gnu/bits/stdint-uintn.h:26:20: note: ‘uint32_t’ declared here
   26 | typedef __uint32_t uint32_t;
      |                    ^~~~~~~~
In file included from source/discord/core.h:10,
                 from source/discord/user_manager.cpp:9:
source/discord/lobby_manager.h:72:67: error: template argument 1 is invalid
   72 |     Event<std::int64_t, std::int64_t, std::uint8_t*, std::uint32_t> OnLobbyMessage;
      |                                                                   ^
source/discord/lobby_manager.h:72:67: error: template argument 2 is invalid
source/discord/lobby_manager.h:72:67: error: template argument 3 is invalid
source/discord/lobby_manager.h:72:67: error: template argument 4 is invalid
source/discord/lobby_manager.h:73:16: error: ‘int64_t’ is not a member of ‘std’; did you mean ‘int64_t’?
   73 |     Event<std::int64_t, std::int64_t, bool> OnSpeaking;
      |                ^~~~~~~
In file included from /usr/include/stdint.h:34,
                 from /usr/lib/gcc/x86_64-linux-gnu/11/include/stdint.h:9,
                 from source/discord/ffi.h:9,
                 from source/discord/types.h:4,
                 from source/discord/user_manager.h:4,
                 from source/discord/user_manager.cpp:7:
/usr/include/x86_64-linux-gnu/bits/stdint-intn.h:27:19: note: ‘int64_t’ declared here
   27 | typedef __int64_t int64_t;
      |                   ^~~~~~~
In file included from source/discord/core.h:10,
                 from source/discord/user_manager.cpp:9:
source/discord/lobby_manager.h:73:30: error: ‘int64_t’ is not a member of ‘std’; did you mean ‘int64_t’?
   73 |     Event<std::int64_t, std::int64_t, bool> OnSpeaking;
      |                              ^~~~~~~
In file included from /usr/include/stdint.h:34,
                 from /usr/lib/gcc/x86_64-linux-gnu/11/include/stdint.h:9,
                 from source/discord/ffi.h:9,
                 from source/discord/types.h:4,
                 from source/discord/user_manager.h:4,
                 from source/discord/user_manager.cpp:7:
/usr/include/x86_64-linux-gnu/bits/stdint-intn.h:27:19: note: ‘int64_t’ declared here
   27 | typedef __int64_t int64_t;
      |                   ^~~~~~~
In file included from source/discord/core.h:10,
                 from source/discord/user_manager.cpp:9:
source/discord/lobby_manager.h:73:43: error: template argument 1 is invalid
   73 |     Event<std::int64_t, std::int64_t, bool> OnSpeaking;
      |                                           ^
source/discord/lobby_manager.h:73:43: error: template argument 2 is invalid
source/discord/lobby_manager.h:74:16: error: ‘int64_t’ is not a member of ‘std’; did you mean ‘int64_t’?
   74 |     Event<std::int64_t, std::int64_t, std::uint8_t, std::uint8_t*, std::uint32_t> OnNetworkMessage;
      |                ^~~~~~~
In file included from /usr/include/stdint.h:34,
                 from /usr/lib/gcc/x86_64-linux-gnu/11/include/stdint.h:9,
                 from source/discord/ffi.h:9,
                 from source/discord/types.h:4,
                 from source/discord/user_manager.h:4,
                 from source/discord/user_manager.cpp:7:
/usr/include/x86_64-linux-gnu/bits/stdint-intn.h:27:19: note: ‘int64_t’ declared here
   27 | typedef __int64_t int64_t;
      |                   ^~~~~~~
In file included from source/discord/core.h:10,
                 from source/discord/user_manager.cpp:9:
source/discord/lobby_manager.h:74:30: error: ‘int64_t’ is not a member of ‘std’; did you mean ‘int64_t’?
   74 |     Event<std::int64_t, std::int64_t, std::uint8_t, std::uint8_t*, std::uint32_t> OnNetworkMessage;
      |                              ^~~~~~~
In file included from /usr/include/stdint.h:34,
                 from /usr/lib/gcc/x86_64-linux-gnu/11/include/stdint.h:9,
                 from source/discord/ffi.h:9,
                 from source/discord/types.h:4,
                 from source/discord/user_manager.h:4,
                 from source/discord/user_manager.cpp:7:
/usr/include/x86_64-linux-gnu/bits/stdint-intn.h:27:19: note: ‘int64_t’ declared here
   27 | typedef __int64_t int64_t;
      |                   ^~~~~~~
In file included from source/discord/core.h:10,
                 from source/discord/user_manager.cpp:9:
source/discord/lobby_manager.h:74:44: error: ‘uint8_t’ is not a member of ‘std’; did you mean ‘uint8_t’?
   74 |     Event<std::int64_t, std::int64_t, std::uint8_t, std::uint8_t*, std::uint32_t> OnNetworkMessage;
      |                                            ^~~~~~~
In file included from /usr/include/stdint.h:37,
                 from /usr/lib/gcc/x86_64-linux-gnu/11/include/stdint.h:9,
                 from source/discord/ffi.h:9,
                 from source/discord/types.h:4,
                 from source/discord/user_manager.h:4,
                 from source/discord/user_manager.cpp:7:
/usr/include/x86_64-linux-gnu/bits/stdint-uintn.h:24:19: note: ‘uint8_t’ declared here
   24 | typedef __uint8_t uint8_t;
      |                   ^~~~~~~
In file included from source/discord/core.h:10,
                 from source/discord/user_manager.cpp:9:
source/discord/lobby_manager.h:74:58: error: ‘uint8_t’ is not a member of ‘std’; did you mean ‘uint8_t’?
   74 |     Event<std::int64_t, std::int64_t, std::uint8_t, std::uint8_t*, std::uint32_t> OnNetworkMessage;
      |                                                          ^~~~~~~
In file included from /usr/include/stdint.h:37,
                 from /usr/lib/gcc/x86_64-linux-gnu/11/include/stdint.h:9,
                 from source/discord/ffi.h:9,
                 from source/discord/types.h:4,
                 from source/discord/user_manager.h:4,
                 from source/discord/user_manager.cpp:7:
/usr/include/x86_64-linux-gnu/bits/stdint-uintn.h:24:19: note: ‘uint8_t’ declared here
   24 | typedef __uint8_t uint8_t;
      |                   ^~~~~~~
In file included from source/discord/core.h:10,
                 from source/discord/user_manager.cpp:9:
source/discord/lobby_manager.h:74:73: error: ‘uint32_t’ is not a member of ‘std’; did you mean ‘uint32_t’?
   74 |     Event<std::int64_t, std::int64_t, std::uint8_t, std::uint8_t*, std::uint32_t> OnNetworkMessage;
      |                                                                         ^~~~~~~~
In file included from /usr/include/stdint.h:37,
                 from /usr/lib/gcc/x86_64-linux-gnu/11/include/stdint.h:9,
                 from source/discord/ffi.h:9,
                 from source/discord/types.h:4,
                 from source/discord/user_manager.h:4,
                 from source/discord/user_manager.cpp:7:
/usr/include/x86_64-linux-gnu/bits/stdint-uintn.h:26:20: note: ‘uint32_t’ declared here
   26 | typedef __uint32_t uint32_t;
      |                    ^~~~~~~~
In file included from source/discord/core.h:10,
                 from source/discord/user_manager.cpp:9:
source/discord/lobby_manager.h:74:81: error: template argument 1 is invalid
   74 |     Event<std::int64_t, std::int64_t, std::uint8_t, std::uint8_t*, std::uint32_t> OnNetworkMessage;
      |                                                                                 ^
source/discord/lobby_manager.h:74:81: error: template argument 2 is invalid
source/discord/lobby_manager.h:74:81: error: template argument 3 is invalid
source/discord/lobby_manager.h:74:81: error: template argument 4 is invalid
source/discord/lobby_manager.h:74:81: error: template argument 5 is invalid
In file included from source/discord/core.h:11,
                 from source/discord/user_manager.cpp:9:
source/discord/network_manager.h:15:20: error: ‘NetworkPeerId’ has not been declared
   15 |     void GetPeerId(NetworkPeerId* peerId);
      |                    ^~~~~~~~~~~~~
source/discord/network_manager.h:23:21: error: ‘NetworkPeerId’ has not been declared
   23 |     Result OpenPeer(NetworkPeerId peerId, char const* routeData);
      |                     ^~~~~~~~~~~~~
source/discord/network_manager.h:27:23: error: ‘NetworkPeerId’ has not been declared
   27 |     Result UpdatePeer(NetworkPeerId peerId, char const* routeData);
      |                       ^~~~~~~~~~~~~
source/discord/network_manager.h:31:22: error: ‘NetworkPeerId’ has not been declared
   31 |     Result ClosePeer(NetworkPeerId peerId);
      |                      ^~~~~~~~~~~~~
source/discord/network_manager.h:35:24: error: ‘NetworkPeerId’ has not been declared
   35 |     Result OpenChannel(NetworkPeerId peerId, NetworkChannelId channelId, bool reliable);
      |                        ^~~~~~~~~~~~~
source/discord/network_manager.h:35:46: error: ‘NetworkChannelId’ has not been declared
   35 |     Result OpenChannel(NetworkPeerId peerId, NetworkChannelId channelId, bool reliable);
      |                                              ^~~~~~~~~~~~~~~~
source/discord/network_manager.h:39:25: error: ‘NetworkPeerId’ has not been declared
   39 |     Result CloseChannel(NetworkPeerId peerId, NetworkChannelId channelId);
      |                         ^~~~~~~~~~~~~
source/discord/network_manager.h:39:47: error: ‘NetworkChannelId’ has not been declared
   39 |     Result CloseChannel(NetworkPeerId peerId, NetworkChannelId channelId);
      |                                               ^~~~~~~~~~~~~~~~
source/discord/network_manager.h:43:24: error: ‘NetworkPeerId’ has not been declared
   43 |     Result SendMessage(NetworkPeerId peerId,
      |                        ^~~~~~~~~~~~~
source/discord/network_manager.h:44:24: error: ‘NetworkChannelId’ has not been declared
   44 |                        NetworkChannelId channelId,
      |                        ^~~~~~~~~~~~~~~~
source/discord/network_manager.h:45:24: error: ‘std::uint8_t’ has not been declared
   45 |                        std::uint8_t* data,
      |                        ^~~
source/discord/network_manager.h:46:24: error: ‘std::uint32_t’ has not been declared
   46 |                        std::uint32_t dataLength);
      |                        ^~~
source/discord/network_manager.h:48:11: error: ‘NetworkPeerId’ was not declared in this scope; did you mean ‘GetPeerId’?
   48 |     Event<NetworkPeerId, NetworkChannelId, std::uint8_t*, std::uint32_t> OnMessage;
      |           ^~~~~~~~~~~~~
      |           GetPeerId
source/discord/network_manager.h:48:26: error: ‘NetworkChannelId’ was not declared in this scope
   48 |     Event<NetworkPeerId, NetworkChannelId, std::uint8_t*, std::uint32_t> OnMessage;
      |                          ^~~~~~~~~~~~~~~~
source/discord/network_manager.h:48:49: error: ‘uint8_t’ is not a member of ‘std’; did you mean ‘uint8_t’?
   48 |     Event<NetworkPeerId, NetworkChannelId, std::uint8_t*, std::uint32_t> OnMessage;
      |                                                 ^~~~~~~
In file included from /usr/include/stdint.h:37,
                 from /usr/lib/gcc/x86_64-linux-gnu/11/include/stdint.h:9,
                 from source/discord/ffi.h:9,
                 from source/discord/types.h:4,
                 from source/discord/user_manager.h:4,
                 from source/discord/user_manager.cpp:7:
/usr/include/x86_64-linux-gnu/bits/stdint-uintn.h:24:19: note: ‘uint8_t’ declared here
   24 | typedef __uint8_t uint8_t;
      |                   ^~~~~~~
In file included from source/discord/core.h:11,
                 from source/discord/user_manager.cpp:9:
source/discord/network_manager.h:48:64: error: ‘uint32_t’ is not a member of ‘std’; did you mean ‘uint32_t’?
   48 |     Event<NetworkPeerId, NetworkChannelId, std::uint8_t*, std::uint32_t> OnMessage;
      |                                                                ^~~~~~~~
In file included from /usr/include/stdint.h:37,
                 from /usr/lib/gcc/x86_64-linux-gnu/11/include/stdint.h:9,
                 from source/discord/ffi.h:9,
                 from source/discord/types.h:4,
                 from source/discord/user_manager.h:4,
                 from source/discord/user_manager.cpp:7:
/usr/include/x86_64-linux-gnu/bits/stdint-uintn.h:26:20: note: ‘uint32_t’ declared here
   26 | typedef __uint32_t uint32_t;
      |                    ^~~~~~~~
In file included from source/discord/core.h:11,
                 from source/discord/user_manager.cpp:9:
source/discord/network_manager.h:48:72: error: template argument 1 is invalid
   48 |     Event<NetworkPeerId, NetworkChannelId, std::uint8_t*, std::uint32_t> OnMessage;
      |                                                                        ^
source/discord/network_manager.h:48:72: error: template argument 2 is invalid
source/discord/network_manager.h:48:72: error: template argument 3 is invalid
source/discord/network_manager.h:48:72: error: template argument 4 is invalid
In file included from source/discord/core.h:13,
                 from source/discord/user_manager.cpp:9:
source/discord/storage_manager.h:13:17: error: ‘std::uint8_t’ has not been declared
   13 |                 std::uint8_t* data,
      |                 ^~~
source/discord/storage_manager.h:14:17: error: ‘std::uint32_t’ has not been declared
   14 |                 std::uint32_t dataLength,
      |                 ^~~
source/discord/storage_manager.h:15:17: error: ‘std::uint32_t’ has not been declared
   15 |                 std::uint32_t* read);
      |                 ^~~
source/discord/storage_manager.h:17:52: error: ‘uint8_t’ is not a member of ‘std’; did you mean ‘uint8_t’?
   17 |                    std::function<void(Result, std::uint8_t*, std::uint32_t)> callback);
      |                                                    ^~~~~~~
In file included from /usr/include/stdint.h:37,
                 from /usr/lib/gcc/x86_64-linux-gnu/11/include/stdint.h:9,
                 from source/discord/ffi.h:9,
                 from source/discord/types.h:4,
                 from source/discord/user_manager.h:4,
                 from source/discord/user_manager.cpp:7:
/usr/include/x86_64-linux-gnu/bits/stdint-uintn.h:24:19: note: ‘uint8_t’ declared here
   24 | typedef __uint8_t uint8_t;
      |                   ^~~~~~~
In file included from source/discord/core.h:13,
                 from source/discord/user_manager.cpp:9:
source/discord/storage_manager.h:17:67: error: ‘uint32_t’ is not a member of ‘std’; did you mean ‘uint32_t’?
   17 |                    std::function<void(Result, std::uint8_t*, std::uint32_t)> callback);
      |                                                                   ^~~~~~~~
In file included from /usr/include/stdint.h:37,
                 from /usr/lib/gcc/x86_64-linux-gnu/11/include/stdint.h:9,
                 from source/discord/ffi.h:9,
                 from source/discord/types.h:4,
                 from source/discord/user_manager.h:4,
                 from source/discord/user_manager.cpp:7:
/usr/include/x86_64-linux-gnu/bits/stdint-uintn.h:26:20: note: ‘uint32_t’ declared here
   26 | typedef __uint32_t uint32_t;
      |                    ^~~~~~~~
In file included from source/discord/core.h:13,
                 from source/discord/user_manager.cpp:9:
source/discord/storage_manager.h:17:75: error: expression list treated as compound expression in functional cast [-fpermissive]
   17 |                    std::function<void(Result, std::uint8_t*, std::uint32_t)> callback);
      |                                                                           ^
source/discord/storage_manager.h:17:76: error: template argument 1 is invalid
   17 |                    std::function<void(Result, std::uint8_t*, std::uint32_t)> callback);
      |                                                                            ^
source/discord/storage_manager.h:17:52: error: ‘uint8_t’ is not a member of ‘std’; did you mean ‘uint8_t’?
   17 |                    std::function<void(Result, std::uint8_t*, std::uint32_t)> callback);
      |                                                    ^~~~~~~
In file included from /usr/include/stdint.h:37,
                 from /usr/lib/gcc/x86_64-linux-gnu/11/include/stdint.h:9,
                 from source/discord/ffi.h:9,
                 from source/discord/types.h:4,
                 from source/discord/user_manager.h:4,
                 from source/discord/user_manager.cpp:7:
/usr/include/x86_64-linux-gnu/bits/stdint-uintn.h:24:19: note: ‘uint8_t’ declared here
   24 | typedef __uint8_t uint8_t;
      |                   ^~~~~~~
In file included from source/discord/core.h:13,
                 from source/discord/user_manager.cpp:9:
source/discord/storage_manager.h:17:67: error: ‘uint32_t’ is not a member of ‘std’; did you mean ‘uint32_t’?
   17 |                    std::function<void(Result, std::uint8_t*, std::uint32_t)> callback);
      |                                                                   ^~~~~~~~
In file included from /usr/include/stdint.h:37,
                 from /usr/lib/gcc/x86_64-linux-gnu/11/include/stdint.h:9,
                 from source/discord/ffi.h:9,
                 from source/discord/types.h:4,
                 from source/discord/user_manager.h:4,
                 from source/discord/user_manager.cpp:7:
/usr/include/x86_64-linux-gnu/bits/stdint-uintn.h:26:20: note: ‘uint32_t’ declared here
   26 | typedef __uint32_t uint32_t;
      |                    ^~~~~~~~
In file included from source/discord/core.h:13,
                 from source/discord/user_manager.cpp:9:
source/discord/storage_manager.h:17:75: error: expression list treated as compound expression in functional cast [-fpermissive]
   17 |                    std::function<void(Result, std::uint8_t*, std::uint32_t)> callback);
      |                                                                           ^
source/discord/storage_manager.h:17:76: error: template argument 1 is invalid
   17 |                    std::function<void(Result, std::uint8_t*, std::uint32_t)> callback);
      |                                                                            ^
source/discord/storage_manager.h:17:52: error: ‘uint8_t’ is not a member of ‘std’; did you mean ‘uint8_t’?
   17 |                    std::function<void(Result, std::uint8_t*, std::uint32_t)> callback);
      |                                                    ^~~~~~~
In file included from /usr/include/stdint.h:37,
                 from /usr/lib/gcc/x86_64-linux-gnu/11/include/stdint.h:9,
                 from source/discord/ffi.h:9,
                 from source/discord/types.h:4,
                 from source/discord/user_manager.h:4,
                 from source/discord/user_manager.cpp:7:
/usr/include/x86_64-linux-gnu/bits/stdint-uintn.h:24:19: note: ‘uint8_t’ declared here
   24 | typedef __uint8_t uint8_t;
      |                   ^~~~~~~
In file included from source/discord/core.h:13,
                 from source/discord/user_manager.cpp:9:
source/discord/storage_manager.h:17:67: error: ‘uint32_t’ is not a member of ‘std’; did you mean ‘uint32_t’?
   17 |                    std::function<void(Result, std::uint8_t*, std::uint32_t)> callback);
      |                                                                   ^~~~~~~~
In file included from /usr/include/stdint.h:37,
                 from /usr/lib/gcc/x86_64-linux-gnu/11/include/stdint.h:9,
                 from source/discord/ffi.h:9,
                 from source/discord/types.h:4,
                 from source/discord/user_manager.h:4,
                 from source/discord/user_manager.cpp:7:
/usr/include/x86_64-linux-gnu/bits/stdint-uintn.h:26:20: note: ‘uint32_t’ declared here
   26 | typedef __uint32_t uint32_t;
      |                    ^~~~~~~~
In file included from source/discord/core.h:13,
                 from source/discord/user_manager.cpp:9:
source/discord/storage_manager.h:17:75: error: expression list treated as compound expression in functional cast [-fpermissive]
   17 |                    std::function<void(Result, std::uint8_t*, std::uint32_t)> callback);
      |                                                                           ^
source/discord/storage_manager.h:17:76: error: template argument 1 is invalid
   17 |                    std::function<void(Result, std::uint8_t*, std::uint32_t)> callback);
      |                                                                            ^
source/discord/storage_manager.h:17:20: error: invalid template-id
   17 |                    std::function<void(Result, std::uint8_t*, std::uint32_t)> callback);
      |                    ^~~
source/discord/storage_manager.h:17:52: error: ‘uint8_t’ is not a member of ‘std’; did you mean ‘uint8_t’?
   17 |                    std::function<void(Result, std::uint8_t*, std::uint32_t)> callback);
      |                                                    ^~~~~~~
In file included from /usr/include/stdint.h:37,
                 from /usr/lib/gcc/x86_64-linux-gnu/11/include/stdint.h:9,
                 from source/discord/ffi.h:9,
                 from source/discord/types.h:4,
                 from source/discord/user_manager.h:4,
                 from source/discord/user_manager.cpp:7:
/usr/include/x86_64-linux-gnu/bits/stdint-uintn.h:24:19: note: ‘uint8_t’ declared here
   24 | typedef __uint8_t uint8_t;
      |                   ^~~~~~~
In file included from source/discord/core.h:13,
                 from source/discord/user_manager.cpp:9:
source/discord/storage_manager.h:17:67: error: ‘uint32_t’ is not a member of ‘std’; did you mean ‘uint32_t’?
   17 |                    std::function<void(Result, std::uint8_t*, std::uint32_t)> callback);
      |                                                                   ^~~~~~~~
In file included from /usr/include/stdint.h:37,
                 from /usr/lib/gcc/x86_64-linux-gnu/11/include/stdint.h:9,
                 from source/discord/ffi.h:9,
                 from source/discord/types.h:4,
                 from source/discord/user_manager.h:4,
                 from source/discord/user_manager.cpp:7:
/usr/include/x86_64-linux-gnu/bits/stdint-uintn.h:26:20: note: ‘uint32_t’ declared here
   26 | typedef __uint32_t uint32_t;
      |                    ^~~~~~~~
In file included from source/discord/core.h:13,
                 from source/discord/user_manager.cpp:9:
source/discord/storage_manager.h:17:75: error: expression list treated as compound expression in functional cast [-fpermissive]
   17 |                    std::function<void(Result, std::uint8_t*, std::uint32_t)> callback);
      |                                                                           ^
source/discord/storage_manager.h:17:34: error: expected primary-expression before ‘void’
   17 |                    std::function<void(Result, std::uint8_t*, std::uint32_t)> callback);
      |                                  ^~~~
source/discord/storage_manager.h:17:34: error: expected ‘>’ before ‘void’
source/discord/storage_manager.h:17:20: error: class template placeholder ‘std::function’ not permitted in this context
   17 |                    std::function<void(Result, std::uint8_t*, std::uint32_t)> callback);
      |                    ^~~
source/discord/storage_manager.h:19:27: error: ‘std::uint64_t’ has not been declared
   19 |                           std::uint64_t offset,
      |                           ^~~
source/discord/storage_manager.h:20:27: error: ‘std::uint64_t’ has not been declared
   20 |                           std::uint64_t length,
      |                           ^~~
source/discord/storage_manager.h:21:59: error: ‘uint8_t’ is not a member of ‘std’; did you mean ‘uint8_t’?
   21 |                           std::function<void(Result, std::uint8_t*, std::uint32_t)> callback);
      |                                                           ^~~~~~~
In file included from /usr/include/stdint.h:37,
                 from /usr/lib/gcc/x86_64-linux-gnu/11/include/stdint.h:9,
                 from source/discord/ffi.h:9,
                 from source/discord/types.h:4,
                 from source/discord/user_manager.h:4,
                 from source/discord/user_manager.cpp:7:
/usr/include/x86_64-linux-gnu/bits/stdint-uintn.h:24:19: note: ‘uint8_t’ declared here
   24 | typedef __uint8_t uint8_t;
      |                   ^~~~~~~
In file included from source/discord/core.h:13,
                 from source/discord/user_manager.cpp:9:
source/discord/storage_manager.h:21:74: error: ‘uint32_t’ is not a member of ‘std’; did you mean ‘uint32_t’?
   21 |                           std::function<void(Result, std::uint8_t*, std::uint32_t)> callback);
      |                                                                          ^~~~~~~~
In file included from /usr/include/stdint.h:37,
                 from /usr/lib/gcc/x86_64-linux-gnu/11/include/stdint.h:9,
                 from source/discord/ffi.h:9,
                 from source/discord/types.h:4,
                 from source/discord/user_manager.h:4,
                 from source/discord/user_manager.cpp:7:
/usr/include/x86_64-linux-gnu/bits/stdint-uintn.h:26:20: note: ‘uint32_t’ declared here
   26 | typedef __uint32_t uint32_t;
      |                    ^~~~~~~~
In file included from source/discord/core.h:13,
                 from source/discord/user_manager.cpp:9:
source/discord/storage_manager.h:21:82: error: expression list treated as compound expression in functional cast [-fpermissive]
   21 |                           std::function<void(Result, std::uint8_t*, std::uint32_t)> callback);
      |                                                                                  ^
source/discord/storage_manager.h:21:83: error: template argument 1 is invalid
   21 |                           std::function<void(Result, std::uint8_t*, std::uint32_t)> callback);
      |                                                                                   ^
source/discord/storage_manager.h:21:59: error: ‘uint8_t’ is not a member of ‘std’; did you mean ‘uint8_t’?
   21 |                           std::function<void(Result, std::uint8_t*, std::uint32_t)> callback);
      |                                                           ^~~~~~~
In file included from /usr/include/stdint.h:37,
                 from /usr/lib/gcc/x86_64-linux-gnu/11/include/stdint.h:9,
                 from source/discord/ffi.h:9,
                 from source/discord/types.h:4,
                 from source/discord/user_manager.h:4,
                 from source/discord/user_manager.cpp:7:
/usr/include/x86_64-linux-gnu/bits/stdint-uintn.h:24:19: note: ‘uint8_t’ declared here
   24 | typedef __uint8_t uint8_t;
      |                   ^~~~~~~
In file included from source/discord/core.h:13,
                 from source/discord/user_manager.cpp:9:
source/discord/storage_manager.h:21:74: error: ‘uint32_t’ is not a member of ‘std’; did you mean ‘uint32_t’?
   21 |                           std::function<void(Result, std::uint8_t*, std::uint32_t)> callback);
      |                                                                          ^~~~~~~~
In file included from /usr/include/stdint.h:37,
                 from /usr/lib/gcc/x86_64-linux-gnu/11/include/stdint.h:9,
                 from source/discord/ffi.h:9,
                 from source/discord/types.h:4,
                 from source/discord/user_manager.h:4,
                 from source/discord/user_manager.cpp:7:
/usr/include/x86_64-linux-gnu/bits/stdint-uintn.h:26:20: note: ‘uint32_t’ declared here
   26 | typedef __uint32_t uint32_t;
      |                    ^~~~~~~~
In file included from source/discord/core.h:13,
                 from source/discord/user_manager.cpp:9:
source/discord/storage_manager.h:21:82: error: expression list treated as compound expression in functional cast [-fpermissive]
   21 |                           std::function<void(Result, std::uint8_t*, std::uint32_t)> callback);
      |                                                                                  ^
source/discord/storage_manager.h:21:83: error: template argument 1 is invalid
   21 |                           std::function<void(Result, std::uint8_t*, std::uint32_t)> callback);
      |                                                                                   ^
source/discord/storage_manager.h:21:59: error: ‘uint8_t’ is not a member of ‘std’; did you mean ‘uint8_t’?
   21 |                           std::function<void(Result, std::uint8_t*, std::uint32_t)> callback);
      |                                                           ^~~~~~~
In file included from /usr/include/stdint.h:37,
                 from /usr/lib/gcc/x86_64-linux-gnu/11/include/stdint.h:9,
                 from source/discord/ffi.h:9,
                 from source/discord/types.h:4,
                 from source/discord/user_manager.h:4,
                 from source/discord/user_manager.cpp:7:
/usr/include/x86_64-linux-gnu/bits/stdint-uintn.h:24:19: note: ‘uint8_t’ declared here
   24 | typedef __uint8_t uint8_t;
      |                   ^~~~~~~
In file included from source/discord/core.h:13,
                 from source/discord/user_manager.cpp:9:
source/discord/storage_manager.h:21:74: error: ‘uint32_t’ is not a member of ‘std’; did you mean ‘uint32_t’?
   21 |                           std::function<void(Result, std::uint8_t*, std::uint32_t)> callback);
      |                                                                          ^~~~~~~~
In file included from /usr/include/stdint.h:37,
                 from /usr/lib/gcc/x86_64-linux-gnu/11/include/stdint.h:9,
                 from source/discord/ffi.h:9,
                 from source/discord/types.h:4,
                 from source/discord/user_manager.h:4,
                 from source/discord/user_manager.cpp:7:
/usr/include/x86_64-linux-gnu/bits/stdint-uintn.h:26:20: note: ‘uint32_t’ declared here
   26 | typedef __uint32_t uint32_t;
      |                    ^~~~~~~~
In file included from source/discord/core.h:13,
                 from source/discord/user_manager.cpp:9:
source/discord/storage_manager.h:21:82: error: expression list treated as compound expression in functional cast [-fpermissive]
   21 |                           std::function<void(Result, std::uint8_t*, std::uint32_t)> callback);
      |                                                                                  ^
source/discord/storage_manager.h:21:83: error: template argument 1 is invalid
   21 |                           std::function<void(Result, std::uint8_t*, std::uint32_t)> callback);
      |                                                                                   ^
source/discord/storage_manager.h:21:27: error: invalid template-id
   21 |                           std::function<void(Result, std::uint8_t*, std::uint32_t)> callback);
      |                           ^~~
source/discord/storage_manager.h:21:59: error: ‘uint8_t’ is not a member of ‘std’; did you mean ‘uint8_t’?
   21 |                           std::function<void(Result, std::uint8_t*, std::uint32_t)> callback);
      |                                                           ^~~~~~~
In file included from /usr/include/stdint.h:37,
                 from /usr/lib/gcc/x86_64-linux-gnu/11/include/stdint.h:9,
                 from source/discord/ffi.h:9,
                 from source/discord/types.h:4,
                 from source/discord/user_manager.h:4,
                 from source/discord/user_manager.cpp:7:
/usr/include/x86_64-linux-gnu/bits/stdint-uintn.h:24:19: note: ‘uint8_t’ declared here
   24 | typedef __uint8_t uint8_t;
      |                   ^~~~~~~
In file included from source/discord/core.h:13,
                 from source/discord/user_manager.cpp:9:
source/discord/storage_manager.h:21:74: error: ‘uint32_t’ is not a member of ‘std’; did you mean ‘uint32_t’?
   21 |                           std::function<void(Result, std::uint8_t*, std::uint32_t)> callback);
      |                                                                          ^~~~~~~~
In file included from /usr/include/stdint.h:37,
                 from /usr/lib/gcc/x86_64-linux-gnu/11/include/stdint.h:9,
                 from source/discord/ffi.h:9,
                 from source/discord/types.h:4,
                 from source/discord/user_manager.h:4,
                 from source/discord/user_manager.cpp:7:
/usr/include/x86_64-linux-gnu/bits/stdint-uintn.h:26:20: note: ‘uint32_t’ declared here
   26 | typedef __uint32_t uint32_t;
      |                    ^~~~~~~~
In file included from source/discord/core.h:13,
                 from source/discord/user_manager.cpp:9:
source/discord/storage_manager.h:21:82: error: expression list treated as compound expression in functional cast [-fpermissive]
   21 |                           std::function<void(Result, std::uint8_t*, std::uint32_t)> callback);
      |                                                                                  ^
source/discord/storage_manager.h:21:41: error: expected primary-expression before ‘void’
   21 |                           std::function<void(Result, std::uint8_t*, std::uint32_t)> callback);
      |                                         ^~~~
source/discord/storage_manager.h:21:41: error: expected ‘>’ before ‘void’
source/discord/storage_manager.h:21:27: error: class template placeholder ‘std::function’ not permitted in this context
   21 |                           std::function<void(Result, std::uint8_t*, std::uint32_t)> callback);
      |                           ^~~
source/discord/storage_manager.h:22:36: error: ‘std::uint8_t’ has not been declared
   22 |     Result Write(char const* name, std::uint8_t* data, std::uint32_t dataLength);
      |                                    ^~~
source/discord/storage_manager.h:22:56: error: ‘std::uint32_t’ has not been declared
   22 |     Result Write(char const* name, std::uint8_t* data, std::uint32_t dataLength);
      |                                                        ^~~
source/discord/storage_manager.h:24:21: error: ‘std::uint8_t’ has not been declared
   24 |                     std::uint8_t* data,
      |                     ^~~
source/discord/storage_manager.h:25:21: error: ‘std::uint32_t’ has not been declared
   25 |                     std::uint32_t dataLength,
      |                     ^~~
source/discord/storage_manager.h:29:16: error: ‘std::int32_t’ has not been declared
   29 |     void Count(std::int32_t* count);
      |                ^~~
source/discord/storage_manager.h:31:19: error: ‘std::int32_t’ has not been declared
   31 |     Result StatAt(std::int32_t index, FileStat* stat);
      |                   ^~~
In file included from source/discord/core.h:14,
                 from source/discord/user_manager.cpp:9:
source/discord/store_manager.h:13:20: error: ‘std::int32_t’ has not been declared
   13 |     void CountSkus(std::int32_t* count);
      |                    ^~~
source/discord/store_manager.h:14:19: error: ‘Snowflake’ has not been declared
   14 |     Result GetSku(Snowflake skuId, Sku* sku);
      |                   ^~~~~~~~~
source/discord/store_manager.h:15:21: error: ‘std::int32_t’ has not been declared
   15 |     Result GetSkuAt(std::int32_t index, Sku* sku);
      |                     ^~~
source/discord/store_manager.h:17:28: error: ‘std::int32_t’ has not been declared
   17 |     void CountEntitlements(std::int32_t* count);
      |                            ^~~
source/discord/store_manager.h:18:27: error: ‘Snowflake’ has not been declared
   18 |     Result GetEntitlement(Snowflake entitlementId, Entitlement* entitlement);
      |                           ^~~~~~~~~
source/discord/store_manager.h:19:29: error: ‘std::int32_t’ has not been declared
   19 |     Result GetEntitlementAt(std::int32_t index, Entitlement* entitlement);
      |                             ^~~
source/discord/store_manager.h:20:30: error: ‘Snowflake’ has not been declared
   20 |     Result HasSkuEntitlement(Snowflake skuId, bool* hasEntitlement);
      |                              ^~~~~~~~~
source/discord/store_manager.h:21:24: error: ‘Snowflake’ has not been declared
   21 |     void StartPurchase(Snowflake skuId, std::function<void(Result)> callback);
      |                        ^~~~~~~~~
In file included from source/discord/core.h:15,
                 from source/discord/user_manager.cpp:9:
source/discord/voice_manager.h:18:24: error: ‘Snowflake’ has not been declared
   18 |     Result IsLocalMute(Snowflake userId, bool* mute);
      |                        ^~~~~~~~~
source/discord/voice_manager.h:19:25: error: ‘Snowflake’ has not been declared
   19 |     Result SetLocalMute(Snowflake userId, bool mute);
      |                         ^~~~~~~~~
source/discord/voice_manager.h:20:27: error: ‘Snowflake’ has not been declared
   20 |     Result GetLocalVolume(Snowflake userId, std::uint8_t* volume);
      |                           ^~~~~~~~~
source/discord/voice_manager.h:20:45: error: ‘std::uint8_t’ has not been declared
   20 |     Result GetLocalVolume(Snowflake userId, std::uint8_t* volume);
      |                                             ^~~
source/discord/voice_manager.h:21:27: error: ‘Snowflake’ has not been declared
   21 |     Result SetLocalVolume(Snowflake userId, std::uint8_t volume);
      |                           ^~~~~~~~~
source/discord/voice_manager.h:21:45: error: ‘std::uint8_t’ has not been declared
   21 |     Result SetLocalVolume(Snowflake userId, std::uint8_t volume);
      |                                             ^~~
In file included from source/discord/core.h:16,
                 from source/discord/user_manager.cpp:9:
source/discord/achievement_manager.h:12:29: error: ‘Snowflake’ has not been declared
   12 |     void SetUserAchievement(Snowflake achievementId,
      |                             ^~~~~~~~~
source/discord/achievement_manager.h:13:29: error: ‘std::uint8_t’ has not been declared
   13 |                             std::uint8_t percentComplete,
      |                             ^~~
source/discord/achievement_manager.h:16:32: error: ‘std::int32_t’ has not been declared
   16 |     void CountUserAchievements(std::int32_t* count);
      |                                ^~~
source/discord/achievement_manager.h:17:31: error: ‘Snowflake’ has not been declared
   17 |     Result GetUserAchievement(Snowflake userAchievementId, UserAchievement* userAchievement);
      |                               ^~~~~~~~~
source/discord/achievement_manager.h:18:33: error: ‘std::int32_t’ has not been declared
   18 |     Result GetUserAchievementAt(std::int32_t index, UserAchievement* userAchievement);
      |                                 ^~~
In file included from source/discord/user_manager.cpp:9:
source/discord/core.h:22:26: error: ‘ClientId’ has not been declared
   22 |     static Result Create(ClientId clientId, std::uint64_t flags, Core** instance);
      |                          ^~~~~~~~
source/discord/core.h:22:45: error: ‘std::uint64_t’ has not been declared
   22 |     static Result Create(ClientId clientId, std::uint64_t flags, Core** instance);
      |                                             ^~~
source/discord/user_manager.cpp:45:6: error: variable or field ‘GetUser’ declared void
   45 | void UserManager::GetUser(UserId userId, std::function<void(Result, User const&)> callback)
      |      ^~~~~~~~~~~
source/discord/user_manager.cpp:45:27: error: ‘UserId’ was not declared in this scope; did you mean ‘User’?
   45 | void UserManager::GetUser(UserId userId, std::function<void(Result, User const&)> callback)
      |                           ^~~~~~
      |                           User
source/discord/user_manager.cpp:45:83: error: expected primary-expression before ‘callback’
   45 | void UserManager::GetUser(UserId userId, std::function<void(Result, User const&)> callback)
      |                                                                                   ^~~~~~~~
In file included from source/discord/voice_manager.h:4,
                 from source/discord/voice_manager.cpp:6:
source/discord/types.h:168:23: error: ‘int64_t’ in namespace ‘std’ does not name a type
  168 | using ClientId = std::int64_t;
      |                       ^~~~~~~
source/discord/types.h:169:22: error: ‘int32_t’ in namespace ‘std’ does not name a type
  169 | using Version = std::int32_t;
      |                      ^~~~~~~
source/discord/types.h:170:24: error: ‘int64_t’ in namespace ‘std’ does not name a type
  170 | using Snowflake = std::int64_t;
      |                        ^~~~~~~
source/discord/types.h:171:24: error: ‘int64_t’ in namespace ‘std’ does not name a type
  171 | using Timestamp = std::int64_t;
      |                        ^~~~~~~
source/discord/types.h:172:16: error: ‘Snowflake’ does not name a type
  172 | using UserId = Snowflake;
      |                ^~~~~~~~~
source/discord/types.h:175:17: error: ‘Snowflake’ does not name a type
  175 | using LobbyId = Snowflake;
      |                 ^~~~~~~~~
source/discord/types.h:179:28: error: ‘uint64_t’ in namespace ‘std’ does not name a type
  179 | using NetworkPeerId = std::uint64_t;
      |                            ^~~~~~~~
source/discord/types.h:180:31: error: ‘uint8_t’ in namespace ‘std’ does not name a type
  180 | using NetworkChannelId = std::uint8_t;
      |                               ^~~~~~~
source/discord/types.h:186:16: error: ‘UserId’ has not been declared
  186 |     void SetId(UserId id);
      |                ^~~~~~
source/discord/types.h:187:5: error: ‘UserId’ does not name a type; did you mean ‘User’?
  187 |     UserId GetId() const;
      |     ^~~~~~
      |     User
source/discord/types.h:207:21: error: ‘Timestamp’ has not been declared
  207 |     void SetExpires(Timestamp expires);
      |                     ^~~~~~~~~
source/discord/types.h:208:5: error: ‘Timestamp’ does not name a type
  208 |     Timestamp GetExpires() const;
      |     ^~~~~~~~~
source/discord/types.h:218:16: error: ‘std::int64_t’ has not been declared
  218 |     void SetId(std::int64_t id);
      |                ^~~
source/discord/types.h:219:10: error: ‘int64_t’ in namespace ‘std’ does not name a type
  219 |     std::int64_t GetId() const;
      |          ^~~~~~~
source/discord/types.h:220:18: error: ‘std::uint32_t’ has not been declared
  220 |     void SetSize(std::uint32_t size);
      |                  ^~~
source/discord/types.h:221:10: error: ‘uint32_t’ in namespace ‘std’ does not name a type
  221 |     std::uint32_t GetSize() const;
      |          ^~~~~~~~
source/discord/types.h:229:19: error: ‘std::uint32_t’ has not been declared
  229 |     void SetWidth(std::uint32_t width);
      |                   ^~~
source/discord/types.h:230:10: error: ‘uint32_t’ in namespace ‘std’ does not name a type
  230 |     std::uint32_t GetWidth() const;
      |          ^~~~~~~~
source/discord/types.h:231:20: error: ‘std::uint32_t’ has not been declared
  231 |     void SetHeight(std::uint32_t height);
      |                    ^~~
source/discord/types.h:232:10: error: ‘uint32_t’ in namespace ‘std’ does not name a type
  232 |     std::uint32_t GetHeight() const;
      |          ^~~~~~~~
source/discord/types.h:240:19: error: ‘Timestamp’ has not been declared
  240 |     void SetStart(Timestamp start);
      |                   ^~~~~~~~~
source/discord/types.h:241:5: error: ‘Timestamp’ does not name a type
  241 |     Timestamp GetStart() const;
      |     ^~~~~~~~~
source/discord/types.h:242:17: error: ‘Timestamp’ has not been declared
  242 |     void SetEnd(Timestamp end);
      |                 ^~~~~~~~~
source/discord/types.h:243:5: error: ‘Timestamp’ does not name a type
  243 |     Timestamp GetEnd() const;
      |     ^~~~~~~~~
source/discord/types.h:266:25: error: ‘std::int32_t’ has not been declared
  266 |     void SetCurrentSize(std::int32_t currentSize);
      |                         ^~~
source/discord/types.h:267:10: error: ‘int32_t’ in namespace ‘std’ does not name a type
  267 |     std::int32_t GetCurrentSize() const;
      |          ^~~~~~~
source/discord/types.h:268:21: error: ‘std::int32_t’ has not been declared
  268 |     void SetMaxSize(std::int32_t maxSize);
      |                     ^~~
source/discord/types.h:269:10: error: ‘int32_t’ in namespace ‘std’ does not name a type
  269 |     std::int32_t GetMaxSize() const;
      |          ^~~~~~~
source/discord/types.h:303:27: error: ‘std::int64_t’ has not been declared
  303 |     void SetApplicationId(std::int64_t applicationId);
      |                           ^~~
source/discord/types.h:304:10: error: ‘int64_t’ in namespace ‘std’ does not name a type
  304 |     std::int64_t GetApplicationId() const;
      |          ^~~~~~~
source/discord/types.h:352:16: error: ‘LobbyId’ has not been declared
  352 |     void SetId(LobbyId id);
      |                ^~~~~~~
source/discord/types.h:353:5: error: ‘LobbyId’ does not name a type; did you mean ‘Lobby’?
  353 |     LobbyId GetId() const;
      |     ^~~~~~~
      |     Lobby
source/discord/types.h:356:21: error: ‘UserId’ has not been declared
  356 |     void SetOwnerId(UserId ownerId);
      |                     ^~~~~~
source/discord/types.h:357:5: error: ‘UserId’ does not name a type; did you mean ‘User’?
  357 |     UserId GetOwnerId() const;
      |     ^~~~~~
      |     User
source/discord/types.h:360:22: error: ‘std::uint32_t’ has not been declared
  360 |     void SetCapacity(std::uint32_t capacity);
      |                      ^~~
source/discord/types.h:361:10: error: ‘uint32_t’ in namespace ‘std’ does not name a type
  361 |     std::uint32_t GetCapacity() const;
      |          ^~~~~~~~
source/discord/types.h:373:18: error: ‘std::uint64_t’ has not been declared
  373 |     void SetSize(std::uint64_t size);
      |                  ^~~
source/discord/types.h:374:10: error: ‘uint64_t’ in namespace ‘std’ does not name a type
  374 |     std::uint64_t GetSize() const;
      |          ^~~~~~~~
source/discord/types.h:375:26: error: ‘std::uint64_t’ has not been declared
  375 |     void SetLastModified(std::uint64_t lastModified);
      |                          ^~~
source/discord/types.h:376:10: error: ‘uint64_t’ in namespace ‘std’ does not name a type
  376 |     std::uint64_t GetLastModified() const;
      |          ^~~~~~~~
source/discord/types.h:384:16: error: ‘Snowflake’ has not been declared
  384 |     void SetId(Snowflake id);
      |                ^~~~~~~~~
source/discord/types.h:385:5: error: ‘Snowflake’ does not name a type
  385 |     Snowflake GetId() const;
      |     ^~~~~~~~~
source/discord/types.h:388:19: error: ‘Snowflake’ has not been declared
  388 |     void SetSkuId(Snowflake skuId);
      |                   ^~~~~~~~~
source/discord/types.h:389:5: error: ‘Snowflake’ does not name a type
  389 |     Snowflake GetSkuId() const;
      |     ^~~~~~~~~
source/discord/types.h:397:20: error: ‘std::uint32_t’ has not been declared
  397 |     void SetAmount(std::uint32_t amount);
      |                    ^~~
source/discord/types.h:398:10: error: ‘uint32_t’ in namespace ‘std’ does not name a type
  398 |     std::uint32_t GetAmount() const;
      |          ^~~~~~~~
source/discord/types.h:408:16: error: ‘Snowflake’ has not been declared
  408 |     void SetId(Snowflake id);
      |                ^~~~~~~~~
source/discord/types.h:409:5: error: ‘Snowflake’ does not name a type
  409 |     Snowflake GetId() const;
      |     ^~~~~~~~~
source/discord/types.h:434:20: error: ‘Snowflake’ has not been declared
  434 |     void SetUserId(Snowflake userId);
      |                    ^~~~~~~~~
source/discord/types.h:435:5: error: ‘Snowflake’ does not name a type
  435 |     Snowflake GetUserId() const;
      |     ^~~~~~~~~
source/discord/types.h:436:27: error: ‘Snowflake’ has not been declared
  436 |     void SetAchievementId(Snowflake achievementId);
      |                           ^~~~~~~~~
source/discord/types.h:437:5: error: ‘Snowflake’ does not name a type
  437 |     Snowflake GetAchievementId() const;
      |     ^~~~~~~~~
source/discord/types.h:438:29: error: ‘std::uint8_t’ has not been declared
  438 |     void SetPercentComplete(std::uint8_t percentComplete);
      |                             ^~~
source/discord/types.h:439:10: error: ‘uint8_t’ in namespace ‘std’ does not name a type
  439 |     std::uint8_t GetPercentComplete() const;
      |          ^~~~~~~
source/discord/types.h:450:21: error: ‘UserId’ has not been declared
  450 |     Result SetOwner(UserId ownerId);
      |                     ^~~~~~
source/discord/types.h:451:24: error: ‘std::uint32_t’ has not been declared
  451 |     Result SetCapacity(std::uint32_t capacity);
      |                        ^~~
source/discord/types.h:482:18: error: ‘std::uint32_t’ has not been declared
  482 |     Result Limit(std::uint32_t limit);
      |                  ^~~
In file included from source/discord/voice_manager.cpp:6:
source/discord/voice_manager.h:18:24: error: ‘Snowflake’ has not been declared
   18 |     Result IsLocalMute(Snowflake userId, bool* mute);
      |                        ^~~~~~~~~
source/discord/voice_manager.h:19:25: error: ‘Snowflake’ has not been declared
   19 |     Result SetLocalMute(Snowflake userId, bool mute);
      |                         ^~~~~~~~~
source/discord/voice_manager.h:20:27: error: ‘Snowflake’ has not been declared
   20 |     Result GetLocalVolume(Snowflake userId, std::uint8_t* volume);
      |                           ^~~~~~~~~
source/discord/voice_manager.h:20:45: error: ‘std::uint8_t’ has not been declared
   20 |     Result GetLocalVolume(Snowflake userId, std::uint8_t* volume);
      |                                             ^~~
source/discord/voice_manager.h:21:27: error: ‘Snowflake’ has not been declared
   21 |     Result SetLocalVolume(Snowflake userId, std::uint8_t volume);
      |                           ^~~~~~~~~
source/discord/voice_manager.h:21:45: error: ‘std::uint8_t’ has not been declared
   21 |     Result SetLocalVolume(Snowflake userId, std::uint8_t volume);
      |                                             ^~~
In file included from source/discord/core.h:6,
                 from source/discord/voice_manager.cpp:8:
source/discord/user_manager.h:13:18: error: ‘UserId’ has not been declared
   13 |     void GetUser(UserId userId, std::function<void(Result, User const&)> callback);
      |                  ^~~~~~
In file included from source/discord/core.h:7,
                 from source/discord/voice_manager.cpp:8:
source/discord/image_manager.h:14:40: error: ‘std::uint8_t’ has not been declared
   14 |     Result GetData(ImageHandle handle, std::uint8_t* data, std::uint32_t dataLength);
      |                                        ^~~
source/discord/image_manager.h:14:60: error: ‘std::uint32_t’ has not been declared
   14 |     Result GetData(ImageHandle handle, std::uint8_t* data, std::uint32_t dataLength);
      |                                                            ^~~
In file included from source/discord/core.h:8,
                 from source/discord/voice_manager.cpp:8:
source/discord/activity_manager.h:13:26: error: ‘std::uint32_t’ has not been declared
   13 |     Result RegisterSteam(std::uint32_t steamId);
      |                          ^~~
source/discord/activity_manager.h:16:27: error: ‘UserId’ has not been declared
   16 |     void SendRequestReply(UserId userId,
      |                           ^~~~~~
source/discord/activity_manager.h:19:21: error: ‘UserId’ has not been declared
   19 |     void SendInvite(UserId userId,
      |                     ^~~~~~
source/discord/activity_manager.h:23:23: error: ‘UserId’ has not been declared
   23 |     void AcceptInvite(UserId userId, std::function<void(Result)> callback);
      |                       ^~~~~~
In file included from source/discord/core.h:9,
                 from source/discord/voice_manager.cpp:8:
source/discord/relationship_manager.h:13:18: error: ‘std::int32_t’ has not been declared
   13 |     Result Count(std::int32_t* count);
      |                  ^~~
source/discord/relationship_manager.h:14:16: error: ‘UserId’ has not been declared
   14 |     Result Get(UserId userId, Relationship* relationship);
      |                ^~~~~~
source/discord/relationship_manager.h:15:18: error: ‘std::uint32_t’ has not been declared
   15 |     Result GetAt(std::uint32_t index, Relationship* relationship);
      |                  ^~~
In file included from source/discord/core.h:10,
                 from source/discord/voice_manager.cpp:8:
source/discord/lobby_manager.h:13:38: error: ‘LobbyId’ has not been declared
   13 |     Result GetLobbyUpdateTransaction(LobbyId lobbyId, LobbyTransaction* transaction);
      |                                      ^~~~~~~
source/discord/lobby_manager.h:14:39: error: ‘LobbyId’ has not been declared
   14 |     Result GetMemberUpdateTransaction(LobbyId lobbyId,
      |                                       ^~~~~~~
source/discord/lobby_manager.h:15:39: error: ‘UserId’ has not been declared
   15 |                                       UserId userId,
      |                                       ^~~~~~
source/discord/lobby_manager.h:19:22: error: ‘LobbyId’ has not been declared
   19 |     void UpdateLobby(LobbyId lobbyId,
      |                      ^~~~~~~
source/discord/lobby_manager.h:22:22: error: ‘LobbyId’ has not been declared
   22 |     void DeleteLobby(LobbyId lobbyId, std::function<void(Result)> callback);
      |                      ^~~~~~~
source/discord/lobby_manager.h:23:23: error: ‘LobbyId’ has not been declared
   23 |     void ConnectLobby(LobbyId lobbyId,
      |                       ^~~~~~~
source/discord/lobby_manager.h:28:26: error: ‘LobbyId’ has not been declared
   28 |     void DisconnectLobby(LobbyId lobbyId, std::function<void(Result)> callback);
      |                          ^~~~~~~
source/discord/lobby_manager.h:29:21: error: ‘LobbyId’ has not been declared
   29 |     Result GetLobby(LobbyId lobbyId, Lobby* lobby);
      |                     ^~~~~~~
source/discord/lobby_manager.h:30:35: error: ‘LobbyId’ has not been declared
   30 |     Result GetLobbyActivitySecret(LobbyId lobbyId, char secret[128]);
      |                                   ^~~~~~~
source/discord/lobby_manager.h:31:34: error: ‘LobbyId’ has not been declared
   31 |     Result GetLobbyMetadataValue(LobbyId lobbyId, MetadataKey key, char value[4096]);
      |                                  ^~~~~~~
source/discord/lobby_manager.h:32:32: error: ‘LobbyId’ has not been declared
   32 |     Result GetLobbyMetadataKey(LobbyId lobbyId, std::int32_t index, char key[256]);
      |                                ^~~~~~~
source/discord/lobby_manager.h:32:49: error: ‘std::int32_t’ has not been declared
   32 |     Result GetLobbyMetadataKey(LobbyId lobbyId, std::int32_t index, char key[256]);
      |                                                 ^~~
source/discord/lobby_manager.h:33:31: error: ‘LobbyId’ has not been declared
   33 |     Result LobbyMetadataCount(LobbyId lobbyId, std::int32_t* count);
      |                               ^~~~~~~
source/discord/lobby_manager.h:33:48: error: ‘std::int32_t’ has not been declared
   33 |     Result LobbyMetadataCount(LobbyId lobbyId, std::int32_t* count);
      |                                                ^~~
source/discord/lobby_manager.h:34:24: error: ‘LobbyId’ has not been declared
   34 |     Result MemberCount(LobbyId lobbyId, std::int32_t* count);
      |                        ^~~~~~~
source/discord/lobby_manager.h:34:41: error: ‘std::int32_t’ has not been declared
   34 |     Result MemberCount(LobbyId lobbyId, std::int32_t* count);
      |                                         ^~~
source/discord/lobby_manager.h:35:28: error: ‘LobbyId’ has not been declared
   35 |     Result GetMemberUserId(LobbyId lobbyId, std::int32_t index, UserId* userId);
      |                            ^~~~~~~
source/discord/lobby_manager.h:35:45: error: ‘std::int32_t’ has not been declared
   35 |     Result GetMemberUserId(LobbyId lobbyId, std::int32_t index, UserId* userId);
      |                                             ^~~
source/discord/lobby_manager.h:35:65: error: ‘UserId’ has not been declared
   35 |     Result GetMemberUserId(LobbyId lobbyId, std::int32_t index, UserId* userId);
      |                                                                 ^~~~~~
source/discord/lobby_manager.h:36:26: error: ‘LobbyId’ has not been declared
   36 |     Result GetMemberUser(LobbyId lobbyId, UserId userId, User* user);
      |                          ^~~~~~~
source/discord/lobby_manager.h:36:43: error: ‘UserId’ has not been declared
   36 |     Result GetMemberUser(LobbyId lobbyId, UserId userId, User* user);
      |                                           ^~~~~~
source/discord/lobby_manager.h:37:35: error: ‘LobbyId’ has not been declared
   37 |     Result GetMemberMetadataValue(LobbyId lobbyId,
      |                                   ^~~~~~~
source/discord/lobby_manager.h:38:35: error: ‘UserId’ has not been declared
   38 |                                   UserId userId,
      |                                   ^~~~~~
source/discord/lobby_manager.h:41:33: error: ‘LobbyId’ has not been declared
   41 |     Result GetMemberMetadataKey(LobbyId lobbyId, UserId userId, std::int32_t index, char key[256]);
      |                                 ^~~~~~~
source/discord/lobby_manager.h:41:50: error: ‘UserId’ has not been declared
   41 |     Result GetMemberMetadataKey(LobbyId lobbyId, UserId userId, std::int32_t index, char key[256]);
      |                                                  ^~~~~~
source/discord/lobby_manager.h:41:65: error: ‘std::int32_t’ has not been declared
   41 |     Result GetMemberMetadataKey(LobbyId lobbyId, UserId userId, std::int32_t index, char key[256]);
      |                                                                 ^~~
source/discord/lobby_manager.h:42:32: error: ‘LobbyId’ has not been declared
   42 |     Result MemberMetadataCount(LobbyId lobbyId, UserId userId, std::int32_t* count);
      |                                ^~~~~~~
source/discord/lobby_manager.h:42:49: error: ‘UserId’ has not been declared
   42 |     Result MemberMetadataCount(LobbyId lobbyId, UserId userId, std::int32_t* count);
      |                                                 ^~~~~~
source/discord/lobby_manager.h:42:64: error: ‘std::int32_t’ has not been declared
   42 |     Result MemberMetadataCount(LobbyId lobbyId, UserId userId, std::int32_t* count);
      |                                                                ^~~
source/discord/lobby_manager.h:43:23: error: ‘LobbyId’ has not been declared
   43 |     void UpdateMember(LobbyId lobbyId,
      |                       ^~~~~~~
source/discord/lobby_manager.h:44:23: error: ‘UserId’ has not been declared
   44 |                       UserId userId,
      |                       ^~~~~~
source/discord/lobby_manager.h:47:27: error: ‘LobbyId’ has not been declared
   47 |     void SendLobbyMessage(LobbyId lobbyId,
      |                           ^~~~~~~
source/discord/lobby_manager.h:48:27: error: ‘std::uint8_t’ has not been declared
   48 |                           std::uint8_t* data,
      |                           ^~~
source/discord/lobby_manager.h:49:27: error: ‘std::uint32_t’ has not been declared
   49 |                           std::uint32_t dataLength,
      |                           ^~~
source/discord/lobby_manager.h:53:21: error: ‘std::int32_t’ has not been declared
   53 |     void LobbyCount(std::int32_t* count);
      |                     ^~~
source/discord/lobby_manager.h:54:23: error: ‘std::int32_t’ has not been declared
   54 |     Result GetLobbyId(std::int32_t index, LobbyId* lobbyId);
      |                       ^~~
source/discord/lobby_manager.h:54:43: error: ‘LobbyId’ has not been declared
   54 |     Result GetLobbyId(std::int32_t index, LobbyId* lobbyId);
      |                                           ^~~~~~~
source/discord/lobby_manager.h:55:23: error: ‘LobbyId’ has not been declared
   55 |     void ConnectVoice(LobbyId lobbyId, std::function<void(Result)> callback);
      |                       ^~~~~~~
source/discord/lobby_manager.h:56:26: error: ‘LobbyId’ has not been declared
   56 |     void DisconnectVoice(LobbyId lobbyId, std::function<void(Result)> callback);
      |                          ^~~~~~~
source/discord/lobby_manager.h:57:27: error: ‘LobbyId’ has not been declared
   57 |     Result ConnectNetwork(LobbyId lobbyId);
      |                           ^~~~~~~
source/discord/lobby_manager.h:58:30: error: ‘LobbyId’ has not been declared
   58 |     Result DisconnectNetwork(LobbyId lobbyId);
      |                              ^~~~~~~
source/discord/lobby_manager.h:60:31: error: ‘LobbyId’ has not been declared
   60 |     Result OpenNetworkChannel(LobbyId lobbyId, std::uint8_t channelId, bool reliable);
      |                               ^~~~~~~
source/discord/lobby_manager.h:60:48: error: ‘std::uint8_t’ has not been declared
   60 |     Result OpenNetworkChannel(LobbyId lobbyId, std::uint8_t channelId, bool reliable);
      |                                                ^~~
source/discord/lobby_manager.h:61:31: error: ‘LobbyId’ has not been declared
   61 |     Result SendNetworkMessage(LobbyId lobbyId,
      |                               ^~~~~~~
source/discord/lobby_manager.h:62:31: error: ‘UserId’ has not been declared
   62 |                               UserId userId,
      |                               ^~~~~~
source/discord/lobby_manager.h:63:31: error: ‘std::uint8_t’ has not been declared
   63 |                               std::uint8_t channelId,
      |                               ^~~
source/discord/lobby_manager.h:64:31: error: ‘std::uint8_t’ has not been declared
   64 |                               std::uint8_t* data,
      |                               ^~~
source/discord/lobby_manager.h:65:31: error: ‘std::uint32_t’ has not been declared
   65 |                               std::uint32_t dataLength);
      |                               ^~~
source/discord/lobby_manager.h:67:16: error: ‘int64_t’ is not a member of ‘std’; did you mean ‘int64_t’?
   67 |     Event<std::int64_t> OnLobbyUpdate;
      |                ^~~~~~~
In file included from /usr/include/stdint.h:34,
                 from /usr/lib/gcc/x86_64-linux-gnu/11/include/stdint.h:9,
                 from source/discord/ffi.h:9,
                 from source/discord/types.h:4,
                 from source/discord/voice_manager.h:4,
                 from source/discord/voice_manager.cpp:6:
/usr/include/x86_64-linux-gnu/bits/stdint-intn.h:27:19: note: ‘int64_t’ declared here
   27 | typedef __int64_t int64_t;
      |                   ^~~~~~~
In file included from source/discord/core.h:10,
                 from source/discord/voice_manager.cpp:8:
source/discord/lobby_manager.h:67:23: error: template argument 1 is invalid
   67 |     Event<std::int64_t> OnLobbyUpdate;
      |                       ^
source/discord/lobby_manager.h:68:16: error: ‘int64_t’ is not a member of ‘std’; did you mean ‘int64_t’?
   68 |     Event<std::int64_t, std::uint32_t> OnLobbyDelete;
      |                ^~~~~~~
In file included from /usr/include/stdint.h:34,
                 from /usr/lib/gcc/x86_64-linux-gnu/11/include/stdint.h:9,
                 from source/discord/ffi.h:9,
                 from source/discord/types.h:4,
                 from source/discord/voice_manager.h:4,
                 from source/discord/voice_manager.cpp:6:
/usr/include/x86_64-linux-gnu/bits/stdint-intn.h:27:19: note: ‘int64_t’ declared here
   27 | typedef __int64_t int64_t;
      |                   ^~~~~~~
In file included from source/discord/core.h:10,
                 from source/discord/voice_manager.cpp:8:
source/discord/lobby_manager.h:68:30: error: ‘uint32_t’ is not a member of ‘std’; did you mean ‘uint32_t’?
   68 |     Event<std::int64_t, std::uint32_t> OnLobbyDelete;
      |                              ^~~~~~~~
In file included from /usr/include/stdint.h:37,
                 from /usr/lib/gcc/x86_64-linux-gnu/11/include/stdint.h:9,
                 from source/discord/ffi.h:9,
                 from source/discord/types.h:4,
                 from source/discord/voice_manager.h:4,
                 from source/discord/voice_manager.cpp:6:
/usr/include/x86_64-linux-gnu/bits/stdint-uintn.h:26:20: note: ‘uint32_t’ declared here
   26 | typedef __uint32_t uint32_t;
      |                    ^~~~~~~~
In file included from source/discord/core.h:10,
                 from source/discord/voice_manager.cpp:8:
source/discord/lobby_manager.h:68:38: error: template argument 1 is invalid
   68 |     Event<std::int64_t, std::uint32_t> OnLobbyDelete;
      |                                      ^
source/discord/lobby_manager.h:68:38: error: template argument 2 is invalid
source/discord/lobby_manager.h:69:16: error: ‘int64_t’ is not a member of ‘std’; did you mean ‘int64_t’?
   69 |     Event<std::int64_t, std::int64_t> OnMemberConnect;
      |                ^~~~~~~
In file included from /usr/include/stdint.h:34,
                 from /usr/lib/gcc/x86_64-linux-gnu/11/include/stdint.h:9,
                 from source/discord/ffi.h:9,
                 from source/discord/types.h:4,
                 from source/discord/voice_manager.h:4,
                 from source/discord/voice_manager.cpp:6:
/usr/include/x86_64-linux-gnu/bits/stdint-intn.h:27:19: note: ‘int64_t’ declared here
   27 | typedef __int64_t int64_t;
      |                   ^~~~~~~
In file included from source/discord/core.h:10,
                 from source/discord/voice_manager.cpp:8:
source/discord/lobby_manager.h:69:30: error: ‘int64_t’ is not a member of ‘std’; did you mean ‘int64_t’?
   69 |     Event<std::int64_t, std::int64_t> OnMemberConnect;
      |                              ^~~~~~~
In file included from /usr/include/stdint.h:34,
                 from /usr/lib/gcc/x86_64-linux-gnu/11/include/stdint.h:9,
                 from source/discord/ffi.h:9,
                 from source/discord/types.h:4,
                 from source/discord/voice_manager.h:4,
                 from source/discord/voice_manager.cpp:6:
/usr/include/x86_64-linux-gnu/bits/stdint-intn.h:27:19: note: ‘int64_t’ declared here
   27 | typedef __int64_t int64_t;
      |                   ^~~~~~~
In file included from source/discord/core.h:10,
                 from source/discord/voice_manager.cpp:8:
source/discord/lobby_manager.h:69:37: error: template argument 1 is invalid
   69 |     Event<std::int64_t, std::int64_t> OnMemberConnect;
      |                                     ^
source/discord/lobby_manager.h:69:37: error: template argument 2 is invalid
source/discord/lobby_manager.h:70:16: error: ‘int64_t’ is not a member of ‘std’; did you mean ‘int64_t’?
   70 |     Event<std::int64_t, std::int64_t> OnMemberUpdate;
      |                ^~~~~~~
In file included from /usr/include/stdint.h:34,
                 from /usr/lib/gcc/x86_64-linux-gnu/11/include/stdint.h:9,
                 from source/discord/ffi.h:9,
                 from source/discord/types.h:4,
                 from source/discord/voice_manager.h:4,
                 from source/discord/voice_manager.cpp:6:
/usr/include/x86_64-linux-gnu/bits/stdint-intn.h:27:19: note: ‘int64_t’ declared here
   27 | typedef __int64_t int64_t;
      |                   ^~~~~~~
In file included from source/discord/core.h:10,
                 from source/discord/voice_manager.cpp:8:
source/discord/lobby_manager.h:70:30: error: ‘int64_t’ is not a member of ‘std’; did you mean ‘int64_t’?
   70 |     Event<std::int64_t, std::int64_t> OnMemberUpdate;
      |                              ^~~~~~~
In file included from /usr/include/stdint.h:34,
                 from /usr/lib/gcc/x86_64-linux-gnu/11/include/stdint.h:9,
                 from source/discord/ffi.h:9,
                 from source/discord/types.h:4,
                 from source/discord/voice_manager.h:4,
                 from source/discord/voice_manager.cpp:6:
/usr/include/x86_64-linux-gnu/bits/stdint-intn.h:27:19: note: ‘int64_t’ declared here
   27 | typedef __int64_t int64_t;
      |                   ^~~~~~~
In file included from source/discord/core.h:10,
                 from source/discord/voice_manager.cpp:8:
source/discord/lobby_manager.h:70:37: error: template argument 1 is invalid
   70 |     Event<std::int64_t, std::int64_t> OnMemberUpdate;
      |                                     ^
source/discord/lobby_manager.h:70:37: error: template argument 2 is invalid
source/discord/lobby_manager.h:71:16: error: ‘int64_t’ is not a member of ‘std’; did you mean ‘int64_t’?
   71 |     Event<std::int64_t, std::int64_t> OnMemberDisconnect;
      |                ^~~~~~~
In file included from /usr/include/stdint.h:34,
                 from /usr/lib/gcc/x86_64-linux-gnu/11/include/stdint.h:9,
                 from source/discord/ffi.h:9,
                 from source/discord/types.h:4,
                 from source/discord/voice_manager.h:4,
                 from source/discord/voice_manager.cpp:6:
/usr/include/x86_64-linux-gnu/bits/stdint-intn.h:27:19: note: ‘int64_t’ declared here
   27 | typedef __int64_t int64_t;
      |                   ^~~~~~~
In file included from source/discord/core.h:10,
                 from source/discord/voice_manager.cpp:8:
source/discord/lobby_manager.h:71:30: error: ‘int64_t’ is not a member of ‘std’; did you mean ‘int64_t’?
   71 |     Event<std::int64_t, std::int64_t> OnMemberDisconnect;
      |                              ^~~~~~~
In file included from /usr/include/stdint.h:34,
                 from /usr/lib/gcc/x86_64-linux-gnu/11/include/stdint.h:9,
                 from source/discord/ffi.h:9,
                 from source/discord/types.h:4,
                 from source/discord/voice_manager.h:4,
                 from source/discord/voice_manager.cpp:6:
/usr/include/x86_64-linux-gnu/bits/stdint-intn.h:27:19: note: ‘int64_t’ declared here
   27 | typedef __int64_t int64_t;
      |                   ^~~~~~~
In file included from source/discord/core.h:10,
                 from source/discord/voice_manager.cpp:8:
source/discord/lobby_manager.h:71:37: error: template argument 1 is invalid
   71 |     Event<std::int64_t, std::int64_t> OnMemberDisconnect;
      |                                     ^
source/discord/lobby_manager.h:71:37: error: template argument 2 is invalid
source/discord/lobby_manager.h:72:16: error: ‘int64_t’ is not a member of ‘std’; did you mean ‘int64_t’?
   72 |     Event<std::int64_t, std::int64_t, std::uint8_t*, std::uint32_t> OnLobbyMessage;
      |                ^~~~~~~
In file included from /usr/include/stdint.h:34,
                 from /usr/lib/gcc/x86_64-linux-gnu/11/include/stdint.h:9,
                 from source/discord/ffi.h:9,
                 from source/discord/types.h:4,
                 from source/discord/voice_manager.h:4,
                 from source/discord/voice_manager.cpp:6:
/usr/include/x86_64-linux-gnu/bits/stdint-intn.h:27:19: note: ‘int64_t’ declared here
   27 | typedef __int64_t int64_t;
      |                   ^~~~~~~
In file included from source/discord/core.h:10,
                 from source/discord/voice_manager.cpp:8:
source/discord/lobby_manager.h:72:30: error: ‘int64_t’ is not a member of ‘std’; did you mean ‘int64_t’?
   72 |     Event<std::int64_t, std::int64_t, std::uint8_t*, std::uint32_t> OnLobbyMessage;
      |                              ^~~~~~~
In file included from /usr/include/stdint.h:34,
                 from /usr/lib/gcc/x86_64-linux-gnu/11/include/stdint.h:9,
                 from source/discord/ffi.h:9,
                 from source/discord/types.h:4,
                 from source/discord/voice_manager.h:4,
                 from source/discord/voice_manager.cpp:6:
/usr/include/x86_64-linux-gnu/bits/stdint-intn.h:27:19: note: ‘int64_t’ declared here
   27 | typedef __int64_t int64_t;
      |                   ^~~~~~~
In file included from source/discord/core.h:10,
                 from source/discord/voice_manager.cpp:8:
source/discord/lobby_manager.h:72:44: error: ‘uint8_t’ is not a member of ‘std’; did you mean ‘uint8_t’?
   72 |     Event<std::int64_t, std::int64_t, std::uint8_t*, std::uint32_t> OnLobbyMessage;
      |                                            ^~~~~~~
In file included from /usr/include/stdint.h:37,
                 from /usr/lib/gcc/x86_64-linux-gnu/11/include/stdint.h:9,
                 from source/discord/ffi.h:9,
                 from source/discord/types.h:4,
                 from source/discord/voice_manager.h:4,
                 from source/discord/voice_manager.cpp:6:
/usr/include/x86_64-linux-gnu/bits/stdint-uintn.h:24:19: note: ‘uint8_t’ declared here
   24 | typedef __uint8_t uint8_t;
      |                   ^~~~~~~
In file included from source/discord/core.h:10,
                 from source/discord/voice_manager.cpp:8:
source/discord/lobby_manager.h:72:59: error: ‘uint32_t’ is not a member of ‘std’; did you mean ‘uint32_t’?
   72 |     Event<std::int64_t, std::int64_t, std::uint8_t*, std::uint32_t> OnLobbyMessage;
      |                                                           ^~~~~~~~
In file included from /usr/include/stdint.h:37,
                 from /usr/lib/gcc/x86_64-linux-gnu/11/include/stdint.h:9,
                 from source/discord/ffi.h:9,
                 from source/discord/types.h:4,
                 from source/discord/voice_manager.h:4,
                 from source/discord/voice_manager.cpp:6:
/usr/include/x86_64-linux-gnu/bits/stdint-uintn.h:26:20: note: ‘uint32_t’ declared here
   26 | typedef __uint32_t uint32_t;
      |                    ^~~~~~~~
In file included from source/discord/core.h:10,
                 from source/discord/voice_manager.cpp:8:
source/discord/lobby_manager.h:72:67: error: template argument 1 is invalid
   72 |     Event<std::int64_t, std::int64_t, std::uint8_t*, std::uint32_t> OnLobbyMessage;
      |                                                                   ^
source/discord/lobby_manager.h:72:67: error: template argument 2 is invalid
source/discord/lobby_manager.h:72:67: error: template argument 3 is invalid
source/discord/lobby_manager.h:72:67: error: template argument 4 is invalid
source/discord/lobby_manager.h:73:16: error: ‘int64_t’ is not a member of ‘std’; did you mean ‘int64_t’?
   73 |     Event<std::int64_t, std::int64_t, bool> OnSpeaking;
      |                ^~~~~~~
In file included from /usr/include/stdint.h:34,
                 from /usr/lib/gcc/x86_64-linux-gnu/11/include/stdint.h:9,
                 from source/discord/ffi.h:9,
                 from source/discord/types.h:4,
                 from source/discord/voice_manager.h:4,
                 from source/discord/voice_manager.cpp:6:
/usr/include/x86_64-linux-gnu/bits/stdint-intn.h:27:19: note: ‘int64_t’ declared here
   27 | typedef __int64_t int64_t;
      |                   ^~~~~~~
In file included from source/discord/core.h:10,
                 from source/discord/voice_manager.cpp:8:
source/discord/lobby_manager.h:73:30: error: ‘int64_t’ is not a member of ‘std’; did you mean ‘int64_t’?
   73 |     Event<std::int64_t, std::int64_t, bool> OnSpeaking;
      |                              ^~~~~~~
In file included from /usr/include/stdint.h:34,
                 from /usr/lib/gcc/x86_64-linux-gnu/11/include/stdint.h:9,
                 from source/discord/ffi.h:9,
                 from source/discord/types.h:4,
                 from source/discord/voice_manager.h:4,
                 from source/discord/voice_manager.cpp:6:
/usr/include/x86_64-linux-gnu/bits/stdint-intn.h:27:19: note: ‘int64_t’ declared here
   27 | typedef __int64_t int64_t;
      |                   ^~~~~~~
In file included from source/discord/core.h:10,
                 from source/discord/voice_manager.cpp:8:
source/discord/lobby_manager.h:73:43: error: template argument 1 is invalid
   73 |     Event<std::int64_t, std::int64_t, bool> OnSpeaking;
      |                                           ^
source/discord/lobby_manager.h:73:43: error: template argument 2 is invalid
source/discord/lobby_manager.h:74:16: error: ‘int64_t’ is not a member of ‘std’; did you mean ‘int64_t’?
   74 |     Event<std::int64_t, std::int64_t, std::uint8_t, std::uint8_t*, std::uint32_t> OnNetworkMessage;
      |                ^~~~~~~
In file included from /usr/include/stdint.h:34,
                 from /usr/lib/gcc/x86_64-linux-gnu/11/include/stdint.h:9,
                 from source/discord/ffi.h:9,
                 from source/discord/types.h:4,
                 from source/discord/voice_manager.h:4,
                 from source/discord/voice_manager.cpp:6:
/usr/include/x86_64-linux-gnu/bits/stdint-intn.h:27:19: note: ‘int64_t’ declared here
   27 | typedef __int64_t int64_t;
      |                   ^~~~~~~
In file included from source/discord/core.h:10,
                 from source/discord/voice_manager.cpp:8:
source/discord/lobby_manager.h:74:30: error: ‘int64_t’ is not a member of ‘std’; did you mean ‘int64_t’?
   74 |     Event<std::int64_t, std::int64_t, std::uint8_t, std::uint8_t*, std::uint32_t> OnNetworkMessage;
      |                              ^~~~~~~
In file included from /usr/include/stdint.h:34,
                 from /usr/lib/gcc/x86_64-linux-gnu/11/include/stdint.h:9,
                 from source/discord/ffi.h:9,
                 from source/discord/types.h:4,
                 from source/discord/voice_manager.h:4,
                 from source/discord/voice_manager.cpp:6:
/usr/include/x86_64-linux-gnu/bits/stdint-intn.h:27:19: note: ‘int64_t’ declared here
   27 | typedef __int64_t int64_t;
      |                   ^~~~~~~
In file included from source/discord/core.h:10,
                 from source/discord/voice_manager.cpp:8:
source/discord/lobby_manager.h:74:44: error: ‘uint8_t’ is not a member of ‘std’; did you mean ‘uint8_t’?
   74 |     Event<std::int64_t, std::int64_t, std::uint8_t, std::uint8_t*, std::uint32_t> OnNetworkMessage;
      |                                            ^~~~~~~
In file included from /usr/include/stdint.h:37,
                 from /usr/lib/gcc/x86_64-linux-gnu/11/include/stdint.h:9,
                 from source/discord/ffi.h:9,
                 from source/discord/types.h:4,
                 from source/discord/voice_manager.h:4,
                 from source/discord/voice_manager.cpp:6:
/usr/include/x86_64-linux-gnu/bits/stdint-uintn.h:24:19: note: ‘uint8_t’ declared here
   24 | typedef __uint8_t uint8_t;
      |                   ^~~~~~~
In file included from source/discord/core.h:10,
                 from source/discord/voice_manager.cpp:8:
source/discord/lobby_manager.h:74:58: error: ‘uint8_t’ is not a member of ‘std’; did you mean ‘uint8_t’?
   74 |     Event<std::int64_t, std::int64_t, std::uint8_t, std::uint8_t*, std::uint32_t> OnNetworkMessage;
      |                                                          ^~~~~~~
In file included from /usr/include/stdint.h:37,
                 from /usr/lib/gcc/x86_64-linux-gnu/11/include/stdint.h:9,
                 from source/discord/ffi.h:9,
                 from source/discord/types.h:4,
                 from source/discord/voice_manager.h:4,
                 from source/discord/voice_manager.cpp:6:
/usr/include/x86_64-linux-gnu/bits/stdint-uintn.h:24:19: note: ‘uint8_t’ declared here
   24 | typedef __uint8_t uint8_t;
      |                   ^~~~~~~
In file included from source/discord/core.h:10,
                 from source/discord/voice_manager.cpp:8:
source/discord/lobby_manager.h:74:73: error: ‘uint32_t’ is not a member of ‘std’; did you mean ‘uint32_t’?
   74 |     Event<std::int64_t, std::int64_t, std::uint8_t, std::uint8_t*, std::uint32_t> OnNetworkMessage;
      |                                                                         ^~~~~~~~
In file included from /usr/include/stdint.h:37,
                 from /usr/lib/gcc/x86_64-linux-gnu/11/include/stdint.h:9,
                 from source/discord/ffi.h:9,
                 from source/discord/types.h:4,
                 from source/discord/voice_manager.h:4,
                 from source/discord/voice_manager.cpp:6:
/usr/include/x86_64-linux-gnu/bits/stdint-uintn.h:26:20: note: ‘uint32_t’ declared here
   26 | typedef __uint32_t uint32_t;
      |                    ^~~~~~~~
In file included from source/discord/core.h:10,
                 from source/discord/voice_manager.cpp:8:
source/discord/lobby_manager.h:74:81: error: template argument 1 is invalid
   74 |     Event<std::int64_t, std::int64_t, std::uint8_t, std::uint8_t*, std::uint32_t> OnNetworkMessage;
      |                                                                                 ^
source/discord/lobby_manager.h:74:81: error: template argument 2 is invalid
source/discord/lobby_manager.h:74:81: error: template argument 3 is invalid
source/discord/lobby_manager.h:74:81: error: template argument 4 is invalid
source/discord/lobby_manager.h:74:81: error: template argument 5 is invalid
In file included from source/discord/core.h:11,
                 from source/discord/voice_manager.cpp:8:
source/discord/network_manager.h:15:20: error: ‘NetworkPeerId’ has not been declared
   15 |     void GetPeerId(NetworkPeerId* peerId);
      |                    ^~~~~~~~~~~~~
source/discord/network_manager.h:23:21: error: ‘NetworkPeerId’ has not been declared
   23 |     Result OpenPeer(NetworkPeerId peerId, char const* routeData);
      |                     ^~~~~~~~~~~~~
source/discord/network_manager.h:27:23: error: ‘NetworkPeerId’ has not been declared
   27 |     Result UpdatePeer(NetworkPeerId peerId, char const* routeData);
      |                       ^~~~~~~~~~~~~
source/discord/network_manager.h:31:22: error: ‘NetworkPeerId’ has not been declared
   31 |     Result ClosePeer(NetworkPeerId peerId);
      |                      ^~~~~~~~~~~~~
source/discord/network_manager.h:35:24: error: ‘NetworkPeerId’ has not been declared
   35 |     Result OpenChannel(NetworkPeerId peerId, NetworkChannelId channelId, bool reliable);
      |                        ^~~~~~~~~~~~~
source/discord/network_manager.h:35:46: error: ‘NetworkChannelId’ has not been declared
   35 |     Result OpenChannel(NetworkPeerId peerId, NetworkChannelId channelId, bool reliable);
      |                                              ^~~~~~~~~~~~~~~~
source/discord/network_manager.h:39:25: error: ‘NetworkPeerId’ has not been declared
   39 |     Result CloseChannel(NetworkPeerId peerId, NetworkChannelId channelId);
      |                         ^~~~~~~~~~~~~
source/discord/network_manager.h:39:47: error: ‘NetworkChannelId’ has not been declared
   39 |     Result CloseChannel(NetworkPeerId peerId, NetworkChannelId channelId);
      |                                               ^~~~~~~~~~~~~~~~
source/discord/network_manager.h:43:24: error: ‘NetworkPeerId’ has not been declared
   43 |     Result SendMessage(NetworkPeerId peerId,
      |                        ^~~~~~~~~~~~~
source/discord/network_manager.h:44:24: error: ‘NetworkChannelId’ has not been declared
   44 |                        NetworkChannelId channelId,
      |                        ^~~~~~~~~~~~~~~~
source/discord/network_manager.h:45:24: error: ‘std::uint8_t’ has not been declared
   45 |                        std::uint8_t* data,
      |                        ^~~
source/discord/network_manager.h:46:24: error: ‘std::uint32_t’ has not been declared
   46 |                        std::uint32_t dataLength);
      |                        ^~~
source/discord/network_manager.h:48:11: error: ‘NetworkPeerId’ was not declared in this scope; did you mean ‘GetPeerId’?
   48 |     Event<NetworkPeerId, NetworkChannelId, std::uint8_t*, std::uint32_t> OnMessage;
      |           ^~~~~~~~~~~~~
      |           GetPeerId
source/discord/network_manager.h:48:26: error: ‘NetworkChannelId’ was not declared in this scope
   48 |     Event<NetworkPeerId, NetworkChannelId, std::uint8_t*, std::uint32_t> OnMessage;
      |                          ^~~~~~~~~~~~~~~~
source/discord/network_manager.h:48:49: error: ‘uint8_t’ is not a member of ‘std’; did you mean ‘uint8_t’?
   48 |     Event<NetworkPeerId, NetworkChannelId, std::uint8_t*, std::uint32_t> OnMessage;
      |                                                 ^~~~~~~
In file included from /usr/include/stdint.h:37,
                 from /usr/lib/gcc/x86_64-linux-gnu/11/include/stdint.h:9,
                 from source/discord/ffi.h:9,
                 from source/discord/types.h:4,
                 from source/discord/voice_manager.h:4,
                 from source/discord/voice_manager.cpp:6:
/usr/include/x86_64-linux-gnu/bits/stdint-uintn.h:24:19: note: ‘uint8_t’ declared here
   24 | typedef __uint8_t uint8_t;
      |                   ^~~~~~~
In file included from source/discord/core.h:11,
                 from source/discord/voice_manager.cpp:8:
source/discord/network_manager.h:48:64: error: ‘uint32_t’ is not a member of ‘std’; did you mean ‘uint32_t’?
   48 |     Event<NetworkPeerId, NetworkChannelId, std::uint8_t*, std::uint32_t> OnMessage;
      |                                                                ^~~~~~~~
In file included from /usr/include/stdint.h:37,
                 from /usr/lib/gcc/x86_64-linux-gnu/11/include/stdint.h:9,
                 from source/discord/ffi.h:9,
                 from source/discord/types.h:4,
                 from source/discord/voice_manager.h:4,
                 from source/discord/voice_manager.cpp:6:
/usr/include/x86_64-linux-gnu/bits/stdint-uintn.h:26:20: note: ‘uint32_t’ declared here
   26 | typedef __uint32_t uint32_t;
      |                    ^~~~~~~~
In file included from source/discord/core.h:11,
                 from source/discord/voice_manager.cpp:8:
source/discord/network_manager.h:48:72: error: template argument 1 is invalid
   48 |     Event<NetworkPeerId, NetworkChannelId, std::uint8_t*, std::uint32_t> OnMessage;
      |                                                                        ^
source/discord/network_manager.h:48:72: error: template argument 2 is invalid
source/discord/network_manager.h:48:72: error: template argument 3 is invalid
source/discord/network_manager.h:48:72: error: template argument 4 is invalid
In file included from source/discord/core.h:13,
                 from source/discord/voice_manager.cpp:8:
source/discord/storage_manager.h:13:17: error: ‘std::uint8_t’ has not been declared
   13 |                 std::uint8_t* data,
      |                 ^~~
source/discord/storage_manager.h:14:17: error: ‘std::uint32_t’ has not been declared
   14 |                 std::uint32_t dataLength,
      |                 ^~~
source/discord/storage_manager.h:15:17: error: ‘std::uint32_t’ has not been declared
   15 |                 std::uint32_t* read);
      |                 ^~~
source/discord/storage_manager.h:17:52: error: ‘uint8_t’ is not a member of ‘std’; did you mean ‘uint8_t’?
   17 |                    std::function<void(Result, std::uint8_t*, std::uint32_t)> callback);
      |                                                    ^~~~~~~
In file included from /usr/include/stdint.h:37,
                 from /usr/lib/gcc/x86_64-linux-gnu/11/include/stdint.h:9,
                 from source/discord/ffi.h:9,
                 from source/discord/types.h:4,
                 from source/discord/voice_manager.h:4,
                 from source/discord/voice_manager.cpp:6:
/usr/include/x86_64-linux-gnu/bits/stdint-uintn.h:24:19: note: ‘uint8_t’ declared here
   24 | typedef __uint8_t uint8_t;
      |                   ^~~~~~~
In file included from source/discord/core.h:13,
                 from source/discord/voice_manager.cpp:8:
source/discord/storage_manager.h:17:67: error: ‘uint32_t’ is not a member of ‘std’; did you mean ‘uint32_t’?
   17 |                    std::function<void(Result, std::uint8_t*, std::uint32_t)> callback);
      |                                                                   ^~~~~~~~
In file included from /usr/include/stdint.h:37,
                 from /usr/lib/gcc/x86_64-linux-gnu/11/include/stdint.h:9,
                 from source/discord/ffi.h:9,
                 from source/discord/types.h:4,
                 from source/discord/voice_manager.h:4,
                 from source/discord/voice_manager.cpp:6:
/usr/include/x86_64-linux-gnu/bits/stdint-uintn.h:26:20: note: ‘uint32_t’ declared here
   26 | typedef __uint32_t uint32_t;
      |                    ^~~~~~~~
In file included from source/discord/core.h:13,
                 from source/discord/voice_manager.cpp:8:
source/discord/storage_manager.h:17:75: error: expression list treated as compound expression in functional cast [-fpermissive]
   17 |                    std::function<void(Result, std::uint8_t*, std::uint32_t)> callback);
      |                                                                           ^
source/discord/storage_manager.h:17:76: error: template argument 1 is invalid
   17 |                    std::function<void(Result, std::uint8_t*, std::uint32_t)> callback);
      |                                                                            ^
source/discord/storage_manager.h:17:52: error: ‘uint8_t’ is not a member of ‘std’; did you mean ‘uint8_t’?
   17 |                    std::function<void(Result, std::uint8_t*, std::uint32_t)> callback);
      |                                                    ^~~~~~~
In file included from /usr/include/stdint.h:37,
                 from /usr/lib/gcc/x86_64-linux-gnu/11/include/stdint.h:9,
                 from source/discord/ffi.h:9,
                 from source/discord/types.h:4,
                 from source/discord/voice_manager.h:4,
                 from source/discord/voice_manager.cpp:6:
/usr/include/x86_64-linux-gnu/bits/stdint-uintn.h:24:19: note: ‘uint8_t’ declared here
   24 | typedef __uint8_t uint8_t;
      |                   ^~~~~~~
In file included from source/discord/core.h:13,
                 from source/discord/voice_manager.cpp:8:
source/discord/storage_manager.h:17:67: error: ‘uint32_t’ is not a member of ‘std’; did you mean ‘uint32_t’?
   17 |                    std::function<void(Result, std::uint8_t*, std::uint32_t)> callback);
      |                                                                   ^~~~~~~~
In file included from /usr/include/stdint.h:37,
                 from /usr/lib/gcc/x86_64-linux-gnu/11/include/stdint.h:9,
                 from source/discord/ffi.h:9,
                 from source/discord/types.h:4,
                 from source/discord/voice_manager.h:4,
                 from source/discord/voice_manager.cpp:6:
/usr/include/x86_64-linux-gnu/bits/stdint-uintn.h:26:20: note: ‘uint32_t’ declared here
   26 | typedef __uint32_t uint32_t;
      |                    ^~~~~~~~
In file included from source/discord/core.h:13,
                 from source/discord/voice_manager.cpp:8:
source/discord/storage_manager.h:17:75: error: expression list treated as compound expression in functional cast [-fpermissive]
   17 |                    std::function<void(Result, std::uint8_t*, std::uint32_t)> callback);
      |                                                                           ^
source/discord/storage_manager.h:17:76: error: template argument 1 is invalid
   17 |                    std::function<void(Result, std::uint8_t*, std::uint32_t)> callback);
      |                                                                            ^
source/discord/storage_manager.h:17:52: error: ‘uint8_t’ is not a member of ‘std’; did you mean ‘uint8_t’?
   17 |                    std::function<void(Result, std::uint8_t*, std::uint32_t)> callback);
      |                                                    ^~~~~~~
In file included from /usr/include/stdint.h:37,
                 from /usr/lib/gcc/x86_64-linux-gnu/11/include/stdint.h:9,
                 from source/discord/ffi.h:9,
                 from source/discord/types.h:4,
                 from source/discord/voice_manager.h:4,
                 from source/discord/voice_manager.cpp:6:
/usr/include/x86_64-linux-gnu/bits/stdint-uintn.h:24:19: note: ‘uint8_t’ declared here
   24 | typedef __uint8_t uint8_t;
      |                   ^~~~~~~
In file included from source/discord/core.h:13,
                 from source/discord/voice_manager.cpp:8:
source/discord/storage_manager.h:17:67: error: ‘uint32_t’ is not a member of ‘std’; did you mean ‘uint32_t’?
   17 |                    std::function<void(Result, std::uint8_t*, std::uint32_t)> callback);
      |                                                                   ^~~~~~~~
In file included from /usr/include/stdint.h:37,
                 from /usr/lib/gcc/x86_64-linux-gnu/11/include/stdint.h:9,
                 from source/discord/ffi.h:9,
                 from source/discord/types.h:4,
                 from source/discord/voice_manager.h:4,
                 from source/discord/voice_manager.cpp:6:
/usr/include/x86_64-linux-gnu/bits/stdint-uintn.h:26:20: note: ‘uint32_t’ declared here
   26 | typedef __uint32_t uint32_t;
      |                    ^~~~~~~~
In file included from source/discord/core.h:13,
                 from source/discord/voice_manager.cpp:8:
source/discord/storage_manager.h:17:75: error: expression list treated as compound expression in functional cast [-fpermissive]
   17 |                    std::function<void(Result, std::uint8_t*, std::uint32_t)> callback);
      |                                                                           ^
source/discord/storage_manager.h:17:76: error: template argument 1 is invalid
   17 |                    std::function<void(Result, std::uint8_t*, std::uint32_t)> callback);
      |                                                                            ^
source/discord/storage_manager.h:17:20: error: invalid template-id
   17 |                    std::function<void(Result, std::uint8_t*, std::uint32_t)> callback);
      |                    ^~~
source/discord/storage_manager.h:17:52: error: ‘uint8_t’ is not a member of ‘std’; did you mean ‘uint8_t’?
   17 |                    std::function<void(Result, std::uint8_t*, std::uint32_t)> callback);
      |                                                    ^~~~~~~
In file included from /usr/include/stdint.h:37,
                 from /usr/lib/gcc/x86_64-linux-gnu/11/include/stdint.h:9,
                 from source/discord/ffi.h:9,
                 from source/discord/types.h:4,
                 from source/discord/voice_manager.h:4,
                 from source/discord/voice_manager.cpp:6:
/usr/include/x86_64-linux-gnu/bits/stdint-uintn.h:24:19: note: ‘uint8_t’ declared here
   24 | typedef __uint8_t uint8_t;
      |                   ^~~~~~~
In file included from source/discord/core.h:13,
                 from source/discord/voice_manager.cpp:8:
source/discord/storage_manager.h:17:67: error: ‘uint32_t’ is not a member of ‘std’; did you mean ‘uint32_t’?
   17 |                    std::function<void(Result, std::uint8_t*, std::uint32_t)> callback);
      |                                                                   ^~~~~~~~
In file included from /usr/include/stdint.h:37,
                 from /usr/lib/gcc/x86_64-linux-gnu/11/include/stdint.h:9,
                 from source/discord/ffi.h:9,
                 from source/discord/types.h:4,
                 from source/discord/voice_manager.h:4,
                 from source/discord/voice_manager.cpp:6:
/usr/include/x86_64-linux-gnu/bits/stdint-uintn.h:26:20: note: ‘uint32_t’ declared here
   26 | typedef __uint32_t uint32_t;
      |                    ^~~~~~~~
In file included from source/discord/core.h:13,
                 from source/discord/voice_manager.cpp:8:
source/discord/storage_manager.h:17:75: error: expression list treated as compound expression in functional cast [-fpermissive]
   17 |                    std::function<void(Result, std::uint8_t*, std::uint32_t)> callback);
      |                                                                           ^
source/discord/storage_manager.h:17:34: error: expected primary-expression before ‘void’
   17 |                    std::function<void(Result, std::uint8_t*, std::uint32_t)> callback);
      |                                  ^~~~
source/discord/storage_manager.h:17:34: error: expected ‘>’ before ‘void’
source/discord/storage_manager.h:17:20: error: class template placeholder ‘std::function’ not permitted in this context
   17 |                    std::function<void(Result, std::uint8_t*, std::uint32_t)> callback);
      |                    ^~~
source/discord/storage_manager.h:19:27: error: ‘std::uint64_t’ has not been declared
   19 |                           std::uint64_t offset,
      |                           ^~~
source/discord/storage_manager.h:20:27: error: ‘std::uint64_t’ has not been declared
   20 |                           std::uint64_t length,
      |                           ^~~
source/discord/storage_manager.h:21:59: error: ‘uint8_t’ is not a member of ‘std’; did you mean ‘uint8_t’?
   21 |                           std::function<void(Result, std::uint8_t*, std::uint32_t)> callback);
      |                                                           ^~~~~~~
In file included from /usr/include/stdint.h:37,
                 from /usr/lib/gcc/x86_64-linux-gnu/11/include/stdint.h:9,
                 from source/discord/ffi.h:9,
                 from source/discord/types.h:4,
                 from source/discord/voice_manager.h:4,
                 from source/discord/voice_manager.cpp:6:
/usr/include/x86_64-linux-gnu/bits/stdint-uintn.h:24:19: note: ‘uint8_t’ declared here
   24 | typedef __uint8_t uint8_t;
      |                   ^~~~~~~
In file included from source/discord/core.h:13,
                 from source/discord/voice_manager.cpp:8:
source/discord/storage_manager.h:21:74: error: ‘uint32_t’ is not a member of ‘std’; did you mean ‘uint32_t’?
   21 |                           std::function<void(Result, std::uint8_t*, std::uint32_t)> callback);
      |                                                                          ^~~~~~~~
In file included from /usr/include/stdint.h:37,
                 from /usr/lib/gcc/x86_64-linux-gnu/11/include/stdint.h:9,
                 from source/discord/ffi.h:9,
                 from source/discord/types.h:4,
                 from source/discord/voice_manager.h:4,
                 from source/discord/voice_manager.cpp:6:
/usr/include/x86_64-linux-gnu/bits/stdint-uintn.h:26:20: note: ‘uint32_t’ declared here
   26 | typedef __uint32_t uint32_t;
      |                    ^~~~~~~~
In file included from source/discord/core.h:13,
                 from source/discord/voice_manager.cpp:8:
source/discord/storage_manager.h:21:82: error: expression list treated as compound expression in functional cast [-fpermissive]
   21 |                           std::function<void(Result, std::uint8_t*, std::uint32_t)> callback);
      |                                                                                  ^
source/discord/storage_manager.h:21:83: error: template argument 1 is invalid
   21 |                           std::function<void(Result, std::uint8_t*, std::uint32_t)> callback);
      |                                                                                   ^
source/discord/storage_manager.h:21:59: error: ‘uint8_t’ is not a member of ‘std’; did you mean ‘uint8_t’?
   21 |                           std::function<void(Result, std::uint8_t*, std::uint32_t)> callback);
      |                                                           ^~~~~~~
In file included from /usr/include/stdint.h:37,
                 from /usr/lib/gcc/x86_64-linux-gnu/11/include/stdint.h:9,
                 from source/discord/ffi.h:9,
                 from source/discord/types.h:4,
                 from source/discord/voice_manager.h:4,
                 from source/discord/voice_manager.cpp:6:
/usr/include/x86_64-linux-gnu/bits/stdint-uintn.h:24:19: note: ‘uint8_t’ declared here
   24 | typedef __uint8_t uint8_t;
      |                   ^~~~~~~
In file included from source/discord/core.h:13,
                 from source/discord/voice_manager.cpp:8:
source/discord/storage_manager.h:21:74: error: ‘uint32_t’ is not a member of ‘std’; did you mean ‘uint32_t’?
   21 |                           std::function<void(Result, std::uint8_t*, std::uint32_t)> callback);
      |                                                                          ^~~~~~~~
In file included from /usr/include/stdint.h:37,
                 from /usr/lib/gcc/x86_64-linux-gnu/11/include/stdint.h:9,
                 from source/discord/ffi.h:9,
                 from source/discord/types.h:4,
                 from source/discord/voice_manager.h:4,
                 from source/discord/voice_manager.cpp:6:
/usr/include/x86_64-linux-gnu/bits/stdint-uintn.h:26:20: note: ‘uint32_t’ declared here
   26 | typedef __uint32_t uint32_t;
      |                    ^~~~~~~~
In file included from source/discord/core.h:13,
                 from source/discord/voice_manager.cpp:8:
source/discord/storage_manager.h:21:82: error: expression list treated as compound expression in functional cast [-fpermissive]
   21 |                           std::function<void(Result, std::uint8_t*, std::uint32_t)> callback);
      |                                                                                  ^
source/discord/storage_manager.h:21:83: error: template argument 1 is invalid
   21 |                           std::function<void(Result, std::uint8_t*, std::uint32_t)> callback);
      |                                                                                   ^
source/discord/storage_manager.h:21:59: error: ‘uint8_t’ is not a member of ‘std’; did you mean ‘uint8_t’?
   21 |                           std::function<void(Result, std::uint8_t*, std::uint32_t)> callback);
      |                                                           ^~~~~~~
In file included from /usr/include/stdint.h:37,
                 from /usr/lib/gcc/x86_64-linux-gnu/11/include/stdint.h:9,
                 from source/discord/ffi.h:9,
                 from source/discord/types.h:4,
                 from source/discord/voice_manager.h:4,
                 from source/discord/voice_manager.cpp:6:
/usr/include/x86_64-linux-gnu/bits/stdint-uintn.h:24:19: note: ‘uint8_t’ declared here
   24 | typedef __uint8_t uint8_t;
      |                   ^~~~~~~
In file included from source/discord/core.h:13,
                 from source/discord/voice_manager.cpp:8:
source/discord/storage_manager.h:21:74: error: ‘uint32_t’ is not a member of ‘std’; did you mean ‘uint32_t’?
   21 |                           std::function<void(Result, std::uint8_t*, std::uint32_t)> callback);
      |                                                                          ^~~~~~~~
In file included from /usr/include/stdint.h:37,
                 from /usr/lib/gcc/x86_64-linux-gnu/11/include/stdint.h:9,
                 from source/discord/ffi.h:9,
                 from source/discord/types.h:4,
                 from source/discord/voice_manager.h:4,
                 from source/discord/voice_manager.cpp:6:
/usr/include/x86_64-linux-gnu/bits/stdint-uintn.h:26:20: note: ‘uint32_t’ declared here
   26 | typedef __uint32_t uint32_t;
      |                    ^~~~~~~~
In file included from source/discord/core.h:13,
                 from source/discord/voice_manager.cpp:8:
source/discord/storage_manager.h:21:82: error: expression list treated as compound expression in functional cast [-fpermissive]
   21 |                           std::function<void(Result, std::uint8_t*, std::uint32_t)> callback);
      |                                                                                  ^
source/discord/storage_manager.h:21:83: error: template argument 1 is invalid
   21 |                           std::function<void(Result, std::uint8_t*, std::uint32_t)> callback);
      |                                                                                   ^
source/discord/storage_manager.h:21:27: error: invalid template-id
   21 |                           std::function<void(Result, std::uint8_t*, std::uint32_t)> callback);
      |                           ^~~
source/discord/storage_manager.h:21:59: error: ‘uint8_t’ is not a member of ‘std’; did you mean ‘uint8_t’?
   21 |                           std::function<void(Result, std::uint8_t*, std::uint32_t)> callback);
      |                                                           ^~~~~~~
In file included from /usr/include/stdint.h:37,
                 from /usr/lib/gcc/x86_64-linux-gnu/11/include/stdint.h:9,
                 from source/discord/ffi.h:9,
                 from source/discord/types.h:4,
                 from source/discord/voice_manager.h:4,
                 from source/discord/voice_manager.cpp:6:
/usr/include/x86_64-linux-gnu/bits/stdint-uintn.h:24:19: note: ‘uint8_t’ declared here
   24 | typedef __uint8_t uint8_t;
      |                   ^~~~~~~
In file included from source/discord/core.h:13,
                 from source/discord/voice_manager.cpp:8:
source/discord/storage_manager.h:21:74: error: ‘uint32_t’ is not a member of ‘std’; did you mean ‘uint32_t’?
   21 |                           std::function<void(Result, std::uint8_t*, std::uint32_t)> callback);
      |                                                                          ^~~~~~~~
In file included from /usr/include/stdint.h:37,
                 from /usr/lib/gcc/x86_64-linux-gnu/11/include/stdint.h:9,
                 from source/discord/ffi.h:9,
                 from source/discord/types.h:4,
                 from source/discord/voice_manager.h:4,
                 from source/discord/voice_manager.cpp:6:
/usr/include/x86_64-linux-gnu/bits/stdint-uintn.h:26:20: note: ‘uint32_t’ declared here
   26 | typedef __uint32_t uint32_t;
      |                    ^~~~~~~~
In file included from source/discord/core.h:13,
                 from source/discord/voice_manager.cpp:8:
source/discord/storage_manager.h:21:82: error: expression list treated as compound expression in functional cast [-fpermissive]
   21 |                           std::function<void(Result, std::uint8_t*, std::uint32_t)> callback);
      |                                                                                  ^
source/discord/storage_manager.h:21:41: error: expected primary-expression before ‘void’
   21 |                           std::function<void(Result, std::uint8_t*, std::uint32_t)> callback);
      |                                         ^~~~
source/discord/storage_manager.h:21:41: error: expected ‘>’ before ‘void’
source/discord/storage_manager.h:21:27: error: class template placeholder ‘std::function’ not permitted in this context
   21 |                           std::function<void(Result, std::uint8_t*, std::uint32_t)> callback);
      |                           ^~~
source/discord/storage_manager.h:22:36: error: ‘std::uint8_t’ has not been declared
   22 |     Result Write(char const* name, std::uint8_t* data, std::uint32_t dataLength);
      |                                    ^~~
source/discord/storage_manager.h:22:56: error: ‘std::uint32_t’ has not been declared
   22 |     Result Write(char const* name, std::uint8_t* data, std::uint32_t dataLength);
      |                                                        ^~~
source/discord/storage_manager.h:24:21: error: ‘std::uint8_t’ has not been declared
   24 |                     std::uint8_t* data,
      |                     ^~~
source/discord/storage_manager.h:25:21: error: ‘std::uint32_t’ has not been declared
   25 |                     std::uint32_t dataLength,
      |                     ^~~
source/discord/storage_manager.h:29:16: error: ‘std::int32_t’ has not been declared
   29 |     void Count(std::int32_t* count);
      |                ^~~
source/discord/storage_manager.h:31:19: error: ‘std::int32_t’ has not been declared
   31 |     Result StatAt(std::int32_t index, FileStat* stat);
      |                   ^~~
In file included from source/discord/core.h:14,
                 from source/discord/voice_manager.cpp:8:
source/discord/store_manager.h:13:20: error: ‘std::int32_t’ has not been declared
   13 |     void CountSkus(std::int32_t* count);
      |                    ^~~
source/discord/store_manager.h:14:19: error: ‘Snowflake’ has not been declared
   14 |     Result GetSku(Snowflake skuId, Sku* sku);
      |                   ^~~~~~~~~
source/discord/store_manager.h:15:21: error: ‘std::int32_t’ has not been declared
   15 |     Result GetSkuAt(std::int32_t index, Sku* sku);
      |                     ^~~
source/discord/store_manager.h:17:28: error: ‘std::int32_t’ has not been declared
   17 |     void CountEntitlements(std::int32_t* count);
      |                            ^~~
source/discord/store_manager.h:18:27: error: ‘Snowflake’ has not been declared
   18 |     Result GetEntitlement(Snowflake entitlementId, Entitlement* entitlement);
      |                           ^~~~~~~~~
source/discord/store_manager.h:19:29: error: ‘std::int32_t’ has not been declared
   19 |     Result GetEntitlementAt(std::int32_t index, Entitlement* entitlement);
      |                             ^~~
source/discord/store_manager.h:20:30: error: ‘Snowflake’ has not been declared
   20 |     Result HasSkuEntitlement(Snowflake skuId, bool* hasEntitlement);
      |                              ^~~~~~~~~
source/discord/store_manager.h:21:24: error: ‘Snowflake’ has not been declared
   21 |     void StartPurchase(Snowflake skuId, std::function<void(Result)> callback);
      |                        ^~~~~~~~~
In file included from source/discord/core.h:16,
                 from source/discord/voice_manager.cpp:8:
source/discord/achievement_manager.h:12:29: error: ‘Snowflake’ has not been declared
   12 |     void SetUserAchievement(Snowflake achievementId,
      |                             ^~~~~~~~~
source/discord/achievement_manager.h:13:29: error: ‘std::uint8_t’ has not been declared
   13 |                             std::uint8_t percentComplete,
      |                             ^~~
source/discord/achievement_manager.h:16:32: error: ‘std::int32_t’ has not been declared
   16 |     void CountUserAchievements(std::int32_t* count);
      |                                ^~~
source/discord/achievement_manager.h:17:31: error: ‘Snowflake’ has not been declared
   17 |     Result GetUserAchievement(Snowflake userAchievementId, UserAchievement* userAchievement);
      |                               ^~~~~~~~~
source/discord/achievement_manager.h:18:33: error: ‘std::int32_t’ has not been declared
   18 |     Result GetUserAchievementAt(std::int32_t index, UserAchievement* userAchievement);
      |                                 ^~~
In file included from source/discord/voice_manager.cpp:8:
source/discord/core.h:22:26: error: ‘ClientId’ has not been declared
   22 |     static Result Create(ClientId clientId, std::uint64_t flags, Core** instance);
      |                          ^~~~~~~~
source/discord/core.h:22:45: error: ‘std::uint64_t’ has not been declared
   22 |     static Result Create(ClientId clientId, std::uint64_t flags, Core** instance);
      |                                             ^~~
source/discord/voice_manager.cpp:92:8: error: ‘discord::Result discord::VoiceManager::IsLocalMute’ is not a static data member of ‘class discord::VoiceManager’
   92 | Result VoiceManager::IsLocalMute(Snowflake userId, bool* mute)
      |        ^~~~~~~~~~~~
source/discord/voice_manager.cpp:92:34: error: ‘Snowflake’ was not declared in this scope
   92 | Result VoiceManager::IsLocalMute(Snowflake userId, bool* mute)
      |                                  ^~~~~~~~~
source/discord/voice_manager.cpp:92:52: error: expected primary-expression before ‘bool’
   92 | Result VoiceManager::IsLocalMute(Snowflake userId, bool* mute)
      |                                                    ^~~~
source/discord/voice_manager.cpp:92:62: error: expression list treated as compound expression in initializer [-fpermissive]
   92 | Result VoiceManager::IsLocalMute(Snowflake userId, bool* mute)
      |                                                              ^
source/discord/voice_manager.cpp:102:8: error: ‘discord::Result discord::VoiceManager::SetLocalMute’ is not a static data member of ‘class discord::VoiceManager’
  102 | Result VoiceManager::SetLocalMute(Snowflake userId, bool mute)
      |        ^~~~~~~~~~~~
source/discord/voice_manager.cpp:102:35: error: ‘Snowflake’ was not declared in this scope
  102 | Result VoiceManager::SetLocalMute(Snowflake userId, bool mute)
      |                                   ^~~~~~~~~
source/discord/voice_manager.cpp:102:53: error: expected primary-expression before ‘bool’
  102 | Result VoiceManager::SetLocalMute(Snowflake userId, bool mute)
      |                                                     ^~~~
source/discord/voice_manager.cpp:102:62: error: expression list treated as compound expression in initializer [-fpermissive]
  102 | Result VoiceManager::SetLocalMute(Snowflake userId, bool mute)
      |                                                              ^
source/discord/voice_manager.cpp:108:8: error: ‘discord::Result discord::VoiceManager::GetLocalVolume’ is not a static data member of ‘class discord::VoiceManager’
  108 | Result VoiceManager::GetLocalVolume(Snowflake userId, std::uint8_t* volume)
      |        ^~~~~~~~~~~~
source/discord/voice_manager.cpp:108:37: error: ‘Snowflake’ was not declared in this scope
  108 | Result VoiceManager::GetLocalVolume(Snowflake userId, std::uint8_t* volume)
      |                                     ^~~~~~~~~
source/discord/voice_manager.cpp:108:60: error: ‘uint8_t’ is not a member of ‘std’; did you mean ‘wint_t’?
  108 | Result VoiceManager::GetLocalVolume(Snowflake userId, std::uint8_t* volume)
      |                                                            ^~~~~~~
      |                                                            wint_t
source/discord/voice_manager.cpp:108:69: error: ‘volume’ was not declared in this scope
  108 | Result VoiceManager::GetLocalVolume(Snowflake userId, std::uint8_t* volume)
      |                                                                     ^~~~~~
source/discord/voice_manager.cpp:108:75: error: expression list treated as compound expression in initializer [-fpermissive]
  108 | Result VoiceManager::GetLocalVolume(Snowflake userId, std::uint8_t* volume)
      |                                                                           ^
source/discord/voice_manager.cpp:119:8: error: ‘discord::Result discord::VoiceManager::SetLocalVolume’ is not a static data member of ‘class discord::VoiceManager’
  119 | Result VoiceManager::SetLocalVolume(Snowflake userId, std::uint8_t volume)
      |        ^~~~~~~~~~~~
source/discord/voice_manager.cpp:119:37: error: ‘Snowflake’ was not declared in this scope
  119 | Result VoiceManager::SetLocalVolume(Snowflake userId, std::uint8_t volume)
      |                                     ^~~~~~~~~
source/discord/voice_manager.cpp:119:60: error: ‘uint8_t’ is not a member of ‘std’; did you mean ‘wint_t’?
  119 | Result VoiceManager::SetLocalVolume(Snowflake userId, std::uint8_t volume)
      |                                                            ^~~~~~~
      |                                                            wint_t
source/discord/voice_manager.cpp:119:74: error: expression list treated as compound expression in initializer [-fpermissive]
  119 | Result VoiceManager::SetLocalVolume(Snowflake userId, std::uint8_t volume)
      |                                                                          ^
make: *** [makefile.linux:18: all] Error 1

=================================================================
==106172==ERROR: LeakSanitizer: detected memory leaks

Direct leak of 11328 byte(s) in 1 object(s) allocated from:
    #0 0x7fccae89c1c7 in operator new(unsigned long) ../../../../src/libsanitizer/asan/asan_new_delete.cpp:99
    #1 0x55ff68d23021 in main source/SDLTetris.cpp:153
    #2 0x7fccae105fcf in __libc_start_call_main ../sysdeps/nptl/libc_start_call_main.h:58

Direct leak of 3712 byte(s) in 40 object(s) allocated from:
    #0 0x7fccae89aa37 in __interceptor_calloc ../../../../src/libsanitizer/asan/asan_malloc_linux.cpp:154
    #1 0x7fccae6e3275  (/lib/x86_64-linux-gnu/libSDL2-2.0.so.0+0x8d275)

Direct leak of 840 byte(s) in 1 object(s) allocated from:
    #0 0x7fccae89c1c7 in operator new(unsigned long) ../../../../src/libsanitizer/asan/asan_new_delete.cpp:99
    #1 0x55ff68d22ece in main source/SDLTetris.cpp:152
    #2 0x7fccae105fcf in __libc_start_call_main ../sysdeps/nptl/libc_start_call_main.h:58

Direct leak of 664 byte(s) in 1 object(s) allocated from:
    #0 0x7fccae89c1c7 in operator new(unsigned long) ../../../../src/libsanitizer/asan/asan_new_delete.cpp:99
    #1 0x55ff68d23286 in main source/SDLTetris.cpp:155
    #2 0x7fccae105fcf in __libc_start_call_main ../sysdeps/nptl/libc_start_call_main.h:58

Direct leak of 216 byte(s) in 9 object(s) allocated from:
    #0 0x7fccae89a867 in __interceptor_malloc ../../../../src/libsanitizer/asan/asan_malloc_linux.cpp:145
    #1 0x7fccae6e3237  (/lib/x86_64-linux-gnu/libSDL2-2.0.so.0+0x8d237)

Direct leak of 96 byte(s) in 1 object(s) allocated from:
    #0 0x7fccae89c1c7 in operator new(unsigned long) ../../../../src/libsanitizer/asan/asan_new_delete.cpp:99
    #1 0x55ff68d2315b in main source/SDLTetris.cpp:154
    #2 0x7fccae105fcf in __libc_start_call_main ../sysdeps/nptl/libc_start_call_main.h:58

Direct leak of 8 byte(s) in 1 object(s) allocated from:
    #0 0x7fccae89c1c7 in operator new(unsigned long) ../../../../src/libsanitizer/asan/asan_new_delete.cpp:99
    #1 0x55ff68d23352 in main source/SDLTetris.cpp:160
    #2 0x7fccae105fcf in __libc_start_call_main ../sysdeps/nptl/libc_start_call_main.h:58

Indirect leak of 47046472 byte(s) in 138 object(s) allocated from:
    #0 0x7fccae89a867 in __interceptor_malloc ../../../../src/libsanitizer/asan/asan_malloc_linux.cpp:145
    #1 0x7fccae6e3237  (/lib/x86_64-linux-gnu/libSDL2-2.0.so.0+0x8d237)

Indirect leak of 20130080 byte(s) in 179 object(s) allocated from:
    #0 0x7fccae89aa37 in __interceptor_calloc ../../../../src/libsanitizer/asan/asan_malloc_linux.cpp:154
    #1 0x7fccadb15117 in CSoundFile::AllocateSample(unsigned int) (/lib/x86_64-linux-gnu/libmodplug.so.1+0x9117)

Indirect leak of 9678816 byte(s) in 7 object(s) allocated from:
    #0 0x7fccae89aa37 in __interceptor_calloc ../../../../src/libsanitizer/asan/asan_malloc_linux.cpp:154
    #1 0x7fccae6e3275  (/lib/x86_64-linux-gnu/libSDL2-2.0.so.0+0x8d275)
    #2 0x3ff60ccccccccccc  (<unknown module>)

Indirect leak of 962496 byte(s) in 216 object(s) allocated from:
    #0 0x7fccae89c337 in operator new[](unsigned long) ../../../../src/libsanitizer/asan/asan_new_delete.cpp:102
    #1 0x7fccadb150c7 in CSoundFile::AllocatePattern(unsigned int, unsigned int) (/lib/x86_64-linux-gnu/libmodplug.so.1+0x90c7)

Indirect leak of 820072 byte(s) in 11 object(s) allocated from:
    #0 0x7fccae89c1c7 in operator new(unsigned long) ../../../../src/libsanitizer/asan/asan_new_delete.cpp:99
    #1 0x7fccadb4b1e8 in ModPlug_Load (/lib/x86_64-linux-gnu/libmodplug.so.1+0x3f1e8)

Indirect leak of 175696 byte(s) in 278 object(s) allocated from:
    #0 0x7fccae89c1c7 in operator new(unsigned long) ../../../../src/libsanitizer/asan/asan_new_delete.cpp:99
    #1 0x7fccadb263e4 in CSoundFile::ReadXM(unsigned char const*, unsigned int) (/lib/x86_64-linux-gnu/libmodplug.so.1+0x1a3e4)

Indirect leak of 9948 byte(s) in 80 object(s) allocated from:
    #0 0x7fccae89aa37 in __interceptor_calloc ../../../../src/libsanitizer/asan/asan_malloc_linux.cpp:154
    #1 0x7fccae6e3275  (/lib/x86_64-linux-gnu/libSDL2-2.0.so.0+0x8d275)

Indirect leak of 5184 byte(s) in 1 object(s) allocated from:
    #0 0x7fccae89c1c7 in operator new(unsigned long) ../../../../src/libsanitizer/asan/asan_new_delete.cpp:99
    #1 0x55ff68d3816f in __gnu_cxx::new_allocator<bg>::allocate(unsigned long, void const*) /usr/include/c++/11/ext/new_allocator.h:127
    #2 0x55ff68d33c17 in std::allocator_traits<std::allocator<bg> >::allocate(std::allocator<bg>&, unsigned long) /usr/include/c++/11/bits/alloc_traits.h:460
    #3 0x55ff68d3077b in std::_Vector_base<bg, std::allocator<bg> >::_M_allocate(unsigned long) /usr/include/c++/11/bits/stl_vector.h:346
    #4 0x55ff68d4f1ce in bg* std::vector<bg, std::allocator<bg> >::_M_allocate_and_copy<__gnu_cxx::__normal_iterator<bg const*, std::vector<bg, std::allocator<bg> > > >(unsigned long, __gnu_cxx::__normal_iterator<bg const*, std::vector<bg, std::allocator<bg> > >, __gnu_cxx::__normal_iterator<bg const*, std::vector<bg, std::allocator<bg> > >) /usr/include/c++/11/bits/stl_vector.h:1511
    #5 0x55ff68d4e59b in std::vector<bg, std::allocator<bg> >::operator=(std::vector<bg, std::allocator<bg> > const&) /usr/include/c++/11/bits/vector.tcc:226
    #6 0x55ff68d6acd5 in knuxfanscreen::knuxfanscreen(SDL_Renderer*, std::vector<SDL_Texture*, std::allocator<SDL_Texture*> >, std::vector<bg, std::allocator<bg> >, Mix_Chunk**, int) source/knuxfanscreen.cpp:17
    #7 0x55ff68d2318e in main source/SDLTetris.cpp:154
    #8 0x7fccae105fcf in __libc_start_call_main ../sysdeps/nptl/libc_start_call_main.h:58

Indirect leak of 5184 byte(s) in 1 object(s) allocated from:
    #0 0x7fccae89c1c7 in operator new(unsigned long) ../../../../src/libsanitizer/asan/asan_new_delete.cpp:99
    #1 0x55ff68d3816f in __gnu_cxx::new_allocator<bg>::allocate(unsigned long, void const*) /usr/include/c++/11/ext/new_allocator.h:127
    #2 0x55ff68d33c17 in std::allocator_traits<std::allocator<bg> >::allocate(std::allocator<bg>&, unsigned long) /usr/include/c++/11/bits/alloc_traits.h:460
    #3 0x55ff68d3077b in std::_Vector_base<bg, std::allocator<bg> >::_M_allocate(unsigned long) /usr/include/c++/11/bits/stl_vector.h:346
    #4 0x55ff68d4f1ce in bg* std::vector<bg, std::allocator<bg> >::_M_allocate_and_copy<__gnu_cxx::__normal_iterator<bg const*, std::vector<bg, std::allocator<bg> > > >(unsigned long, __gnu_cxx::__normal_iterator<bg const*, std::vector<bg, std::allocator<bg> > >, __gnu_cxx::__normal_iterator<bg const*, std::vector<bg, std::allocator<bg> > >) /usr/include/c++/11/bits/stl_vector.h:1511
    #5 0x55ff68d4e59b in std::vector<bg, std::allocator<bg> >::operator=(std::vector<bg, std::allocator<bg> > const&) /usr/include/c++/11/bits/vector.tcc:226
    #6 0x55ff68d52556 in game::game(SDL_Renderer*, SDL_Window*, std::vector<SDL_Texture*, std::allocator<SDL_Texture*> >, std::vector<bg, std::allocator<bg> >, _Mix_Music**, Mix_Chunk**) source/game.cpp:51
    #7 0x55ff68d2305c in main source/SDLTetris.cpp:153
    #8 0x7fccae105fcf in __libc_start_call_main ../sysdeps/nptl/libc_start_call_main.h:58

Indirect leak of 5184 byte(s) in 1 object(s) allocated from:
    #0 0x7fccae89c1c7 in operator new(unsigned long) ../../../../src/libsanitizer/asan/asan_new_delete.cpp:99
    #1 0x55ff68d3816f in __gnu_cxx::new_allocator<bg>::allocate(unsigned long, void const*) /usr/include/c++/11/ext/new_allocator.h:127
    #2 0x55ff68d33c17 in std::allocator_traits<std::allocator<bg> >::allocate(std::allocator<bg>&, unsigned long) /usr/include/c++/11/bits/alloc_traits.h:460
    #3 0x55ff68d3077b in std::_Vector_base<bg, std::allocator<bg> >::_M_allocate(unsigned long) /usr/include/c++/11/bits/stl_vector.h:346
    #4 0x55ff68d4f1ce in bg* std::vector<bg, std::allocator<bg> >::_M_allocate_and_copy<__gnu_cxx::__normal_iterator<bg const*, std::vector<bg, std::allocator<bg> > > >(unsigned long, __gnu_cxx::__normal_iterator<bg const*, std::vector<bg, std::allocator<bg> > >, __gnu_cxx::__normal_iterator<bg const*, std::vector<bg, std::allocator<bg> > >) /usr/include/c++/11/bits/stl_vector.h:1511
    #5 0x55ff68d4e59b in std::vector<bg, std::allocator<bg> >::operator=(std::vector<bg, std::allocator<bg> > const&) /usr/include/c++/11/bits/vector.tcc:226
    #6 0x55ff68d48619 in titlescreen::titlescreen(SDL_Renderer*, SDL_Window*, std::vector<bg, std::allocator<bg> >, std::vector<SDL_Texture*, std::allocator<SDL_Texture*> >, _Mix_Music**, Mix_Chunk**, int) source/titlescreen.cpp:34
    #7 0x55ff68d22f0c in main source/SDLTetris.cpp:152
    #8 0x7fccae105fcf in __libc_start_call_main ../sysdeps/nptl/libc_start_call_main.h:58

Indirect leak of 387 byte(s) in 21 object(s) allocated from:
    #0 0x7fccae89c1c7 in operator new(unsigned long) ../../../../src/libsanitizer/asan/asan_new_delete.cpp:99
    #1 0x7fccae549c4c in void std::__cxx11::basic_string<char, std::char_traits<char>, std::allocator<char> >::_M_construct<char*>(char*, char*, std::forward_iterator_tag) (/lib/x86_64-linux-gnu/libstdc++.so.6+0x149c4c)

Indirect leak of 208 byte(s) in 9 object(s) allocated from:
    #0 0x7fccae89c1c7 in operator new(unsigned long) ../../../../src/libsanitizer/asan/asan_new_delete.cpp:99
    #1 0x55ff68d3dc11 in __gnu_cxx::new_allocator<SDL_Texture*>::allocate(unsigned long, void const*) /usr/include/c++/11/ext/new_allocator.h:127
    #2 0x55ff68d398bb in std::allocator_traits<std::allocator<SDL_Texture*> >::allocate(std::allocator<SDL_Texture*>&, unsigned long) /usr/include/c++/11/bits/alloc_traits.h:460
    #3 0x55ff68d35aa5 in std::_Vector_base<SDL_Texture*, std::allocator<SDL_Texture*> >::_M_allocate(unsigned long) /usr/include/c++/11/bits/stl_vector.h:346
    #4 0x55ff68d31108 in std::_Vector_base<SDL_Texture*, std::allocator<SDL_Texture*> >::_M_create_storage(unsigned long) /usr/include/c++/11/bits/stl_vector.h:361
    #5 0x55ff68d2d6ec in std::_Vector_base<SDL_Texture*, std::allocator<SDL_Texture*> >::_Vector_base(unsigned long, std::allocator<SDL_Texture*> const&) /usr/include/c++/11/bits/stl_vector.h:305
    #6 0x55ff68d29f6f in std::vector<SDL_Texture*, std::allocator<SDL_Texture*> >::vector(std::vector<SDL_Texture*, std::allocator<SDL_Texture*> > const&) /usr/include/c++/11/bits/stl_vector.h:555
    #7 0x55ff68d28158 in bg::bg(bg const&) source/background.h:13
    #8 0x55ff68d39860 in void std::_Construct<bg, bg const&>(bg*, bg const&) /usr/include/c++/11/bits/stl_construct.h:109
    #9 0x55ff68d35981 in bg* std::__uninitialized_copy<false>::__uninit_copy<__gnu_cxx::__normal_iterator<bg const*, std::vector<bg, std::allocator<bg> > >, bg*>(__gnu_cxx::__normal_iterator<bg const*, std::vector<bg, std::allocator<bg> > >, __gnu_cxx::__normal_iterator<bg const*, std::vector<bg, std::allocator<bg> > >, bg*) /usr/include/c++/11/bits/stl_uninitialized.h:92
    #10 0x55ff68d3100b in bg* std::uninitialized_copy<__gnu_cxx::__normal_iterator<bg const*, std::vector<bg, std::allocator<bg> > >, bg*>(__gnu_cxx::__normal_iterator<bg const*, std::vector<bg, std::allocator<bg> > >, __gnu_cxx::__normal_iterator<bg const*, std::vector<bg, std::allocator<bg> > >, bg*) /usr/include/c++/11/bits/stl_uninitialized.h:151
    #11 0x55ff68d2d531 in bg* std::__uninitialized_copy_a<__gnu_cxx::__normal_iterator<bg const*, std::vector<bg, std::allocator<bg> > >, bg*, bg>(__gnu_cxx::__normal_iterator<bg const*, std::vector<bg, std::allocator<bg> > >, __gnu_cxx::__normal_iterator<bg const*, std::vector<bg, std::allocator<bg> > >, bg*, std::allocator<bg>&) /usr/include/c++/11/bits/stl_uninitialized.h:333
    #12 0x55ff68d4f1fe in bg* std::vector<bg, std::allocator<bg> >::_M_allocate_and_copy<__gnu_cxx::__normal_iterator<bg const*, std::vector<bg, std::allocator<bg> > > >(unsigned long, __gnu_cxx::__normal_iterator<bg const*, std::vector<bg, std::allocator<bg> > >, __gnu_cxx::__normal_iterator<bg const*, std::vector<bg, std::allocator<bg> > >) /usr/include/c++/11/bits/stl_vector.h:1514
    #13 0x55ff68d4e59b in std::vector<bg, std::allocator<bg> >::operator=(std::vector<bg, std::allocator<bg> > const&) /usr/include/c++/11/bits/vector.tcc:226
    #14 0x55ff68d52556 in game::game(SDL_Renderer*, SDL_Window*, std::vector<SDL_Texture*, std::allocator<SDL_Texture*> >, std::vector<bg, std::allocator<bg> >, _Mix_Music**, Mix_Chunk**) source/game.cpp:51
    #15 0x55ff68d2305c in main source/SDLTetris.cpp:153
    #16 0x7fccae105fcf in __libc_start_call_main ../sysdeps/nptl/libc_start_call_main.h:58

Indirect leak of 208 byte(s) in 9 object(s) allocated from:
    #0 0x7fccae89c1c7 in operator new(unsigned long) ../../../../src/libsanitizer/asan/asan_new_delete.cpp:99
    #1 0x55ff68d3dc11 in __gnu_cxx::new_allocator<SDL_Texture*>::allocate(unsigned long, void const*) /usr/include/c++/11/ext/new_allocator.h:127
    #2 0x55ff68d398bb in std::allocator_traits<std::allocator<SDL_Texture*> >::allocate(std::allocator<SDL_Texture*>&, unsigned long) /usr/include/c++/11/bits/alloc_traits.h:460
    #3 0x55ff68d35aa5 in std::_Vector_base<SDL_Texture*, std::allocator<SDL_Texture*> >::_M_allocate(unsigned long) /usr/include/c++/11/bits/stl_vector.h:346
    #4 0x55ff68d31108 in std::_Vector_base<SDL_Texture*, std::allocator<SDL_Texture*> >::_M_create_storage(unsigned long) /usr/include/c++/11/bits/stl_vector.h:361
    #5 0x55ff68d2d6ec in std::_Vector_base<SDL_Texture*, std::allocator<SDL_Texture*> >::_Vector_base(unsigned long, std::allocator<SDL_Texture*> const&) /usr/include/c++/11/bits/stl_vector.h:305
    #6 0x55ff68d29f6f in std::vector<SDL_Texture*, std::allocator<SDL_Texture*> >::vector(std::vector<SDL_Texture*, std::allocator<SDL_Texture*> > const&) /usr/include/c++/11/bits/stl_vector.h:555
    #7 0x55ff68d28158 in bg::bg(bg const&) source/background.h:13
    #8 0x55ff68d39860 in void std::_Construct<bg, bg const&>(bg*, bg const&) /usr/include/c++/11/bits/stl_construct.h:109
    #9 0x55ff68d35981 in bg* std::__uninitialized_copy<false>::__uninit_copy<__gnu_cxx::__normal_iterator<bg const*, std::vector<bg, std::allocator<bg> > >, bg*>(__gnu_cxx::__normal_iterator<bg const*, std::vector<bg, std::allocator<bg> > >, __gnu_cxx::__normal_iterator<bg const*, std::vector<bg, std::allocator<bg> > >, bg*) /usr/include/c++/11/bits/stl_uninitialized.h:92
    #10 0x55ff68d3100b in bg* std::uninitialized_copy<__gnu_cxx::__normal_iterator<bg const*, std::vector<bg, std::allocator<bg> > >, bg*>(__gnu_cxx::__normal_iterator<bg const*, std::vector<bg, std::allocator<bg> > >, __gnu_cxx::__normal_iterator<bg const*, std::vector<bg, std::allocator<bg> > >, bg*) /usr/include/c++/11/bits/stl_uninitialized.h:151
    #11 0x55ff68d2d531 in bg* std::__uninitialized_copy_a<__gnu_cxx::__normal_iterator<bg const*, std::vector<bg, std::allocator<bg> > >, bg*, bg>(__gnu_cxx::__normal_iterator<bg const*, std::vector<bg, std::allocator<bg> > >, __gnu_cxx::__normal_iterator<bg const*, std::vector<bg, std::allocator<bg> > >, bg*, std::allocator<bg>&) /usr/include/c++/11/bits/stl_uninitialized.h:333
    #12 0x55ff68d4f1fe in bg* std::vector<bg, std::allocator<bg> >::_M_allocate_and_copy<__gnu_cxx::__normal_iterator<bg const*, std::vector<bg, std::allocator<bg> > > >(unsigned long, __gnu_cxx::__normal_iterator<bg const*, std::vector<bg, std::allocator<bg> > >, __gnu_cxx::__normal_iterator<bg const*, std::vector<bg, std::allocator<bg> > >) /usr/include/c++/11/bits/stl_vector.h:1514
    #13 0x55ff68d4e59b in std::vector<bg, std::allocator<bg> >::operator=(std::vector<bg, std::allocator<bg> > const&) /usr/include/c++/11/bits/vector.tcc:226
    #14 0x55ff68d48619 in titlescreen::titlescreen(SDL_Renderer*, SDL_Window*, std::vector<bg, std::allocator<bg> >, std::vector<SDL_Texture*, std::allocator<SDL_Texture*> >, _Mix_Music**, Mix_Chunk**, int) source/titlescreen.cpp:34
    #15 0x55ff68d22f0c in main source/SDLTetris.cpp:152
    #16 0x7fccae105fcf in __libc_start_call_main ../sysdeps/nptl/libc_start_call_main.h:58

Indirect leak of 208 byte(s) in 9 object(s) allocated from:
    #0 0x7fccae89c1c7 in operator new(unsigned long) ../../../../src/libsanitizer/asan/asan_new_delete.cpp:99
    #1 0x55ff68d3dc11 in __gnu_cxx::new_allocator<SDL_Texture*>::allocate(unsigned long, void const*) /usr/include/c++/11/ext/new_allocator.h:127
    #2 0x55ff68d398bb in std::allocator_traits<std::allocator<SDL_Texture*> >::allocate(std::allocator<SDL_Texture*>&, unsigned long) /usr/include/c++/11/bits/alloc_traits.h:460
    #3 0x55ff68d35aa5 in std::_Vector_base<SDL_Texture*, std::allocator<SDL_Texture*> >::_M_allocate(unsigned long) /usr/include/c++/11/bits/stl_vector.h:346
    #4 0x55ff68d31108 in std::_Vector_base<SDL_Texture*, std::allocator<SDL_Texture*> >::_M_create_storage(unsigned long) /usr/include/c++/11/bits/stl_vector.h:361
    #5 0x55ff68d2d6ec in std::_Vector_base<SDL_Texture*, std::allocator<SDL_Texture*> >::_Vector_base(unsigned long, std::allocator<SDL_Texture*> const&) /usr/include/c++/11/bits/stl_vector.h:305
    #6 0x55ff68d29f6f in std::vector<SDL_Texture*, std::allocator<SDL_Texture*> >::vector(std::vector<SDL_Texture*, std::allocator<SDL_Texture*> > const&) /usr/include/c++/11/bits/stl_vector.h:555
    #7 0x55ff68d28158 in bg::bg(bg const&) source/background.h:13
    #8 0x55ff68d39860 in void std::_Construct<bg, bg const&>(bg*, bg const&) /usr/include/c++/11/bits/stl_construct.h:109
    #9 0x55ff68d35981 in bg* std::__uninitialized_copy<false>::__uninit_copy<__gnu_cxx::__normal_iterator<bg const*, std::vector<bg, std::allocator<bg> > >, bg*>(__gnu_cxx::__normal_iterator<bg const*, std::vector<bg, std::allocator<bg> > >, __gnu_cxx::__normal_iterator<bg const*, std::vector<bg, std::allocator<bg> > >, bg*) /usr/include/c++/11/bits/stl_uninitialized.h:92
    #10 0x55ff68d3100b in bg* std::uninitialized_copy<__gnu_cxx::__normal_iterator<bg const*, std::vector<bg, std::allocator<bg> > >, bg*>(__gnu_cxx::__normal_iterator<bg const*, std::vector<bg, std::allocator<bg> > >, __gnu_cxx::__normal_iterator<bg const*, std::vector<bg, std::allocator<bg> > >, bg*) /usr/include/c++/11/bits/stl_uninitialized.h:151
    #11 0x55ff68d2d531 in bg* std::__uninitialized_copy_a<__gnu_cxx::__normal_iterator<bg const*, std::vector<bg, std::allocator<bg> > >, bg*, bg>(__gnu_cxx::__normal_iterator<bg const*, std::vector<bg, std::allocator<bg> > >, __gnu_cxx::__normal_iterator<bg const*, std::vector<bg, std::allocator<bg> > >, bg*, std::allocator<bg>&) /usr/include/c++/11/bits/stl_uninitialized.h:333
    #12 0x55ff68d4f1fe in bg* std::vector<bg, std::allocator<bg> >::_M_allocate_and_copy<__gnu_cxx::__normal_iterator<bg const*, std::vector<bg, std::allocator<bg> > > >(unsigned long, __gnu_cxx::__normal_iterator<bg const*, std::vector<bg, std::allocator<bg> > >, __gnu_cxx::__normal_iterator<bg const*, std::vector<bg, std::allocator<bg> > >) /usr/include/c++/11/bits/stl_vector.h:1514
    #13 0x55ff68d4e59b in std::vector<bg, std::allocator<bg> >::operator=(std::vector<bg, std::allocator<bg> > const&) /usr/include/c++/11/bits/vector.tcc:226
    #14 0x55ff68d6acd5 in knuxfanscreen::knuxfanscreen(SDL_Renderer*, std::vector<SDL_Texture*, std::allocator<SDL_Texture*> >, std::vector<bg, std::allocator<bg> >, Mix_Chunk**, int) source/knuxfanscreen.cpp:17
    #15 0x55ff68d2318e in main source/SDLTetris.cpp:154
    #16 0x7fccae105fcf in __libc_start_call_main ../sysdeps/nptl/libc_start_call_main.h:58

Indirect leak of 62 byte(s) in 2 object(s) allocated from:
    #0 0x7fccae89c1c7 in operator new(unsigned long) ../../../../src/libsanitizer/asan/asan_new_delete.cpp:99
    #1 0x7fccae5471ce in std::__cxx11::basic_string<char, std::char_traits<char>, std::allocator<char> >::_M_assign(std::__cxx11::basic_string<char, std::char_traits<char>, std::allocator<char> > const&) (/lib/x86_64-linux-gnu/libstdc++.so.6+0x1471ce)

Indirect leak of 56 byte(s) in 1 object(s) allocated from:
    #0 0x7fccae89c1c7 in operator new(unsigned long) ../../../../src/libsanitizer/asan/asan_new_delete.cpp:99
    #1 0x55ff68d3dc11 in __gnu_cxx::new_allocator<SDL_Texture*>::allocate(unsigned long, void const*) /usr/include/c++/11/ext/new_allocator.h:127
    #2 0x55ff68d398bb in std::allocator_traits<std::allocator<SDL_Texture*> >::allocate(std::allocator<SDL_Texture*>&, unsigned long) /usr/include/c++/11/bits/alloc_traits.h:460
    #3 0x55ff68d35aa5 in std::_Vector_base<SDL_Texture*, std::allocator<SDL_Texture*> >::_M_allocate(unsigned long) /usr/include/c++/11/bits/stl_vector.h:346
    #4 0x55ff68d4f7ee in SDL_Texture** std::vector<SDL_Texture*, std::allocator<SDL_Texture*> >::_M_allocate_and_copy<__gnu_cxx::__normal_iterator<SDL_Texture* const*, std::vector<SDL_Texture*, std::allocator<SDL_Texture*> > > >(unsigned long, __gnu_cxx::__normal_iterator<SDL_Texture* const*, std::vector<SDL_Texture*, std::allocator<SDL_Texture*> > >, __gnu_cxx::__normal_iterator<SDL_Texture* const*, std::vector<SDL_Texture*, std::allocator<SDL_Texture*> > >) /usr/include/c++/11/bits/stl_vector.h:1511
    #5 0x55ff68d4ebb0 in std::vector<SDL_Texture*, std::allocator<SDL_Texture*> >::operator=(std::vector<SDL_Texture*, std::allocator<SDL_Texture*> > const&) /usr/include/c++/11/bits/vector.tcc:226
    #6 0x55ff68d6debd in results::results(SDL_Renderer*, SDL_Window*, bg, std::vector<SDL_Texture*, std::allocator<SDL_Texture*> >, _Mix_Music*, Mix_Chunk**) source/results.cpp:15
    #7 0x55ff68d232ee in main source/SDLTetris.cpp:155
    #8 0x7fccae105fcf in __libc_start_call_main ../sysdeps/nptl/libc_start_call_main.h:58

Indirect leak of 56 byte(s) in 1 object(s) allocated from:
    #0 0x7fccae89c1c7 in operator new(unsigned long) ../../../../src/libsanitizer/asan/asan_new_delete.cpp:99
    #1 0x55ff68d3dc11 in __gnu_cxx::new_allocator<SDL_Texture*>::allocate(unsigned long, void const*) /usr/include/c++/11/ext/new_allocator.h:127
    #2 0x55ff68d398bb in std::allocator_traits<std::allocator<SDL_Texture*> >::allocate(std::allocator<SDL_Texture*>&, unsigned long) /usr/include/c++/11/bits/alloc_traits.h:460
    #3 0x55ff68d35aa5 in std::_Vector_base<SDL_Texture*, std::allocator<SDL_Texture*> >::_M_allocate(unsigned long) /usr/include/c++/11/bits/stl_vector.h:346
    #4 0x55ff68d4f7ee in SDL_Texture** std::vector<SDL_Texture*, std::allocator<SDL_Texture*> >::_M_allocate_and_copy<__gnu_cxx::__normal_iterator<SDL_Texture* const*, std::vector<SDL_Texture*, std::allocator<SDL_Texture*> > > >(unsigned long, __gnu_cxx::__normal_iterator<SDL_Texture* const*, std::vector<SDL_Texture*, std::allocator<SDL_Texture*> > >, __gnu_cxx::__normal_iterator<SDL_Texture* const*, std::vector<SDL_Texture*, std::allocator<SDL_Texture*> > >) /usr/include/c++/11/bits/stl_vector.h:1511
    #5 0x55ff68d4ebb0 in std::vector<SDL_Texture*, std::allocator<SDL_Texture*> >::operator=(std::vector<SDL_Texture*, std::allocator<SDL_Texture*> > const&) /usr/include/c++/11/bits/vector.tcc:226
    #6 0x55ff68d6ac91 in knuxfanscreen::knuxfanscreen(SDL_Renderer*, std::vector<SDL_Texture*, std::allocator<SDL_Texture*> >, std::vector<bg, std::allocator<bg> >, Mix_Chunk**, int) source/knuxfanscreen.cpp:15
    #7 0x55ff68d2318e in main source/SDLTetris.cpp:154
    #8 0x7fccae105fcf in __libc_start_call_main ../sysdeps/nptl/libc_start_call_main.h:58

Indirect leak of 56 byte(s) in 1 object(s) allocated from:
    #0 0x7fccae89c1c7 in operator new(unsigned long) ../../../../src/libsanitizer/asan/asan_new_delete.cpp:99
    #1 0x55ff68d3dc11 in __gnu_cxx::new_allocator<SDL_Texture*>::allocate(unsigned long, void const*) /usr/include/c++/11/ext/new_allocator.h:127
    #2 0x55ff68d398bb in std::allocator_traits<std::allocator<SDL_Texture*> >::allocate(std::allocator<SDL_Texture*>&, unsigned long) /usr/include/c++/11/bits/alloc_traits.h:460
    #3 0x55ff68d35aa5 in std::_Vector_base<SDL_Texture*, std::allocator<SDL_Texture*> >::_M_allocate(unsigned long) /usr/include/c++/11/bits/stl_vector.h:346
    #4 0x55ff68d4f7ee in SDL_Texture** std::vector<SDL_Texture*, std::allocator<SDL_Texture*> >::_M_allocate_and_copy<__gnu_cxx::__normal_iterator<SDL_Texture* const*, std::vector<SDL_Texture*, std::allocator<SDL_Texture*> > > >(unsigned long, __gnu_cxx::__normal_iterator<SDL_Texture* const*, std::vector<SDL_Texture*, std::allocator<SDL_Texture*> > >, __gnu_cxx::__normal_iterator<SDL_Texture* const*, std::vector<SDL_Texture*, std::allocator<SDL_Texture*> > >) /usr/include/c++/11/bits/stl_vector.h:1511
    #5 0x55ff68d4ebb0 in std::vector<SDL_Texture*, std::allocator<SDL_Texture*> >::operator=(std::vector<SDL_Texture*, std::allocator<SDL_Texture*> > const&) /usr/include/c++/11/bits/vector.tcc:226
    #6 0x55ff68d5205d in game::game(SDL_Renderer*, SDL_Window*, std::vector<SDL_Texture*, std::allocator<SDL_Texture*> >, std::vector<bg, std::allocator<bg> >, _Mix_Music**, Mix_Chunk**) source/game.cpp:39
    #7 0x55ff68d2305c in main source/SDLTetris.cpp:153
    #8 0x7fccae105fcf in __libc_start_call_main ../sysdeps/nptl/libc_start_call_main.h:58

Indirect leak of 56 byte(s) in 1 object(s) allocated from:
    #0 0x7fccae89c1c7 in operator new(unsigned long) ../../../../src/libsanitizer/asan/asan_new_delete.cpp:99
    #1 0x55ff68d3dc11 in __gnu_cxx::new_allocator<SDL_Texture*>::allocate(unsigned long, void const*) /usr/include/c++/11/ext/new_allocator.h:127
    #2 0x55ff68d398bb in std::allocator_traits<std::allocator<SDL_Texture*> >::allocate(std::allocator<SDL_Texture*>&, unsigned long) /usr/include/c++/11/bits/alloc_traits.h:460
    #3 0x55ff68d35aa5 in std::_Vector_base<SDL_Texture*, std::allocator<SDL_Texture*> >::_M_allocate(unsigned long) /usr/include/c++/11/bits/stl_vector.h:346
    #4 0x55ff68d4f7ee in SDL_Texture** std::vector<SDL_Texture*, std::allocator<SDL_Texture*> >::_M_allocate_and_copy<__gnu_cxx::__normal_iterator<SDL_Texture* const*, std::vector<SDL_Texture*, std::allocator<SDL_Texture*> > > >(unsigned long, __gnu_cxx::__normal_iterator<SDL_Texture* const*, std::vector<SDL_Texture*, std::allocator<SDL_Texture*> > >, __gnu_cxx::__normal_iterator<SDL_Texture* const*, std::vector<SDL_Texture*, std::allocator<SDL_Texture*> > >) /usr/include/c++/11/bits/stl_vector.h:1511
    #5 0x55ff68d4ebb0 in std::vector<SDL_Texture*, std::allocator<SDL_Texture*> >::operator=(std::vector<SDL_Texture*, std::allocator<SDL_Texture*> > const&) /usr/include/c++/11/bits/vector.tcc:226
    #6 0x55ff68d486b3 in titlescreen::titlescreen(SDL_Renderer*, SDL_Window*, std::vector<bg, std::allocator<bg> >, std::vector<SDL_Texture*, std::allocator<SDL_Texture*> >, _Mix_Music**, Mix_Chunk**, int) source/titlescreen.cpp:37
    #7 0x55ff68d22f0c in main source/SDLTetris.cpp:152
    #8 0x7fccae105fcf in __libc_start_call_main ../sysdeps/nptl/libc_start_call_main.h:58

Indirect leak of 42 byte(s) in 1 object(s) allocated from:
    #0 0x7fccae89c1c7 in operator new(unsigned long) ../../../../src/libsanitizer/asan/asan_new_delete.cpp:99
    #1 0x55ff68d2b954 in void std::__cxx11::basic_string<char, std::char_traits<char>, std::allocator<char> >::_M_construct<char const*>(char const*, char const*, std::forward_iterator_tag) /usr/include/c++/11/bits/basic_string.tcc:219
    #2 0x55ff68d28c46 in std::__cxx11::basic_string<char, std::char_traits<char>, std::allocator<char> >::basic_string<std::allocator<char> >(char const*, std::allocator<char> const&) /usr/include/c++/11/bits/basic_string.h:539
    #3 0x55ff68d48252 in titlescreen::titlescreen(SDL_Renderer*, SDL_Window*, std::vector<bg, std::allocator<bg> >, std::vector<SDL_Texture*, std::allocator<SDL_Texture*> >, _Mix_Music**, Mix_Chunk**, int) source/titlescreen.cpp:16
    #4 0x55ff68d22f0c in main source/SDLTetris.cpp:152
    #5 0x7fccae105fcf in __libc_start_call_main ../sysdeps/nptl/libc_start_call_main.h:58

Indirect leak of 40 byte(s) in 1 object(s) allocated from:
    #0 0x7fccae89c1c7 in operator new(unsigned long) ../../../../src/libsanitizer/asan/asan_new_delete.cpp:99
    #1 0x55ff68d2b954 in void std::__cxx11::basic_string<char, std::char_traits<char>, std::allocator<char> >::_M_construct<char const*>(char const*, char const*, std::forward_iterator_tag) /usr/include/c++/11/bits/basic_string.tcc:219
    #2 0x55ff68d28c46 in std::__cxx11::basic_string<char, std::char_traits<char>, std::allocator<char> >::basic_string<std::allocator<char> >(char const*, std::allocator<char> const&) /usr/include/c++/11/bits/basic_string.h:539
    #3 0x55ff68d47ffe in titlescreen::titlescreen(SDL_Renderer*, SDL_Window*, std::vector<bg, std::allocator<bg> >, std::vector<SDL_Texture*, std::allocator<SDL_Texture*> >, _Mix_Music**, Mix_Chunk**, int) source/titlescreen.cpp:16
    #4 0x55ff68d22f0c in main source/SDLTetris.cpp:152
    #5 0x7fccae105fcf in __libc_start_call_main ../sysdeps/nptl/libc_start_call_main.h:58

Indirect leak of 40 byte(s) in 1 object(s) allocated from:
    #0 0x7fccae89c1c7 in operator new(unsigned long) ../../../../src/libsanitizer/asan/asan_new_delete.cpp:99
    #1 0x55ff68d3dc11 in __gnu_cxx::new_allocator<SDL_Texture*>::allocate(unsigned long, void const*) /usr/include/c++/11/ext/new_allocator.h:127
    #2 0x55ff68d398bb in std::allocator_traits<std::allocator<SDL_Texture*> >::allocate(std::allocator<SDL_Texture*>&, unsigned long) /usr/include/c++/11/bits/alloc_traits.h:460
    #3 0x55ff68d35aa5 in std::_Vector_base<SDL_Texture*, std::allocator<SDL_Texture*> >::_M_allocate(unsigned long) /usr/include/c++/11/bits/stl_vector.h:346
    #4 0x55ff68d4f7ee in SDL_Texture** std::vector<SDL_Texture*, std::allocator<SDL_Texture*> >::_M_allocate_and_copy<__gnu_cxx::__normal_iterator<SDL_Texture* const*, std::vector<SDL_Texture*, std::allocator<SDL_Texture*> > > >(unsigned long, __gnu_cxx::__normal_iterator<SDL_Texture* const*, std::vector<SDL_Texture*, std::allocator<SDL_Texture*> > >, __gnu_cxx::__normal_iterator<SDL_Texture* const*, std::vector<SDL_Texture*, std::allocator<SDL_Texture*> > >) /usr/include/c++/11/bits/stl_vector.h:1511
    #5 0x55ff68d4ebb0 in std::vector<SDL_Texture*, std::allocator<SDL_Texture*> >::operator=(std::vector<SDL_Texture*, std::allocator<SDL_Texture*> > const&) /usr/include/c++/11/bits/vector.tcc:226
    #6 0x55ff68d5162f in bg::operator=(bg const&) source/background.h:13
    #7 0x55ff68d6de9d in results::results(SDL_Renderer*, SDL_Window*, bg, std::vector<SDL_Texture*, std::allocator<SDL_Texture*> >, _Mix_Music*, Mix_Chunk**) source/results.cpp:14
    #8 0x55ff68d232ee in main source/SDLTetris.cpp:155
    #9 0x7fccae105fcf in __libc_start_call_main ../sysdeps/nptl/libc_start_call_main.h:58

Indirect leak of 26 byte(s) in 1 object(s) allocated from:
    #0 0x7fccae89c1c7 in operator new(unsigned long) ../../../../src/libsanitizer/asan/asan_new_delete.cpp:99
    #1 0x55ff68d2b954 in void std::__cxx11::basic_string<char, std::char_traits<char>, std::allocator<char> >::_M_construct<char const*>(char const*, char const*, std::forward_iterator_tag) /usr/include/c++/11/bits/basic_string.tcc:219
    #2 0x55ff68d28c46 in std::__cxx11::basic_string<char, std::char_traits<char>, std::allocator<char> >::basic_string<std::allocator<char> >(char const*, std::allocator<char> const&) /usr/include/c++/11/bits/basic_string.h:539
    #3 0x55ff68d4807a in titlescreen::titlescreen(SDL_Renderer*, SDL_Window*, std::vector<bg, std::allocator<bg> >, std::vector<SDL_Texture*, std::allocator<SDL_Texture*> >, _Mix_Music**, Mix_Chunk**, int) source/titlescreen.cpp:16
    #4 0x55ff68d22f0c in main source/SDLTetris.cpp:152
    #5 0x7fccae105fcf in __libc_start_call_main ../sysdeps/nptl/libc_start_call_main.h:58

Indirect leak of 19 byte(s) in 1 object(s) allocated from:
    #0 0x7fccae89c1c7 in operator new(unsigned long) ../../../../src/libsanitizer/asan/asan_new_delete.cpp:99
    #1 0x55ff68d2b954 in void std::__cxx11::basic_string<char, std::char_traits<char>, std::allocator<char> >::_M_construct<char const*>(char const*, char const*, std::forward_iterator_tag) /usr/include/c++/11/bits/basic_string.tcc:219
    #2 0x55ff68d28c46 in std::__cxx11::basic_string<char, std::char_traits<char>, std::allocator<char> >::basic_string<std::allocator<char> >(char const*, std::allocator<char> const&) /usr/include/c++/11/bits/basic_string.h:539
    #3 0x55ff68d480f6 in titlescreen::titlescreen(SDL_Renderer*, SDL_Window*, std::vector<bg, std::allocator<bg> >, std::vector<SDL_Texture*, std::allocator<SDL_Texture*> >, _Mix_Music**, Mix_Chunk**, int) source/titlescreen.cpp:16
    #4 0x55ff68d22f0c in main source/SDLTetris.cpp:152
    #5 0x7fccae105fcf in __libc_start_call_main ../sysdeps/nptl/libc_start_call_main.h:58

Indirect leak of 19 byte(s) in 1 object(s) allocated from:
    #0 0x7fccae89c1c7 in operator new(unsigned long) ../../../../src/libsanitizer/asan/asan_new_delete.cpp:99
    #1 0x55ff68d2b954 in void std::__cxx11::basic_string<char, std::char_traits<char>, std::allocator<char> >::_M_construct<char const*>(char const*, char const*, std::forward_iterator_tag) /usr/include/c++/11/bits/basic_string.tcc:219
    #2 0x55ff68d28c46 in std::__cxx11::basic_string<char, std::char_traits<char>, std::allocator<char> >::basic_string<std::allocator<char> >(char const*, std::allocator<char> const&) /usr/include/c++/11/bits/basic_string.h:539
    #3 0x55ff68d47f89 in titlescreen::titlescreen(SDL_Renderer*, SDL_Window*, std::vector<bg, std::allocator<bg> >, std::vector<SDL_Texture*, std::allocator<SDL_Texture*> >, _Mix_Music**, Mix_Chunk**, int) source/titlescreen.cpp:16
    #4 0x55ff68d22f0c in main source/SDLTetris.cpp:152
    #5 0x7fccae105fcf in __libc_start_call_main ../sysdeps/nptl/libc_start_call_main.h:58

SUMMARY: AddressSanitizer: 78857479 byte(s) leaked in 1026 allocation(s).
